
> audio-scrobbler-app@0.8.2 test
> vitest run


 RUN  v2.1.9 /home/andyl/Audio Scrobbler App/frontend

 ✓ src/textContrast.test.js (12 tests) 21ms
 ✓ src/dateRange.test.js (8 tests) 31ms
 ❯ src/libraryRows.test.js (4 tests | 2 failed) 29ms
   × Library List Row Density per DESIGN.md > styles title as 15px bold (#111111, 600) and subtitle as 12px label (#888888) 17ms
     → expected ':root {\n  --color-primary: #0066ff;\…' to match /\.library-row-copy strong\s*\{[^}]*co…/
   × Library List Row Density per DESIGN.md > styles count and time right-aligned with 12px, 500, #888888 3ms
     → expected ':root {\n  --color-primary: #0066ff;\…' to match /\.library-count-bar\s*\{[^}]*color:\s…/
 ✓ src/api.test.js (10 tests) 99ms
 ❯ src/settingsFormTypography.test.js (3 tests | 3 failed) 120ms
   × Settings Form Label Typography and Input Styling per DESIGN.md > styles settings form labels in regular sentence case, 500 weight, 12px, normal tracking, var(--color-ink), line-height 1.4, gap 4px 71ms
     → expected ':root {\n  --color-primary: #0066ff;\…' to match /\.settings-form label\s*\{[^}]*color:…/
   × Settings Form Label Typography and Input Styling per DESIGN.md > styles settings form inputs and selects with 36px height, 8px 12px padding, 0.5px border, 8px radius, no shadow 22ms
     → expected ':root {\n  --color-primary: #0066ff;\…' to match /\.settings-form select,\s*\.settings-…/
   × Settings Form Label Typography and Input Styling per DESIGN.md > provides blue focus state for settings inputs and selects 17ms
     → expected ':root {\n  --color-primary: #0066ff;\…' to match /\.settings-form select:focus-visible,…/
 ✓ src/components/SourceBadge.test.jsx (7 tests) 258ms
 ✓ src/components/ChartsPanel.test.jsx (5 tests) 373ms
stderr | src/pages/SettingsPage.test.jsx > SettingsPage > loads the Last 7 days default and automatically saves changes
⚠️ React Router Future Flag Warning: React Router will begin wrapping state updates in `React.startTransition` in v7. You can use the `v7_startTransition` future flag to opt-in early. For more information, see https://reactrouter.com/v6/upgrading/future#v7_starttransition.
⚠️ React Router Future Flag Warning: Relative route resolution within Splat routes is changing in v7. You can use the `v7_relativeSplatPath` future flag to opt-in early. For more information, see https://reactrouter.com/v6/upgrading/future#v7_relativesplatpath.

stderr | src/pages/ProfilePage.test.jsx > ProfilePage > shows a connect prompt when there is no saved session
⚠️ React Router Future Flag Warning: React Router will begin wrapping state updates in `React.startTransition` in v7. You can use the `v7_startTransition` future flag to opt-in early. For more information, see https://reactrouter.com/v6/upgrading/future#v7_starttransition.
⚠️ React Router Future Flag Warning: Relative route resolution within Splat routes is changing in v7. You can use the `v7_relativeSplatPath` future flag to opt-in early. For more information, see https://reactrouter.com/v6/upgrading/future#v7_relativesplatpath.

 ✓ src/components/charts/charts.test.jsx (8 tests) 439ms
stderr | src/pages/ProfilePage.test.jsx > ProfilePage > hides the last scrobble from non-followers
Failed to load now playing Error: [vitest] No "fetchNowPlaying" export is defined on the "../api" mock. Did you forget to return it from "vi.mock"?
If you need to partially mock a module, you can use "importOriginal" helper inside:

    at VitestMocker.createError (file:///home/andyl/Audio%20Scrobbler%20App/frontend/node_modules/vitest/dist/chunks/execute.2pr0rHgK.js:321:19)
    at Object.get (file:///home/andyl/Audio%20Scrobbler%20App/frontend/node_modules/vitest/dist/chunks/execute.2pr0rHgK.js:389:22)
    at loadProfile (/home/andyl/Audio Scrobbler App/frontend/src/pages/ProfilePage.jsx:47:30) {
  codeFrame: 'vi.mock(import("../api"), async (importOriginal) => {\n' +
    '  const actual = await importOriginal()\n' +
    '  return {\n' +
    '    ...actual,\n' +
    '    // your mocked methods\n' +
    '  }\n' +
    '})'
}

 ✓ src/components/ShareDialog.test.jsx (4 tests) 588ms
stderr | src/pages/ProfilePage.test.jsx > ProfilePage > reveals the last scrobble to followers
Failed to load now playing Error: [vitest] No "fetchNowPlaying" export is defined on the "../api" mock. Did you forget to return it from "vi.mock"?
If you need to partially mock a module, you can use "importOriginal" helper inside:

    at VitestMocker.createError (file:///home/andyl/Audio%20Scrobbler%20App/frontend/node_modules/vitest/dist/chunks/execute.2pr0rHgK.js:321:19)
    at Object.get (file:///home/andyl/Audio%20Scrobbler%20App/frontend/node_modules/vitest/dist/chunks/execute.2pr0rHgK.js:389:22)
    at loadProfile (/home/andyl/Audio Scrobbler App/frontend/src/pages/ProfilePage.jsx:47:30)
    at runNextTicks (node:internal/process/task_queues:64:5)
    at processTimers (node:internal/timers:518:9) {
  codeFrame: 'vi.mock(import("../api"), async (importOriginal) => {\n' +
    '  const actual = await importOriginal()\n' +
    '  return {\n' +
    '    ...actual,\n' +
    '    // your mocked methods\n' +
    '  }\n' +
    '})'
}

stderr | src/pages/ProfilePage.test.jsx > ProfilePage > toggles follow state when the follow button is clicked
Failed to load now playing Error: [vitest] No "fetchNowPlaying" export is defined on the "../api" mock. Did you forget to return it from "vi.mock"?
If you need to partially mock a module, you can use "importOriginal" helper inside:

    at VitestMocker.createError (file:///home/andyl/Audio%20Scrobbler%20App/frontend/node_modules/vitest/dist/chunks/execute.2pr0rHgK.js:321:19)
    at Object.get (file:///home/andyl/Audio%20Scrobbler%20App/frontend/node_modules/vitest/dist/chunks/execute.2pr0rHgK.js:389:22)
    at loadProfile (/home/andyl/Audio Scrobbler App/frontend/src/pages/ProfilePage.jsx:47:30)
    at runNextTicks (node:internal/process/task_queues:64:5)
    at processTimers (node:internal/timers:518:9) {
  codeFrame: 'vi.mock(import("../api"), async (importOriginal) => {\n' +
    '  const actual = await importOriginal()\n' +
    '  return {\n' +
    '    ...actual,\n' +
    '    // your mocked methods\n' +
    '  }\n' +
    '})'
}

 ✓ src/pages/ProfilePage.test.jsx (6 tests) 771ms
 ✓ src/components/DateRangeSelector.test.jsx (6 tests) 904ms
stderr | src/components/LibraryRankList.test.jsx > LibraryRankList > renders track metadata, rank offset, and count bars
⚠️ React Router Future Flag Warning: React Router will begin wrapping state updates in `React.startTransition` in v7. You can use the `v7_startTransition` future flag to opt-in early. For more information, see https://reactrouter.com/v6/upgrading/future#v7_starttransition.
⚠️ React Router Future Flag Warning: Relative route resolution within Splat routes is changing in v7. You can use the `v7_relativeSplatPath` future flag to opt-in early. For more information, see https://reactrouter.com/v6/upgrading/future#v7_relativesplatpath.

 ✓ src/components/LibraryRankList.test.jsx (11 tests) 823ms
   ✓ LibraryRankList > renders track metadata, rank offset, and count bars 340ms
stderr | src/App.test.jsx > App > renders the new Overview page at the root route
⚠️ React Router Future Flag Warning: React Router will begin wrapping state updates in `React.startTransition` in v7. You can use the `v7_startTransition` future flag to opt-in early. For more information, see https://reactrouter.com/v6/upgrading/future#v7_starttransition.
⚠️ React Router Future Flag Warning: Relative route resolution within Splat routes is changing in v7. You can use the `v7_relativeSplatPath` future flag to opt-in early. For more information, see https://reactrouter.com/v6/upgrading/future#v7_relativesplatpath.

stderr | src/pages/AnalyticsPages.test.jsx > analytics pages > renders the Overview entry point
⚠️ React Router Future Flag Warning: React Router will begin wrapping state updates in `React.startTransition` in v7. You can use the `v7_startTransition` future flag to opt-in early. For more information, see https://reactrouter.com/v6/upgrading/future#v7_starttransition.
⚠️ React Router Future Flag Warning: Relative route resolution within Splat routes is changing in v7. You can use the `v7_relativeSplatPath` future flag to opt-in early. For more information, see https://reactrouter.com/v6/upgrading/future#v7_relativesplatpath.

 ✓ src/pages/SettingsPage.test.jsx (7 tests) 2572ms
   ✓ SettingsPage > loads the Last 7 days default and automatically saves changes 641ms
   ✓ SettingsPage > renders all 5 tabs with Danger Zone visually distinct and switches between them 316ms
   ✓ SettingsPage > saves the strip remaster tags toggle and poll interval from the Scrobble tab 792ms
 ✓ src/pages/AnalyticsPages.test.jsx (14 tests) 2700ms
   ✓ date filtering > hides the Grid view option on the Scrobbles tab but allows it on Artists 304ms
   ✓ library pagination > resets to page 1 and refetches with the new page size when the page-size dropdown changes 320ms
stderr | src/pages/FollowingPage.test.jsx > FollowingPage > prompts sign-in when there is no session
⚠️ React Router Future Flag Warning: React Router will begin wrapping state updates in `React.startTransition` in v7. You can use the `v7_startTransition` future flag to opt-in early. For more information, see https://reactrouter.com/v6/upgrading/future#v7_starttransition.
⚠️ React Router Future Flag Warning: Relative route resolution within Splat routes is changing in v7. You can use the `v7_relativeSplatPath` future flag to opt-in early. For more information, see https://reactrouter.com/v6/upgrading/future#v7_relativesplatpath.

 ✓ src/components/LibraryViewToggle.test.jsx (3 tests) 385ms
 ✓ src/components/EntryMenu.test.jsx (3 tests) 678ms
   ✓ EntryMenu > blocks an entry from the menu and notifies the parent 350ms
 ✓ src/cardConsistency.test.js (4 tests) 22ms
 ✓ src/components/ConfirmDeleteModal.test.jsx (3 tests) 462ms
   ✓ ConfirmDeleteModal > renders dialog with title, description, and requires typing DELETE by default 341ms
 ✓ src/pages/FollowingPage.test.jsx (3 tests) 427ms
stderr | src/components/HeaderNav.test.jsx > HeaderNav > renders links to all primary sections
⚠️ React Router Future Flag Warning: React Router will begin wrapping state updates in `React.startTransition` in v7. You can use the `v7_startTransition` future flag to opt-in early. For more information, see https://reactrouter.com/v6/upgrading/future#v7_starttransition.
⚠️ React Router Future Flag Warning: Relative route resolution within Splat routes is changing in v7. You can use the `v7_relativeSplatPath` future flag to opt-in early. For more information, see https://reactrouter.com/v6/upgrading/future#v7_relativesplatpath.

 ✓ src/components/HeaderNav.test.jsx (4 tests) 573ms
   ✓ HeaderNav > renders links to all primary sections 371ms
 ✓ src/pagination.test.js (3 tests) 14ms
 ✓ src/timeFormatting.test.js (5 tests) 57ms
 ✓ src/components/ImportProgressBar.test.jsx (3 tests) 310ms
 ✓ src/components/LibraryScrobbleList.test.jsx (2 tests) 190ms
 ✓ src/components/ShareCard.test.jsx (3 tests) 239ms
 ✓ src/components/ScrobbleList.test.jsx (1 test) 236ms
 ❯ src/App.test.jsx (13 tests | 3 failed) 4598ms
   × App > renders an empty result after loading a filtered summary 1127ms
     → Unable to find an element with the text: No listens found for this date range.. This could be because the text is broken up by multiple elements. In this case, you can provide a function for your text matcher to make your matcher more flexible.

Ignored nodes: comments, script, style
[36m<body>[39m
  [36m<div>[39m
    [36m<main[39m
      [33mclass[39m=[32m"app-shell"[39m
    [36m>[39m
      [36m<header[39m
        [33mclass[39m=[32m"topbar"[39m
      [36m>[39m
        [36m<div[39m
          [33mclass[39m=[32m"topbar-brand"[39m
        [36m>[39m
          [36m<img[39m
            [33malt[39m=[32m"Audio Scrobbler App"[39m
            [33mclass[39m=[32m"topbar-logo"[39m
            [33msrc[39m=[32m"/logo.png"[39m
          [36m/>[39m
        [36m</div>[39m
        [36m<button[39m
          [33maria-controls[39m=[32m"primary-navigation"[39m
          [33maria-expanded[39m=[32m"false"[39m
          [33maria-label[39m=[32m"Toggle navigation menu"[39m
          [33mclass[39m=[32m"nav-menu-toggle"[39m
          [33mtype[39m=[32m"button"[39m
        [36m>[39m
          [0mMenu[0m
        [36m</button>[39m
        [36m<nav[39m
          [33maria-label[39m=[32m"Primary navigation"[39m
          [33mclass[39m=[32m"topbar-nav"[39m
          [33mid[39m=[32m"primary-navigation"[39m
        [36m>[39m
          [36m<a[39m
            [33mclass[39m=[32m"nav-link"[39m
            [33mhref[39m=[32m"/overview"[39m
          [36m>[39m
            [0mOverview[0m
          [36m</a>[39m
          [36m<a[39m
            [33mclass[39m=[32m"nav-link"[39m
            [33mhref[39m=[32m"/library"[39m
          [36m>[39m
            [0mLibrary[0m
          [36m</a>[39m
          [36m<a[39m
            [33mclass[39m=[32m"nav-link"[39m
            [33mhref[39m=[32m"/reports"[39m
          [36m>[39m
            [0mReports[0m
          [36m</a>[39m
          [36m<a[39m
            [33mclass[39m=[32m"nav-link"[39m
            [33mhref[39m=[32m"/profile"[39m
          [36m>[39m
            [0mProfile[0m
          [36m</a>[39m
          [36m<a[39m
            [33mclass[39m=[32m"nav-link"[39m
            [33mhref[39m=[32m"/following"[39m
          [36m>[39m
            [0mFollowing[0m
          [36m</a>[39m
          [36m<a[39m
            [33maria-current[39m=[32m"page"[39m
            [33mclass[39m=[32m"nav-link nav-link-active"[39m
            [33mhref[39m=[32m"/connect"[39m
          [36m>[39m
            [0mConnect[0m
          [36m</a>[39m
        [36m</nav>[39m
      [36m</header>[39m
      [36m<section[39m
        [33maria-labelledby[39m=[32m"summary-heading"[39m
        [33mclass[39m=[32m"dashboard"[39m
      [36m>[39m
        [36m<div[39m
          [33mclass[39m=[32m"section-heading"[39m
        [36m>[39m
          [36m<div>[39m
            [36m<h2[39m
              [33mid[39m=[32m"summary-heading"[39m
            [36m>[39m
              [0mMonthly summary[0m
            [36m</h2>[39m
          [36m</div>[39m
          [36m<p[39m
            [33mclass[39m=[32m"month-count"[39m
          [36m>[39m
            [0m0[0m
            [0m months found[0m
          [36m</p>[39m
        [36m</div>[39m
        [36m<form[39m
          [33mclass[39m=[32m"filters"[39m
        [36m>[39m
          [36m<label>[39m
            [0mDevelopment user ID[0m
            [36m<input[39m
              [33mmin[39m=[32m"1"[39m
              [33mplaceholder[39m=[32m"1"[39m
              [33mtype[39m=[32m"number"[39m
              [33mvalue[39m=[32m"1"[39m
            [36m/>[39m
          [36m</label>[39m
          [36m<label>[39m
            [0mFrom[0m
            [36m<div[39m
              [33mclass[39m=[32m"date-field-wrapper "[39m
            [36m>[39m
              [36m<div[39m
                [33mclass[39m=[32m"date-field-box"[39m
              [36m>[39m
                [36m<svg[39m
                  [33maria-hidden[39m=[32m"true"[39m
                  [33mclass[39m=[32m"date-field-calendar-icon"[39m
                  [33mfill[39m=[32m"none"[39m
                  [33mheight[39m=[32m"14"[39m
                  [33mstroke[39m=[32m"currentColor"[39m
                  [33mstroke-linecap[39m=[32m"round"[39m
                  [33mstroke-linejoin[39m=[32m"round"[39m
                  [33mstroke-width[39m=[32m"2"[39m
                  [33mviewBox[39m=[32m"0 0 24 24"[39m
                  [33mwidth[39m=[32m"14"[39m
                [36m>[39m
                  [36m<rect[39m
                    [33mheight[39m=[32m"18"[39m
                    [33mrx[39m=[32m"2"[39m
                    [33mry[39m=[32m"2"[39m
                    [33mwidth[39m=[32m"18"[39m
                    [33mx[39m=[32m"3"[39m
                    [33my[39m=[32m"4"[39m
                  [36m/>[39m
                  [36m<line[39m
                    [33mx1[39m=[32m"16"[39m
                    [33mx2[39m=[32m"16"[39m
                    [33my1[39m=[32m"2"[39m
                    [33my2[39m=[32m"6"[39m
                  [36m/>[39m
                  [36m<line[39m
                    [33mx1[39m=[32m"8"[39m
                    [33mx2[39m=[32m"8"[39m
                    [33my1[39m=[32m"2"[39m
                    [33my2[39m=[32m"6"[39m
                  [36m/>[39m
                  [36m<line[39m
                    [33mx1[39m=[32m"3"[39m
                    [33mx2[39m=[32m"21"[39m
                    [33my1[39m=[32m"10"[39m
                    [33my2[39m=[32m"10"[39m
                  [36m/>[39m
                [36m</svg>[39m
                [36m<input[39m
                  [33maria-label[39m=[32m"Any date"[39m
                  [33mclass[39m=[32m"date-field"[39m
                  [33mid[39m=[32m"connect-from-month"[39m
                  [33mplaceholder[39m=[32m"Any date"[39m
                  [33mtype[39m=[32m"text"[39m
                  [33mvalue[39m=[32m""[39m
                [36m/>[39m
              [36m</div>[39m
            [36m</div>[39m
          [36m</label>[39m
          [36m<label>[39m
            [0mTo[0m
            [36m<div[39m
              [33mclass[39m=[32m"date-field-wrapper "[39m
            [36m>[39m
              [36m<div[39m
                [33mclass[39m=[32m"date-field-box"[39m
              [36m>[39m
                [36m<svg[39m
                  [33maria-hidden[39m=[32m"true"[39m
                  [33mclass[39m=[32m"date-field-calendar-icon"[39m
                  [33mfill[39m=[32m"none"[39m
                  [33mheight[39m=[32m"14"[39m
                  [33mstroke[39m=[32m"currentColor"[39m
                  [33mstroke-linecap[39m=[32m"round"[39m
                  [33mstroke-linejoin[39m=[32m"round"[39m
                  [33mstroke-width[39m=[32m"2"[39m
                  [33mviewBox[39m=[32m"0 0 24 24"[39m
                  [33mwidth[39m=[32m"14"[39m
                [36m>[39m
                  [36m<rect[39m
                    [33mheight[39m=[32m"18"[39m
                    [33mrx[39m=[32m"2"[39m
                    [33mry[39m=[32m"2"[39m
                    [33mwidth[39m=[32m"18"[39m
                    [33mx[39m=[32m"3"[39m
                    [33my[39m=[32m"4"[39m
                  [36m/>[39m
                  [36m<line[39m
                    [33mx1[39m=[32m"16"[39m
                    [33mx2[39m=[32m"16"[39m
                    [33my1[39m=[32m"2"[39m
                    [33my2[39m=[32m"6"[39m
                  [36m/>[39m
                  [36m<line[39m
                    [33mx1[39m=[32m"8"[39m
                    [33mx2[39m=[32m"8"[39m
                    [33my1[39m=[32m"2"[39m
                    [33my2[39m=[32m"6"[39m
                  [36m/>[39m
                  [36m<line[39m
                    [33mx1[39m=[32m"3"[39m
                    [33mx2[39m=[32m"21"[39m
                    [33my1[39m=[32m"10"[39m
                    [33my2[39m=[32m"10"[39m
                  [36m/>[39m
                [36m</svg>[39m
                [36m<input[39m
                  [33maria-label[39m=[32m"Any date"[39m
                  [33mclass[39m=[32m"date-field"[39m
                  [33mid[39m=[32m"connect-to-month"[39m
                  [33mplaceholder[39m=[32m"Any date"[39m
                  [33mtype[39m=[32m"text"[39m
                  [33mvalue[39m=[32m""[39m
                [36m/>[39m
              [36m</div>[39m
            [36m</div>[39m
          [36m</label>[39m
          [36m<button[39m
            [33mclass[39m=[32m"btn-secondary"[39m
            [33mtype[39m=[32m"submit"[39m
          [36m>[39m
            [0mRefresh summary[0m
          [36m</button>[39m
          [36m<button[39m
            [33mclass[39m=[32m"btn-secondary"[39m
            [33mtype[39m=[32m"button"[39m
          [36m>[39m
            [0mSign out[0m
          [36m</button>[39m
        [36m</form>[39m
        [36m<div[39m
          [33mclass[39m=[32m"import-panel"[39m
        [36m>[39m
          [36m<label[39m
            [33mclass[39m=[32m"import-picker"[39m
          [36m>[39m
            [0mImport history JSON[0m
            [36m<input[39m
              [33maccept[39m=[32m"application/json,.json"[39m
              [33mtype[39m=[32m"file"[39m
            [36m/>[39m
          [36m</label>[39m
        [36m</div>[39m
        [36m<div[39m
          [33mclass[39m=[32m"empty-state "[39m
        [36m>[39m
          [36m<div[39m
            [33maria-hidden[39m=[32m"true"[39m
            [33mclass[39m=[32m"empty-state-icon"[39m
          [36m>[39m
            [36m<svg[39m
              [33maria-hidden[39m=[32m"true"[39m
              [33mfill[39m=[32m"none"[39m
              [33mstroke[39m=[32m"currentColor"[39m
              [33mstroke-linecap[39m=[32m"round"[39m
              [33mstroke-linejoin[39m=[32m"round"[39m
              [33mstroke-width[39m=[32m"1.5"[39m
              [33mviewBox[39m=[32m"0 0 24 24"[39m
            [36m>[39m
              [36m<path[39m
                [33md[39m=[32m"M9 10h.01"[39m
              [36m/>[39m
              [36m<path[39m
                [33md[39m=[32m"M15 10h.01"[39m
              [36m/>[39m
              [36m<path[39m
                [33md[39m=[32m"M12 2a8 8 0 0 0-8 8v12l3-3 2.5 2.5L12 19l2.5 2.5L17 19l3 3V10a8 8 0 0 0-8-8z"[39m
              [36m/>[39m
            [36m</svg>[39m
          [36m</div>[39m
          [36m<h3[39m
            [33mclass[39m=[32m"empty-state-title"[39m
          [36m>[39m
            [0mIt's quiet in here[0m
          [36m</h3>[39m
          [36m<p[39m
            [33mclass[39m=[32m"empty-state-description"[39m
          [36m>[39m
            [0mWe couldn't find any scrobbles for this date range.[0m
          [36m</p>[39m
        [36m</div>[39m
        [36m<section[39m
          [33maria-labelledby[39m=[32m"charts-panel-heading"[39m
          [33mclass[39m=[32m"charts-panel"[39m
        [36m>[39m
          [36m<div[39m
            [33mclass[39m=[32m"section-heading"[39m
          [36m>[39m
            [36m<div>[39m
              [36m<h2[39m
                [33mid[39m=[32m"charts-panel-heading"[39m
              [36m>[39m
                [0mTop charts[0m
              [36m</h2>[39m
            [36m</div>[39m
          [36m</div>[39m
          [36m<div[39m
            [33mclass[39m=[32m"charts-controls"[39m
          [36m>[39m
            [36m<div[39m
              [33mclass[39m=[32m"charts-control-group"[39m
            [36m>[39m
              [36m<label[39m
                [33mclass[39m=[32m"charts-control-label"[39m
                [33mfor[39m=[32m"charts-entity-select"[39m
              [36m>[39m
                [0mChart[0m
              [36m</label>[39m
              [36m<div[39m
                [33maria-label[39m=[32m"Chart options"[39m
                [33mclass[39m=[32m"segmented-tabs"[39m
                [33mrole[39m=[32m"tablist"[39m
              [36m>[39m
                [36m<button[39m
                  [33maria-selected[39m=[32m"true"[39m
                  [33mclass[39m=[32m"segmented-tab active"[39m
                  [33mrole[39m=[32m"tab"[39m
                  [33mtype[39m=[32m"button"[39m
                [36m>[39m
                  [0mArtists[0m
                [36m</button>[39m
                [36m<button[39m
                  [33maria-selected[39m=[32m"false"[39m
                  [33mclass[39m=[32m"segmented-tab "[39m
                  [33mrole[39m=[32m"tab"[39m
                  [33mtype[39m=[32m"button"[39m
                [36m>[39m
                  [0mTracks[0m
                [36m</button>[39m
                [36m<button[39m
                  [33maria-selected[39m=[32m"false"[39m
                  [33mclass[39m=[32m"segmented-tab "[39m
                  [33mrole[39m=[32m"tab"[39m
                  [33mtype[39m=[32m"button"[39m
                [36m>[39m
                  [0mAlbums[0m
                [36m</button>[39m
              [36m</div>[39m
              [36m<select[39m
                [33maria-label[39m=[32m"Chart"[39m
                [33mclass[39m=[32m"visually-hidden-accessible"[39m
                [33mid[39m=[32m"charts-entity-select"[39m
              [36m>[39m
                [36m<option[39m
                  [33mvalue[39m=[32m"artists"[39m
                [36m>[39m
                  [0mArtists[0m
                [36m</option>[39m
                [36m<option[39m
                  [33mvalue[39m=[32m"tracks"[39m
                [36m>[39m
                  [0mTracks[0m
                [36m</option>[39m
                [36m<option[39m
                  [33mvalue[39m=[32m"albums"[39m
                [36m>[39m
                  [0mAlbums[0m
                [36m</option>[39m
              [36m</select>[39m
            [36m</div>[39m
            [36m<div[39m
              [33mclass[39m=[32m"charts-control-group"[39m
            [36m>[39m
              [36m<label[39m
                [33mclass[39m=[32m"charts-control-label"[39m
                [33mfor[39m=[32m"charts-range-select"[39m
              [36m>[39m
                [0mRange[0m
              [36m</label>[39m
              [36m<div[39m
                [33maria-label[39m=[32m"Range options"[39m
                [33mclass[39m=[32m"segmented-tabs"[39m
                [33mrole[39m=[32m"tablist"[39m
              [36m>[39m
                [36m<button[39m
                  [33maria-selected[39m=[32m"false"[39m
                  [33mclass[39m=[32m"segmented-tab "[39m
                  [33mrole[39m=[32m"tab"[39m
                  [33mtype[39m=[32m"button"[39m
                [36m>[39m
                  [0m7 days[0m
                [36m</button>[39m
                [36m<button[39m
                  [33maria-selected[39m=[32m"false"[39m
                  [33mclass[39m=[32m"segmented-tab "[39m
                  [33mrole[39m=[32m"tab"[39m
                  [33mtype[39m=[32m"button"[39m
                [36m>[39m
                  [0m1 month[0m
                [36m</button>[39m
                [36m<button[39m
                  [33maria-selected[39m=[32m"false"[39m
                  [33mclass[39m=[32m"segmented-tab "[39m
                  [33mrole[39m=[32m"tab"[39m
                  [33mtype[39m=[32m"button"[39m
                [36m>[39m
                  [0m12 months[0m
                [36m</button>[39m
                [36m<button[39m
                  [33maria-selected[39m=[32m"true"[39m
                  [33mclass[39m=[32m"segmented-tab active"[39m
                  [33mrole[39m=[32m"tab"[39m
                  [33mtype[39m=[32m"button"[39m
                [36m>[39m
                  [0mOverall[0m
                [36m</button>[39m
              [36m</div>[39m
              [36m<select[39m
                [33maria-label[39m=[32m"Range"[39m
                [33mclass[39m=[32m"visually-hidden-accessible"[39m
                [33mid[39m=[32m"charts-range-select"[39m
              [36m>[39m
                [36m<option[39m
                  [33mvalue[39m=[32m"7day"[39m
                [36m>[39m
                  [0m7 days[0m
                [36m</option>[39m
                [36m<option[39m
                  [33mvalue[39m=[32m"1month"[39m
                [36m>[39m
                  [0m1 month[0m
                [36m</option>[39m
                [36m<option[39m
                  [33mvalue[39m=[32m"12month"[39m
                [36m>[39m
                  [0m12 months[0m
                [36m</option>[39m
                [36m<option[39m
                  [33mvalue[39m=[32m"overall"[39m
                [36m>[39m
                  [0mOverall[0m
                [36m</option>[39m
              [36m</select>[39m
            [36m</div>[39m
          [36m</div>[39m
          [36m<p[39m
            [33mclass[39m=[32m"notice"[39m
          [36m>[39m
            [0mNo plays found for this range.[0m
          [36m</p>[39m
        [36m</section>[39m
      [36m</section>[39m
    [36m</main>[39m
  [36m</div>[39m
[36m</body>[39m

Ignored nodes: comments, script, style
[36m<html>[39m
  [36m<head />[39m
  [36m<body>[39m
    [36m<div>[39m
      [36m<main[39m
        [33mclass[39m=[32m"app-shell"[39m
      [36m>[39m
        [36m<header[39m
          [33mclass[39m=[32m"topbar"[39m
        [36m>[39m
          [36m<div[39m
            [33mclass[39m=[32m"topbar-brand"[39m
          [36m>[39m
            [36m<img[39m
              [33malt[39m=[32m"Audio Scrobbler App"[39m
              [33mclass[39m=[32m"topbar-logo"[39m
              [33msrc[39m=[32m"/logo.png"[39m
            [36m/>[39m
          [36m</div>[39m
          [36m<button[39m
            [33maria-controls[39m=[32m"primary-navigation"[39m
            [33maria-expanded[39m=[32m"false"[39m
            [33maria-label[39m=[32m"Toggle navigation menu"[39m
            [33mclass[39m=[32m"nav-menu-toggle"[39m
            [33mtype[39m=[32m"button"[39m
          [36m>[39m
            [0mMenu[0m
          [36m</button>[39m
          [36m<nav[39m
            [33maria-label[39m=[32m"Primary navigation"[39m
            [33mclass[39m=[32m"topbar-nav"[39m
            [33mid[39m=[32m"primary-navigation"[39m
          [36m>[39m
            [36m<a[39m
              [33mclass[39m=[32m"nav-link"[39m
              [33mhref[39m=[32m"/overview"[39m
            [36m>[39m
              [0mOverview[0m
            [36m</a>[39m
            [36m<a[39m
              [33mclass[39m=[32m"nav-link"[39m
              [33mhref[39m=[32m"/library"[39m
            [36m>[39m
              [0mLibrary[0m
            [36m</a>[39m
            [36m<a[39m
              [33mclass[39m=[32m"nav-link"[39m
              [33mhref[39m=[32m"/reports"[39m
            [36m>[39m
              [0mReports[0m
            [36m</a>[39m
            [36m<a[39m
              [33mclass[39m=[32m"nav-link"[39m
              [33mhref[39m=[32m"/profile"[39m
            [36m>[39m
              [0mProfile[0m
            [36m</a>[39m
            [36m<a[39m
              [33mclass[39m=[32m"nav-link"[39m
              [33mhref[39m=[32m"/following"[39m
            [36m>[39m
              [0mFollowing[0m
            [36m</a>[39m
            [36m<a[39m
              [33maria-current[39m=[32m"page"[39m
              [33mclass[39m=[32m"nav-link nav-link-active"[39m
              [33mhref[39m=[32m"/connect"[39m
            [36m>[39m
              [0mConnect[0m
            [36m</a>[39m
          [36m</nav>[39m
        [36m</header>[39m
        [36m<section[39m
          [33maria-labelledby[39m=[32m"summary-heading"[39m
          [33mclass[39m=[32m"dashboard"[39m
        [36m>[39m
          [36m<div[39m
            [33mclass[39m=[32m"section-heading"[39m
          [36m>[39m
            [36m<div>[39m
              [36m<h2[39m
                [33mid[39m=[32m"summary-heading"[39m
              [36m>[39m
                [0mMonthly summary[0m
              [36m</h2>[39m
            [36m</div>[39m
            [36m<p[39m
              [33mclass[39m=[32m"month-count"[39m
            [36m>[39m
              [0m0[0m
              [0m months found[0m
            [36m</p>[39m
          [36m</div>[39m
          [36m<form[39m
            [33mclass[39m=[32m"filters"[39m
          [36m>[39m
            [36m<label>[39m
              [0mDevelopment user ID[0m
              [36m<input[39m
                [33mmin[39m=[32m"1"[39m
                [33mplaceholder[39m=[32m"1"[39m
                [33mtype[39m=[32m"number"[39m
                [33mvalue[39m=[32m"1"[39m
              [36m/>[39m
            [36m</label>[39m
            [36m<label>[39m
              [0mFrom[0m
              [36m<div[39m
                [33mclass[39m=[32m"date-field-wrapper "[39m
              [36m>[39m
                [36m<div[39m
                  [33mclass[39m=[32m"date-field-box"[39m
                [36m>[39m
                  [36m<svg[39m
                    [33maria-hidden[39m=[32m"true"[39m
                    [33mclass[39m=[32m"date-field-calendar-icon"[39m
                    [33mfill[39m=[32m"none"[39m
                    [33mheight[39m=[32m"14"[39m
                    [33mstroke[39m=[32m"currentColor"[39m
                    [33mstroke-linecap[39m=[32m"round"[39m
                    [33mstroke-linejoin[39m=[32m"round"[39m
                    [33mstroke-width[39m=[32m"2"[39m
                    [33mviewBox[39m=[32m"0 0 24 24"[39m
                    [33mwidth[39m=[32m"14"[39m
                  [36m>[39m
                    [36m<rect[39m
                      [33mheight[39m=[32m"18"[39m
                      [33mrx[39m=[32m"2"[39m
                      [33mry[39m=[32m"2"[39m
                      [33mwidth[39m=[32m"18"[39m
                      [33mx[39m=[32m"3"[39m
                      [33my[39m=[32m"4"[39m
                    [36m/>[39m
                    [36m<line[39m
                      [33mx1[39m=[32m"16"[39m
                      [33mx2[39m=[32m"16"[39m
                      [33my1[39m=[32m"2"[39m
                      [33my2[39m=[32m"6"[39m
                    [36m/>[39m
                    [36m<line[39m
                      [33mx1[39m=[32m"8"[39m
                      [33mx2[39m=[32m"8"[39m
                      [33my1[39m=[32m"2"[39m
                      [33my2[39m=[32m"6"[39m
                    [36m/>[39m
                    [36m<line[39m
                      [33mx1[39m=[32m"3"[39m
                      [33mx2[39m=[32m"21"[39m
                      [33my1[39m=[32m"10"[39m
                      [33my2[39m=[32m"10"[39m
                    [36m/>[39m
                  [36m</svg>[39m
                  [36m<input[39m
                    [33maria-label[39m=[32m"Any date"[39m
                    [33mclass[39m=[32m"date-field"[39m
                    [33mid[39m=[32m"connect-from-month"[39m
                    [33mplaceholder[39m=[32m"Any date"[39m
                    [33mtype[39m=[32m"text"[39m
                    [33mvalue[39m=[32m""[39m
                  [36m/>[39m
                [36m</div>[39m
              [36m</div>[39m
            [36m</label>[39m
            [36m<label>[39m
              [0mTo[0m
              [36m<div[39m
                [33mclass[39m=[32m"date-field-wrapper "[39m
              [36m>[39m
                [36m<div[39m
                  [33mclass[39m=[32m"date-field-box"[39m
                [36m>[39m
                  [36m<svg[39m
                    [33maria-hidden[39m=[32m"true"[39m
                    [33mclass[39m=[32m"date-field-calendar-icon"[39m
                    [33mfill[39m=[32m"none"[39m
                    [33mheight[39m=[32m"14"[39m
                    [33mstroke[39m=[32m"currentColor"[39m
                    [33mstroke-linecap[39m=[32m"round"[39m
                    [33mstroke-linejoin[39m=[32m"round"[39m
                    [33mstroke-width[39m=[32m"2"[39m
                    [33mviewBox[39m=[32m"0 0 24 24"[39m
                    [33mwidth[39m=[32m"14"[39m
                  [36m>[39m
                    [36m<rect[39m
                      [33mheight[39m=[32m"18"[39m
                      [33mrx[39m=[32m"2"[39m
                      [33mry[39m=[32m"2"[39m
                      [33mwidth[39m=[32m"18"[39m
                      [33mx[39m=[32m"3"[39m
                      [33my[39m=[32m"4"[39m
                    [36m/>[39m
                    [36m<line[39m
                      [33mx1[39m=[32m"16"[39m
                      [33mx2[39m=[32m"16"[39m
                      [33my1[39m=[32m"2"[39m
                      [33my2[39m=[32m"6"[39m
                    [36m/>[39m
                    [36m<line[39m
                      [33mx1[39m=[32m"8"[39m
                      [33mx2[39m=[32m"8"[39m
                      [33my1[39m=[32m"2"[39m
                      [33my2[39m=[32m"6"[39m
                    [36m/>[39m
                    [36m<line[39m
                      [33mx1[39m=[32m"3"[39m
                      [33mx2[39m=[32m"21"[39m
                      [33my1[39m=[32m"10"[39m
                      [33my2[39m=[32m"10"[39m
                    [36m/>[39m
                  [36m</svg>[39m
                  [36m<input[39m
                    [33maria-label[39m=[32m"Any date"[39m
                    [33mclass[39m=[32m"date-field"[39m
                    [33mid[39m=[32m"connect-to-month"[39m
                    [33mplaceholder[39m=[32m"Any date"[39m
                    [33mtype[39m=[32m"text"[39m
                    [33mvalue[39m=[32m""[39m
                  [36m/>[39m
                [36m</div>[39m
              [36m</div>[39m
            [36m</label>[39m
            [36m<button[39m
              [33mclass[39m=[32m"btn-secondary"[39m
              [33mtype[39m=[32m"submit"[39m
            [36m>[39m
              [0mRefresh summary[0m
            [36m</button>[39m
            [36m<button[39m
              [33mclass[39m=[32m"btn-secondary"[39m
              [33mtype[39m=[32m"button"[39m
            [36m>[39m
              [0mSign out[0m
            [36m</button>[39m
          [36m</form>[39m
          [36m<div[39m
            [33mclass[39m=[32m"import-panel"[39m
          [36m>[39m
            [36m<label[39m
              [33mclass[39m=[32m"import-picker"[39m
            [36m>[39m
              [0mImport history JSON[0m
              [36m<input[39m
                [33maccept[39m=[32m"application/json,.json"[39m
                [33mtype[39m=[32m"file"[39m
              [36m/>[39m
            [36m</label>[39m
          [36m</div>[39m
          [36m<div[39m
            [33mclass[39m=[32m"empty-state "[39m
          [36m>[39m
            [36m<div[39m
              [33maria-hidden[39m=[32m"true"[39m
              [33mclass[39m=[32m"empty-state-icon"[39m
            [36m>[39m
              [36m<svg[39m
                [33maria-hidden[39m=[32m"true"[39m
                [33mfill[39m=[32m"none"[39m
                [33mstroke[39m=[32m"currentColor"[39m
                [33mstroke-linecap[39m=[32m"round"[39m
                [33mstroke-linejoin[39m=[32m"round"[39m
                [33mstroke-width[39m=[32m"1.5"[39m
                [33mviewBox[39m=[32m"0 0 24 24"[39m
              [36m>[39m
                [36m<path[39m
                  [33md[39m=[32m"M9 10h.01"[39m
                [36m/>[39m
                [36m<path[39m
                  [33md[39m=[32m"M15 10h.01"[39m
                [36m/>[39m
                [36m<path[39m
                  [33md[39m=[32m"M12 2a8 8 0 0 0-8 8v12l3-3 2.5 2.5L12 19l2.5 2.5L17 19l3 3V10a8 8 0 0 0-8-8z"[39m
                [36m/>[39m
              [36m</svg>[39m
            [36m</div>[39m
            [36m<h3[39m
              [33mclass[39m=[32m"empty-state-title"[39m
            [36m>[39m
              [0mIt's quiet in here[0m
            [36m</h3>[39m
            [36m<p[39m
              [33mclass[39m=[32m"empty-state-description"[39m
            [36m>[39m
              [0mWe couldn't find any scrobbles for this date range.[0m
            [36m</p>[39m
          [36m</div>[39m
          [36m<section[39m
            [33maria-labelledby[39m=[32m"charts-panel-heading"[39m
            [33mclass[39m=[32m"charts-panel"[39m
          [36m>[39m
            [36m<div[39m
              [33mclass[39m=[32m"section-heading"[39m
            [36m>[39m
              [36m<div>[39m
                [36m<h2[39m
                  [33mid[39m=[32m"charts-panel-heading"[39m
                [36m>[39m
                  [0mTop charts[0m
                [36m</h2>[39m
              [36m</div>[39m
            [36m</div>[39m
            [36m<div[39m
              [33mclass[39m=[32m"charts-controls"[39m
            [36m>[39m
              [36m<div[39m
                [33mclass[39m=[32m"charts-control-group"[39m
              [36m>[39m
                [36m<label[39m
                  [33mclass[39m=[32m"charts-control-label"[39m
                  [33mfor[39m=[32m"charts-entity-select"[39m
                [36m>[39m
                  [0mChart[0m
                [36m</label>[39m
                [36m<div[39m
                  [33maria-label[39m=[32m"Chart options"[39m
                  [33mclass[39m=[32m"segmented-tabs"[39m
                  [33mrole[39m=[32m"tablist"[39m
                [36m>[39m
                  [36m<button[39m
                    [33maria-selected[39m=[32m"true"[39m
                    [33mclass[39m=[32m"segmented-tab active"[39m
                    [33mrole[39m=[32m"tab"[39m
                    [33mtype[39m=[32m"button"[39m
                  [36m>[39m
                    [0mArtists[0m
                  [36m</button>[39m
                  [36m<button[39m
                    [33maria-selected[39m=[32m"false"[39m
                    [33mclass[39m=[32m"segmented-tab "[39m
                    [33mrole[39m=[32m"tab"[39m
                    [33mtype[39m=[32m"button"[39m
                  [36m>[39m
                    [0mTracks[0m
                  [36m</button>[39m
                  [36m<button[39m
                    [33maria-selected[39m=[32m"false"[39m
                    [33mclass[39m=[32m"segmented-tab "[39m
                    [33mrole[39m=[32m"tab"[39m
                    [33mtype[39m=[32m"button"[39m
                  [36m>[39m
                    [0mAlbums[0m
                  [36m</button>[39m
                [36m</div>[39m
                [36m<select[39m
                  [33maria-label[39m=[32m"Chart"[39m
                  [33mclass[39m=[32m"visually-hidden-accessible"[39m
                  [33mid[39m=[32m"charts-entity-select"[39m
                [36m>[39m
                  [36m<option[39m
                    [33mvalue[39m=[32m"artists"[39m
                  [36m>[39m
                    [0mArtists[0m
                  [36m</option>[39m
                  [36m<option[39m
                    [33mvalue[39m=[32m"tracks"[39m
                  [36m>[39m
                    [0mTracks[0m
                  [36m</option>[39m
                  [36m<option[39m
                    [33mvalue[39m=[32m"albums"[39m
                  [36m>[39m
                    [0mAlbums[0m
                  [36m</option>[39m
                [36m</select>[39m
              [36m</div>[39m
              [36m<div[39m
                [33mclass[39m=[32m"charts-control-group"[39m
              [36m>[39m
                [36m<label[39m
                  [33mclass[39m=[32m"charts-control-label"[39m
                  [33mfor[39m=[32m"charts-range-select"[39m
                [36m>[39m
                  [0mRange[0m
                [36m</label>[39m
                [36m<div[39m
                  [33maria-label[39m=[32m"Range options"[39m
                  [33mclass[39m=[32m"segmented-tabs"[39m
                  [33mrole[39m=[32m"tablist"[39m
                [36m>[39m
                  [36m<button[39m
                    [33maria-selected[39m=[32m"false"[39m
                    [33mclass[39m=[32m"segmented-tab "[39m
                    [33mrole[39m=[32m"tab"[39m
                    [33mtype[39m=[32m"button"[39m
                  [36m>[39m
                    [0m7 days[0m
                  [36m</button>[39m
                  [36m<button[39m
                    [33maria-selected[39m=[32m"false"[39m
                    [33mclass[39m=[32m"segmented-tab "[39m
                    [33mrole[39m=[32m"tab"[39m
                    [33mtype[39m=[32m"button"[39m
                  [36m>[39m
                    [0m1 month[0m
                  [36m</button>[39m
                  [36m<button[39m
                    [33maria-selected[39m=[32m"false"[39m
                    [33mclass[39m=[32m"segmented-tab "[39m
                    [33mrole[39m=[32m"tab"[39m
                    [33mtype[39m=[32m"button"[39m
                  [36m>[39m
                    [0m12 months[0m
                  [36m</button>[39m
                  [36m<button[39m
                    [33maria-selected[39m=[32m"true"[39m
                    [33mclass[39m=[32m"segmented-tab active"[39m
                    [33mrole[39m=[32m"tab"[39m
                    [33mtype[39m=[32m"button"[39m
                  [36m>[39m
                    [0mOverall[0m
                  [36m</button>[39m
                [36m</div>[39m
                [36m<select[39m
                  [33maria-label[39m=[32m"Range"[39m
                  [33mclass[39m=[32m"visually-hidden-accessible"[39m
                  [33mid[39m=[32m"charts-range-select"[39m
                [36m>[39m
                  [36m<option[39m
                    [33mvalue[39m=[32m"7day"[39m
                  [36m>[39m
                    [0m7 days[0m
                  [36m</option>[39m
                  [36m<option[39m
                    [33mvalue[39m=[32m"1month"[39m
                  [36m>[39m
                    [0m1 month[0m
                  [36m</option>[39m
                  [36m<option[39m
                    [33mvalue[39m=[32m"12month"[39m
                  [36m>[39m
                    [0m12 months[0m
                  [36m</option>[39m
                  [36m<option[39m
                    [33mvalue[39m=[32m"overall"[39m
                  [36m>[39m
                    [0mOverall[0m
                  [36m</option>[39m
                [36m</select>[39m
              [36m</div>[39m
            [36m</div>[39m
            [36m<p[39m
              [33mclass[39m=[32m"notice"[39m
            [36m>[39m
              [0mNo plays found for this range.[0m
            [36m</p>[39m
          [36m</section>[39m
        [36m</section>[39m
      [36m</main>[39m
    [36m</div>[39m
  [36m</body>[39m
[36m</html>[39m
   × App > shows an import summary breakdown after a successful import 1080ms
     → Unable to find an element with the text: No listens found for this date range.. This could be because the text is broken up by multiple elements. In this case, you can provide a function for your text matcher to make your matcher more flexible.

Ignored nodes: comments, script, style
[36m<body>[39m
  [36m<div>[39m
    [36m<main[39m
      [33mclass[39m=[32m"app-shell"[39m
    [36m>[39m
      [36m<header[39m
        [33mclass[39m=[32m"topbar"[39m
      [36m>[39m
        [36m<div[39m
          [33mclass[39m=[32m"topbar-brand"[39m
        [36m>[39m
          [36m<img[39m
            [33malt[39m=[32m"Audio Scrobbler App"[39m
            [33mclass[39m=[32m"topbar-logo"[39m
            [33msrc[39m=[32m"/logo.png"[39m
          [36m/>[39m
        [36m</div>[39m
        [36m<button[39m
          [33maria-controls[39m=[32m"primary-navigation"[39m
          [33maria-expanded[39m=[32m"false"[39m
          [33maria-label[39m=[32m"Toggle navigation menu"[39m
          [33mclass[39m=[32m"nav-menu-toggle"[39m
          [33mtype[39m=[32m"button"[39m
        [36m>[39m
          [0mMenu[0m
        [36m</button>[39m
        [36m<nav[39m
          [33maria-label[39m=[32m"Primary navigation"[39m
          [33mclass[39m=[32m"topbar-nav"[39m
          [33mid[39m=[32m"primary-navigation"[39m
        [36m>[39m
          [36m<a[39m
            [33mclass[39m=[32m"nav-link"[39m
            [33mhref[39m=[32m"/overview"[39m
          [36m>[39m
            [0mOverview[0m
          [36m</a>[39m
          [36m<a[39m
            [33mclass[39m=[32m"nav-link"[39m
            [33mhref[39m=[32m"/library"[39m
          [36m>[39m
            [0mLibrary[0m
          [36m</a>[39m
          [36m<a[39m
            [33mclass[39m=[32m"nav-link"[39m
            [33mhref[39m=[32m"/reports"[39m
          [36m>[39m
            [0mReports[0m
          [36m</a>[39m
          [36m<a[39m
            [33mclass[39m=[32m"nav-link"[39m
            [33mhref[39m=[32m"/profile"[39m
          [36m>[39m
            [0mProfile[0m
          [36m</a>[39m
          [36m<a[39m
            [33mclass[39m=[32m"nav-link"[39m
            [33mhref[39m=[32m"/following"[39m
          [36m>[39m
            [0mFollowing[0m
          [36m</a>[39m
          [36m<a[39m
            [33maria-current[39m=[32m"page"[39m
            [33mclass[39m=[32m"nav-link nav-link-active"[39m
            [33mhref[39m=[32m"/connect"[39m
          [36m>[39m
            [0mConnect[0m
          [36m</a>[39m
        [36m</nav>[39m
      [36m</header>[39m
      [36m<section[39m
        [33maria-labelledby[39m=[32m"summary-heading"[39m
        [33mclass[39m=[32m"dashboard"[39m
      [36m>[39m
        [36m<div[39m
          [33mclass[39m=[32m"section-heading"[39m
        [36m>[39m
          [36m<div>[39m
            [36m<h2[39m
              [33mid[39m=[32m"summary-heading"[39m
            [36m>[39m
              [0mMonthly summary[0m
            [36m</h2>[39m
          [36m</div>[39m
          [36m<p[39m
            [33mclass[39m=[32m"month-count"[39m
          [36m>[39m
            [0m0[0m
            [0m months found[0m
          [36m</p>[39m
        [36m</div>[39m
        [36m<form[39m
          [33mclass[39m=[32m"filters"[39m
        [36m>[39m
          [36m<label>[39m
            [0mDevelopment user ID[0m
            [36m<input[39m
              [33mmin[39m=[32m"1"[39m
              [33mplaceholder[39m=[32m"1"[39m
              [33mtype[39m=[32m"number"[39m
              [33mvalue[39m=[32m"1"[39m
            [36m/>[39m
          [36m</label>[39m
          [36m<label>[39m
            [0mFrom[0m
            [36m<div[39m
              [33mclass[39m=[32m"date-field-wrapper "[39m
            [36m>[39m
              [36m<div[39m
                [33mclass[39m=[32m"date-field-box"[39m
              [36m>[39m
                [36m<svg[39m
                  [33maria-hidden[39m=[32m"true"[39m
                  [33mclass[39m=[32m"date-field-calendar-icon"[39m
                  [33mfill[39m=[32m"none"[39m
                  [33mheight[39m=[32m"14"[39m
                  [33mstroke[39m=[32m"currentColor"[39m
                  [33mstroke-linecap[39m=[32m"round"[39m
                  [33mstroke-linejoin[39m=[32m"round"[39m
                  [33mstroke-width[39m=[32m"2"[39m
                  [33mviewBox[39m=[32m"0 0 24 24"[39m
                  [33mwidth[39m=[32m"14"[39m
                [36m>[39m
                  [36m<rect[39m
                    [33mheight[39m=[32m"18"[39m
                    [33mrx[39m=[32m"2"[39m
                    [33mry[39m=[32m"2"[39m
                    [33mwidth[39m=[32m"18"[39m
                    [33mx[39m=[32m"3"[39m
                    [33my[39m=[32m"4"[39m
                  [36m/>[39m
                  [36m<line[39m
                    [33mx1[39m=[32m"16"[39m
                    [33mx2[39m=[32m"16"[39m
                    [33my1[39m=[32m"2"[39m
                    [33my2[39m=[32m"6"[39m
                  [36m/>[39m
                  [36m<line[39m
                    [33mx1[39m=[32m"8"[39m
                    [33mx2[39m=[32m"8"[39m
                    [33my1[39m=[32m"2"[39m
                    [33my2[39m=[32m"6"[39m
                  [36m/>[39m
                  [36m<line[39m
                    [33mx1[39m=[32m"3"[39m
                    [33mx2[39m=[32m"21"[39m
                    [33my1[39m=[32m"10"[39m
                    [33my2[39m=[32m"10"[39m
                  [36m/>[39m
                [36m</svg>[39m
                [36m<input[39m
                  [33maria-label[39m=[32m"Any date"[39m
                  [33mclass[39m=[32m"date-field"[39m
                  [33mid[39m=[32m"connect-from-month"[39m
                  [33mplaceholder[39m=[32m"Any date"[39m
                  [33mtype[39m=[32m"text"[39m
                  [33mvalue[39m=[32m""[39m
                [36m/>[39m
              [36m</div>[39m
            [36m</div>[39m
          [36m</label>[39m
          [36m<label>[39m
            [0mTo[0m
            [36m<div[39m
              [33mclass[39m=[32m"date-field-wrapper "[39m
            [36m>[39m
              [36m<div[39m
                [33mclass[39m=[32m"date-field-box"[39m
              [36m>[39m
                [36m<svg[39m
                  [33maria-hidden[39m=[32m"true"[39m
                  [33mclass[39m=[32m"date-field-calendar-icon"[39m
                  [33mfill[39m=[32m"none"[39m
                  [33mheight[39m=[32m"14"[39m
                  [33mstroke[39m=[32m"currentColor"[39m
                  [33mstroke-linecap[39m=[32m"round"[39m
                  [33mstroke-linejoin[39m=[32m"round"[39m
                  [33mstroke-width[39m=[32m"2"[39m
                  [33mviewBox[39m=[32m"0 0 24 24"[39m
                  [33mwidth[39m=[32m"14"[39m
                [36m>[39m
                  [36m<rect[39m
                    [33mheight[39m=[32m"18"[39m
                    [33mrx[39m=[32m"2"[39m
                    [33mry[39m=[32m"2"[39m
                    [33mwidth[39m=[32m"18"[39m
                    [33mx[39m=[32m"3"[39m
                    [33my[39m=[32m"4"[39m
                  [36m/>[39m
                  [36m<line[39m
                    [33mx1[39m=[32m"16"[39m
                    [33mx2[39m=[32m"16"[39m
                    [33my1[39m=[32m"2"[39m
                    [33my2[39m=[32m"6"[39m
                  [36m/>[39m
                  [36m<line[39m
                    [33mx1[39m=[32m"8"[39m
                    [33mx2[39m=[32m"8"[39m
                    [33my1[39m=[32m"2"[39m
                    [33my2[39m=[32m"6"[39m
                  [36m/>[39m
                  [36m<line[39m
                    [33mx1[39m=[32m"3"[39m
                    [33mx2[39m=[32m"21"[39m
                    [33my1[39m=[32m"10"[39m
                    [33my2[39m=[32m"10"[39m
                  [36m/>[39m
                [36m</svg>[39m
                [36m<input[39m
                  [33maria-label[39m=[32m"Any date"[39m
                  [33mclass[39m=[32m"date-field"[39m
                  [33mid[39m=[32m"connect-to-month"[39m
                  [33mplaceholder[39m=[32m"Any date"[39m
                  [33mtype[39m=[32m"text"[39m
                  [33mvalue[39m=[32m""[39m
                [36m/>[39m
              [36m</div>[39m
            [36m</div>[39m
          [36m</label>[39m
          [36m<button[39m
            [33mclass[39m=[32m"btn-secondary"[39m
            [33mtype[39m=[32m"submit"[39m
          [36m>[39m
            [0mRefresh summary[0m
          [36m</button>[39m
          [36m<button[39m
            [33mclass[39m=[32m"btn-secondary"[39m
            [33mtype[39m=[32m"button"[39m
          [36m>[39m
            [0mSign out[0m
          [36m</button>[39m
        [36m</form>[39m
        [36m<div[39m
          [33mclass[39m=[32m"import-panel"[39m
        [36m>[39m
          [36m<label[39m
            [33mclass[39m=[32m"import-picker"[39m
          [36m>[39m
            [0mImport history JSON[0m
            [36m<input[39m
              [33maccept[39m=[32m"application/json,.json"[39m
              [33mtype[39m=[32m"file"[39m
            [36m/>[39m
          [36m</label>[39m
        [36m</div>[39m
        [36m<div[39m
          [33mclass[39m=[32m"empty-state "[39m
        [36m>[39m
          [36m<div[39m
            [33maria-hidden[39m=[32m"true"[39m
            [33mclass[39m=[32m"empty-state-icon"[39m
          [36m>[39m
            [36m<svg[39m
              [33maria-hidden[39m=[32m"true"[39m
              [33mfill[39m=[32m"none"[39m
              [33mstroke[39m=[32m"currentColor"[39m
              [33mstroke-linecap[39m=[32m"round"[39m
              [33mstroke-linejoin[39m=[32m"round"[39m
              [33mstroke-width[39m=[32m"1.5"[39m
              [33mviewBox[39m=[32m"0 0 24 24"[39m
            [36m>[39m
              [36m<path[39m
                [33md[39m=[32m"M9 10h.01"[39m
              [36m/>[39m
              [36m<path[39m
                [33md[39m=[32m"M15 10h.01"[39m
              [36m/>[39m
              [36m<path[39m
                [33md[39m=[32m"M12 2a8 8 0 0 0-8 8v12l3-3 2.5 2.5L12 19l2.5 2.5L17 19l3 3V10a8 8 0 0 0-8-8z"[39m
              [36m/>[39m
            [36m</svg>[39m
          [36m</div>[39m
          [36m<h3[39m
            [33mclass[39m=[32m"empty-state-title"[39m
          [36m>[39m
            [0mIt's quiet in here[0m
          [36m</h3>[39m
          [36m<p[39m
            [33mclass[39m=[32m"empty-state-description"[39m
          [36m>[39m
            [0mWe couldn't find any scrobbles for this date range.[0m
          [36m</p>[39m
        [36m</div>[39m
        [36m<section[39m
          [33maria-labelledby[39m=[32m"charts-panel-heading"[39m
          [33mclass[39m=[32m"charts-panel"[39m
        [36m>[39m
          [36m<div[39m
            [33mclass[39m=[32m"section-heading"[39m
          [36m>[39m
            [36m<div>[39m
              [36m<h2[39m
                [33mid[39m=[32m"charts-panel-heading"[39m
              [36m>[39m
                [0mTop charts[0m
              [36m</h2>[39m
            [36m</div>[39m
          [36m</div>[39m
          [36m<div[39m
            [33mclass[39m=[32m"charts-controls"[39m
          [36m>[39m
            [36m<div[39m
              [33mclass[39m=[32m"charts-control-group"[39m
            [36m>[39m
              [36m<label[39m
                [33mclass[39m=[32m"charts-control-label"[39m
                [33mfor[39m=[32m"charts-entity-select"[39m
              [36m>[39m
                [0mChart[0m
              [36m</label>[39m
              [36m<div[39m
                [33maria-label[39m=[32m"Chart options"[39m
                [33mclass[39m=[32m"segmented-tabs"[39m
                [33mrole[39m=[32m"tablist"[39m
              [36m>[39m
                [36m<button[39m
                  [33maria-selected[39m=[32m"true"[39m
                  [33mclass[39m=[32m"segmented-tab active"[39m
                  [33mrole[39m=[32m"tab"[39m
                  [33mtype[39m=[32m"button"[39m
                [36m>[39m
                  [0mArtists[0m
                [36m</button>[39m
                [36m<button[39m
                  [33maria-selected[39m=[32m"false"[39m
                  [33mclass[39m=[32m"segmented-tab "[39m
                  [33mrole[39m=[32m"tab"[39m
                  [33mtype[39m=[32m"button"[39m
                [36m>[39m
                  [0mTracks[0m
                [36m</button>[39m
                [36m<button[39m
                  [33maria-selected[39m=[32m"false"[39m
                  [33mclass[39m=[32m"segmented-tab "[39m
                  [33mrole[39m=[32m"tab"[39m
                  [33mtype[39m=[32m"button"[39m
                [36m>[39m
                  [0mAlbums[0m
                [36m</button>[39m
              [36m</div>[39m
              [36m<select[39m
                [33maria-label[39m=[32m"Chart"[39m
                [33mclass[39m=[32m"visually-hidden-accessible"[39m
                [33mid[39m=[32m"charts-entity-select"[39m
              [36m>[39m
                [36m<option[39m
                  [33mvalue[39m=[32m"artists"[39m
                [36m>[39m
                  [0mArtists[0m
                [36m</option>[39m
                [36m<option[39m
                  [33mvalue[39m=[32m"tracks"[39m
                [36m>[39m
                  [0mTracks[0m
                [36m</option>[39m
                [36m<option[39m
                  [33mvalue[39m=[32m"albums"[39m
                [36m>[39m
                  [0mAlbums[0m
                [36m</option>[39m
              [36m</select>[39m
            [36m</div>[39m
            [36m<div[39m
              [33mclass[39m=[32m"charts-control-group"[39m
            [36m>[39m
              [36m<label[39m
                [33mclass[39m=[32m"charts-control-label"[39m
                [33mfor[39m=[32m"charts-range-select"[39m
              [36m>[39m
                [0mRange[0m
              [36m</label>[39m
              [36m<div[39m
                [33maria-label[39m=[32m"Range options"[39m
                [33mclass[39m=[32m"segmented-tabs"[39m
                [33mrole[39m=[32m"tablist"[39m
              [36m>[39m
                [36m<button[39m
                  [33maria-selected[39m=[32m"false"[39m
                  [33mclass[39m=[32m"segmented-tab "[39m
                  [33mrole[39m=[32m"tab"[39m
                  [33mtype[39m=[32m"button"[39m
                [36m>[39m
                  [0m7 days[0m
                [36m</button>[39m
                [36m<button[39m
                  [33maria-selected[39m=[32m"false"[39m
                  [33mclass[39m=[32m"segmented-tab "[39m
                  [33mrole[39m=[32m"tab"[39m
                  [33mtype[39m=[32m"button"[39m
                [36m>[39m
                  [0m1 month[0m
                [36m</button>[39m
                [36m<button[39m
                  [33maria-selected[39m=[32m"false"[39m
                  [33mclass[39m=[32m"segmented-tab "[39m
                  [33mrole[39m=[32m"tab"[39m
                  [33mtype[39m=[32m"button"[39m
                [36m>[39m
                  [0m12 months[0m
                [36m</button>[39m
                [36m<button[39m
                  [33maria-selected[39m=[32m"true"[39m
                  [33mclass[39m=[32m"segmented-tab active"[39m
                  [33mrole[39m=[32m"tab"[39m
                  [33mtype[39m=[32m"button"[39m
                [36m>[39m
                  [0mOverall[0m
                [36m</button>[39m
              [36m</div>[39m
              [36m<select[39m
                [33maria-label[39m=[32m"Range"[39m
                [33mclass[39m=[32m"visually-hidden-accessible"[39m
                [33mid[39m=[32m"charts-range-select"[39m
              [36m>[39m
                [36m<option[39m
                  [33mvalue[39m=[32m"7day"[39m
                [36m>[39m
                  [0m7 days[0m
                [36m</option>[39m
                [36m<option[39m
                  [33mvalue[39m=[32m"1month"[39m
                [36m>[39m
                  [0m1 month[0m
                [36m</option>[39m
                [36m<option[39m
                  [33mvalue[39m=[32m"12month"[39m
                [36m>[39m
                  [0m12 months[0m
                [36m</option>[39m
                [36m<option[39m
                  [33mvalue[39m=[32m"overall"[39m
                [36m>[39m
                  [0mOverall[0m
                [36m</option>[39m
              [36m</select>[39m
            [36m</div>[39m
          [36m</div>[39m
          [36m<p[39m
            [33mclass[39m=[32m"notice"[39m
          [36m>[39m
            [0mNo plays found for this range.[0m
          [36m</p>[39m
        [36m</section>[39m
      [36m</section>[39m
    [36m</main>[39m
  [36m</div>[39m
[36m</body>[39m

Ignored nodes: comments, script, style
[36m<html>[39m
  [36m<head />[39m
  [36m<body>[39m
    [36m<div>[39m
      [36m<main[39m
        [33mclass[39m=[32m"app-shell"[39m
      [36m>[39m
        [36m<header[39m
          [33mclass[39m=[32m"topbar"[39m
        [36m>[39m
          [36m<div[39m
            [33mclass[39m=[32m"topbar-brand"[39m
          [36m>[39m
            [36m<img[39m
              [33malt[39m=[32m"Audio Scrobbler App"[39m
              [33mclass[39m=[32m"topbar-logo"[39m
              [33msrc[39m=[32m"/logo.png"[39m
            [36m/>[39m
          [36m</div>[39m
          [36m<button[39m
            [33maria-controls[39m=[32m"primary-navigation"[39m
            [33maria-expanded[39m=[32m"false"[39m
            [33maria-label[39m=[32m"Toggle navigation menu"[39m
            [33mclass[39m=[32m"nav-menu-toggle"[39m
            [33mtype[39m=[32m"button"[39m
          [36m>[39m
            [0mMenu[0m
          [36m</button>[39m
          [36m<nav[39m
            [33maria-label[39m=[32m"Primary navigation"[39m
            [33mclass[39m=[32m"topbar-nav"[39m
            [33mid[39m=[32m"primary-navigation"[39m
          [36m>[39m
            [36m<a[39m
              [33mclass[39m=[32m"nav-link"[39m
              [33mhref[39m=[32m"/overview"[39m
            [36m>[39m
              [0mOverview[0m
            [36m</a>[39m
            [36m<a[39m
              [33mclass[39m=[32m"nav-link"[39m
              [33mhref[39m=[32m"/library"[39m
            [36m>[39m
              [0mLibrary[0m
            [36m</a>[39m
            [36m<a[39m
              [33mclass[39m=[32m"nav-link"[39m
              [33mhref[39m=[32m"/reports"[39m
            [36m>[39m
              [0mReports[0m
            [36m</a>[39m
            [36m<a[39m
              [33mclass[39m=[32m"nav-link"[39m
              [33mhref[39m=[32m"/profile"[39m
            [36m>[39m
              [0mProfile[0m
            [36m</a>[39m
            [36m<a[39m
              [33mclass[39m=[32m"nav-link"[39m
              [33mhref[39m=[32m"/following"[39m
            [36m>[39m
              [0mFollowing[0m
            [36m</a>[39m
            [36m<a[39m
              [33maria-current[39m=[32m"page"[39m
              [33mclass[39m=[32m"nav-link nav-link-active"[39m
              [33mhref[39m=[32m"/connect"[39m
            [36m>[39m
              [0mConnect[0m
            [36m</a>[39m
          [36m</nav>[39m
        [36m</header>[39m
        [36m<section[39m
          [33maria-labelledby[39m=[32m"summary-heading"[39m
          [33mclass[39m=[32m"dashboard"[39m
        [36m>[39m
          [36m<div[39m
            [33mclass[39m=[32m"section-heading"[39m
          [36m>[39m
            [36m<div>[39m
              [36m<h2[39m
                [33mid[39m=[32m"summary-heading"[39m
              [36m>[39m
                [0mMonthly summary[0m
              [36m</h2>[39m
            [36m</div>[39m
            [36m<p[39m
              [33mclass[39m=[32m"month-count"[39m
            [36m>[39m
              [0m0[0m
              [0m months found[0m
            [36m</p>[39m
          [36m</div>[39m
          [36m<form[39m
            [33mclass[39m=[32m"filters"[39m
          [36m>[39m
            [36m<label>[39m
              [0mDevelopment user ID[0m
              [36m<input[39m
                [33mmin[39m=[32m"1"[39m
                [33mplaceholder[39m=[32m"1"[39m
                [33mtype[39m=[32m"number"[39m
                [33mvalue[39m=[32m"1"[39m
              [36m/>[39m
            [36m</label>[39m
            [36m<label>[39m
              [0mFrom[0m
              [36m<div[39m
                [33mclass[39m=[32m"date-field-wrapper "[39m
              [36m>[39m
                [36m<div[39m
                  [33mclass[39m=[32m"date-field-box"[39m
                [36m>[39m
                  [36m<svg[39m
                    [33maria-hidden[39m=[32m"true"[39m
                    [33mclass[39m=[32m"date-field-calendar-icon"[39m
                    [33mfill[39m=[32m"none"[39m
                    [33mheight[39m=[32m"14"[39m
                    [33mstroke[39m=[32m"currentColor"[39m
                    [33mstroke-linecap[39m=[32m"round"[39m
                    [33mstroke-linejoin[39m=[32m"round"[39m
                    [33mstroke-width[39m=[32m"2"[39m
                    [33mviewBox[39m=[32m"0 0 24 24"[39m
                    [33mwidth[39m=[32m"14"[39m
                  [36m>[39m
                    [36m<rect[39m
                      [33mheight[39m=[32m"18"[39m
                      [33mrx[39m=[32m"2"[39m
                      [33mry[39m=[32m"2"[39m
                      [33mwidth[39m=[32m"18"[39m
                      [33mx[39m=[32m"3"[39m
                      [33my[39m=[32m"4"[39m
                    [36m/>[39m
                    [36m<line[39m
                      [33mx1[39m=[32m"16"[39m
                      [33mx2[39m=[32m"16"[39m
                      [33my1[39m=[32m"2"[39m
                      [33my2[39m=[32m"6"[39m
                    [36m/>[39m
                    [36m<line[39m
                      [33mx1[39m=[32m"8"[39m
                      [33mx2[39m=[32m"8"[39m
                      [33my1[39m=[32m"2"[39m
                      [33my2[39m=[32m"6"[39m
                    [36m/>[39m
                    [36m<line[39m
                      [33mx1[39m=[32m"3"[39m
                      [33mx2[39m=[32m"21"[39m
                      [33my1[39m=[32m"10"[39m
                      [33my2[39m=[32m"10"[39m
                    [36m/>[39m
                  [36m</svg>[39m
                  [36m<input[39m
                    [33maria-label[39m=[32m"Any date"[39m
                    [33mclass[39m=[32m"date-field"[39m
                    [33mid[39m=[32m"connect-from-month"[39m
                    [33mplaceholder[39m=[32m"Any date"[39m
                    [33mtype[39m=[32m"text"[39m
                    [33mvalue[39m=[32m""[39m
                  [36m/>[39m
                [36m</div>[39m
              [36m</div>[39m
            [36m</label>[39m
            [36m<label>[39m
              [0mTo[0m
              [36m<div[39m
                [33mclass[39m=[32m"date-field-wrapper "[39m
              [36m>[39m
                [36m<div[39m
                  [33mclass[39m=[32m"date-field-box"[39m
                [36m>[39m
                  [36m<svg[39m
                    [33maria-hidden[39m=[32m"true"[39m
                    [33mclass[39m=[32m"date-field-calendar-icon"[39m
                    [33mfill[39m=[32m"none"[39m
                    [33mheight[39m=[32m"14"[39m
                    [33mstroke[39m=[32m"currentColor"[39m
                    [33mstroke-linecap[39m=[32m"round"[39m
                    [33mstroke-linejoin[39m=[32m"round"[39m
                    [33mstroke-width[39m=[32m"2"[39m
                    [33mviewBox[39m=[32m"0 0 24 24"[39m
                    [33mwidth[39m=[32m"14"[39m
                  [36m>[39m
                    [36m<rect[39m
                      [33mheight[39m=[32m"18"[39m
                      [33mrx[39m=[32m"2"[39m
                      [33mry[39m=[32m"2"[39m
                      [33mwidth[39m=[32m"18"[39m
                      [33mx[39m=[32m"3"[39m
                      [33my[39m=[32m"4"[39m
                    [36m/>[39m
                    [36m<line[39m
                      [33mx1[39m=[32m"16"[39m
                      [33mx2[39m=[32m"16"[39m
                      [33my1[39m=[32m"2"[39m
                      [33my2[39m=[32m"6"[39m
                    [36m/>[39m
                    [36m<line[39m
                      [33mx1[39m=[32m"8"[39m
                      [33mx2[39m=[32m"8"[39m
                      [33my1[39m=[32m"2"[39m
                      [33my2[39m=[32m"6"[39m
                    [36m/>[39m
                    [36m<line[39m
                      [33mx1[39m=[32m"3"[39m
                      [33mx2[39m=[32m"21"[39m
                      [33my1[39m=[32m"10"[39m
                      [33my2[39m=[32m"10"[39m
                    [36m/>[39m
                  [36m</svg>[39m
                  [36m<input[39m
                    [33maria-label[39m=[32m"Any date"[39m
                    [33mclass[39m=[32m"date-field"[39m
                    [33mid[39m=[32m"connect-to-month"[39m
                    [33mplaceholder[39m=[32m"Any date"[39m
                    [33mtype[39m=[32m"text"[39m
                    [33mvalue[39m=[32m""[39m
                  [36m/>[39m
                [36m</div>[39m
              [36m</div>[39m
            [36m</label>[39m
            [36m<button[39m
              [33mclass[39m=[32m"btn-secondary"[39m
              [33mtype[39m=[32m"submit"[39m
            [36m>[39m
              [0mRefresh summary[0m
            [36m</button>[39m
            [36m<button[39m
              [33mclass[39m=[32m"btn-secondary"[39m
              [33mtype[39m=[32m"button"[39m
            [36m>[39m
              [0mSign out[0m
            [36m</button>[39m
          [36m</form>[39m
          [36m<div[39m
            [33mclass[39m=[32m"import-panel"[39m
          [36m>[39m
            [36m<label[39m
              [33mclass[39m=[32m"import-picker"[39m
            [36m>[39m
              [0mImport history JSON[0m
              [36m<input[39m
                [33maccept[39m=[32m"application/json,.json"[39m
                [33mtype[39m=[32m"file"[39m
              [36m/>[39m
            [36m</label>[39m
          [36m</div>[39m
          [36m<div[39m
            [33mclass[39m=[32m"empty-state "[39m
          [36m>[39m
            [36m<div[39m
              [33maria-hidden[39m=[32m"true"[39m
              [33mclass[39m=[32m"empty-state-icon"[39m
            [36m>[39m
              [36m<svg[39m
                [33maria-hidden[39m=[32m"true"[39m
                [33mfill[39m=[32m"none"[39m
                [33mstroke[39m=[32m"currentColor"[39m
                [33mstroke-linecap[39m=[32m"round"[39m
                [33mstroke-linejoin[39m=[32m"round"[39m
                [33mstroke-width[39m=[32m"1.5"[39m
                [33mviewBox[39m=[32m"0 0 24 24"[39m
              [36m>[39m
                [36m<path[39m
                  [33md[39m=[32m"M9 10h.01"[39m
                [36m/>[39m
                [36m<path[39m
                  [33md[39m=[32m"M15 10h.01"[39m
                [36m/>[39m
                [36m<path[39m
                  [33md[39m=[32m"M12 2a8 8 0 0 0-8 8v12l3-3 2.5 2.5L12 19l2.5 2.5L17 19l3 3V10a8 8 0 0 0-8-8z"[39m
                [36m/>[39m
              [36m</svg>[39m
            [36m</div>[39m
            [36m<h3[39m
              [33mclass[39m=[32m"empty-state-title"[39m
            [36m>[39m
              [0mIt's quiet in here[0m
            [36m</h3>[39m
            [36m<p[39m
              [33mclass[39m=[32m"empty-state-description"[39m
            [36m>[39m
              [0mWe couldn't find any scrobbles for this date range.[0m
            [36m</p>[39m
          [36m</div>[39m
          [36m<section[39m
            [33maria-labelledby[39m=[32m"charts-panel-heading"[39m
            [33mclass[39m=[32m"charts-panel"[39m
          [36m>[39m
            [36m<div[39m
              [33mclass[39m=[32m"section-heading"[39m
            [36m>[39m
              [36m<div>[39m
                [36m<h2[39m
                  [33mid[39m=[32m"charts-panel-heading"[39m
                [36m>[39m
                  [0mTop charts[0m
                [36m</h2>[39m
              [36m</div>[39m
            [36m</div>[39m
            [36m<div[39m
              [33mclass[39m=[32m"charts-controls"[39m
            [36m>[39m
              [36m<div[39m
                [33mclass[39m=[32m"charts-control-group"[39m
              [36m>[39m
                [36m<label[39m
                  [33mclass[39m=[32m"charts-control-label"[39m
                  [33mfor[39m=[32m"charts-entity-select"[39m
                [36m>[39m
                  [0mChart[0m
                [36m</label>[39m
                [36m<div[39m
                  [33maria-label[39m=[32m"Chart options"[39m
                  [33mclass[39m=[32m"segmented-tabs"[39m
                  [33mrole[39m=[32m"tablist"[39m
                [36m>[39m
                  [36m<button[39m
                    [33maria-selected[39m=[32m"true"[39m
                    [33mclass[39m=[32m"segmented-tab active"[39m
                    [33mrole[39m=[32m"tab"[39m
                    [33mtype[39m=[32m"button"[39m
                  [36m>[39m
                    [0mArtists[0m
                  [36m</button>[39m
                  [36m<button[39m
                    [33maria-selected[39m=[32m"false"[39m
                    [33mclass[39m=[32m"segmented-tab "[39m
                    [33mrole[39m=[32m"tab"[39m
                    [33mtype[39m=[32m"button"[39m
                  [36m>[39m
                    [0mTracks[0m
                  [36m</button>[39m
                  [36m<button[39m
                    [33maria-selected[39m=[32m"false"[39m
                    [33mclass[39m=[32m"segmented-tab "[39m
                    [33mrole[39m=[32m"tab"[39m
                    [33mtype[39m=[32m"button"[39m
                  [36m>[39m
                    [0mAlbums[0m
                  [36m</button>[39m
                [36m</div>[39m
                [36m<select[39m
                  [33maria-label[39m=[32m"Chart"[39m
                  [33mclass[39m=[32m"visually-hidden-accessible"[39m
                  [33mid[39m=[32m"charts-entity-select"[39m
                [36m>[39m
                  [36m<option[39m
                    [33mvalue[39m=[32m"artists"[39m
                  [36m>[39m
                    [0mArtists[0m
                  [36m</option>[39m
                  [36m<option[39m
                    [33mvalue[39m=[32m"tracks"[39m
                  [36m>[39m
                    [0mTracks[0m
                  [36m</option>[39m
                  [36m<option[39m
                    [33mvalue[39m=[32m"albums"[39m
                  [36m>[39m
                    [0mAlbums[0m
                  [36m</option>[39m
                [36m</select>[39m
              [36m</div>[39m
              [36m<div[39m
                [33mclass[39m=[32m"charts-control-group"[39m
              [36m>[39m
                [36m<label[39m
                  [33mclass[39m=[32m"charts-control-label"[39m
                  [33mfor[39m=[32m"charts-range-select"[39m
                [36m>[39m
                  [0mRange[0m
                [36m</label>[39m
                [36m<div[39m
                  [33maria-label[39m=[32m"Range options"[39m
                  [33mclass[39m=[32m"segmented-tabs"[39m
                  [33mrole[39m=[32m"tablist"[39m
                [36m>[39m
                  [36m<button[39m
                    [33maria-selected[39m=[32m"false"[39m
                    [33mclass[39m=[32m"segmented-tab "[39m
                    [33mrole[39m=[32m"tab"[39m
                    [33mtype[39m=[32m"button"[39m
                  [36m>[39m
                    [0m7 days[0m
                  [36m</button>[39m
                  [36m<button[39m
                    [33maria-selected[39m=[32m"false"[39m
                    [33mclass[39m=[32m"segmented-tab "[39m
                    [33mrole[39m=[32m"tab"[39m
                    [33mtype[39m=[32m"button"[39m
                  [36m>[39m
                    [0m1 month[0m
                  [36m</button>[39m
                  [36m<button[39m
                    [33maria-selected[39m=[32m"false"[39m
                    [33mclass[39m=[32m"segmented-tab "[39m
                    [33mrole[39m=[32m"tab"[39m
                    [33mtype[39m=[32m"button"[39m
                  [36m>[39m
                    [0m12 months[0m
                  [36m</button>[39m
                  [36m<button[39m
                    [33maria-selected[39m=[32m"true"[39m
                    [33mclass[39m=[32m"segmented-tab active"[39m
                    [33mrole[39m=[32m"tab"[39m
                    [33mtype[39m=[32m"button"[39m
                  [36m>[39m
                    [0mOverall[0m
                  [36m</button>[39m
                [36m</div>[39m
                [36m<select[39m
                  [33maria-label[39m=[32m"Range"[39m
                  [33mclass[39m=[32m"visually-hidden-accessible"[39m
                  [33mid[39m=[32m"charts-range-select"[39m
                [36m>[39m
                  [36m<option[39m
                    [33mvalue[39m=[32m"7day"[39m
                  [36m>[39m
                    [0m7 days[0m
                  [36m</option>[39m
                  [36m<option[39m
                    [33mvalue[39m=[32m"1month"[39m
                  [36m>[39m
                    [0m1 month[0m
                  [36m</option>[39m
                  [36m<option[39m
                    [33mvalue[39m=[32m"12month"[39m
                  [36m>[39m
                    [0m12 months[0m
                  [36m</option>[39m
                  [36m<option[39m
                    [33mvalue[39m=[32m"overall"[39m
                  [36m>[39m
                    [0mOverall[0m
                  [36m</option>[39m
                [36m</select>[39m
              [36m</div>[39m
            [36m</div>[39m
            [36m<p[39m
              [33mclass[39m=[32m"notice"[39m
            [36m>[39m
              [0mNo plays found for this range.[0m
            [36m</p>[39m
          [36m</section>[39m
        [36m</section>[39m
      [36m</main>[39m
    [36m</div>[39m
  [36m</body>[39m
[36m</html>[39m
   × App > detects a youtube import from file content when the filename gives no hint 1080ms
     → Unable to find an element with the text: No listens found for this date range.. This could be because the text is broken up by multiple elements. In this case, you can provide a function for your text matcher to make your matcher more flexible.

Ignored nodes: comments, script, style
[36m<body>[39m
  [36m<div>[39m
    [36m<main[39m
      [33mclass[39m=[32m"app-shell"[39m
    [36m>[39m
      [36m<header[39m
        [33mclass[39m=[32m"topbar"[39m
      [36m>[39m
        [36m<div[39m
          [33mclass[39m=[32m"topbar-brand"[39m
        [36m>[39m
          [36m<img[39m
            [33malt[39m=[32m"Audio Scrobbler App"[39m
            [33mclass[39m=[32m"topbar-logo"[39m
            [33msrc[39m=[32m"/logo.png"[39m
          [36m/>[39m
        [36m</div>[39m
        [36m<button[39m
          [33maria-controls[39m=[32m"primary-navigation"[39m
          [33maria-expanded[39m=[32m"false"[39m
          [33maria-label[39m=[32m"Toggle navigation menu"[39m
          [33mclass[39m=[32m"nav-menu-toggle"[39m
          [33mtype[39m=[32m"button"[39m
        [36m>[39m
          [0mMenu[0m
        [36m</button>[39m
        [36m<nav[39m
          [33maria-label[39m=[32m"Primary navigation"[39m
          [33mclass[39m=[32m"topbar-nav"[39m
          [33mid[39m=[32m"primary-navigation"[39m
        [36m>[39m
          [36m<a[39m
            [33mclass[39m=[32m"nav-link"[39m
            [33mhref[39m=[32m"/overview"[39m
          [36m>[39m
            [0mOverview[0m
          [36m</a>[39m
          [36m<a[39m
            [33mclass[39m=[32m"nav-link"[39m
            [33mhref[39m=[32m"/library"[39m
          [36m>[39m
            [0mLibrary[0m
          [36m</a>[39m
          [36m<a[39m
            [33mclass[39m=[32m"nav-link"[39m
            [33mhref[39m=[32m"/reports"[39m
          [36m>[39m
            [0mReports[0m
          [36m</a>[39m
          [36m<a[39m
            [33mclass[39m=[32m"nav-link"[39m
            [33mhref[39m=[32m"/profile"[39m
          [36m>[39m
            [0mProfile[0m
          [36m</a>[39m
          [36m<a[39m
            [33mclass[39m=[32m"nav-link"[39m
            [33mhref[39m=[32m"/following"[39m
          [36m>[39m
            [0mFollowing[0m
          [36m</a>[39m
          [36m<a[39m
            [33maria-current[39m=[32m"page"[39m
            [33mclass[39m=[32m"nav-link nav-link-active"[39m
            [33mhref[39m=[32m"/connect"[39m
          [36m>[39m
            [0mConnect[0m
          [36m</a>[39m
        [36m</nav>[39m
      [36m</header>[39m
      [36m<section[39m
        [33maria-labelledby[39m=[32m"summary-heading"[39m
        [33mclass[39m=[32m"dashboard"[39m
      [36m>[39m
        [36m<div[39m
          [33mclass[39m=[32m"section-heading"[39m
        [36m>[39m
          [36m<div>[39m
            [36m<h2[39m
              [33mid[39m=[32m"summary-heading"[39m
            [36m>[39m
              [0mMonthly summary[0m
            [36m</h2>[39m
          [36m</div>[39m
          [36m<p[39m
            [33mclass[39m=[32m"month-count"[39m
          [36m>[39m
            [0m0[0m
            [0m months found[0m
          [36m</p>[39m
        [36m</div>[39m
        [36m<form[39m
          [33mclass[39m=[32m"filters"[39m
        [36m>[39m
          [36m<label>[39m
            [0mDevelopment user ID[0m
            [36m<input[39m
              [33mmin[39m=[32m"1"[39m
              [33mplaceholder[39m=[32m"1"[39m
              [33mtype[39m=[32m"number"[39m
              [33mvalue[39m=[32m"1"[39m
            [36m/>[39m
          [36m</label>[39m
          [36m<label>[39m
            [0mFrom[0m
            [36m<div[39m
              [33mclass[39m=[32m"date-field-wrapper "[39m
            [36m>[39m
              [36m<div[39m
                [33mclass[39m=[32m"date-field-box"[39m
              [36m>[39m
                [36m<svg[39m
                  [33maria-hidden[39m=[32m"true"[39m
                  [33mclass[39m=[32m"date-field-calendar-icon"[39m
                  [33mfill[39m=[32m"none"[39m
                  [33mheight[39m=[32m"14"[39m
                  [33mstroke[39m=[32m"currentColor"[39m
                  [33mstroke-linecap[39m=[32m"round"[39m
                  [33mstroke-linejoin[39m=[32m"round"[39m
                  [33mstroke-width[39m=[32m"2"[39m
                  [33mviewBox[39m=[32m"0 0 24 24"[39m
                  [33mwidth[39m=[32m"14"[39m
                [36m>[39m
                  [36m<rect[39m
                    [33mheight[39m=[32m"18"[39m
                    [33mrx[39m=[32m"2"[39m
                    [33mry[39m=[32m"2"[39m
                    [33mwidth[39m=[32m"18"[39m
                    [33mx[39m=[32m"3"[39m
                    [33my[39m=[32m"4"[39m
                  [36m/>[39m
                  [36m<line[39m
                    [33mx1[39m=[32m"16"[39m
                    [33mx2[39m=[32m"16"[39m
                    [33my1[39m=[32m"2"[39m
                    [33my2[39m=[32m"6"[39m
                  [36m/>[39m
                  [36m<line[39m
                    [33mx1[39m=[32m"8"[39m
                    [33mx2[39m=[32m"8"[39m
                    [33my1[39m=[32m"2"[39m
                    [33my2[39m=[32m"6"[39m
                  [36m/>[39m
                  [36m<line[39m
                    [33mx1[39m=[32m"3"[39m
                    [33mx2[39m=[32m"21"[39m
                    [33my1[39m=[32m"10"[39m
                    [33my2[39m=[32m"10"[39m
                  [36m/>[39m
                [36m</svg>[39m
                [36m<input[39m
                  [33maria-label[39m=[32m"Any date"[39m
                  [33mclass[39m=[32m"date-field"[39m
                  [33mid[39m=[32m"connect-from-month"[39m
                  [33mplaceholder[39m=[32m"Any date"[39m
                  [33mtype[39m=[32m"text"[39m
                  [33mvalue[39m=[32m""[39m
                [36m/>[39m
              [36m</div>[39m
            [36m</div>[39m
          [36m</label>[39m
          [36m<label>[39m
            [0mTo[0m
            [36m<div[39m
              [33mclass[39m=[32m"date-field-wrapper "[39m
            [36m>[39m
              [36m<div[39m
                [33mclass[39m=[32m"date-field-box"[39m
              [36m>[39m
                [36m<svg[39m
                  [33maria-hidden[39m=[32m"true"[39m
                  [33mclass[39m=[32m"date-field-calendar-icon"[39m
                  [33mfill[39m=[32m"none"[39m
                  [33mheight[39m=[32m"14"[39m
                  [33mstroke[39m=[32m"currentColor"[39m
                  [33mstroke-linecap[39m=[32m"round"[39m
                  [33mstroke-linejoin[39m=[32m"round"[39m
                  [33mstroke-width[39m=[32m"2"[39m
                  [33mviewBox[39m=[32m"0 0 24 24"[39m
                  [33mwidth[39m=[32m"14"[39m
                [36m>[39m
                  [36m<rect[39m
                    [33mheight[39m=[32m"18"[39m
                    [33mrx[39m=[32m"2"[39m
                    [33mry[39m=[32m"2"[39m
                    [33mwidth[39m=[32m"18"[39m
                    [33mx[39m=[32m"3"[39m
                    [33my[39m=[32m"4"[39m
                  [36m/>[39m
                  [36m<line[39m
                    [33mx1[39m=[32m"16"[39m
                    [33mx2[39m=[32m"16"[39m
                    [33my1[39m=[32m"2"[39m
                    [33my2[39m=[32m"6"[39m
                  [36m/>[39m
                  [36m<line[39m
                    [33mx1[39m=[32m"8"[39m
                    [33mx2[39m=[32m"8"[39m
                    [33my1[39m=[32m"2"[39m
                    [33my2[39m=[32m"6"[39m
                  [36m/>[39m
                  [36m<line[39m
                    [33mx1[39m=[32m"3"[39m
                    [33mx2[39m=[32m"21"[39m
                    [33my1[39m=[32m"10"[39m
                    [33my2[39m=[32m"10"[39m
                  [36m/>[39m
                [36m</svg>[39m
                [36m<input[39m
                  [33maria-label[39m=[32m"Any date"[39m
                  [33mclass[39m=[32m"date-field"[39m
                  [33mid[39m=[32m"connect-to-month"[39m
                  [33mplaceholder[39m=[32m"Any date"[39m
                  [33mtype[39m=[32m"text"[39m
                  [33mvalue[39m=[32m""[39m
                [36m/>[39m
              [36m</div>[39m
            [36m</div>[39m
          [36m</label>[39m
          [36m<button[39m
            [33mclass[39m=[32m"btn-secondary"[39m
            [33mtype[39m=[32m"submit"[39m
          [36m>[39m
            [0mRefresh summary[0m
          [36m</button>[39m
          [36m<button[39m
            [33mclass[39m=[32m"btn-secondary"[39m
            [33mtype[39m=[32m"button"[39m
          [36m>[39m
            [0mSign out[0m
          [36m</button>[39m
        [36m</form>[39m
        [36m<div[39m
          [33mclass[39m=[32m"import-panel"[39m
        [36m>[39m
          [36m<label[39m
            [33mclass[39m=[32m"import-picker"[39m
          [36m>[39m
            [0mImport history JSON[0m
            [36m<input[39m
              [33maccept[39m=[32m"application/json,.json"[39m
              [33mtype[39m=[32m"file"[39m
            [36m/>[39m
          [36m</label>[39m
        [36m</div>[39m
        [36m<div[39m
          [33mclass[39m=[32m"empty-state "[39m
        [36m>[39m
          [36m<div[39m
            [33maria-hidden[39m=[32m"true"[39m
            [33mclass[39m=[32m"empty-state-icon"[39m
          [36m>[39m
            [36m<svg[39m
              [33maria-hidden[39m=[32m"true"[39m
              [33mfill[39m=[32m"none"[39m
              [33mstroke[39m=[32m"currentColor"[39m
              [33mstroke-linecap[39m=[32m"round"[39m
              [33mstroke-linejoin[39m=[32m"round"[39m
              [33mstroke-width[39m=[32m"1.5"[39m
              [33mviewBox[39m=[32m"0 0 24 24"[39m
            [36m>[39m
              [36m<path[39m
                [33md[39m=[32m"M9 10h.01"[39m
              [36m/>[39m
              [36m<path[39m
                [33md[39m=[32m"M15 10h.01"[39m
              [36m/>[39m
              [36m<path[39m
                [33md[39m=[32m"M12 2a8 8 0 0 0-8 8v12l3-3 2.5 2.5L12 19l2.5 2.5L17 19l3 3V10a8 8 0 0 0-8-8z"[39m
              [36m/>[39m
            [36m</svg>[39m
          [36m</div>[39m
          [36m<h3[39m
            [33mclass[39m=[32m"empty-state-title"[39m
          [36m>[39m
            [0mIt's quiet in here[0m
          [36m</h3>[39m
          [36m<p[39m
            [33mclass[39m=[32m"empty-state-description"[39m
          [36m>[39m
            [0mWe couldn't find any scrobbles for this date range.[0m
          [36m</p>[39m
        [36m</div>[39m
        [36m<section[39m
          [33maria-labelledby[39m=[32m"charts-panel-heading"[39m
          [33mclass[39m=[32m"charts-panel"[39m
        [36m>[39m
          [36m<div[39m
            [33mclass[39m=[32m"section-heading"[39m
          [36m>[39m
            [36m<div>[39m
              [36m<h2[39m
                [33mid[39m=[32m"charts-panel-heading"[39m
              [36m>[39m
                [0mTop charts[0m
              [36m</h2>[39m
            [36m</div>[39m
          [36m</div>[39m
          [36m<div[39m
            [33mclass[39m=[32m"charts-controls"[39m
          [36m>[39m
            [36m<div[39m
              [33mclass[39m=[32m"charts-control-group"[39m
            [36m>[39m
              [36m<label[39m
                [33mclass[39m=[32m"charts-control-label"[39m
                [33mfor[39m=[32m"charts-entity-select"[39m
              [36m>[39m
                [0mChart[0m
              [36m</label>[39m
              [36m<div[39m
                [33maria-label[39m=[32m"Chart options"[39m
                [33mclass[39m=[32m"segmented-tabs"[39m
                [33mrole[39m=[32m"tablist"[39m
              [36m>[39m
                [36m<button[39m
                  [33maria-selected[39m=[32m"true"[39m
                  [33mclass[39m=[32m"segmented-tab active"[39m
                  [33mrole[39m=[32m"tab"[39m
                  [33mtype[39m=[32m"button"[39m
                [36m>[39m
                  [0mArtists[0m
                [36m</button>[39m
                [36m<button[39m
                  [33maria-selected[39m=[32m"false"[39m
                  [33mclass[39m=[32m"segmented-tab "[39m
                  [33mrole[39m=[32m"tab"[39m
                  [33mtype[39m=[32m"button"[39m
                [36m>[39m
                  [0mTracks[0m
                [36m</button>[39m
                [36m<button[39m
                  [33maria-selected[39m=[32m"false"[39m
                  [33mclass[39m=[32m"segmented-tab "[39m
                  [33mrole[39m=[32m"tab"[39m
                  [33mtype[39m=[32m"button"[39m
                [36m>[39m
                  [0mAlbums[0m
                [36m</button>[39m
              [36m</div>[39m
              [36m<select[39m
                [33maria-label[39m=[32m"Chart"[39m
                [33mclass[39m=[32m"visually-hidden-accessible"[39m
                [33mid[39m=[32m"charts-entity-select"[39m
              [36m>[39m
                [36m<option[39m
                  [33mvalue[39m=[32m"artists"[39m
                [36m>[39m
                  [0mArtists[0m
                [36m</option>[39m
                [36m<option[39m
                  [33mvalue[39m=[32m"tracks"[39m
                [36m>[39m
                  [0mTracks[0m
                [36m</option>[39m
                [36m<option[39m
                  [33mvalue[39m=[32m"albums"[39m
                [36m>[39m
                  [0mAlbums[0m
                [36m</option>[39m
              [36m</select>[39m
            [36m</div>[39m
            [36m<div[39m
              [33mclass[39m=[32m"charts-control-group"[39m
            [36m>[39m
              [36m<label[39m
                [33mclass[39m=[32m"charts-control-label"[39m
                [33mfor[39m=[32m"charts-range-select"[39m
              [36m>[39m
                [0mRange[0m
              [36m</label>[39m
              [36m<div[39m
                [33maria-label[39m=[32m"Range options"[39m
                [33mclass[39m=[32m"segmented-tabs"[39m
                [33mrole[39m=[32m"tablist"[39m
              [36m>[39m
                [36m<button[39m
                  [33maria-selected[39m=[32m"false"[39m
                  [33mclass[39m=[32m"segmented-tab "[39m
                  [33mrole[39m=[32m"tab"[39m
                  [33mtype[39m=[32m"button"[39m
                [36m>[39m
                  [0m7 days[0m
                [36m</button>[39m
                [36m<button[39m
                  [33maria-selected[39m=[32m"false"[39m
                  [33mclass[39m=[32m"segmented-tab "[39m
                  [33mrole[39m=[32m"tab"[39m
                  [33mtype[39m=[32m"button"[39m
                [36m>[39m
                  [0m1 month[0m
                [36m</button>[39m
                [36m<button[39m
                  [33maria-selected[39m=[32m"false"[39m
                  [33mclass[39m=[32m"segmented-tab "[39m
                  [33mrole[39m=[32m"tab"[39m
                  [33mtype[39m=[32m"button"[39m
                [36m>[39m
                  [0m12 months[0m
                [36m</button>[39m
                [36m<button[39m
                  [33maria-selected[39m=[32m"true"[39m
                  [33mclass[39m=[32m"segmented-tab active"[39m
                  [33mrole[39m=[32m"tab"[39m
                  [33mtype[39m=[32m"button"[39m
                [36m>[39m
                  [0mOverall[0m
                [36m</button>[39m
              [36m</div>[39m
              [36m<select[39m
                [33maria-label[39m=[32m"Range"[39m
                [33mclass[39m=[32m"visually-hidden-accessible"[39m
                [33mid[39m=[32m"charts-range-select"[39m
              [36m>[39m
                [36m<option[39m
                  [33mvalue[39m=[32m"7day"[39m
                [36m>[39m
                  [0m7 days[0m
                [36m</option>[39m
                [36m<option[39m
                  [33mvalue[39m=[32m"1month"[39m
                [36m>[39m
                  [0m1 month[0m
                [36m</option>[39m
                [36m<option[39m
                  [33mvalue[39m=[32m"12month"[39m
                [36m>[39m
                  [0m12 months[0m
                [36m</option>[39m
                [36m<option[39m
                  [33mvalue[39m=[32m"overall"[39m
                [36m>[39m
                  [0mOverall[0m
                [36m</option>[39m
              [36m</select>[39m
            [36m</div>[39m
          [36m</div>[39m
          [36m<p[39m
            [33mclass[39m=[32m"notice"[39m
          [36m>[39m
            [0mNo plays found for this range.[0m
          [36m</p>[39m
        [36m</section>[39m
      [36m</section>[39m
    [36m</main>[39m
  [36m</div>[39m
[36m</body>[39m

Ignored nodes: comments, script, style
[36m<html>[39m
  [36m<head />[39m
  [36m<body>[39m
    [36m<div>[39m
      [36m<main[39m
        [33mclass[39m=[32m"app-shell"[39m
      [36m>[39m
        [36m<header[39m
          [33mclass[39m=[32m"topbar"[39m
        [36m>[39m
          [36m<div[39m
            [33mclass[39m=[32m"topbar-brand"[39m
          [36m>[39m
            [36m<img[39m
              [33malt[39m=[32m"Audio Scrobbler App"[39m
              [33mclass[39m=[32m"topbar-logo"[39m
              [33msrc[39m=[32m"/logo.png"[39m
            [36m/>[39m
          [36m</div>[39m
          [36m<button[39m
            [33maria-controls[39m=[32m"primary-navigation"[39m
            [33maria-expanded[39m=[32m"false"[39m
            [33maria-label[39m=[32m"Toggle navigation menu"[39m
            [33mclass[39m=[32m"nav-menu-toggle"[39m
            [33mtype[39m=[32m"button"[39m
          [36m>[39m
            [0mMenu[0m
          [36m</button>[39m
          [36m<nav[39m
            [33maria-label[39m=[32m"Primary navigation"[39m
            [33mclass[39m=[32m"topbar-nav"[39m
            [33mid[39m=[32m"primary-navigation"[39m
          [36m>[39m
            [36m<a[39m
              [33mclass[39m=[32m"nav-link"[39m
              [33mhref[39m=[32m"/overview"[39m
            [36m>[39m
              [0mOverview[0m
            [36m</a>[39m
            [36m<a[39m
              [33mclass[39m=[32m"nav-link"[39m
              [33mhref[39m=[32m"/library"[39m
            [36m>[39m
              [0mLibrary[0m
            [36m</a>[39m
            [36m<a[39m
              [33mclass[39m=[32m"nav-link"[39m
              [33mhref[39m=[32m"/reports"[39m
            [36m>[39m
              [0mReports[0m
            [36m</a>[39m
            [36m<a[39m
              [33mclass[39m=[32m"nav-link"[39m
              [33mhref[39m=[32m"/profile"[39m
            [36m>[39m
              [0mProfile[0m
            [36m</a>[39m
            [36m<a[39m
              [33mclass[39m=[32m"nav-link"[39m
              [33mhref[39m=[32m"/following"[39m
            [36m>[39m
              [0mFollowing[0m
            [36m</a>[39m
            [36m<a[39m
              [33maria-current[39m=[32m"page"[39m
              [33mclass[39m=[32m"nav-link nav-link-active"[39m
              [33mhref[39m=[32m"/connect"[39m
            [36m>[39m
              [0mConnect[0m
            [36m</a>[39m
          [36m</nav>[39m
        [36m</header>[39m
        [36m<section[39m
          [33maria-labelledby[39m=[32m"summary-heading"[39m
          [33mclass[39m=[32m"dashboard"[39m
        [36m>[39m
          [36m<div[39m
            [33mclass[39m=[32m"section-heading"[39m
          [36m>[39m
            [36m<div>[39m
              [36m<h2[39m
                [33mid[39m=[32m"summary-heading"[39m
              [36m>[39m
                [0mMonthly summary[0m
              [36m</h2>[39m
            [36m</div>[39m
            [36m<p[39m
              [33mclass[39m=[32m"month-count"[39m
            [36m>[39m
              [0m0[0m
              [0m months found[0m
            [36m</p>[39m
          [36m</div>[39m
          [36m<form[39m
            [33mclass[39m=[32m"filters"[39m
          [36m>[39m
            [36m<label>[39m
              [0mDevelopment user ID[0m
              [36m<input[39m
                [33mmin[39m=[32m"1"[39m
                [33mplaceholder[39m=[32m"1"[39m
                [33mtype[39m=[32m"number"[39m
                [33mvalue[39m=[32m"1"[39m
              [36m/>[39m
            [36m</label>[39m
            [36m<label>[39m
              [0mFrom[0m
              [36m<div[39m
                [33mclass[39m=[32m"date-field-wrapper "[39m
              [36m>[39m
                [36m<div[39m
                  [33mclass[39m=[32m"date-field-box"[39m
                [36m>[39m
                  [36m<svg[39m
                    [33maria-hidden[39m=[32m"true"[39m
                    [33mclass[39m=[32m"date-field-calendar-icon"[39m
                    [33mfill[39m=[32m"none"[39m
                    [33mheight[39m=[32m"14"[39m
                    [33mstroke[39m=[32m"currentColor"[39m
                    [33mstroke-linecap[39m=[32m"round"[39m
                    [33mstroke-linejoin[39m=[32m"round"[39m
                    [33mstroke-width[39m=[32m"2"[39m
                    [33mviewBox[39m=[32m"0 0 24 24"[39m
                    [33mwidth[39m=[32m"14"[39m
                  [36m>[39m
                    [36m<rect[39m
                      [33mheight[39m=[32m"18"[39m
                      [33mrx[39m=[32m"2"[39m
                      [33mry[39m=[32m"2"[39m
                      [33mwidth[39m=[32m"18"[39m
                      [33mx[39m=[32m"3"[39m
                      [33my[39m=[32m"4"[39m
                    [36m/>[39m
                    [36m<line[39m
                      [33mx1[39m=[32m"16"[39m
                      [33mx2[39m=[32m"16"[39m
                      [33my1[39m=[32m"2"[39m
                      [33my2[39m=[32m"6"[39m
                    [36m/>[39m
                    [36m<line[39m
                      [33mx1[39m=[32m"8"[39m
                      [33mx2[39m=[32m"8"[39m
                      [33my1[39m=[32m"2"[39m
                      [33my2[39m=[32m"6"[39m
                    [36m/>[39m
                    [36m<line[39m
                      [33mx1[39m=[32m"3"[39m
                      [33mx2[39m=[32m"21"[39m
                      [33my1[39m=[32m"10"[39m
                      [33my2[39m=[32m"10"[39m
                    [36m/>[39m
                  [36m</svg>[39m
                  [36m<input[39m
                    [33maria-label[39m=[32m"Any date"[39m
                    [33mclass[39m=[32m"date-field"[39m
                    [33mid[39m=[32m"connect-from-month"[39m
                    [33mplaceholder[39m=[32m"Any date"[39m
                    [33mtype[39m=[32m"text"[39m
                    [33mvalue[39m=[32m""[39m
                  [36m/>[39m
                [36m</div>[39m
              [36m</div>[39m
            [36m</label>[39m
            [36m<label>[39m
              [0mTo[0m
              [36m<div[39m
                [33mclass[39m=[32m"date-field-wrapper "[39m
              [36m>[39m
                [36m<div[39m
                  [33mclass[39m=[32m"date-field-box"[39m
                [36m>[39m
                  [36m<svg[39m
                    [33maria-hidden[39m=[32m"true"[39m
                    [33mclass[39m=[32m"date-field-calendar-icon"[39m
                    [33mfill[39m=[32m"none"[39m
                    [33mheight[39m=[32m"14"[39m
                    [33mstroke[39m=[32m"currentColor"[39m
                    [33mstroke-linecap[39m=[32m"round"[39m
                    [33mstroke-linejoin[39m=[32m"round"[39m
                    [33mstroke-width[39m=[32m"2"[39m
                    [33mviewBox[39m=[32m"0 0 24 24"[39m
                    [33mwidth[39m=[32m"14"[39m
                  [36m>[39m
                    [36m<rect[39m
                      [33mheight[39m=[32m"18"[39m
                      [33mrx[39m=[32m"2"[39m
                      [33mry[39m=[32m"2"[39m
                      [33mwidth[39m=[32m"18"[39m
                      [33mx[39m=[32m"3"[39m
                      [33my[39m=[32m"4"[39m
                    [36m/>[39m
                    [36m<line[39m
                      [33mx1[39m=[32m"16"[39m
                      [33mx2[39m=[32m"16"[39m
                      [33my1[39m=[32m"2"[39m
                      [33my2[39m=[32m"6"[39m
                    [36m/>[39m
                    [36m<line[39m
                      [33mx1[39m=[32m"8"[39m
                      [33mx2[39m=[32m"8"[39m
                      [33my1[39m=[32m"2"[39m
                      [33my2[39m=[32m"6"[39m
                    [36m/>[39m
                    [36m<line[39m
                      [33mx1[39m=[32m"3"[39m
                      [33mx2[39m=[32m"21"[39m
                      [33my1[39m=[32m"10"[39m
                      [33my2[39m=[32m"10"[39m
                    [36m/>[39m
                  [36m</svg>[39m
                  [36m<input[39m
                    [33maria-label[39m=[32m"Any date"[39m
                    [33mclass[39m=[32m"date-field"[39m
                    [33mid[39m=[32m"connect-to-month"[39m
                    [33mplaceholder[39m=[32m"Any date"[39m
                    [33mtype[39m=[32m"text"[39m
                    [33mvalue[39m=[32m""[39m
                  [36m/>[39m
                [36m</div>[39m
              [36m</div>[39m
            [36m</label>[39m
            [36m<button[39m
              [33mclass[39m=[32m"btn-secondary"[39m
              [33mtype[39m=[32m"submit"[39m
            [36m>[39m
              [0mRefresh summary[0m
            [36m</button>[39m
            [36m<button[39m
              [33mclass[39m=[32m"btn-secondary"[39m
              [33mtype[39m=[32m"button"[39m
            [36m>[39m
              [0mSign out[0m
            [36m</button>[39m
          [36m</form>[39m
          [36m<div[39m
            [33mclass[39m=[32m"import-panel"[39m
          [36m>[39m
            [36m<label[39m
              [33mclass[39m=[32m"import-picker"[39m
            [36m>[39m
              [0mImport history JSON[0m
              [36m<input[39m
                [33maccept[39m=[32m"application/json,.json"[39m
                [33mtype[39m=[32m"file"[39m
              [36m/>[39m
            [36m</label>[39m
          [36m</div>[39m
          [36m<div[39m
            [33mclass[39m=[32m"empty-state "[39m
          [36m>[39m
            [36m<div[39m
              [33maria-hidden[39m=[32m"true"[39m
              [33mclass[39m=[32m"empty-state-icon"[39m
            [36m>[39m
              [36m<svg[39m
                [33maria-hidden[39m=[32m"true"[39m
                [33mfill[39m=[32m"none"[39m
                [33mstroke[39m=[32m"currentColor"[39m
                [33mstroke-linecap[39m=[32m"round"[39m
                [33mstroke-linejoin[39m=[32m"round"[39m
                [33mstroke-width[39m=[32m"1.5"[39m
                [33mviewBox[39m=[32m"0 0 24 24"[39m
              [36m>[39m
                [36m<path[39m
                  [33md[39m=[32m"M9 10h.01"[39m
                [36m/>[39m
                [36m<path[39m
                  [33md[39m=[32m"M15 10h.01"[39m
                [36m/>[39m
                [36m<path[39m
                  [33md[39m=[32m"M12 2a8 8 0 0 0-8 8v12l3-3 2.5 2.5L12 19l2.5 2.5L17 19l3 3V10a8 8 0 0 0-8-8z"[39m
                [36m/>[39m
              [36m</svg>[39m
            [36m</div>[39m
            [36m<h3[39m
              [33mclass[39m=[32m"empty-state-title"[39m
            [36m>[39m
              [0mIt's quiet in here[0m
            [36m</h3>[39m
            [36m<p[39m
              [33mclass[39m=[32m"empty-state-description"[39m
            [36m>[39m
              [0mWe couldn't find any scrobbles for this date range.[0m
            [36m</p>[39m
          [36m</div>[39m
          [36m<section[39m
            [33maria-labelledby[39m=[32m"charts-panel-heading"[39m
            [33mclass[39m=[32m"charts-panel"[39m
          [36m>[39m
            [36m<div[39m
              [33mclass[39m=[32m"section-heading"[39m
            [36m>[39m
              [36m<div>[39m
                [36m<h2[39m
                  [33mid[39m=[32m"charts-panel-heading"[39m
                [36m>[39m
                  [0mTop charts[0m
                [36m</h2>[39m
              [36m</div>[39m
            [36m</div>[39m
            [36m<div[39m
              [33mclass[39m=[32m"charts-controls"[39m
            [36m>[39m
              [36m<div[39m
                [33mclass[39m=[32m"charts-control-group"[39m
              [36m>[39m
                [36m<label[39m
                  [33mclass[39m=[32m"charts-control-label"[39m
                  [33mfor[39m=[32m"charts-entity-select"[39m
                [36m>[39m
                  [0mChart[0m
                [36m</label>[39m
                [36m<div[39m
                  [33maria-label[39m=[32m"Chart options"[39m
                  [33mclass[39m=[32m"segmented-tabs"[39m
                  [33mrole[39m=[32m"tablist"[39m
                [36m>[39m
                  [36m<button[39m
                    [33maria-selected[39m=[32m"true"[39m
                    [33mclass[39m=[32m"segmented-tab active"[39m
                    [33mrole[39m=[32m"tab"[39m
                    [33mtype[39m=[32m"button"[39m
                  [36m>[39m
                    [0mArtists[0m
                  [36m</button>[39m
                  [36m<button[39m
                    [33maria-selected[39m=[32m"false"[39m
                    [33mclass[39m=[32m"segmented-tab "[39m
                    [33mrole[39m=[32m"tab"[39m
                    [33mtype[39m=[32m"button"[39m
                  [36m>[39m
                    [0mTracks[0m
                  [36m</button>[39m
                  [36m<button[39m
                    [33maria-selected[39m=[32m"false"[39m
                    [33mclass[39m=[32m"segmented-tab "[39m
                    [33mrole[39m=[32m"tab"[39m
                    [33mtype[39m=[32m"button"[39m
                  [36m>[39m
                    [0mAlbums[0m
                  [36m</button>[39m
                [36m</div>[39m
                [36m<select[39m
                  [33maria-label[39m=[32m"Chart"[39m
                  [33mclass[39m=[32m"visually-hidden-accessible"[39m
                  [33mid[39m=[32m"charts-entity-select"[39m
                [36m>[39m
                  [36m<option[39m
                    [33mvalue[39m=[32m"artists"[39m
                  [36m>[39m
                    [0mArtists[0m
                  [36m</option>[39m
                  [36m<option[39m
                    [33mvalue[39m=[32m"tracks"[39m
                  [36m>[39m
                    [0mTracks[0m
                  [36m</option>[39m
                  [36m<option[39m
                    [33mvalue[39m=[32m"albums"[39m
                  [36m>[39m
                    [0mAlbums[0m
                  [36m</option>[39m
                [36m</select>[39m
              [36m</div>[39m
              [36m<div[39m
                [33mclass[39m=[32m"charts-control-group"[39m
              [36m>[39m
                [36m<label[39m
                  [33mclass[39m=[32m"charts-control-label"[39m
                  [33mfor[39m=[32m"charts-range-select"[39m
                [36m>[39m
                  [0mRange[0m
                [36m</label>[39m
                [36m<div[39m
                  [33maria-label[39m=[32m"Range options"[39m
                  [33mclass[39m=[32m"segmented-tabs"[39m
                  [33mrole[39m=[32m"tablist"[39m
                [36m>[39m
                  [36m<button[39m
                    [33maria-selected[39m=[32m"false"[39m
                    [33mclass[39m=[32m"segmented-tab "[39m
                    [33mrole[39m=[32m"tab"[39m
                    [33mtype[39m=[32m"button"[39m
                  [36m>[39m
                    [0m7 days[0m
                  [36m</button>[39m
                  [36m<button[39m
                    [33maria-selected[39m=[32m"false"[39m
                    [33mclass[39m=[32m"segmented-tab "[39m
                    [33mrole[39m=[32m"tab"[39m
                    [33mtype[39m=[32m"button"[39m
                  [36m>[39m
                    [0m1 month[0m
                  [36m</button>[39m
                  [36m<button[39m
                    [33maria-selected[39m=[32m"false"[39m
                    [33mclass[39m=[32m"segmented-tab "[39m
                    [33mrole[39m=[32m"tab"[39m
                    [33mtype[39m=[32m"button"[39m
                  [36m>[39m
                    [0m12 months[0m
                  [36m</button>[39m
                  [36m<button[39m
                    [33maria-selected[39m=[32m"true"[39m
                    [33mclass[39m=[32m"segmented-tab active"[39m
                    [33mrole[39m=[32m"tab"[39m
                    [33mtype[39m=[32m"button"[39m
                  [36m>[39m
                    [0mOverall[0m
                  [36m</button>[39m
                [36m</div>[39m
                [36m<select[39m
                  [33maria-label[39m=[32m"Range"[39m
                  [33mclass[39m=[32m"visually-hidden-accessible"[39m
                  [33mid[39m=[32m"charts-range-select"[39m
                [36m>[39m
                  [36m<option[39m
                    [33mvalue[39m=[32m"7day"[39m
                  [36m>[39m
                    [0m7 days[0m
                  [36m</option>[39m
                  [36m<option[39m
                    [33mvalue[39m=[32m"1month"[39m
                  [36m>[39m
                    [0m1 month[0m
                  [36m</option>[39m
                  [36m<option[39m
                    [33mvalue[39m=[32m"12month"[39m
                  [36m>[39m
                    [0m12 months[0m
                  [36m</option>[39m
                  [36m<option[39m
                    [33mvalue[39m=[32m"overall"[39m
                  [36m>[39m
                    [0mOverall[0m
                  [36m</option>[39m
                [36m</select>[39m
              [36m</div>[39m
            [36m</div>[39m
            [36m<p[39m
              [33mclass[39m=[32m"notice"[39m
            [36m>[39m
              [0mNo plays found for this range.[0m
            [36m</p>[39m
          [36m</section>[39m
        [36m</section>[39m
      [36m</main>[39m
    [36m</div>[39m
  [36m</body>[39m
[36m</html>[39m
 ✓ src/components/Artwork.test.jsx (2 tests) 117ms
 ✓ src/main.test.jsx (1 test) 223ms
stderr | warnOnce (/home/andyl/Audio Scrobbler App/frontend/node_modules/react-router/lib/deprecations.ts:9:13)
⚠️ React Router Future Flag Warning: React Router will begin wrapping state updates in `React.startTransition` in v7. You can use the `v7_startTransition` future flag to opt-in early. For more information, see https://reactrouter.com/v6/upgrading/future#v7_starttransition.
⚠️ React Router Future Flag Warning: Relative route resolution within Splat routes is changing in v7. You can use the `v7_relativeSplatPath` future flag to opt-in early. For more information, see https://reactrouter.com/v6/upgrading/future#v7_relativesplatpath.


⎯⎯⎯⎯⎯⎯⎯ Failed Tests 8 ⎯⎯⎯⎯⎯⎯⎯

 FAIL  src/App.test.jsx > App > renders an empty result after loading a filtered summary
TestingLibraryElementError: Unable to find an element with the text: No listens found for this date range.. This could be because the text is broken up by multiple elements. In this case, you can provide a function for your text matcher to make your matcher more flexible.

Ignored nodes: comments, script, style
[36m<body>[39m
  [36m<div>[39m
    [36m<main[39m
      [33mclass[39m=[32m"app-shell"[39m
    [36m>[39m
      [36m<header[39m
        [33mclass[39m=[32m"topbar"[39m
      [36m>[39m
        [36m<div[39m
          [33mclass[39m=[32m"topbar-brand"[39m
        [36m>[39m
          [36m<img[39m
            [33malt[39m=[32m"Audio Scrobbler App"[39m
            [33mclass[39m=[32m"topbar-logo"[39m
            [33msrc[39m=[32m"/logo.png"[39m
          [36m/>[39m
        [36m</div>[39m
        [36m<button[39m
          [33maria-controls[39m=[32m"primary-navigation"[39m
          [33maria-expanded[39m=[32m"false"[39m
          [33maria-label[39m=[32m"Toggle navigation menu"[39m
          [33mclass[39m=[32m"nav-menu-toggle"[39m
          [33mtype[39m=[32m"button"[39m
        [36m>[39m
          [0mMenu[0m
        [36m</button>[39m
        [36m<nav[39m
          [33maria-label[39m=[32m"Primary navigation"[39m
          [33mclass[39m=[32m"topbar-nav"[39m
          [33mid[39m=[32m"primary-navigation"[39m
        [36m>[39m
          [36m<a[39m
            [33mclass[39m=[32m"nav-link"[39m
            [33mhref[39m=[32m"/overview"[39m
          [36m>[39m
            [0mOverview[0m
          [36m</a>[39m
          [36m<a[39m
            [33mclass[39m=[32m"nav-link"[39m
            [33mhref[39m=[32m"/library"[39m
          [36m>[39m
            [0mLibrary[0m
          [36m</a>[39m
          [36m<a[39m
            [33mclass[39m=[32m"nav-link"[39m
            [33mhref[39m=[32m"/reports"[39m
          [36m>[39m
            [0mReports[0m
          [36m</a>[39m
          [36m<a[39m
            [33mclass[39m=[32m"nav-link"[39m
            [33mhref[39m=[32m"/profile"[39m
          [36m>[39m
            [0mProfile[0m
          [36m</a>[39m
          [36m<a[39m
            [33mclass[39m=[32m"nav-link"[39m
            [33mhref[39m=[32m"/following"[39m
          [36m>[39m
            [0mFollowing[0m
          [36m</a>[39m
          [36m<a[39m
            [33maria-current[39m=[32m"page"[39m
            [33mclass[39m=[32m"nav-link nav-link-active"[39m
            [33mhref[39m=[32m"/connect"[39m
          [36m>[39m
            [0mConnect[0m
          [36m</a>[39m
        [36m</nav>[39m
      [36m</header>[39m
      [36m<section[39m
        [33maria-labelledby[39m=[32m"summary-heading"[39m
        [33mclass[39m=[32m"dashboard"[39m
      [36m>[39m
        [36m<div[39m
          [33mclass[39m=[32m"section-heading"[39m
        [36m>[39m
          [36m<div>[39m
            [36m<h2[39m
              [33mid[39m=[32m"summary-heading"[39m
            [36m>[39m
              [0mMonthly summary[0m
            [36m</h2>[39m
          [36m</div>[39m
          [36m<p[39m
            [33mclass[39m=[32m"month-count"[39m
          [36m>[39m
            [0m0[0m
            [0m months found[0m
          [36m</p>[39m
        [36m</div>[39m
        [36m<form[39m
          [33mclass[39m=[32m"filters"[39m
        [36m>[39m
          [36m<label>[39m
            [0mDevelopment user ID[0m
            [36m<input[39m
              [33mmin[39m=[32m"1"[39m
              [33mplaceholder[39m=[32m"1"[39m
              [33mtype[39m=[32m"number"[39m
              [33mvalue[39m=[32m"1"[39m
            [36m/>[39m
          [36m</label>[39m
          [36m<label>[39m
            [0mFrom[0m
            [36m<div[39m
              [33mclass[39m=[32m"date-field-wrapper "[39m
            [36m>[39m
              [36m<div[39m
                [33mclass[39m=[32m"date-field-box"[39m
              [36m>[39m
                [36m<svg[39m
                  [33maria-hidden[39m=[32m"true"[39m
                  [33mclass[39m=[32m"date-field-calendar-icon"[39m
                  [33mfill[39m=[32m"none"[39m
                  [33mheight[39m=[32m"14"[39m
                  [33mstroke[39m=[32m"currentColor"[39m
                  [33mstroke-linecap[39m=[32m"round"[39m
                  [33mstroke-linejoin[39m=[32m"round"[39m
                  [33mstroke-width[39m=[32m"2"[39m
                  [33mviewBox[39m=[32m"0 0 24 24"[39m
                  [33mwidth[39m=[32m"14"[39m
                [36m>[39m
                  [36m<rect[39m
                    [33mheight[39m=[32m"18"[39m
                    [33mrx[39m=[32m"2"[39m
                    [33mry[39m=[32m"2"[39m
                    [33mwidth[39m=[32m"18"[39m
                    [33mx[39m=[32m"3"[39m
                    [33my[39m=[32m"4"[39m
                  [36m/>[39m
                  [36m<line[39m
                    [33mx1[39m=[32m"16"[39m
                    [33mx2[39m=[32m"16"[39m
                    [33my1[39m=[32m"2"[39m
                    [33my2[39m=[32m"6"[39m
                  [36m/>[39m
                  [36m<line[39m
                    [33mx1[39m=[32m"8"[39m
                    [33mx2[39m=[32m"8"[39m
                    [33my1[39m=[32m"2"[39m
                    [33my2[39m=[32m"6"[39m
                  [36m/>[39m
                  [36m<line[39m
                    [33mx1[39m=[32m"3"[39m
                    [33mx2[39m=[32m"21"[39m
                    [33my1[39m=[32m"10"[39m
                    [33my2[39m=[32m"10"[39m
                  [36m/>[39m
                [36m</svg>[39m
                [36m<input[39m
                  [33maria-label[39m=[32m"Any date"[39m
                  [33mclass[39m=[32m"date-field"[39m
                  [33mid[39m=[32m"connect-from-month"[39m
                  [33mplaceholder[39m=[32m"Any date"[39m
                  [33mtype[39m=[32m"text"[39m
                  [33mvalue[39m=[32m""[39m
                [36m/>[39m
              [36m</div>[39m
            [36m</div>[39m
          [36m</label>[39m
          [36m<label>[39m
            [0mTo[0m
            [36m<div[39m
              [33mclass[39m=[32m"date-field-wrapper "[39m
            [36m>[39m
              [36m<div[39m
                [33mclass[39m=[32m"date-field-box"[39m
              [36m>[39m
                [36m<svg[39m
                  [33maria-hidden[39m=[32m"true"[39m
                  [33mclass[39m=[32m"date-field-calendar-icon"[39m
                  [33mfill[39m=[32m"none"[39m
                  [33mheight[39m=[32m"14"[39m
                  [33mstroke[39m=[32m"currentColor"[39m
                  [33mstroke-linecap[39m=[32m"round"[39m
                  [33mstroke-linejoin[39m=[32m"round"[39m
                  [33mstroke-width[39m=[32m"2"[39m
                  [33mviewBox[39m=[32m"0 0 24 24"[39m
                  [33mwidth[39m=[32m"14"[39m
                [36m>[39m
                  [36m<rect[39m
                    [33mheight[39m=[32m"18"[39m
                    [33mrx[39m=[32m"2"[39m
                    [33mry[39m=[32m"2"[39m
                    [33mwidth[39m=[32m"18"[39m
                    [33mx[39m=[32m"3"[39m
                    [33my[39m=[32m"4"[39m
                  [36m/>[39m
                  [36m<line[39m
                    [33mx1[39m=[32m"16"[39m
                    [33mx2[39m=[32m"16"[39m
                    [33my1[39m=[32m"2"[39m
                    [33my2[39m=[32m"6"[39m
                  [36m/>[39m
                  [36m<line[39m
                    [33mx1[39m=[32m"8"[39m
                    [33mx2[39m=[32m"8"[39m
                    [33my1[39m=[32m"2"[39m
                    [33my2[39m=[32m"6"[39m
                  [36m/>[39m
                  [36m<line[39m
                    [33mx1[39m=[32m"3"[39m
                    [33mx2[39m=[32m"21"[39m
                    [33my1[39m=[32m"10"[39m
                    [33my2[39m=[32m"10"[39m
                  [36m/>[39m
                [36m</svg>[39m
                [36m<input[39m
                  [33maria-label[39m=[32m"Any date"[39m
                  [33mclass[39m=[32m"date-field"[39m
                  [33mid[39m=[32m"connect-to-month"[39m
                  [33mplaceholder[39m=[32m"Any date"[39m
                  [33mtype[39m=[32m"text"[39m
                  [33mvalue[39m=[32m""[39m
                [36m/>[39m
              [36m</div>[39m
            [36m</div>[39m
          [36m</label>[39m
          [36m<button[39m
            [33mclass[39m=[32m"btn-secondary"[39m
            [33mtype[39m=[32m"submit"[39m
          [36m>[39m
            [0mRefresh summary[0m
          [36m</button>[39m
          [36m<button[39m
            [33mclass[39m=[32m"btn-secondary"[39m
            [33mtype[39m=[32m"button"[39m
          [36m>[39m
            [0mSign out[0m
          [36m</button>[39m
        [36m</form>[39m
        [36m<div[39m
          [33mclass[39m=[32m"import-panel"[39m
        [36m>[39m
          [36m<label[39m
            [33mclass[39m=[32m"import-picker"[39m
          [36m>[39m
            [0mImport history JSON[0m
            [36m<input[39m
              [33maccept[39m=[32m"application/json,.json"[39m
              [33mtype[39m=[32m"file"[39m
            [36m/>[39m
          [36m</label>[39m
        [36m</div>[39m
        [36m<div[39m
          [33mclass[39m=[32m"empty-state "[39m
        [36m>[39m
          [36m<div[39m
            [33maria-hidden[39m=[32m"true"[39m
            [33mclass[39m=[32m"empty-state-icon"[39m
          [36m>[39m
            [36m<svg[39m
              [33maria-hidden[39m=[32m"true"[39m
              [33mfill[39m=[32m"none"[39m
              [33mstroke[39m=[32m"currentColor"[39m
              [33mstroke-linecap[39m=[32m"round"[39m
              [33mstroke-linejoin[39m=[32m"round"[39m
              [33mstroke-width[39m=[32m"1.5"[39m
              [33mviewBox[39m=[32m"0 0 24 24"[39m
            [36m>[39m
              [36m<path[39m
                [33md[39m=[32m"M9 10h.01"[39m
              [36m/>[39m
              [36m<path[39m
                [33md[39m=[32m"M15 10h.01"[39m
              [36m/>[39m
              [36m<path[39m
                [33md[39m=[32m"M12 2a8 8 0 0 0-8 8v12l3-3 2.5 2.5L12 19l2.5 2.5L17 19l3 3V10a8 8 0 0 0-8-8z"[39m
              [36m/>[39m
            [36m</svg>[39m
          [36m</div>[39m
          [36m<h3[39m
            [33mclass[39m=[32m"empty-state-title"[39m
          [36m>[39m
            [0mIt's quiet in here[0m
          [36m</h3>[39m
          [36m<p[39m
            [33mclass[39m=[32m"empty-state-description"[39m
          [36m>[39m
            [0mWe couldn't find any scrobbles for this date range.[0m
          [36m</p>[39m
        [36m</div>[39m
        [36m<section[39m
          [33maria-labelledby[39m=[32m"charts-panel-heading"[39m
          [33mclass[39m=[32m"charts-panel"[39m
        [36m>[39m
          [36m<div[39m
            [33mclass[39m=[32m"section-heading"[39m
          [36m>[39m
            [36m<div>[39m
              [36m<h2[39m
                [33mid[39m=[32m"charts-panel-heading"[39m
              [36m>[39m
                [0mTop charts[0m
              [36m</h2>[39m
            [36m</div>[39m
          [36m</div>[39m
          [36m<div[39m
            [33mclass[39m=[32m"charts-controls"[39m
          [36m>[39m
            [36m<div[39m
              [33mclass[39m=[32m"charts-control-group"[39m
            [36m>[39m
              [36m<label[39m
                [33mclass[39m=[32m"charts-control-label"[39m
                [33mfor[39m=[32m"charts-entity-select"[39m
              [36m>[39m
                [0mChart[0m
              [36m</label>[39m
              [36m<div[39m
                [33maria-label[39m=[32m"Chart options"[39m
                [33mclass[39m=[32m"segmented-tabs"[39m
                [33mrole[39m=[32m"tablist"[39m
              [36m>[39m
                [36m<button[39m
                  [33maria-selected[39m=[32m"true"[39m
                  [33mclass[39m=[32m"segmented-tab active"[39m
                  [33mrole[39m=[32m"tab"[39m
                  [33mtype[39m=[32m"button"[39m
                [36m>[39m
                  [0mArtists[0m
                [36m</button>[39m
                [36m<button[39m
                  [33maria-selected[39m=[32m"false"[39m
                  [33mclass[39m=[32m"segmented-tab "[39m
                  [33mrole[39m=[32m"tab"[39m
                  [33mtype[39m=[32m"button"[39m
                [36m>[39m
                  [0mTracks[0m
                [36m</button>[39m
                [36m<button[39m
                  [33maria-selected[39m=[32m"false"[39m
                  [33mclass[39m=[32m"segmented-tab "[39m
                  [33mrole[39m=[32m"tab"[39m
                  [33mtype[39m=[32m"button"[39m
                [36m>[39m
                  [0mAlbums[0m
                [36m</button>[39m
              [36m</div>[39m
              [36m<select[39m
                [33maria-label[39m=[32m"Chart"[39m
                [33mclass[39m=[32m"visually-hidden-accessible"[39m
                [33mid[39m=[32m"charts-entity-select"[39m
              [36m>[39m
                [36m<option[39m
                  [33mvalue[39m=[32m"artists"[39m
                [36m>[39m
                  [0mArtists[0m
                [36m</option>[39m
                [36m<option[39m
                  [33mvalue[39m=[32m"tracks"[39m
                [36m>[39m
                  [0mTracks[0m
                [36m</option>[39m
                [36m<option[39m
                  [33mvalue[39m=[32m"albums"[39m
                [36m>[39m
                  [0mAlbums[0m
                [36m</option>[39m
              [36m</select>[39m
            [36m</div>[39m
            [36m<div[39m
              [33mclass[39m=[32m"charts-control-group"[39m
            [36m>[39m
              [36m<label[39m
                [33mclass[39m=[32m"charts-control-label"[39m
                [33mfor[39m=[32m"charts-range-select"[39m
              [36m>[39m
                [0mRange[0m
              [36m</label>[39m
              [36m<div[39m
                [33maria-label[39m=[32m"Range options"[39m
                [33mclass[39m=[32m"segmented-tabs"[39m
                [33mrole[39m=[32m"tablist"[39m
              [36m>[39m
                [36m<button[39m
                  [33maria-selected[39m=[32m"false"[39m
                  [33mclass[39m=[32m"segmented-tab "[39m
                  [33mrole[39m=[32m"tab"[39m
                  [33mtype[39m=[32m"button"[39m
                [36m>[39m
                  [0m7 days[0m
                [36m</button>[39m
                [36m<button[39m
                  [33maria-selected[39m=[32m"false"[39m
                  [33mclass[39m=[32m"segmented-tab "[39m
                  [33mrole[39m=[32m"tab"[39m
                  [33mtype[39m=[32m"button"[39m
                [36m>[39m
                  [0m1 month[0m
                [36m</button>[39m
                [36m<button[39m
                  [33maria-selected[39m=[32m"false"[39m
                  [33mclass[39m=[32m"segmented-tab "[39m
                  [33mrole[39m=[32m"tab"[39m
                  [33mtype[39m=[32m"button"[39m
                [36m>[39m
                  [0m12 months[0m
                [36m</button>[39m
                [36m<button[39m
                  [33maria-selected[39m=[32m"true"[39m
                  [33mclass[39m=[32m"segmented-tab active"[39m
                  [33mrole[39m=[32m"tab"[39m
                  [33mtype[39m=[32m"button"[39m
                [36m>[39m
                  [0mOverall[0m
                [36m</button>[39m
              [36m</div>[39m
              [36m<select[39m
                [33maria-label[39m=[32m"Range"[39m
                [33mclass[39m=[32m"visually-hidden-accessible"[39m
                [33mid[39m=[32m"charts-range-select"[39m
              [36m>[39m
                [36m<option[39m
                  [33mvalue[39m=[32m"7day"[39m
                [36m>[39m
                  [0m7 days[0m
                [36m</option>[39m
                [36m<option[39m
                  [33mvalue[39m=[32m"1month"[39m
                [36m>[39m
                  [0m1 month[0m
                [36m</option>[39m
                [36m<option[39m
                  [33mvalue[39m=[32m"12month"[39m
                [36m>[39m
                  [0m12 months[0m
                [36m</option>[39m
                [36m<option[39m
                  [33mvalue[39m=[32m"overall"[39m
                [36m>[39m
                  [0mOverall[0m
                [36m</option>[39m
              [36m</select>[39m
            [36m</div>[39m
          [36m</div>[39m
          [36m<p[39m
            [33mclass[39m=[32m"notice"[39m
          [36m>[39m
            [0mNo plays found for this range.[0m
          [36m</p>[39m
        [36m</section>[39m
      [36m</section>[39m
    [36m</main>[39m
  [36m</div>[39m
[36m</body>[39m

Ignored nodes: comments, script, style
[36m<html>[39m
  [36m<head />[39m
  [36m<body>[39m
    [36m<div>[39m
      [36m<main[39m
        [33mclass[39m=[32m"app-shell"[39m
      [36m>[39m
        [36m<header[39m
          [33mclass[39m=[32m"topbar"[39m
        [36m>[39m
          [36m<div[39m
            [33mclass[39m=[32m"topbar-brand"[39m
          [36m>[39m
            [36m<img[39m
              [33malt[39m=[32m"Audio Scrobbler App"[39m
              [33mclass[39m=[32m"topbar-logo"[39m
              [33msrc[39m=[32m"/logo.png"[39m
            [36m/>[39m
          [36m</div>[39m
          [36m<button[39m
            [33maria-controls[39m=[32m"primary-navigation"[39m
            [33maria-expanded[39m=[32m"false"[39m
            [33maria-label[39m=[32m"Toggle navigation menu"[39m
            [33mclass[39m=[32m"nav-menu-toggle"[39m
            [33mtype[39m=[32m"button"[39m
          [36m>[39m
            [0mMenu[0m
          [36m</button>[39m
          [36m<nav[39m
            [33maria-label[39m=[32m"Primary navigation"[39m
            [33mclass[39m=[32m"topbar-nav"[39m
            [33mid[39m=[32m"primary-navigation"[39m
          [36m>[39m
            [36m<a[39m
              [33mclass[39m=[32m"nav-link"[39m
              [33mhref[39m=[32m"/overview"[39m
            [36m>[39m
              [0mOverview[0m
            [36m</a>[39m
            [36m<a[39m
              [33mclass[39m=[32m"nav-link"[39m
              [33mhref[39m=[32m"/library"[39m
            [36m>[39m
              [0mLibrary[0m
            [36m</a>[39m
            [36m<a[39m
              [33mclass[39m=[32m"nav-link"[39m
              [33mhref[39m=[32m"/reports"[39m
            [36m>[39m
              [0mReports[0m
            [36m</a>[39m
            [36m<a[39m
              [33mclass[39m=[32m"nav-link"[39m
              [33mhref[39m=[32m"/profile"[39m
            [36m>[39m
              [0mProfile[0m
            [36m</a>[39m
            [36m<a[39m
              [33mclass[39m=[32m"nav-link"[39m
              [33mhref[39m=[32m"/following"[39m
            [36m>[39m
              [0mFollowing[0m
            [36m</a>[39m
            [36m<a[39m
              [33maria-current[39m=[32m"page"[39m
              [33mclass[39m=[32m"nav-link nav-link-active"[39m
              [33mhref[39m=[32m"/connect"[39m
            [36m>[39m
              [0mConnect[0m
            [36m</a>[39m
          [36m</nav>[39m
        [36m</header>[39m
        [36m<section[39m
          [33maria-labelledby[39m=[32m"summary-heading"[39m
          [33mclass[39m=[32m"dashboard"[39m
        [36m>[39m
          [36m<div[39m
            [33mclass[39m=[32m"section-heading"[39m
          [36m>[39m
            [36m<div>[39m
              [36m<h2[39m
                [33mid[39m=[32m"summary-heading"[39m
              [36m>[39m
                [0mMonthly summary[0m
              [36m</h2>[39m
            [36m</div>[39m
            [36m<p[39m
              [33mclass[39m=[32m"month-count"[39m
            [36m>[39m
              [0m0[0m
              [0m months found[0m
            [36m</p>[39m
          [36m</div>[39m
          [36m<form[39m
            [33mclass[39m=[32m"filters"[39m
          [36m>[39m
            [36m<label>[39m
              [0mDevelopment user ID[0m
              [36m<input[39m
                [33mmin[39m=[32m"1"[39m
                [33mplaceholder[39m=[32m"1"[39m
                [33mtype[39m=[32m"number"[39m
                [33mvalue[39m=[32m"1"[39m
              [36m/>[39m
            [36m</label>[39m
            [36m<label>[39m
              [0mFrom[0m
              [36m<div[39m
                [33mclass[39m=[32m"date-field-wrapper "[39m
              [36m>[39m
                [36m<div[39m
                  [33mclass[39m=[32m"date-field-box"[39m
                [36m>[39m
                  [36m<svg[39m
                    [33maria-hidden[39m=[32m"true"[39m
                    [33mclass[39m=[32m"date-field-calendar-icon"[39m
                    [33mfill[39m=[32m"none"[39m
                    [33mheight[39m=[32m"14"[39m
                    [33mstroke[39m=[32m"currentColor"[39m
                    [33mstroke-linecap[39m=[32m"round"[39m
                    [33mstroke-linejoin[39m=[32m"round"[39m
                    [33mstroke-width[39m=[32m"2"[39m
                    [33mviewBox[39m=[32m"0 0 24 24"[39m
                    [33mwidth[39m=[32m"14"[39m
                  [36m>[39m
                    [36m<rect[39m
                      [33mheight[39m=[32m"18"[39m
                      [33mrx[39m=[32m"2"[39m
                      [33mry[39m=[32m"2"[39m
                      [33mwidth[39m=[32m"18"[39m
                      [33mx[39m=[32m"3"[39m
                      [33my[39m=[32m"4"[39m
                    [36m/>[39m
                    [36m<line[39m
                      [33mx1[39m=[32m"16"[39m
                      [33mx2[39m=[32m"16"[39m
                      [33my1[39m=[32m"2"[39m
                      [33my2[39m=[32m"6"[39m
                    [36m/>[39m
                    [36m<line[39m
                      [33mx1[39m=[32m"8"[39m
                      [33mx2[39m=[32m"8"[39m
                      [33my1[39m=[32m"2"[39m
                      [33my2[39m=[32m"6"[39m
                    [36m/>[39m
                    [36m<line[39m
                      [33mx1[39m=[32m"3"[39m
                      [33mx2[39m=[32m"21"[39m
                      [33my1[39m=[32m"10"[39m
                      [33my2[39m=[32m"10"[39m
                    [36m/>[39m
                  [36m</svg>[39m
                  [36m<input[39m
                    [33maria-label[39m=[32m"Any date"[39m
                    [33mclass[39m=[32m"date-field"[39m
                    [33mid[39m=[32m"connect-from-month"[39m
                    [33mplaceholder[39m=[32m"Any date"[39m
                    [33mtype[39m=[32m"text"[39m
                    [33mvalue[39m=[32m""[39m
                  [36m/>[39m
                [36m</div>[39m
              [36m</div>[39m
            [36m</label>[39m
            [36m<label>[39m
              [0mTo[0m
              [36m<div[39m
                [33mclass[39m=[32m"date-field-wrapper "[39m
              [36m>[39m
                [36m<div[39m
                  [33mclass[39m=[32m"date-field-box"[39m
                [36m>[39m
                  [36m<svg[39m
                    [33maria-hidden[39m=[32m"true"[39m
                    [33mclass[39m=[32m"date-field-calendar-icon"[39m
                    [33mfill[39m=[32m"none"[39m
                    [33mheight[39m=[32m"14"[39m
                    [33mstroke[39m=[32m"currentColor"[39m
                    [33mstroke-linecap[39m=[32m"round"[39m
                    [33mstroke-linejoin[39m=[32m"round"[39m
                    [33mstroke-width[39m=[32m"2"[39m
                    [33mviewBox[39m=[32m"0 0 24 24"[39m
                    [33mwidth[39m=[32m"14"[39m
                  [36m>[39m
                    [36m<rect[39m
                      [33mheight[39m=[32m"18"[39m
                      [33mrx[39m=[32m"2"[39m
                      [33mry[39m=[32m"2"[39m
                      [33mwidth[39m=[32m"18"[39m
                      [33mx[39m=[32m"3"[39m
                      [33my[39m=[32m"4"[39m
                    [36m/>[39m
                    [36m<line[39m
                      [33mx1[39m=[32m"16"[39m
                      [33mx2[39m=[32m"16"[39m
                      [33my1[39m=[32m"2"[39m
                      [33my2[39m=[32m"6"[39m
                    [36m/>[39m
                    [36m<line[39m
                      [33mx1[39m=[32m"8"[39m
                      [33mx2[39m=[32m"8"[39m
                      [33my1[39m=[32m"2"[39m
                      [33my2[39m=[32m"6"[39m
                    [36m/>[39m
                    [36m<line[39m
                      [33mx1[39m=[32m"3"[39m
                      [33mx2[39m=[32m"21"[39m
                      [33my1[39m=[32m"10"[39m
                      [33my2[39m=[32m"10"[39m
                    [36m/>[39m
                  [36m</svg>[39m
                  [36m<input[39m
                    [33maria-label[39m=[32m"Any date"[39m
                    [33mclass[39m=[32m"date-field"[39m
                    [33mid[39m=[32m"connect-to-month"[39m
                    [33mplaceholder[39m=[32m"Any date"[39m
                    [33mtype[39m=[32m"text"[39m
                    [33mvalue[39m=[32m""[39m
                  [36m/>[39m
                [36m</div>[39m
              [36m</div>[39m
            [36m</label>[39m
            [36m<button[39m
              [33mclass[39m=[32m"btn-secondary"[39m
              [33mtype[39m=[32m"submit"[39m
            [36m>[39m
              [0mRefresh summary[0m
            [36m</button>[39m
            [36m<button[39m
              [33mclass[39m=[32m"btn-secondary"[39m
              [33mtype[39m=[32m"button"[39m
            [36m>[39m
              [0mSign out[0m
            [36m</button>[39m
          [36m</form>[39m
          [36m<div[39m
            [33mclass[39m=[32m"import-panel"[39m
          [36m>[39m
            [36m<label[39m
              [33mclass[39m=[32m"import-picker"[39m
            [36m>[39m
              [0mImport history JSON[0m
              [36m<input[39m
                [33maccept[39m=[32m"application/json,.json"[39m
                [33mtype[39m=[32m"file"[39m
              [36m/>[39m
            [36m</label>[39m
          [36m</div>[39m
          [36m<div[39m
            [33mclass[39m=[32m"empty-state "[39m
          [36m>[39m
            [36m<div[39m
              [33maria-hidden[39m=[32m"true"[39m
              [33mclass[39m=[32m"empty-state-icon"[39m
            [36m>[39m
              [36m<svg[39m
                [33maria-hidden[39m=[32m"true"[39m
                [33mfill[39m=[32m"none"[39m
                [33mstroke[39m=[32m"currentColor"[39m
                [33mstroke-linecap[39m=[32m"round"[39m
                [33mstroke-linejoin[39m=[32m"round"[39m
                [33mstroke-width[39m=[32m"1.5"[39m
                [33mviewBox[39m=[32m"0 0 24 24"[39m
              [36m>[39m
                [36m<path[39m
                  [33md[39m=[32m"M9 10h.01"[39m
                [36m/>[39m
                [36m<path[39m
                  [33md[39m=[32m"M15 10h.01"[39m
                [36m/>[39m
                [36m<path[39m
                  [33md[39m=[32m"M12 2a8 8 0 0 0-8 8v12l3-3 2.5 2.5L12 19l2.5 2.5L17 19l3 3V10a8 8 0 0 0-8-8z"[39m
                [36m/>[39m
              [36m</svg>[39m
            [36m</div>[39m
            [36m<h3[39m
              [33mclass[39m=[32m"empty-state-title"[39m
            [36m>[39m
              [0mIt's quiet in here[0m
            [36m</h3>[39m
            [36m<p[39m
              [33mclass[39m=[32m"empty-state-description"[39m
            [36m>[39m
              [0mWe couldn't find any scrobbles for this date range.[0m
            [36m</p>[39m
          [36m</div>[39m
          [36m<section[39m
            [33maria-labelledby[39m=[32m"charts-panel-heading"[39m
            [33mclass[39m=[32m"charts-panel"[39m
          [36m>[39m
            [36m<div[39m
              [33mclass[39m=[32m"section-heading"[39m
            [36m>[39m
              [36m<div>[39m
                [36m<h2[39m
                  [33mid[39m=[32m"charts-panel-heading"[39m
                [36m>[39m
                  [0mTop charts[0m
                [36m</h2>[39m
              [36m</div>[39m
            [36m</div>[39m
            [36m<div[39m
              [33mclass[39m=[32m"charts-controls"[39m
            [36m>[39m
              [36m<div[39m
                [33mclass[39m=[32m"charts-control-group"[39m
              [36m>[39m
                [36m<label[39m
                  [33mclass[39m=[32m"charts-control-label"[39m
                  [33mfor[39m=[32m"charts-entity-select"[39m
                [36m>[39m
                  [0mChart[0m
                [36m</label>[39m
                [36m<div[39m
                  [33maria-label[39m=[32m"Chart options"[39m
                  [33mclass[39m=[32m"segmented-tabs"[39m
                  [33mrole[39m=[32m"tablist"[39m
                [36m>[39m
                  [36m<button[39m
                    [33maria-selected[39m=[32m"true"[39m
                    [33mclass[39m=[32m"segmented-tab active"[39m
                    [33mrole[39m=[32m"tab"[39m
                    [33mtype[39m=[32m"button"[39m
                  [36m>[39m
                    [0mArtists[0m
                  [36m</button>[39m
                  [36m<button[39m
                    [33maria-selected[39m=[32m"false"[39m
                    [33mclass[39m=[32m"segmented-tab "[39m
                    [33mrole[39m=[32m"tab"[39m
                    [33mtype[39m=[32m"button"[39m
                  [36m>[39m
                    [0mTracks[0m
                  [36m</button>[39m
                  [36m<button[39m
                    [33maria-selected[39m=[32m"false"[39m
                    [33mclass[39m=[32m"segmented-tab "[39m
                    [33mrole[39m=[32m"tab"[39m
                    [33mtype[39m=[32m"button"[39m
                  [36m>[39m
                    [0mAlbums[0m
                  [36m</button>[39m
                [36m</div>[39m
                [36m<select[39m
                  [33maria-label[39m=[32m"Chart"[39m
                  [33mclass[39m=[32m"visually-hidden-accessible"[39m
                  [33mid[39m=[32m"charts-entity-select"[39m
                [36m>[39m
                  [36m<option[39m
                    [33mvalue[39m=[32m"artists"[39m
                  [36m>[39m
                    [0mArtists[0m
                  [36m</option>[39m
                  [36m<option[39m
                    [33mvalue[39m=[32m"tracks"[39m
                  [36m>[39m
                    [0mTracks[0m
                  [36m</option>[39m
                  [36m<option[39m
                    [33mvalue[39m=[32m"albums"[39m
                  [36m>[39m
                    [0mAlbums[0m
                  [36m</option>[39m
                [36m</select>[39m
              [36m</div>[39m
              [36m<div[39m
                [33mclass[39m=[32m"charts-control-group"[39m
              [36m>[39m
                [36m<label[39m
                  [33mclass[39m=[32m"charts-control-label"[39m
                  [33mfor[39m=[32m"charts-range-select"[39m
                [36m>[39m
                  [0mRange[0m
                [36m</label>[39m
                [36m<div[39m
                  [33maria-label[39m=[32m"Range options"[39m
                  [33mclass[39m=[32m"segmented-tabs"[39m
                  [33mrole[39m=[32m"tablist"[39m
                [36m>[39m
                  [36m<button[39m
                    [33maria-selected[39m=[32m"false"[39m
                    [33mclass[39m=[32m"segmented-tab "[39m
                    [33mrole[39m=[32m"tab"[39m
                    [33mtype[39m=[32m"button"[39m
                  [36m>[39m
                    [0m7 days[0m
                  [36m</button>[39m
                  [36m<button[39m
                    [33maria-selected[39m=[32m"false"[39m
                    [33mclass[39m=[32m"segmented-tab "[39m
                    [33mrole[39m=[32m"tab"[39m
                    [33mtype[39m=[32m"button"[39m
                  [36m>[39m
                    [0m1 month[0m
                  [36m</button>[39m
                  [36m<button[39m
                    [33maria-selected[39m=[32m"false"[39m
                    [33mclass[39m=[32m"segmented-tab "[39m
                    [33mrole[39m=[32m"tab"[39m
                    [33mtype[39m=[32m"button"[39m
                  [36m>[39m
                    [0m12 months[0m
                  [36m</button>[39m
                  [36m<button[39m
                    [33maria-selected[39m=[32m"true"[39m
                    [33mclass[39m=[32m"segmented-tab active"[39m
                    [33mrole[39m=[32m"tab"[39m
                    [33mtype[39m=[32m"button"[39m
                  [36m>[39m
                    [0mOverall[0m
                  [36m</button>[39m
                [36m</div>[39m
                [36m<select[39m
                  [33maria-label[39m=[32m"Range"[39m
                  [33mclass[39m=[32m"visually-hidden-accessible"[39m
                  [33mid[39m=[32m"charts-range-select"[39m
                [36m>[39m
                  [36m<option[39m
                    [33mvalue[39m=[32m"7day"[39m
                  [36m>[39m
                    [0m7 days[0m
                  [36m</option>[39m
                  [36m<option[39m
                    [33mvalue[39m=[32m"1month"[39m
                  [36m>[39m
                    [0m1 month[0m
                  [36m</option>[39m
                  [36m<option[39m
                    [33mvalue[39m=[32m"12month"[39m
                  [36m>[39m
                    [0m12 months[0m
                  [36m</option>[39m
                  [36m<option[39m
                    [33mvalue[39m=[32m"overall"[39m
                  [36m>[39m
                    [0mOverall[0m
                  [36m</option>[39m
                [36m</select>[39m
              [36m</div>[39m
            [36m</div>[39m
            [36m<p[39m
              [33mclass[39m=[32m"notice"[39m
            [36m>[39m
              [0mNo plays found for this range.[0m
            [36m</p>[39m
          [36m</section>[39m
        [36m</section>[39m
      [36m</main>[39m
    [36m</div>[39m
  [36m</body>[39m
[36m</html>[39m
 ❯ Proxy.waitForWrapper node_modules/@testing-library/dom/dist/wait-for.js:163:27
 ❯ src/App.test.jsx:66:11
     64|     fireEvent.submit(screen.getByRole('button', { name: 'Sign in' }).c…
     65| 
     66|     await waitFor(() => expect(screen.getByText('No listens found for …
       |           ^
     67|     expect(fetchMonthlySummary).toHaveBeenCalled()
     68|     expect(requestDevelopmentToken).toHaveBeenCalledWith('1')

⎯⎯⎯⎯⎯⎯⎯⎯⎯⎯⎯⎯⎯⎯⎯⎯⎯⎯⎯⎯⎯⎯⎯⎯[1/8]⎯

 FAIL  src/App.test.jsx > App > shows an import summary breakdown after a successful import
TestingLibraryElementError: Unable to find an element with the text: No listens found for this date range.. This could be because the text is broken up by multiple elements. In this case, you can provide a function for your text matcher to make your matcher more flexible.

Ignored nodes: comments, script, style
[36m<body>[39m
  [36m<div>[39m
    [36m<main[39m
      [33mclass[39m=[32m"app-shell"[39m
    [36m>[39m
      [36m<header[39m
        [33mclass[39m=[32m"topbar"[39m
      [36m>[39m
        [36m<div[39m
          [33mclass[39m=[32m"topbar-brand"[39m
        [36m>[39m
          [36m<img[39m
            [33malt[39m=[32m"Audio Scrobbler App"[39m
            [33mclass[39m=[32m"topbar-logo"[39m
            [33msrc[39m=[32m"/logo.png"[39m
          [36m/>[39m
        [36m</div>[39m
        [36m<button[39m
          [33maria-controls[39m=[32m"primary-navigation"[39m
          [33maria-expanded[39m=[32m"false"[39m
          [33maria-label[39m=[32m"Toggle navigation menu"[39m
          [33mclass[39m=[32m"nav-menu-toggle"[39m
          [33mtype[39m=[32m"button"[39m
        [36m>[39m
          [0mMenu[0m
        [36m</button>[39m
        [36m<nav[39m
          [33maria-label[39m=[32m"Primary navigation"[39m
          [33mclass[39m=[32m"topbar-nav"[39m
          [33mid[39m=[32m"primary-navigation"[39m
        [36m>[39m
          [36m<a[39m
            [33mclass[39m=[32m"nav-link"[39m
            [33mhref[39m=[32m"/overview"[39m
          [36m>[39m
            [0mOverview[0m
          [36m</a>[39m
          [36m<a[39m
            [33mclass[39m=[32m"nav-link"[39m
            [33mhref[39m=[32m"/library"[39m
          [36m>[39m
            [0mLibrary[0m
          [36m</a>[39m
          [36m<a[39m
            [33mclass[39m=[32m"nav-link"[39m
            [33mhref[39m=[32m"/reports"[39m
          [36m>[39m
            [0mReports[0m
          [36m</a>[39m
          [36m<a[39m
            [33mclass[39m=[32m"nav-link"[39m
            [33mhref[39m=[32m"/profile"[39m
          [36m>[39m
            [0mProfile[0m
          [36m</a>[39m
          [36m<a[39m
            [33mclass[39m=[32m"nav-link"[39m
            [33mhref[39m=[32m"/following"[39m
          [36m>[39m
            [0mFollowing[0m
          [36m</a>[39m
          [36m<a[39m
            [33maria-current[39m=[32m"page"[39m
            [33mclass[39m=[32m"nav-link nav-link-active"[39m
            [33mhref[39m=[32m"/connect"[39m
          [36m>[39m
            [0mConnect[0m
          [36m</a>[39m
        [36m</nav>[39m
      [36m</header>[39m
      [36m<section[39m
        [33maria-labelledby[39m=[32m"summary-heading"[39m
        [33mclass[39m=[32m"dashboard"[39m
      [36m>[39m
        [36m<div[39m
          [33mclass[39m=[32m"section-heading"[39m
        [36m>[39m
          [36m<div>[39m
            [36m<h2[39m
              [33mid[39m=[32m"summary-heading"[39m
            [36m>[39m
              [0mMonthly summary[0m
            [36m</h2>[39m
          [36m</div>[39m
          [36m<p[39m
            [33mclass[39m=[32m"month-count"[39m
          [36m>[39m
            [0m0[0m
            [0m months found[0m
          [36m</p>[39m
        [36m</div>[39m
        [36m<form[39m
          [33mclass[39m=[32m"filters"[39m
        [36m>[39m
          [36m<label>[39m
            [0mDevelopment user ID[0m
            [36m<input[39m
              [33mmin[39m=[32m"1"[39m
              [33mplaceholder[39m=[32m"1"[39m
              [33mtype[39m=[32m"number"[39m
              [33mvalue[39m=[32m"1"[39m
            [36m/>[39m
          [36m</label>[39m
          [36m<label>[39m
            [0mFrom[0m
            [36m<div[39m
              [33mclass[39m=[32m"date-field-wrapper "[39m
            [36m>[39m
              [36m<div[39m
                [33mclass[39m=[32m"date-field-box"[39m
              [36m>[39m
                [36m<svg[39m
                  [33maria-hidden[39m=[32m"true"[39m
                  [33mclass[39m=[32m"date-field-calendar-icon"[39m
                  [33mfill[39m=[32m"none"[39m
                  [33mheight[39m=[32m"14"[39m
                  [33mstroke[39m=[32m"currentColor"[39m
                  [33mstroke-linecap[39m=[32m"round"[39m
                  [33mstroke-linejoin[39m=[32m"round"[39m
                  [33mstroke-width[39m=[32m"2"[39m
                  [33mviewBox[39m=[32m"0 0 24 24"[39m
                  [33mwidth[39m=[32m"14"[39m
                [36m>[39m
                  [36m<rect[39m
                    [33mheight[39m=[32m"18"[39m
                    [33mrx[39m=[32m"2"[39m
                    [33mry[39m=[32m"2"[39m
                    [33mwidth[39m=[32m"18"[39m
                    [33mx[39m=[32m"3"[39m
                    [33my[39m=[32m"4"[39m
                  [36m/>[39m
                  [36m<line[39m
                    [33mx1[39m=[32m"16"[39m
                    [33mx2[39m=[32m"16"[39m
                    [33my1[39m=[32m"2"[39m
                    [33my2[39m=[32m"6"[39m
                  [36m/>[39m
                  [36m<line[39m
                    [33mx1[39m=[32m"8"[39m
                    [33mx2[39m=[32m"8"[39m
                    [33my1[39m=[32m"2"[39m
                    [33my2[39m=[32m"6"[39m
                  [36m/>[39m
                  [36m<line[39m
                    [33mx1[39m=[32m"3"[39m
                    [33mx2[39m=[32m"21"[39m
                    [33my1[39m=[32m"10"[39m
                    [33my2[39m=[32m"10"[39m
                  [36m/>[39m
                [36m</svg>[39m
                [36m<input[39m
                  [33maria-label[39m=[32m"Any date"[39m
                  [33mclass[39m=[32m"date-field"[39m
                  [33mid[39m=[32m"connect-from-month"[39m
                  [33mplaceholder[39m=[32m"Any date"[39m
                  [33mtype[39m=[32m"text"[39m
                  [33mvalue[39m=[32m""[39m
                [36m/>[39m
              [36m</div>[39m
            [36m</div>[39m
          [36m</label>[39m
          [36m<label>[39m
            [0mTo[0m
            [36m<div[39m
              [33mclass[39m=[32m"date-field-wrapper "[39m
            [36m>[39m
              [36m<div[39m
                [33mclass[39m=[32m"date-field-box"[39m
              [36m>[39m
                [36m<svg[39m
                  [33maria-hidden[39m=[32m"true"[39m
                  [33mclass[39m=[32m"date-field-calendar-icon"[39m
                  [33mfill[39m=[32m"none"[39m
                  [33mheight[39m=[32m"14"[39m
                  [33mstroke[39m=[32m"currentColor"[39m
                  [33mstroke-linecap[39m=[32m"round"[39m
                  [33mstroke-linejoin[39m=[32m"round"[39m
                  [33mstroke-width[39m=[32m"2"[39m
                  [33mviewBox[39m=[32m"0 0 24 24"[39m
                  [33mwidth[39m=[32m"14"[39m
                [36m>[39m
                  [36m<rect[39m
                    [33mheight[39m=[32m"18"[39m
                    [33mrx[39m=[32m"2"[39m
                    [33mry[39m=[32m"2"[39m
                    [33mwidth[39m=[32m"18"[39m
                    [33mx[39m=[32m"3"[39m
                    [33my[39m=[32m"4"[39m
                  [36m/>[39m
                  [36m<line[39m
                    [33mx1[39m=[32m"16"[39m
                    [33mx2[39m=[32m"16"[39m
                    [33my1[39m=[32m"2"[39m
                    [33my2[39m=[32m"6"[39m
                  [36m/>[39m
                  [36m<line[39m
                    [33mx1[39m=[32m"8"[39m
                    [33mx2[39m=[32m"8"[39m
                    [33my1[39m=[32m"2"[39m
                    [33my2[39m=[32m"6"[39m
                  [36m/>[39m
                  [36m<line[39m
                    [33mx1[39m=[32m"3"[39m
                    [33mx2[39m=[32m"21"[39m
                    [33my1[39m=[32m"10"[39m
                    [33my2[39m=[32m"10"[39m
                  [36m/>[39m
                [36m</svg>[39m
                [36m<input[39m
                  [33maria-label[39m=[32m"Any date"[39m
                  [33mclass[39m=[32m"date-field"[39m
                  [33mid[39m=[32m"connect-to-month"[39m
                  [33mplaceholder[39m=[32m"Any date"[39m
                  [33mtype[39m=[32m"text"[39m
                  [33mvalue[39m=[32m""[39m
                [36m/>[39m
              [36m</div>[39m
            [36m</div>[39m
          [36m</label>[39m
          [36m<button[39m
            [33mclass[39m=[32m"btn-secondary"[39m
            [33mtype[39m=[32m"submit"[39m
          [36m>[39m
            [0mRefresh summary[0m
          [36m</button>[39m
          [36m<button[39m
            [33mclass[39m=[32m"btn-secondary"[39m
            [33mtype[39m=[32m"button"[39m
          [36m>[39m
            [0mSign out[0m
          [36m</button>[39m
        [36m</form>[39m
        [36m<div[39m
          [33mclass[39m=[32m"import-panel"[39m
        [36m>[39m
          [36m<label[39m
            [33mclass[39m=[32m"import-picker"[39m
          [36m>[39m
            [0mImport history JSON[0m
            [36m<input[39m
              [33maccept[39m=[32m"application/json,.json"[39m
              [33mtype[39m=[32m"file"[39m
            [36m/>[39m
          [36m</label>[39m
        [36m</div>[39m
        [36m<div[39m
          [33mclass[39m=[32m"empty-state "[39m
        [36m>[39m
          [36m<div[39m
            [33maria-hidden[39m=[32m"true"[39m
            [33mclass[39m=[32m"empty-state-icon"[39m
          [36m>[39m
            [36m<svg[39m
              [33maria-hidden[39m=[32m"true"[39m
              [33mfill[39m=[32m"none"[39m
              [33mstroke[39m=[32m"currentColor"[39m
              [33mstroke-linecap[39m=[32m"round"[39m
              [33mstroke-linejoin[39m=[32m"round"[39m
              [33mstroke-width[39m=[32m"1.5"[39m
              [33mviewBox[39m=[32m"0 0 24 24"[39m
            [36m>[39m
              [36m<path[39m
                [33md[39m=[32m"M9 10h.01"[39m
              [36m/>[39m
              [36m<path[39m
                [33md[39m=[32m"M15 10h.01"[39m
              [36m/>[39m
              [36m<path[39m
                [33md[39m=[32m"M12 2a8 8 0 0 0-8 8v12l3-3 2.5 2.5L12 19l2.5 2.5L17 19l3 3V10a8 8 0 0 0-8-8z"[39m
              [36m/>[39m
            [36m</svg>[39m
          [36m</div>[39m
          [36m<h3[39m
            [33mclass[39m=[32m"empty-state-title"[39m
          [36m>[39m
            [0mIt's quiet in here[0m
          [36m</h3>[39m
          [36m<p[39m
            [33mclass[39m=[32m"empty-state-description"[39m
          [36m>[39m
            [0mWe couldn't find any scrobbles for this date range.[0m
          [36m</p>[39m
        [36m</div>[39m
        [36m<section[39m
          [33maria-labelledby[39m=[32m"charts-panel-heading"[39m
          [33mclass[39m=[32m"charts-panel"[39m
        [36m>[39m
          [36m<div[39m
            [33mclass[39m=[32m"section-heading"[39m
          [36m>[39m
            [36m<div>[39m
              [36m<h2[39m
                [33mid[39m=[32m"charts-panel-heading"[39m
              [36m>[39m
                [0mTop charts[0m
              [36m</h2>[39m
            [36m</div>[39m
          [36m</div>[39m
          [36m<div[39m
            [33mclass[39m=[32m"charts-controls"[39m
          [36m>[39m
            [36m<div[39m
              [33mclass[39m=[32m"charts-control-group"[39m
            [36m>[39m
              [36m<label[39m
                [33mclass[39m=[32m"charts-control-label"[39m
                [33mfor[39m=[32m"charts-entity-select"[39m
              [36m>[39m
                [0mChart[0m
              [36m</label>[39m
              [36m<div[39m
                [33maria-label[39m=[32m"Chart options"[39m
                [33mclass[39m=[32m"segmented-tabs"[39m
                [33mrole[39m=[32m"tablist"[39m
              [36m>[39m
                [36m<button[39m
                  [33maria-selected[39m=[32m"true"[39m
                  [33mclass[39m=[32m"segmented-tab active"[39m
                  [33mrole[39m=[32m"tab"[39m
                  [33mtype[39m=[32m"button"[39m
                [36m>[39m
                  [0mArtists[0m
                [36m</button>[39m
                [36m<button[39m
                  [33maria-selected[39m=[32m"false"[39m
                  [33mclass[39m=[32m"segmented-tab "[39m
                  [33mrole[39m=[32m"tab"[39m
                  [33mtype[39m=[32m"button"[39m
                [36m>[39m
                  [0mTracks[0m
                [36m</button>[39m
                [36m<button[39m
                  [33maria-selected[39m=[32m"false"[39m
                  [33mclass[39m=[32m"segmented-tab "[39m
                  [33mrole[39m=[32m"tab"[39m
                  [33mtype[39m=[32m"button"[39m
                [36m>[39m
                  [0mAlbums[0m
                [36m</button>[39m
              [36m</div>[39m
              [36m<select[39m
                [33maria-label[39m=[32m"Chart"[39m
                [33mclass[39m=[32m"visually-hidden-accessible"[39m
                [33mid[39m=[32m"charts-entity-select"[39m
              [36m>[39m
                [36m<option[39m
                  [33mvalue[39m=[32m"artists"[39m
                [36m>[39m
                  [0mArtists[0m
                [36m</option>[39m
                [36m<option[39m
                  [33mvalue[39m=[32m"tracks"[39m
                [36m>[39m
                  [0mTracks[0m
                [36m</option>[39m
                [36m<option[39m
                  [33mvalue[39m=[32m"albums"[39m
                [36m>[39m
                  [0mAlbums[0m
                [36m</option>[39m
              [36m</select>[39m
            [36m</div>[39m
            [36m<div[39m
              [33mclass[39m=[32m"charts-control-group"[39m
            [36m>[39m
              [36m<label[39m
                [33mclass[39m=[32m"charts-control-label"[39m
                [33mfor[39m=[32m"charts-range-select"[39m
              [36m>[39m
                [0mRange[0m
              [36m</label>[39m
              [36m<div[39m
                [33maria-label[39m=[32m"Range options"[39m
                [33mclass[39m=[32m"segmented-tabs"[39m
                [33mrole[39m=[32m"tablist"[39m
              [36m>[39m
                [36m<button[39m
                  [33maria-selected[39m=[32m"false"[39m
                  [33mclass[39m=[32m"segmented-tab "[39m
                  [33mrole[39m=[32m"tab"[39m
                  [33mtype[39m=[32m"button"[39m
                [36m>[39m
                  [0m7 days[0m
                [36m</button>[39m
                [36m<button[39m
                  [33maria-selected[39m=[32m"false"[39m
                  [33mclass[39m=[32m"segmented-tab "[39m
                  [33mrole[39m=[32m"tab"[39m
                  [33mtype[39m=[32m"button"[39m
                [36m>[39m
                  [0m1 month[0m
                [36m</button>[39m
                [36m<button[39m
                  [33maria-selected[39m=[32m"false"[39m
                  [33mclass[39m=[32m"segmented-tab "[39m
                  [33mrole[39m=[32m"tab"[39m
                  [33mtype[39m=[32m"button"[39m
                [36m>[39m
                  [0m12 months[0m
                [36m</button>[39m
                [36m<button[39m
                  [33maria-selected[39m=[32m"true"[39m
                  [33mclass[39m=[32m"segmented-tab active"[39m
                  [33mrole[39m=[32m"tab"[39m
                  [33mtype[39m=[32m"button"[39m
                [36m>[39m
                  [0mOverall[0m
                [36m</button>[39m
              [36m</div>[39m
              [36m<select[39m
                [33maria-label[39m=[32m"Range"[39m
                [33mclass[39m=[32m"visually-hidden-accessible"[39m
                [33mid[39m=[32m"charts-range-select"[39m
              [36m>[39m
                [36m<option[39m
                  [33mvalue[39m=[32m"7day"[39m
                [36m>[39m
                  [0m7 days[0m
                [36m</option>[39m
                [36m<option[39m
                  [33mvalue[39m=[32m"1month"[39m
                [36m>[39m
                  [0m1 month[0m
                [36m</option>[39m
                [36m<option[39m
                  [33mvalue[39m=[32m"12month"[39m
                [36m>[39m
                  [0m12 months[0m
                [36m</option>[39m
                [36m<option[39m
                  [33mvalue[39m=[32m"overall"[39m
                [36m>[39m
                  [0mOverall[0m
                [36m</option>[39m
              [36m</select>[39m
            [36m</div>[39m
          [36m</div>[39m
          [36m<p[39m
            [33mclass[39m=[32m"notice"[39m
          [36m>[39m
            [0mNo plays found for this range.[0m
          [36m</p>[39m
        [36m</section>[39m
      [36m</section>[39m
    [36m</main>[39m
  [36m</div>[39m
[36m</body>[39m

Ignored nodes: comments, script, style
[36m<html>[39m
  [36m<head />[39m
  [36m<body>[39m
    [36m<div>[39m
      [36m<main[39m
        [33mclass[39m=[32m"app-shell"[39m
      [36m>[39m
        [36m<header[39m
          [33mclass[39m=[32m"topbar"[39m
        [36m>[39m
          [36m<div[39m
            [33mclass[39m=[32m"topbar-brand"[39m
          [36m>[39m
            [36m<img[39m
              [33malt[39m=[32m"Audio Scrobbler App"[39m
              [33mclass[39m=[32m"topbar-logo"[39m
              [33msrc[39m=[32m"/logo.png"[39m
            [36m/>[39m
          [36m</div>[39m
          [36m<button[39m
            [33maria-controls[39m=[32m"primary-navigation"[39m
            [33maria-expanded[39m=[32m"false"[39m
            [33maria-label[39m=[32m"Toggle navigation menu"[39m
            [33mclass[39m=[32m"nav-menu-toggle"[39m
            [33mtype[39m=[32m"button"[39m
          [36m>[39m
            [0mMenu[0m
          [36m</button>[39m
          [36m<nav[39m
            [33maria-label[39m=[32m"Primary navigation"[39m
            [33mclass[39m=[32m"topbar-nav"[39m
            [33mid[39m=[32m"primary-navigation"[39m
          [36m>[39m
            [36m<a[39m
              [33mclass[39m=[32m"nav-link"[39m
              [33mhref[39m=[32m"/overview"[39m
            [36m>[39m
              [0mOverview[0m
            [36m</a>[39m
            [36m<a[39m
              [33mclass[39m=[32m"nav-link"[39m
              [33mhref[39m=[32m"/library"[39m
            [36m>[39m
              [0mLibrary[0m
            [36m</a>[39m
            [36m<a[39m
              [33mclass[39m=[32m"nav-link"[39m
              [33mhref[39m=[32m"/reports"[39m
            [36m>[39m
              [0mReports[0m
            [36m</a>[39m
            [36m<a[39m
              [33mclass[39m=[32m"nav-link"[39m
              [33mhref[39m=[32m"/profile"[39m
            [36m>[39m
              [0mProfile[0m
            [36m</a>[39m
            [36m<a[39m
              [33mclass[39m=[32m"nav-link"[39m
              [33mhref[39m=[32m"/following"[39m
            [36m>[39m
              [0mFollowing[0m
            [36m</a>[39m
            [36m<a[39m
              [33maria-current[39m=[32m"page"[39m
              [33mclass[39m=[32m"nav-link nav-link-active"[39m
              [33mhref[39m=[32m"/connect"[39m
            [36m>[39m
              [0mConnect[0m
            [36m</a>[39m
          [36m</nav>[39m
        [36m</header>[39m
        [36m<section[39m
          [33maria-labelledby[39m=[32m"summary-heading"[39m
          [33mclass[39m=[32m"dashboard"[39m
        [36m>[39m
          [36m<div[39m
            [33mclass[39m=[32m"section-heading"[39m
          [36m>[39m
            [36m<div>[39m
              [36m<h2[39m
                [33mid[39m=[32m"summary-heading"[39m
              [36m>[39m
                [0mMonthly summary[0m
              [36m</h2>[39m
            [36m</div>[39m
            [36m<p[39m
              [33mclass[39m=[32m"month-count"[39m
            [36m>[39m
              [0m0[0m
              [0m months found[0m
            [36m</p>[39m
          [36m</div>[39m
          [36m<form[39m
            [33mclass[39m=[32m"filters"[39m
          [36m>[39m
            [36m<label>[39m
              [0mDevelopment user ID[0m
              [36m<input[39m
                [33mmin[39m=[32m"1"[39m
                [33mplaceholder[39m=[32m"1"[39m
                [33mtype[39m=[32m"number"[39m
                [33mvalue[39m=[32m"1"[39m
              [36m/>[39m
            [36m</label>[39m
            [36m<label>[39m
              [0mFrom[0m
              [36m<div[39m
                [33mclass[39m=[32m"date-field-wrapper "[39m
              [36m>[39m
                [36m<div[39m
                  [33mclass[39m=[32m"date-field-box"[39m
                [36m>[39m
                  [36m<svg[39m
                    [33maria-hidden[39m=[32m"true"[39m
                    [33mclass[39m=[32m"date-field-calendar-icon"[39m
                    [33mfill[39m=[32m"none"[39m
                    [33mheight[39m=[32m"14"[39m
                    [33mstroke[39m=[32m"currentColor"[39m
                    [33mstroke-linecap[39m=[32m"round"[39m
                    [33mstroke-linejoin[39m=[32m"round"[39m
                    [33mstroke-width[39m=[32m"2"[39m
                    [33mviewBox[39m=[32m"0 0 24 24"[39m
                    [33mwidth[39m=[32m"14"[39m
                  [36m>[39m
                    [36m<rect[39m
                      [33mheight[39m=[32m"18"[39m
                      [33mrx[39m=[32m"2"[39m
                      [33mry[39m=[32m"2"[39m
                      [33mwidth[39m=[32m"18"[39m
                      [33mx[39m=[32m"3"[39m
                      [33my[39m=[32m"4"[39m
                    [36m/>[39m
                    [36m<line[39m
                      [33mx1[39m=[32m"16"[39m
                      [33mx2[39m=[32m"16"[39m
                      [33my1[39m=[32m"2"[39m
                      [33my2[39m=[32m"6"[39m
                    [36m/>[39m
                    [36m<line[39m
                      [33mx1[39m=[32m"8"[39m
                      [33mx2[39m=[32m"8"[39m
                      [33my1[39m=[32m"2"[39m
                      [33my2[39m=[32m"6"[39m
                    [36m/>[39m
                    [36m<line[39m
                      [33mx1[39m=[32m"3"[39m
                      [33mx2[39m=[32m"21"[39m
                      [33my1[39m=[32m"10"[39m
                      [33my2[39m=[32m"10"[39m
                    [36m/>[39m
                  [36m</svg>[39m
                  [36m<input[39m
                    [33maria-label[39m=[32m"Any date"[39m
                    [33mclass[39m=[32m"date-field"[39m
                    [33mid[39m=[32m"connect-from-month"[39m
                    [33mplaceholder[39m=[32m"Any date"[39m
                    [33mtype[39m=[32m"text"[39m
                    [33mvalue[39m=[32m""[39m
                  [36m/>[39m
                [36m</div>[39m
              [36m</div>[39m
            [36m</label>[39m
            [36m<label>[39m
              [0mTo[0m
              [36m<div[39m
                [33mclass[39m=[32m"date-field-wrapper "[39m
              [36m>[39m
                [36m<div[39m
                  [33mclass[39m=[32m"date-field-box"[39m
                [36m>[39m
                  [36m<svg[39m
                    [33maria-hidden[39m=[32m"true"[39m
                    [33mclass[39m=[32m"date-field-calendar-icon"[39m
                    [33mfill[39m=[32m"none"[39m
                    [33mheight[39m=[32m"14"[39m
                    [33mstroke[39m=[32m"currentColor"[39m
                    [33mstroke-linecap[39m=[32m"round"[39m
                    [33mstroke-linejoin[39m=[32m"round"[39m
                    [33mstroke-width[39m=[32m"2"[39m
                    [33mviewBox[39m=[32m"0 0 24 24"[39m
                    [33mwidth[39m=[32m"14"[39m
                  [36m>[39m
                    [36m<rect[39m
                      [33mheight[39m=[32m"18"[39m
                      [33mrx[39m=[32m"2"[39m
                      [33mry[39m=[32m"2"[39m
                      [33mwidth[39m=[32m"18"[39m
                      [33mx[39m=[32m"3"[39m
                      [33my[39m=[32m"4"[39m
                    [36m/>[39m
                    [36m<line[39m
                      [33mx1[39m=[32m"16"[39m
                      [33mx2[39m=[32m"16"[39m
                      [33my1[39m=[32m"2"[39m
                      [33my2[39m=[32m"6"[39m
                    [36m/>[39m
                    [36m<line[39m
                      [33mx1[39m=[32m"8"[39m
                      [33mx2[39m=[32m"8"[39m
                      [33my1[39m=[32m"2"[39m
                      [33my2[39m=[32m"6"[39m
                    [36m/>[39m
                    [36m<line[39m
                      [33mx1[39m=[32m"3"[39m
                      [33mx2[39m=[32m"21"[39m
                      [33my1[39m=[32m"10"[39m
                      [33my2[39m=[32m"10"[39m
                    [36m/>[39m
                  [36m</svg>[39m
                  [36m<input[39m
                    [33maria-label[39m=[32m"Any date"[39m
                    [33mclass[39m=[32m"date-field"[39m
                    [33mid[39m=[32m"connect-to-month"[39m
                    [33mplaceholder[39m=[32m"Any date"[39m
                    [33mtype[39m=[32m"text"[39m
                    [33mvalue[39m=[32m""[39m
                  [36m/>[39m
                [36m</div>[39m
              [36m</div>[39m
            [36m</label>[39m
            [36m<button[39m
              [33mclass[39m=[32m"btn-secondary"[39m
              [33mtype[39m=[32m"submit"[39m
            [36m>[39m
              [0mRefresh summary[0m
            [36m</button>[39m
            [36m<button[39m
              [33mclass[39m=[32m"btn-secondary"[39m
              [33mtype[39m=[32m"button"[39m
            [36m>[39m
              [0mSign out[0m
            [36m</button>[39m
          [36m</form>[39m
          [36m<div[39m
            [33mclass[39m=[32m"import-panel"[39m
          [36m>[39m
            [36m<label[39m
              [33mclass[39m=[32m"import-picker"[39m
            [36m>[39m
              [0mImport history JSON[0m
              [36m<input[39m
                [33maccept[39m=[32m"application/json,.json"[39m
                [33mtype[39m=[32m"file"[39m
              [36m/>[39m
            [36m</label>[39m
          [36m</div>[39m
          [36m<div[39m
            [33mclass[39m=[32m"empty-state "[39m
          [36m>[39m
            [36m<div[39m
              [33maria-hidden[39m=[32m"true"[39m
              [33mclass[39m=[32m"empty-state-icon"[39m
            [36m>[39m
              [36m<svg[39m
                [33maria-hidden[39m=[32m"true"[39m
                [33mfill[39m=[32m"none"[39m
                [33mstroke[39m=[32m"currentColor"[39m
                [33mstroke-linecap[39m=[32m"round"[39m
                [33mstroke-linejoin[39m=[32m"round"[39m
                [33mstroke-width[39m=[32m"1.5"[39m
                [33mviewBox[39m=[32m"0 0 24 24"[39m
              [36m>[39m
                [36m<path[39m
                  [33md[39m=[32m"M9 10h.01"[39m
                [36m/>[39m
                [36m<path[39m
                  [33md[39m=[32m"M15 10h.01"[39m
                [36m/>[39m
                [36m<path[39m
                  [33md[39m=[32m"M12 2a8 8 0 0 0-8 8v12l3-3 2.5 2.5L12 19l2.5 2.5L17 19l3 3V10a8 8 0 0 0-8-8z"[39m
                [36m/>[39m
              [36m</svg>[39m
            [36m</div>[39m
            [36m<h3[39m
              [33mclass[39m=[32m"empty-state-title"[39m
            [36m>[39m
              [0mIt's quiet in here[0m
            [36m</h3>[39m
            [36m<p[39m
              [33mclass[39m=[32m"empty-state-description"[39m
            [36m>[39m
              [0mWe couldn't find any scrobbles for this date range.[0m
            [36m</p>[39m
          [36m</div>[39m
          [36m<section[39m
            [33maria-labelledby[39m=[32m"charts-panel-heading"[39m
            [33mclass[39m=[32m"charts-panel"[39m
          [36m>[39m
            [36m<div[39m
              [33mclass[39m=[32m"section-heading"[39m
            [36m>[39m
              [36m<div>[39m
                [36m<h2[39m
                  [33mid[39m=[32m"charts-panel-heading"[39m
                [36m>[39m
                  [0mTop charts[0m
                [36m</h2>[39m
              [36m</div>[39m
            [36m</div>[39m
            [36m<div[39m
              [33mclass[39m=[32m"charts-controls"[39m
            [36m>[39m
              [36m<div[39m
                [33mclass[39m=[32m"charts-control-group"[39m
              [36m>[39m
                [36m<label[39m
                  [33mclass[39m=[32m"charts-control-label"[39m
                  [33mfor[39m=[32m"charts-entity-select"[39m
                [36m>[39m
                  [0mChart[0m
                [36m</label>[39m
                [36m<div[39m
                  [33maria-label[39m=[32m"Chart options"[39m
                  [33mclass[39m=[32m"segmented-tabs"[39m
                  [33mrole[39m=[32m"tablist"[39m
                [36m>[39m
                  [36m<button[39m
                    [33maria-selected[39m=[32m"true"[39m
                    [33mclass[39m=[32m"segmented-tab active"[39m
                    [33mrole[39m=[32m"tab"[39m
                    [33mtype[39m=[32m"button"[39m
                  [36m>[39m
                    [0mArtists[0m
                  [36m</button>[39m
                  [36m<button[39m
                    [33maria-selected[39m=[32m"false"[39m
                    [33mclass[39m=[32m"segmented-tab "[39m
                    [33mrole[39m=[32m"tab"[39m
                    [33mtype[39m=[32m"button"[39m
                  [36m>[39m
                    [0mTracks[0m
                  [36m</button>[39m
                  [36m<button[39m
                    [33maria-selected[39m=[32m"false"[39m
                    [33mclass[39m=[32m"segmented-tab "[39m
                    [33mrole[39m=[32m"tab"[39m
                    [33mtype[39m=[32m"button"[39m
                  [36m>[39m
                    [0mAlbums[0m
                  [36m</button>[39m
                [36m</div>[39m
                [36m<select[39m
                  [33maria-label[39m=[32m"Chart"[39m
                  [33mclass[39m=[32m"visually-hidden-accessible"[39m
                  [33mid[39m=[32m"charts-entity-select"[39m
                [36m>[39m
                  [36m<option[39m
                    [33mvalue[39m=[32m"artists"[39m
                  [36m>[39m
                    [0mArtists[0m
                  [36m</option>[39m
                  [36m<option[39m
                    [33mvalue[39m=[32m"tracks"[39m
                  [36m>[39m
                    [0mTracks[0m
                  [36m</option>[39m
                  [36m<option[39m
                    [33mvalue[39m=[32m"albums"[39m
                  [36m>[39m
                    [0mAlbums[0m
                  [36m</option>[39m
                [36m</select>[39m
              [36m</div>[39m
              [36m<div[39m
                [33mclass[39m=[32m"charts-control-group"[39m
              [36m>[39m
                [36m<label[39m
                  [33mclass[39m=[32m"charts-control-label"[39m
                  [33mfor[39m=[32m"charts-range-select"[39m
                [36m>[39m
                  [0mRange[0m
                [36m</label>[39m
                [36m<div[39m
                  [33maria-label[39m=[32m"Range options"[39m
                  [33mclass[39m=[32m"segmented-tabs"[39m
                  [33mrole[39m=[32m"tablist"[39m
                [36m>[39m
                  [36m<button[39m
                    [33maria-selected[39m=[32m"false"[39m
                    [33mclass[39m=[32m"segmented-tab "[39m
                    [33mrole[39m=[32m"tab"[39m
                    [33mtype[39m=[32m"button"[39m
                  [36m>[39m
                    [0m7 days[0m
                  [36m</button>[39m
                  [36m<button[39m
                    [33maria-selected[39m=[32m"false"[39m
                    [33mclass[39m=[32m"segmented-tab "[39m
                    [33mrole[39m=[32m"tab"[39m
                    [33mtype[39m=[32m"button"[39m
                  [36m>[39m
                    [0m1 month[0m
                  [36m</button>[39m
                  [36m<button[39m
                    [33maria-selected[39m=[32m"false"[39m
                    [33mclass[39m=[32m"segmented-tab "[39m
                    [33mrole[39m=[32m"tab"[39m
                    [33mtype[39m=[32m"button"[39m
                  [36m>[39m
                    [0m12 months[0m
                  [36m</button>[39m
                  [36m<button[39m
                    [33maria-selected[39m=[32m"true"[39m
                    [33mclass[39m=[32m"segmented-tab active"[39m
                    [33mrole[39m=[32m"tab"[39m
                    [33mtype[39m=[32m"button"[39m
                  [36m>[39m
                    [0mOverall[0m
                  [36m</button>[39m
                [36m</div>[39m
                [36m<select[39m
                  [33maria-label[39m=[32m"Range"[39m
                  [33mclass[39m=[32m"visually-hidden-accessible"[39m
                  [33mid[39m=[32m"charts-range-select"[39m
                [36m>[39m
                  [36m<option[39m
                    [33mvalue[39m=[32m"7day"[39m
                  [36m>[39m
                    [0m7 days[0m
                  [36m</option>[39m
                  [36m<option[39m
                    [33mvalue[39m=[32m"1month"[39m
                  [36m>[39m
                    [0m1 month[0m
                  [36m</option>[39m
                  [36m<option[39m
                    [33mvalue[39m=[32m"12month"[39m
                  [36m>[39m
                    [0m12 months[0m
                  [36m</option>[39m
                  [36m<option[39m
                    [33mvalue[39m=[32m"overall"[39m
                  [36m>[39m
                    [0mOverall[0m
                  [36m</option>[39m
                [36m</select>[39m
              [36m</div>[39m
            [36m</div>[39m
            [36m<p[39m
              [33mclass[39m=[32m"notice"[39m
            [36m>[39m
              [0mNo plays found for this range.[0m
            [36m</p>[39m
          [36m</section>[39m
        [36m</section>[39m
      [36m</main>[39m
    [36m</div>[39m
  [36m</body>[39m
[36m</html>[39m
 ❯ Proxy.waitForWrapper node_modules/@testing-library/dom/dist/wait-for.js:163:27
 ❯ src/App.test.jsx:134:11
    132|     fireEvent.change(screen.getByLabelText('Development user ID'), { t…
    133|     fireEvent.submit(screen.getByRole('button', { name: 'Sign in' }).c…
    134|     await waitFor(() => expect(screen.getByText('No listens found for …
       |           ^
    135| 
    136|     const file = new File([JSON.stringify([{ trackName: 'Slow Show' }]…

⎯⎯⎯⎯⎯⎯⎯⎯⎯⎯⎯⎯⎯⎯⎯⎯⎯⎯⎯⎯⎯⎯⎯⎯[2/8]⎯

 FAIL  src/App.test.jsx > App > detects a youtube import from file content when the filename gives no hint
TestingLibraryElementError: Unable to find an element with the text: No listens found for this date range.. This could be because the text is broken up by multiple elements. In this case, you can provide a function for your text matcher to make your matcher more flexible.

Ignored nodes: comments, script, style
[36m<body>[39m
  [36m<div>[39m
    [36m<main[39m
      [33mclass[39m=[32m"app-shell"[39m
    [36m>[39m
      [36m<header[39m
        [33mclass[39m=[32m"topbar"[39m
      [36m>[39m
        [36m<div[39m
          [33mclass[39m=[32m"topbar-brand"[39m
        [36m>[39m
          [36m<img[39m
            [33malt[39m=[32m"Audio Scrobbler App"[39m
            [33mclass[39m=[32m"topbar-logo"[39m
            [33msrc[39m=[32m"/logo.png"[39m
          [36m/>[39m
        [36m</div>[39m
        [36m<button[39m
          [33maria-controls[39m=[32m"primary-navigation"[39m
          [33maria-expanded[39m=[32m"false"[39m
          [33maria-label[39m=[32m"Toggle navigation menu"[39m
          [33mclass[39m=[32m"nav-menu-toggle"[39m
          [33mtype[39m=[32m"button"[39m
        [36m>[39m
          [0mMenu[0m
        [36m</button>[39m
        [36m<nav[39m
          [33maria-label[39m=[32m"Primary navigation"[39m
          [33mclass[39m=[32m"topbar-nav"[39m
          [33mid[39m=[32m"primary-navigation"[39m
        [36m>[39m
          [36m<a[39m
            [33mclass[39m=[32m"nav-link"[39m
            [33mhref[39m=[32m"/overview"[39m
          [36m>[39m
            [0mOverview[0m
          [36m</a>[39m
          [36m<a[39m
            [33mclass[39m=[32m"nav-link"[39m
            [33mhref[39m=[32m"/library"[39m
          [36m>[39m
            [0mLibrary[0m
          [36m</a>[39m
          [36m<a[39m
            [33mclass[39m=[32m"nav-link"[39m
            [33mhref[39m=[32m"/reports"[39m
          [36m>[39m
            [0mReports[0m
          [36m</a>[39m
          [36m<a[39m
            [33mclass[39m=[32m"nav-link"[39m
            [33mhref[39m=[32m"/profile"[39m
          [36m>[39m
            [0mProfile[0m
          [36m</a>[39m
          [36m<a[39m
            [33mclass[39m=[32m"nav-link"[39m
            [33mhref[39m=[32m"/following"[39m
          [36m>[39m
            [0mFollowing[0m
          [36m</a>[39m
          [36m<a[39m
            [33maria-current[39m=[32m"page"[39m
            [33mclass[39m=[32m"nav-link nav-link-active"[39m
            [33mhref[39m=[32m"/connect"[39m
          [36m>[39m
            [0mConnect[0m
          [36m</a>[39m
        [36m</nav>[39m
      [36m</header>[39m
      [36m<section[39m
        [33maria-labelledby[39m=[32m"summary-heading"[39m
        [33mclass[39m=[32m"dashboard"[39m
      [36m>[39m
        [36m<div[39m
          [33mclass[39m=[32m"section-heading"[39m
        [36m>[39m
          [36m<div>[39m
            [36m<h2[39m
              [33mid[39m=[32m"summary-heading"[39m
            [36m>[39m
              [0mMonthly summary[0m
            [36m</h2>[39m
          [36m</div>[39m
          [36m<p[39m
            [33mclass[39m=[32m"month-count"[39m
          [36m>[39m
            [0m0[0m
            [0m months found[0m
          [36m</p>[39m
        [36m</div>[39m
        [36m<form[39m
          [33mclass[39m=[32m"filters"[39m
        [36m>[39m
          [36m<label>[39m
            [0mDevelopment user ID[0m
            [36m<input[39m
              [33mmin[39m=[32m"1"[39m
              [33mplaceholder[39m=[32m"1"[39m
              [33mtype[39m=[32m"number"[39m
              [33mvalue[39m=[32m"1"[39m
            [36m/>[39m
          [36m</label>[39m
          [36m<label>[39m
            [0mFrom[0m
            [36m<div[39m
              [33mclass[39m=[32m"date-field-wrapper "[39m
            [36m>[39m
              [36m<div[39m
                [33mclass[39m=[32m"date-field-box"[39m
              [36m>[39m
                [36m<svg[39m
                  [33maria-hidden[39m=[32m"true"[39m
                  [33mclass[39m=[32m"date-field-calendar-icon"[39m
                  [33mfill[39m=[32m"none"[39m
                  [33mheight[39m=[32m"14"[39m
                  [33mstroke[39m=[32m"currentColor"[39m
                  [33mstroke-linecap[39m=[32m"round"[39m
                  [33mstroke-linejoin[39m=[32m"round"[39m
                  [33mstroke-width[39m=[32m"2"[39m
                  [33mviewBox[39m=[32m"0 0 24 24"[39m
                  [33mwidth[39m=[32m"14"[39m
                [36m>[39m
                  [36m<rect[39m
                    [33mheight[39m=[32m"18"[39m
                    [33mrx[39m=[32m"2"[39m
                    [33mry[39m=[32m"2"[39m
                    [33mwidth[39m=[32m"18"[39m
                    [33mx[39m=[32m"3"[39m
                    [33my[39m=[32m"4"[39m
                  [36m/>[39m
                  [36m<line[39m
                    [33mx1[39m=[32m"16"[39m
                    [33mx2[39m=[32m"16"[39m
                    [33my1[39m=[32m"2"[39m
                    [33my2[39m=[32m"6"[39m
                  [36m/>[39m
                  [36m<line[39m
                    [33mx1[39m=[32m"8"[39m
                    [33mx2[39m=[32m"8"[39m
                    [33my1[39m=[32m"2"[39m
                    [33my2[39m=[32m"6"[39m
                  [36m/>[39m
                  [36m<line[39m
                    [33mx1[39m=[32m"3"[39m
                    [33mx2[39m=[32m"21"[39m
                    [33my1[39m=[32m"10"[39m
                    [33my2[39m=[32m"10"[39m
                  [36m/>[39m
                [36m</svg>[39m
                [36m<input[39m
                  [33maria-label[39m=[32m"Any date"[39m
                  [33mclass[39m=[32m"date-field"[39m
                  [33mid[39m=[32m"connect-from-month"[39m
                  [33mplaceholder[39m=[32m"Any date"[39m
                  [33mtype[39m=[32m"text"[39m
                  [33mvalue[39m=[32m""[39m
                [36m/>[39m
              [36m</div>[39m
            [36m</div>[39m
          [36m</label>[39m
          [36m<label>[39m
            [0mTo[0m
            [36m<div[39m
              [33mclass[39m=[32m"date-field-wrapper "[39m
            [36m>[39m
              [36m<div[39m
                [33mclass[39m=[32m"date-field-box"[39m
              [36m>[39m
                [36m<svg[39m
                  [33maria-hidden[39m=[32m"true"[39m
                  [33mclass[39m=[32m"date-field-calendar-icon"[39m
                  [33mfill[39m=[32m"none"[39m
                  [33mheight[39m=[32m"14"[39m
                  [33mstroke[39m=[32m"currentColor"[39m
                  [33mstroke-linecap[39m=[32m"round"[39m
                  [33mstroke-linejoin[39m=[32m"round"[39m
                  [33mstroke-width[39m=[32m"2"[39m
                  [33mviewBox[39m=[32m"0 0 24 24"[39m
                  [33mwidth[39m=[32m"14"[39m
                [36m>[39m
                  [36m<rect[39m
                    [33mheight[39m=[32m"18"[39m
                    [33mrx[39m=[32m"2"[39m
                    [33mry[39m=[32m"2"[39m
                    [33mwidth[39m=[32m"18"[39m
                    [33mx[39m=[32m"3"[39m
                    [33my[39m=[32m"4"[39m
                  [36m/>[39m
                  [36m<line[39m
                    [33mx1[39m=[32m"16"[39m
                    [33mx2[39m=[32m"16"[39m
                    [33my1[39m=[32m"2"[39m
                    [33my2[39m=[32m"6"[39m
                  [36m/>[39m
                  [36m<line[39m
                    [33mx1[39m=[32m"8"[39m
                    [33mx2[39m=[32m"8"[39m
                    [33my1[39m=[32m"2"[39m
                    [33my2[39m=[32m"6"[39m
                  [36m/>[39m
                  [36m<line[39m
                    [33mx1[39m=[32m"3"[39m
                    [33mx2[39m=[32m"21"[39m
                    [33my1[39m=[32m"10"[39m
                    [33my2[39m=[32m"10"[39m
                  [36m/>[39m
                [36m</svg>[39m
                [36m<input[39m
                  [33maria-label[39m=[32m"Any date"[39m
                  [33mclass[39m=[32m"date-field"[39m
                  [33mid[39m=[32m"connect-to-month"[39m
                  [33mplaceholder[39m=[32m"Any date"[39m
                  [33mtype[39m=[32m"text"[39m
                  [33mvalue[39m=[32m""[39m
                [36m/>[39m
              [36m</div>[39m
            [36m</div>[39m
          [36m</label>[39m
          [36m<button[39m
            [33mclass[39m=[32m"btn-secondary"[39m
            [33mtype[39m=[32m"submit"[39m
          [36m>[39m
            [0mRefresh summary[0m
          [36m</button>[39m
          [36m<button[39m
            [33mclass[39m=[32m"btn-secondary"[39m
            [33mtype[39m=[32m"button"[39m
          [36m>[39m
            [0mSign out[0m
          [36m</button>[39m
        [36m</form>[39m
        [36m<div[39m
          [33mclass[39m=[32m"import-panel"[39m
        [36m>[39m
          [36m<label[39m
            [33mclass[39m=[32m"import-picker"[39m
          [36m>[39m
            [0mImport history JSON[0m
            [36m<input[39m
              [33maccept[39m=[32m"application/json,.json"[39m
              [33mtype[39m=[32m"file"[39m
            [36m/>[39m
          [36m</label>[39m
        [36m</div>[39m
        [36m<div[39m
          [33mclass[39m=[32m"empty-state "[39m
        [36m>[39m
          [36m<div[39m
            [33maria-hidden[39m=[32m"true"[39m
            [33mclass[39m=[32m"empty-state-icon"[39m
          [36m>[39m
            [36m<svg[39m
              [33maria-hidden[39m=[32m"true"[39m
              [33mfill[39m=[32m"none"[39m
              [33mstroke[39m=[32m"currentColor"[39m
              [33mstroke-linecap[39m=[32m"round"[39m
              [33mstroke-linejoin[39m=[32m"round"[39m
              [33mstroke-width[39m=[32m"1.5"[39m
              [33mviewBox[39m=[32m"0 0 24 24"[39m
            [36m>[39m
              [36m<path[39m
                [33md[39m=[32m"M9 10h.01"[39m
              [36m/>[39m
              [36m<path[39m
                [33md[39m=[32m"M15 10h.01"[39m
              [36m/>[39m
              [36m<path[39m
                [33md[39m=[32m"M12 2a8 8 0 0 0-8 8v12l3-3 2.5 2.5L12 19l2.5 2.5L17 19l3 3V10a8 8 0 0 0-8-8z"[39m
              [36m/>[39m
            [36m</svg>[39m
          [36m</div>[39m
          [36m<h3[39m
            [33mclass[39m=[32m"empty-state-title"[39m
          [36m>[39m
            [0mIt's quiet in here[0m
          [36m</h3>[39m
          [36m<p[39m
            [33mclass[39m=[32m"empty-state-description"[39m
          [36m>[39m
            [0mWe couldn't find any scrobbles for this date range.[0m
          [36m</p>[39m
        [36m</div>[39m
        [36m<section[39m
          [33maria-labelledby[39m=[32m"charts-panel-heading"[39m
          [33mclass[39m=[32m"charts-panel"[39m
        [36m>[39m
          [36m<div[39m
            [33mclass[39m=[32m"section-heading"[39m
          [36m>[39m
            [36m<div>[39m
              [36m<h2[39m
                [33mid[39m=[32m"charts-panel-heading"[39m
              [36m>[39m
                [0mTop charts[0m
              [36m</h2>[39m
            [36m</div>[39m
          [36m</div>[39m
          [36m<div[39m
            [33mclass[39m=[32m"charts-controls"[39m
          [36m>[39m
            [36m<div[39m
              [33mclass[39m=[32m"charts-control-group"[39m
            [36m>[39m
              [36m<label[39m
                [33mclass[39m=[32m"charts-control-label"[39m
                [33mfor[39m=[32m"charts-entity-select"[39m
              [36m>[39m
                [0mChart[0m
              [36m</label>[39m
              [36m<div[39m
                [33maria-label[39m=[32m"Chart options"[39m
                [33mclass[39m=[32m"segmented-tabs"[39m
                [33mrole[39m=[32m"tablist"[39m
              [36m>[39m
                [36m<button[39m
                  [33maria-selected[39m=[32m"true"[39m
                  [33mclass[39m=[32m"segmented-tab active"[39m
                  [33mrole[39m=[32m"tab"[39m
                  [33mtype[39m=[32m"button"[39m
                [36m>[39m
                  [0mArtists[0m
                [36m</button>[39m
                [36m<button[39m
                  [33maria-selected[39m=[32m"false"[39m
                  [33mclass[39m=[32m"segmented-tab "[39m
                  [33mrole[39m=[32m"tab"[39m
                  [33mtype[39m=[32m"button"[39m
                [36m>[39m
                  [0mTracks[0m
                [36m</button>[39m
                [36m<button[39m
                  [33maria-selected[39m=[32m"false"[39m
                  [33mclass[39m=[32m"segmented-tab "[39m
                  [33mrole[39m=[32m"tab"[39m
                  [33mtype[39m=[32m"button"[39m
                [36m>[39m
                  [0mAlbums[0m
                [36m</button>[39m
              [36m</div>[39m
              [36m<select[39m
                [33maria-label[39m=[32m"Chart"[39m
                [33mclass[39m=[32m"visually-hidden-accessible"[39m
                [33mid[39m=[32m"charts-entity-select"[39m
              [36m>[39m
                [36m<option[39m
                  [33mvalue[39m=[32m"artists"[39m
                [36m>[39m
                  [0mArtists[0m
                [36m</option>[39m
                [36m<option[39m
                  [33mvalue[39m=[32m"tracks"[39m
                [36m>[39m
                  [0mTracks[0m
                [36m</option>[39m
                [36m<option[39m
                  [33mvalue[39m=[32m"albums"[39m
                [36m>[39m
                  [0mAlbums[0m
                [36m</option>[39m
              [36m</select>[39m
            [36m</div>[39m
            [36m<div[39m
              [33mclass[39m=[32m"charts-control-group"[39m
            [36m>[39m
              [36m<label[39m
                [33mclass[39m=[32m"charts-control-label"[39m
                [33mfor[39m=[32m"charts-range-select"[39m
              [36m>[39m
                [0mRange[0m
              [36m</label>[39m
              [36m<div[39m
                [33maria-label[39m=[32m"Range options"[39m
                [33mclass[39m=[32m"segmented-tabs"[39m
                [33mrole[39m=[32m"tablist"[39m
              [36m>[39m
                [36m<button[39m
                  [33maria-selected[39m=[32m"false"[39m
                  [33mclass[39m=[32m"segmented-tab "[39m
                  [33mrole[39m=[32m"tab"[39m
                  [33mtype[39m=[32m"button"[39m
                [36m>[39m
                  [0m7 days[0m
                [36m</button>[39m
                [36m<button[39m
                  [33maria-selected[39m=[32m"false"[39m
                  [33mclass[39m=[32m"segmented-tab "[39m
                  [33mrole[39m=[32m"tab"[39m
                  [33mtype[39m=[32m"button"[39m
                [36m>[39m
                  [0m1 month[0m
                [36m</button>[39m
                [36m<button[39m
                  [33maria-selected[39m=[32m"false"[39m
                  [33mclass[39m=[32m"segmented-tab "[39m
                  [33mrole[39m=[32m"tab"[39m
                  [33mtype[39m=[32m"button"[39m
                [36m>[39m
                  [0m12 months[0m
                [36m</button>[39m
                [36m<button[39m
                  [33maria-selected[39m=[32m"true"[39m
                  [33mclass[39m=[32m"segmented-tab active"[39m
                  [33mrole[39m=[32m"tab"[39m
                  [33mtype[39m=[32m"button"[39m
                [36m>[39m
                  [0mOverall[0m
                [36m</button>[39m
              [36m</div>[39m
              [36m<select[39m
                [33maria-label[39m=[32m"Range"[39m
                [33mclass[39m=[32m"visually-hidden-accessible"[39m
                [33mid[39m=[32m"charts-range-select"[39m
              [36m>[39m
                [36m<option[39m
                  [33mvalue[39m=[32m"7day"[39m
                [36m>[39m
                  [0m7 days[0m
                [36m</option>[39m
                [36m<option[39m
                  [33mvalue[39m=[32m"1month"[39m
                [36m>[39m
                  [0m1 month[0m
                [36m</option>[39m
                [36m<option[39m
                  [33mvalue[39m=[32m"12month"[39m
                [36m>[39m
                  [0m12 months[0m
                [36m</option>[39m
                [36m<option[39m
                  [33mvalue[39m=[32m"overall"[39m
                [36m>[39m
                  [0mOverall[0m
                [36m</option>[39m
              [36m</select>[39m
            [36m</div>[39m
          [36m</div>[39m
          [36m<p[39m
            [33mclass[39m=[32m"notice"[39m
          [36m>[39m
            [0mNo plays found for this range.[0m
          [36m</p>[39m
        [36m</section>[39m
      [36m</section>[39m
    [36m</main>[39m
  [36m</div>[39m
[36m</body>[39m

Ignored nodes: comments, script, style
[36m<html>[39m
  [36m<head />[39m
  [36m<body>[39m
    [36m<div>[39m
      [36m<main[39m
        [33mclass[39m=[32m"app-shell"[39m
      [36m>[39m
        [36m<header[39m
          [33mclass[39m=[32m"topbar"[39m
        [36m>[39m
          [36m<div[39m
            [33mclass[39m=[32m"topbar-brand"[39m
          [36m>[39m
            [36m<img[39m
              [33malt[39m=[32m"Audio Scrobbler App"[39m
              [33mclass[39m=[32m"topbar-logo"[39m
              [33msrc[39m=[32m"/logo.png"[39m
            [36m/>[39m
          [36m</div>[39m
          [36m<button[39m
            [33maria-controls[39m=[32m"primary-navigation"[39m
            [33maria-expanded[39m=[32m"false"[39m
            [33maria-label[39m=[32m"Toggle navigation menu"[39m
            [33mclass[39m=[32m"nav-menu-toggle"[39m
            [33mtype[39m=[32m"button"[39m
          [36m>[39m
            [0mMenu[0m
          [36m</button>[39m
          [36m<nav[39m
            [33maria-label[39m=[32m"Primary navigation"[39m
            [33mclass[39m=[32m"topbar-nav"[39m
            [33mid[39m=[32m"primary-navigation"[39m
          [36m>[39m
            [36m<a[39m
              [33mclass[39m=[32m"nav-link"[39m
              [33mhref[39m=[32m"/overview"[39m
            [36m>[39m
              [0mOverview[0m
            [36m</a>[39m
            [36m<a[39m
              [33mclass[39m=[32m"nav-link"[39m
              [33mhref[39m=[32m"/library"[39m
            [36m>[39m
              [0mLibrary[0m
            [36m</a>[39m
            [36m<a[39m
              [33mclass[39m=[32m"nav-link"[39m
              [33mhref[39m=[32m"/reports"[39m
            [36m>[39m
              [0mReports[0m
            [36m</a>[39m
            [36m<a[39m
              [33mclass[39m=[32m"nav-link"[39m
              [33mhref[39m=[32m"/profile"[39m
            [36m>[39m
              [0mProfile[0m
            [36m</a>[39m
            [36m<a[39m
              [33mclass[39m=[32m"nav-link"[39m
              [33mhref[39m=[32m"/following"[39m
            [36m>[39m
              [0mFollowing[0m
            [36m</a>[39m
            [36m<a[39m
              [33maria-current[39m=[32m"page"[39m
              [33mclass[39m=[32m"nav-link nav-link-active"[39m
              [33mhref[39m=[32m"/connect"[39m
            [36m>[39m
              [0mConnect[0m
            [36m</a>[39m
          [36m</nav>[39m
        [36m</header>[39m
        [36m<section[39m
          [33maria-labelledby[39m=[32m"summary-heading"[39m
          [33mclass[39m=[32m"dashboard"[39m
        [36m>[39m
          [36m<div[39m
            [33mclass[39m=[32m"section-heading"[39m
          [36m>[39m
            [36m<div>[39m
              [36m<h2[39m
                [33mid[39m=[32m"summary-heading"[39m
              [36m>[39m
                [0mMonthly summary[0m
              [36m</h2>[39m
            [36m</div>[39m
            [36m<p[39m
              [33mclass[39m=[32m"month-count"[39m
            [36m>[39m
              [0m0[0m
              [0m months found[0m
            [36m</p>[39m
          [36m</div>[39m
          [36m<form[39m
            [33mclass[39m=[32m"filters"[39m
          [36m>[39m
            [36m<label>[39m
              [0mDevelopment user ID[0m
              [36m<input[39m
                [33mmin[39m=[32m"1"[39m
                [33mplaceholder[39m=[32m"1"[39m
                [33mtype[39m=[32m"number"[39m
                [33mvalue[39m=[32m"1"[39m
              [36m/>[39m
            [36m</label>[39m
            [36m<label>[39m
              [0mFrom[0m
              [36m<div[39m
                [33mclass[39m=[32m"date-field-wrapper "[39m
              [36m>[39m
                [36m<div[39m
                  [33mclass[39m=[32m"date-field-box"[39m
                [36m>[39m
                  [36m<svg[39m
                    [33maria-hidden[39m=[32m"true"[39m
                    [33mclass[39m=[32m"date-field-calendar-icon"[39m
                    [33mfill[39m=[32m"none"[39m
                    [33mheight[39m=[32m"14"[39m
                    [33mstroke[39m=[32m"currentColor"[39m
                    [33mstroke-linecap[39m=[32m"round"[39m
                    [33mstroke-linejoin[39m=[32m"round"[39m
                    [33mstroke-width[39m=[32m"2"[39m
                    [33mviewBox[39m=[32m"0 0 24 24"[39m
                    [33mwidth[39m=[32m"14"[39m
                  [36m>[39m
                    [36m<rect[39m
                      [33mheight[39m=[32m"18"[39m
                      [33mrx[39m=[32m"2"[39m
                      [33mry[39m=[32m"2"[39m
                      [33mwidth[39m=[32m"18"[39m
                      [33mx[39m=[32m"3"[39m
                      [33my[39m=[32m"4"[39m
                    [36m/>[39m
                    [36m<line[39m
                      [33mx1[39m=[32m"16"[39m
                      [33mx2[39m=[32m"16"[39m
                      [33my1[39m=[32m"2"[39m
                      [33my2[39m=[32m"6"[39m
                    [36m/>[39m
                    [36m<line[39m
                      [33mx1[39m=[32m"8"[39m
                      [33mx2[39m=[32m"8"[39m
                      [33my1[39m=[32m"2"[39m
                      [33my2[39m=[32m"6"[39m
                    [36m/>[39m
                    [36m<line[39m
                      [33mx1[39m=[32m"3"[39m
                      [33mx2[39m=[32m"21"[39m
                      [33my1[39m=[32m"10"[39m
                      [33my2[39m=[32m"10"[39m
                    [36m/>[39m
                  [36m</svg>[39m
                  [36m<input[39m
                    [33maria-label[39m=[32m"Any date"[39m
                    [33mclass[39m=[32m"date-field"[39m
                    [33mid[39m=[32m"connect-from-month"[39m
                    [33mplaceholder[39m=[32m"Any date"[39m
                    [33mtype[39m=[32m"text"[39m
                    [33mvalue[39m=[32m""[39m
                  [36m/>[39m
                [36m</div>[39m
              [36m</div>[39m
            [36m</label>[39m
            [36m<label>[39m
              [0mTo[0m
              [36m<div[39m
                [33mclass[39m=[32m"date-field-wrapper "[39m
              [36m>[39m
                [36m<div[39m
                  [33mclass[39m=[32m"date-field-box"[39m
                [36m>[39m
                  [36m<svg[39m
                    [33maria-hidden[39m=[32m"true"[39m
                    [33mclass[39m=[32m"date-field-calendar-icon"[39m
                    [33mfill[39m=[32m"none"[39m
                    [33mheight[39m=[32m"14"[39m
                    [33mstroke[39m=[32m"currentColor"[39m
                    [33mstroke-linecap[39m=[32m"round"[39m
                    [33mstroke-linejoin[39m=[32m"round"[39m
                    [33mstroke-width[39m=[32m"2"[39m
                    [33mviewBox[39m=[32m"0 0 24 24"[39m
                    [33mwidth[39m=[32m"14"[39m
                  [36m>[39m
                    [36m<rect[39m
                      [33mheight[39m=[32m"18"[39m
                      [33mrx[39m=[32m"2"[39m
                      [33mry[39m=[32m"2"[39m
                      [33mwidth[39m=[32m"18"[39m
                      [33mx[39m=[32m"3"[39m
                      [33my[39m=[32m"4"[39m
                    [36m/>[39m
                    [36m<line[39m
                      [33mx1[39m=[32m"16"[39m
                      [33mx2[39m=[32m"16"[39m
                      [33my1[39m=[32m"2"[39m
                      [33my2[39m=[32m"6"[39m
                    [36m/>[39m
                    [36m<line[39m
                      [33mx1[39m=[32m"8"[39m
                      [33mx2[39m=[32m"8"[39m
                      [33my1[39m=[32m"2"[39m
                      [33my2[39m=[32m"6"[39m
                    [36m/>[39m
                    [36m<line[39m
                      [33mx1[39m=[32m"3"[39m
                      [33mx2[39m=[32m"21"[39m
                      [33my1[39m=[32m"10"[39m
                      [33my2[39m=[32m"10"[39m
                    [36m/>[39m
                  [36m</svg>[39m
                  [36m<input[39m
                    [33maria-label[39m=[32m"Any date"[39m
                    [33mclass[39m=[32m"date-field"[39m
                    [33mid[39m=[32m"connect-to-month"[39m
                    [33mplaceholder[39m=[32m"Any date"[39m
                    [33mtype[39m=[32m"text"[39m
                    [33mvalue[39m=[32m""[39m
                  [36m/>[39m
                [36m</div>[39m
              [36m</div>[39m
            [36m</label>[39m
            [36m<button[39m
              [33mclass[39m=[32m"btn-secondary"[39m
              [33mtype[39m=[32m"submit"[39m
            [36m>[39m
              [0mRefresh summary[0m
            [36m</button>[39m
            [36m<button[39m
              [33mclass[39m=[32m"btn-secondary"[39m
              [33mtype[39m=[32m"button"[39m
            [36m>[39m
              [0mSign out[0m
            [36m</button>[39m
          [36m</form>[39m
          [36m<div[39m
            [33mclass[39m=[32m"import-panel"[39m
          [36m>[39m
            [36m<label[39m
              [33mclass[39m=[32m"import-picker"[39m
            [36m>[39m
              [0mImport history JSON[0m
              [36m<input[39m
                [33maccept[39m=[32m"application/json,.json"[39m
                [33mtype[39m=[32m"file"[39m
              [36m/>[39m
            [36m</label>[39m
          [36m</div>[39m
          [36m<div[39m
            [33mclass[39m=[32m"empty-state "[39m
          [36m>[39m
            [36m<div[39m
              [33maria-hidden[39m=[32m"true"[39m
              [33mclass[39m=[32m"empty-state-icon"[39m
            [36m>[39m
              [36m<svg[39m
                [33maria-hidden[39m=[32m"true"[39m
                [33mfill[39m=[32m"none"[39m
                [33mstroke[39m=[32m"currentColor"[39m
                [33mstroke-linecap[39m=[32m"round"[39m
                [33mstroke-linejoin[39m=[32m"round"[39m
                [33mstroke-width[39m=[32m"1.5"[39m
                [33mviewBox[39m=[32m"0 0 24 24"[39m
              [36m>[39m
                [36m<path[39m
                  [33md[39m=[32m"M9 10h.01"[39m
                [36m/>[39m
                [36m<path[39m
                  [33md[39m=[32m"M15 10h.01"[39m
                [36m/>[39m
                [36m<path[39m
                  [33md[39m=[32m"M12 2a8 8 0 0 0-8 8v12l3-3 2.5 2.5L12 19l2.5 2.5L17 19l3 3V10a8 8 0 0 0-8-8z"[39m
                [36m/>[39m
              [36m</svg>[39m
            [36m</div>[39m
            [36m<h3[39m
              [33mclass[39m=[32m"empty-state-title"[39m
            [36m>[39m
              [0mIt's quiet in here[0m
            [36m</h3>[39m
            [36m<p[39m
              [33mclass[39m=[32m"empty-state-description"[39m
            [36m>[39m
              [0mWe couldn't find any scrobbles for this date range.[0m
            [36m</p>[39m
          [36m</div>[39m
          [36m<section[39m
            [33maria-labelledby[39m=[32m"charts-panel-heading"[39m
            [33mclass[39m=[32m"charts-panel"[39m
          [36m>[39m
            [36m<div[39m
              [33mclass[39m=[32m"section-heading"[39m
            [36m>[39m
              [36m<div>[39m
                [36m<h2[39m
                  [33mid[39m=[32m"charts-panel-heading"[39m
                [36m>[39m
                  [0mTop charts[0m
                [36m</h2>[39m
              [36m</div>[39m
            [36m</div>[39m
            [36m<div[39m
              [33mclass[39m=[32m"charts-controls"[39m
            [36m>[39m
              [36m<div[39m
                [33mclass[39m=[32m"charts-control-group"[39m
              [36m>[39m
                [36m<label[39m
                  [33mclass[39m=[32m"charts-control-label"[39m
                  [33mfor[39m=[32m"charts-entity-select"[39m
                [36m>[39m
                  [0mChart[0m
                [36m</label>[39m
                [36m<div[39m
                  [33maria-label[39m=[32m"Chart options"[39m
                  [33mclass[39m=[32m"segmented-tabs"[39m
                  [33mrole[39m=[32m"tablist"[39m
                [36m>[39m
                  [36m<button[39m
                    [33maria-selected[39m=[32m"true"[39m
                    [33mclass[39m=[32m"segmented-tab active"[39m
                    [33mrole[39m=[32m"tab"[39m
                    [33mtype[39m=[32m"button"[39m
                  [36m>[39m
                    [0mArtists[0m
                  [36m</button>[39m
                  [36m<button[39m
                    [33maria-selected[39m=[32m"false"[39m
                    [33mclass[39m=[32m"segmented-tab "[39m
                    [33mrole[39m=[32m"tab"[39m
                    [33mtype[39m=[32m"button"[39m
                  [36m>[39m
                    [0mTracks[0m
                  [36m</button>[39m
                  [36m<button[39m
                    [33maria-selected[39m=[32m"false"[39m
                    [33mclass[39m=[32m"segmented-tab "[39m
                    [33mrole[39m=[32m"tab"[39m
                    [33mtype[39m=[32m"button"[39m
                  [36m>[39m
                    [0mAlbums[0m
                  [36m</button>[39m
                [36m</div>[39m
                [36m<select[39m
                  [33maria-label[39m=[32m"Chart"[39m
                  [33mclass[39m=[32m"visually-hidden-accessible"[39m
                  [33mid[39m=[32m"charts-entity-select"[39m
                [36m>[39m
                  [36m<option[39m
                    [33mvalue[39m=[32m"artists"[39m
                  [36m>[39m
                    [0mArtists[0m
                  [36m</option>[39m
                  [36m<option[39m
                    [33mvalue[39m=[32m"tracks"[39m
                  [36m>[39m
                    [0mTracks[0m
                  [36m</option>[39m
                  [36m<option[39m
                    [33mvalue[39m=[32m"albums"[39m
                  [36m>[39m
                    [0mAlbums[0m
                  [36m</option>[39m
                [36m</select>[39m
              [36m</div>[39m
              [36m<div[39m
                [33mclass[39m=[32m"charts-control-group"[39m
              [36m>[39m
                [36m<label[39m
                  [33mclass[39m=[32m"charts-control-label"[39m
                  [33mfor[39m=[32m"charts-range-select"[39m
                [36m>[39m
                  [0mRange[0m
                [36m</label>[39m
                [36m<div[39m
                  [33maria-label[39m=[32m"Range options"[39m
                  [33mclass[39m=[32m"segmented-tabs"[39m
                  [33mrole[39m=[32m"tablist"[39m
                [36m>[39m
                  [36m<button[39m
                    [33maria-selected[39m=[32m"false"[39m
                    [33mclass[39m=[32m"segmented-tab "[39m
                    [33mrole[39m=[32m"tab"[39m
                    [33mtype[39m=[32m"button"[39m
                  [36m>[39m
                    [0m7 days[0m
                  [36m</button>[39m
                  [36m<button[39m
                    [33maria-selected[39m=[32m"false"[39m
                    [33mclass[39m=[32m"segmented-tab "[39m
                    [33mrole[39m=[32m"tab"[39m
                    [33mtype[39m=[32m"button"[39m
                  [36m>[39m
                    [0m1 month[0m
                  [36m</button>[39m
                  [36m<button[39m
                    [33maria-selected[39m=[32m"false"[39m
                    [33mclass[39m=[32m"segmented-tab "[39m
                    [33mrole[39m=[32m"tab"[39m
                    [33mtype[39m=[32m"button"[39m
                  [36m>[39m
                    [0m12 months[0m
                  [36m</button>[39m
                  [36m<button[39m
                    [33maria-selected[39m=[32m"true"[39m
                    [33mclass[39m=[32m"segmented-tab active"[39m
                    [33mrole[39m=[32m"tab"[39m
                    [33mtype[39m=[32m"button"[39m
                  [36m>[39m
                    [0mOverall[0m
                  [36m</button>[39m
                [36m</div>[39m
                [36m<select[39m
                  [33maria-label[39m=[32m"Range"[39m
                  [33mclass[39m=[32m"visually-hidden-accessible"[39m
                  [33mid[39m=[32m"charts-range-select"[39m
                [36m>[39m
                  [36m<option[39m
                    [33mvalue[39m=[32m"7day"[39m
                  [36m>[39m
                    [0m7 days[0m
                  [36m</option>[39m
                  [36m<option[39m
                    [33mvalue[39m=[32m"1month"[39m
                  [36m>[39m
                    [0m1 month[0m
                  [36m</option>[39m
                  [36m<option[39m
                    [33mvalue[39m=[32m"12month"[39m
                  [36m>[39m
                    [0m12 months[0m
                  [36m</option>[39m
                  [36m<option[39m
                    [33mvalue[39m=[32m"overall"[39m
                  [36m>[39m
                    [0mOverall[0m
                  [36m</option>[39m
                [36m</select>[39m
              [36m</div>[39m
            [36m</div>[39m
            [36m<p[39m
              [33mclass[39m=[32m"notice"[39m
            [36m>[39m
              [0mNo plays found for this range.[0m
            [36m</p>[39m
          [36m</section>[39m
        [36m</section>[39m
      [36m</main>[39m
    [36m</div>[39m
  [36m</body>[39m
[36m</html>[39m
 ❯ Proxy.waitForWrapper node_modules/@testing-library/dom/dist/wait-for.js:163:27
 ❯ src/App.test.jsx:156:11
    154|     fireEvent.change(screen.getByLabelText('Development user ID'), { t…
    155|     fireEvent.submit(screen.getByRole('button', { name: 'Sign in' }).c…
    156|     await waitFor(() => expect(screen.getByText('No listens found for …
       |           ^
    157| 
    158|     const entries = [{ artist: 'The Sherlocks', song: 'Everything Must…

⎯⎯⎯⎯⎯⎯⎯⎯⎯⎯⎯⎯⎯⎯⎯⎯⎯⎯⎯⎯⎯⎯⎯⎯[3/8]⎯

 FAIL  src/libraryRows.test.js > Library List Row Density per DESIGN.md > styles title as 15px bold (#111111, 600) and subtitle as 12px label (#888888)
AssertionError: expected ':root {\n  --color-primary: #0066ff;\…' to match /\.library-row-copy strong\s*\{[^}]*co…/

- Expected: 
/\.library-row-copy strong\s*\{[^}]*color:\s*#111111/

+ Received: 
":root {
  --color-primary: #0066ff;
  --color-accent: #0066ff;
  --color-accent-soft: rgba(0, 102, 255, 0.08);
  --color-accent-hover: #0052cc;
  --color-ink: #111111;
  --color-muted: #888888;
  --color-canvas: #f7f7f7;
  --color-surface: #ffffff;
  --color-surface-raised: #ffffff;
  --color-border: #e5e5e5;
  --color-border-subtle: #f0f0f0;
  --color-focus: #0066ff;
  --color-danger: #d32f2f;
  --color-danger-soft: #fde8e8;
  --color-warning: #d97706;
  --color-warning-soft: #fef3c7;
  --color-spotify: #1db954;
  --color-spotify-bg: rgba(29, 185, 84, 0.1);
  --color-youtube: #ff0000;
  --color-youtube-bg: rgba(255, 0, 0, 0.1);
  --radius-sm: 8px;
  --radius-md: 12px;
  font-family: 'Inter', -apple-system, BlinkMacSystemFont, 'Segoe UI', Roboto, sans-serif;
  color: #111111;
  background: var(--color-canvas);
  line-height: 1.5;
  font-weight: 400;
  font-size: 14px;
}

@media (prefers-color-scheme: dark) {
  :root {
    --color-ink: #f7f7f7;
    --color-muted: #a0a0a0;
    --color-canvas: #111111;
    --color-surface: #1e1e1e;
    --color-surface-raised: #2a2a2a;
    --color-border: #333333;
    --color-border-subtle: #222222;
    --color-danger-soft: rgba(211, 47, 47, 0.15);
    --color-warning-soft: rgba(217, 119, 6, 0.15);
    --color-accent-soft: rgba(0, 102, 255, 0.15);
  }
}

* {
  box-sizing: border-box;
}

body {
  margin: 0;
  min-height: 100vh;
  background: var(--color-canvas);
  color: var(--color-ink);
  font-family: inherit;
  font-size: 14px;
}

p {
  color: var(--color-ink);
}

#root {
  min-height: 100vh;
}

.app-shell {
  min-height: 100vh;
  max-width: 1180px;
  margin: 0 auto;
  padding: clamp(2rem, 5vw, 3.5rem) clamp(1rem, 4vw, 2rem) 5rem;
}

/* ─── Topbar Navigation ────────────────────────────────────────────────────────── */
.topbar {
  display: flex;
  align-items: flex-end;
  justify-content: space-between;
  gap: 2rem;
  margin-bottom: 3.5rem;
}

.topbar-brand {
  display: flex;
  align-items: center;
}

.topbar-logo {
  height: 52px;
  width: auto;
  display: block;
}

.topbar-nav {
  align-items: center;
  display: flex;
  gap: 0.5rem;
}

.topbar-nav a {
  color: var(--color-muted);
  font: 600 0.8rem inherit, sans-serif;
  text-decoration: none;
  text-transform: uppercase;
  letter-spacing: 0.04em;
}

.nav-link {
  border-radius: var(--radius-sm);
  padding: 0.5rem 0.85rem;
  transition: background-color 140ms ease, color 140ms ease;
}

.nav-link:hover {
  background: rgba(0, 0, 0, 0.04);
  color: var(--color-ink);
}

.nav-link-active {
  background: var(--color-accent);
  color: #ffffff !important;
}

.nav-link-active:hover {
  background: var(--color-accent);
  color: #ffffff !important;
}

.nav-link:focus-visible {
  outline: 2px solid var(--color-focus);
  outline-offset: 2px;
}

.nav-menu-toggle {
  display: none;
}

@media (max-width: 720px) {
  /* Logo stays left, the toggle button stays right, on one row; the opened
     menu (flex-basis: 100%) wraps onto its own full-width line below rather
     than fighting the logo and toggle for space as a third row item. */
  .topbar {
    flex-direction: row;
    justify-content: space-between;
    align-items: center;
    flex-wrap: wrap;
  }

  .nav-menu-toggle {
    background: transparent;
    border: 0.5px solid var(--color-border);
    border-radius: var(--radius-sm);
    color: var(--color-ink);
    display: inline-flex;
    align-items: center;
    justify-content: center;
    min-height: 44px;
    min-width: 44px;
    font: 600 0.75rem inherit, sans-serif;
    padding: 0.4rem 0.8rem;
    text-transform: uppercase;
    cursor: pointer;
  }

  .topbar-nav {
    display: none;
    flex-direction: column;
    align-items: flex-start;
    gap: 0.5rem;
    margin-top: 1rem;
    width: 100%;
    flex-basis: 100%;
  }

  .topbar-nav-open {
    display: flex;
  }
}

/* ─── Typography & Headings ─────────────────────────────────────────────────── */
.eyebrow,
.section-kicker {
  text-transform: uppercase;
  letter-spacing: 0.08em;
  color: var(--color-muted);
  font-size: 0.75rem;
  font-weight: 600;
  margin: 0 0 0.5rem;
}

h1, h2, h3, h4, h5, h6 {
  color: var(--color-ink);
}

h1 {
  max-width: 650px;
  font-size: clamp(2rem, 5vw, 3.5rem);
  line-height: 1.1;
  font-weight: 600;
  letter-spacing: -0.02em;
  margin: 0;
  color: var(--color-ink);
}

h2 {
  font-size: 1.35rem;
  font-weight: 600;
  letter-spacing: -0.02em;
  margin: 0;
  color: var(--color-ink);
}

h3 {
  font-size: 1.1rem;
  font-weight: 600;
  margin: 0;
  color: var(--color-ink);
}

.status-mark {
  border: 0.5px solid var(--color-border);
  border-radius: var(--radius-sm);
  color: var(--color-muted);
  font: 600 0.75rem/1 inherit, sans-serif;
  padding: 0.5rem 0.8rem;
  white-space: nowrap;
}

/* ─── Panels & Cards ────────────────────────────────────────────────────────── */
.card {
  background: var(--color-surface);
  border: 0.5px solid var(--color-border);
  border-radius: var(--radius-md);
  box-shadow: none;
  padding: 16px;
}

.dashboard {
  background: var(--color-surface);
  border: 0.5px solid var(--color-border);
  border-radius: var(--radius-md);
  box-shadow: none;
  padding: 16px;
}

.section-heading {
  display: flex;
  align-items: baseline;
  justify-content: space-between;
  gap: 1rem;
  margin-bottom: 1.5rem;
}

.month-count {
  color: var(--color-muted);
  font-size: 0.85rem;
}

/* ─── Forms, Controls & Segmented Tabs ────────────────────────────────────────── */
.filters {
  align-items: end;
  display: grid;
  gap: 1rem;
  grid-template-columns: minmax(220px, 1.6fr) repeat(2, minmax(130px, 0.7fr)) auto;
  margin-bottom: 2rem;
}

.date-range-selector {
  align-items: center;
  display: flex;
  flex-wrap: wrap;
  gap: 0.75rem 1rem;
  margin-bottom: 1.5rem;
}

.date-range-segmented-group {
  display: flex;
  flex-direction: column;
  gap: 0.45rem;
}

.date-range-custom-wrapper {
  position: relative;
  display: flex;
  align-items: center;
}

.date-range-pill {
  display: inline-flex;
  align-items: center;
  gap: 0.5rem;
  padding: 6px 14px;
  min-height: 36px;
  border: 0.5px solid var(--color-border);
  border-radius: 9999px;
  background: var(--color-surface);
  font: 500 0.85rem 'Inter', -apple-system, BlinkMacSystemFont, sans-serif;
  color: var(--color-ink);
  cursor: pointer;
  transition: all 0.15s ease;
  white-space: nowrap;
}

.date-range-pill:hover {
  border-color: var(--color-accent);
  background: #fdfdfd;
}

.date-range-pill.active {
  border-color: var(--color-accent);
  box-shadow: none;
}

.date-range-pill .calendar-icon {
  color: var(--color-muted);
  flex-shrink: 0;
}

.date-range-pill-text {
  font-weight: 500;
}

.date-range-pill .pill-chevron {
  color: var(--color-muted);
  margin-left: 2px;
}

.date-range-popover {
  position: absolute;
  top: calc(100% + 8px);
  left: 0;
  z-index: 100;
  background: var(--color-surface);
  border: 0.5px solid var(--color-border);
  border-radius: var(--radius-md);
  box-shadow: none;
  padding: 16px;
  width: 320px;
  max-width: 90vw;
}

.date-range-custom-inputs {
  display: flex;
  align-items: center;
  gap: 0.5rem;
  margin-bottom: 0.5rem;
}

.date-range-custom-inputs label {
  flex: 1;
  margin: 0;
}

.date-range-arrow {
  color: var(--color-muted);
  font-weight: 600;
  padding-top: 1rem;
}

/* ─── Date Field Component ─────────────────────────────────────────────────── */
.date-field {
  padding: 8px 12px;
  height: 36px;
  border: 0.5px solid var(--color-border);
  border-radius: 8px;
  font-family: 'Inter', -apple-system, BlinkMacSystemFont, sans-serif;
  font-size: 14px;
  color: var(--color-ink);
  background: var(--color-surface);
  box-sizing: border-box;
  width: 100%;
}

.date-field:focus {
  border-color: var(--color-accent);
  outline: 2px solid var(--color-focus);
  outline-offset: 1px;
}

.date-field::placeholder {
  color: var(--color-muted);
  font-weight: 400;
}

.date-field-wrapper {
  display: flex;
  flex-direction: column;
  gap: 0.35rem;
}

.date-field-label {
  color: var(--color-muted);
  font-size: 0.75rem;
  font-weight: 600;
  letter-spacing: 0.04em;
  text-transform: uppercase;
}

.date-field-box {
  position: relative;
  display: flex;
  align-items: center;
}

.date-field-box .date-field {
  padding-left: 32px;
}

.date-field-calendar-icon {
  position: absolute;
  left: 10px;
  color: var(--color-muted);
  pointer-events: none;
}

/* ─── Calendar Picker ──────────────────────────────────────────────────────── */
.calendar-picker {
  border-top: 0.5px solid var(--color-border);
  padding-top: 0.75rem;
  margin-top: 0.5rem;
}

.calendar-header {
  display: flex;
  align-items: center;
  justify-content: space-between;
  margin-bottom: 0.5rem;
}

.calendar-month-title {
  font-size: 0.875rem;
  font-weight: 600;
  color: var(--color-ink);
}

.calendar-nav-btn {
  display: flex;
  align-items: center;
  justify-content: center;
  width: 28px;
  height: 28px;
  padding: 0;
  background: transparent;
  border: 0.5px solid var(--color-border);
  border-radius: var(--radius-sm);
  color: var(--color-muted);
  cursor: pointer;
}

.calendar-nav-btn:hover {
  background: #f5f5f5;
  color: var(--color-ink);
}

.calendar-weekdays {
  display: grid;
  grid-template-columns: repeat(7, 1fr);
  text-align: center;
  font-size: 0.7rem;
  font-weight: 600;
  color: var(--color-muted);
  margin-bottom: 0.25rem;
}

.calendar-grid {
  display: grid;
  grid-template-columns: repeat(7, 1fr);
  gap: 2px;
}

.calendar-cell-empty {
  height: 28px;
}

.calendar-day-btn {
  height: 28px;
  padding: 0;
  display: flex;
  align-items: center;
  justify-content: center;
  background: transparent;
  border: 0;
  border-radius: 4px;
  font-size: 0.8rem;
  font-family: inherit;
  color: var(--color-ink);
  cursor: pointer;
  transition: background 0.1s ease;
}

.calendar-day-btn:hover:not(.calendar-day-start):not(.calendar-day-end) {
  background: rgba(0, 0, 0, 0.05);
}

.calendar-day-start,
.calendar-day-end {
  background: var(--color-accent) !important;
  color: #ffffff !important;
  font-weight: 600;
}

.calendar-day-range {
  background: rgba(0, 102, 255, 0.1);
  border-radius: 0;
}

.calendar-day-today {
  font-weight: 700;
  text-decoration: underline;
}

.calendar-presets-row {
  display: flex;
  flex-wrap: wrap;
  align-items: center;
  gap: 0.35rem;
  margin-top: 0.75rem;
  padding-top: 0.5rem;
  border-top: 0.5px solid var(--color-border);
}

.calendar-preset-chip {
  padding: 3px 8px;
  font-size: 0.7rem;
  font-weight: 500;
  background: #f2f2f2;
  border: 0.5px solid var(--color-border);
  border-radius: 4px;
  color: var(--color-ink);
  cursor: pointer;
}

.calendar-preset-chip:hover {
  background: #e8e8e8;
}

.calendar-done-btn {
  margin-left: auto;
  padding: 3px 10px;
  font-size: 0.75rem;
  font-weight: 600;
  background: var(--color-accent);
  color: var(--color-surface);
  border: 0;
  border-radius: 4px;
  cursor: pointer;
}

.date-range-compare {
  align-items: center;
  display: flex !important;
  flex-direction: row !important;
  gap: 0.5rem;
  min-height: 2.5rem;
  font-size: 0.85rem;
  color: var(--color-ink);
  cursor: pointer;
}

.date-range-compare input {
  height: 16px;
  min-height: 16px;
  width: 16px;
  min-width: 16px;
  padding: 0;
  margin: 0;
  accent-color: var(--color-accent);
  cursor: pointer;
}

label {
  color: var(--color-ink);
  display: flex;
  flex-direction: column;
  font-size: 12px;
  font-weight: 500;
  gap: 4px;
  letter-spacing: normal;
}

input,
select,
textarea {
  background: var(--color-surface);
  border: 0.5px solid var(--color-border);
  border-radius: var(--radius-sm);
  color: var(--color-ink);
  font: 14px inherit, system-ui, sans-serif;
  min-height: 2.5rem;
  padding: 0.5rem 0.75rem;
}

input:focus {
  border-color: var(--color-accent);
  outline: 2px solid var(--color-focus);
  outline-offset: 1px;
}

button {
  background: var(--color-accent);
  border: 0.5px solid transparent;
  border-radius: var(--radius-sm);
  color: var(--color-surface);
  cursor: pointer;
  font-size: 0.75rem;
  font-weight: 600;
  min-height: 2.5rem;
  padding: 0.6rem 1rem;
  text-transform: uppercase;
  letter-spacing: 0.04em;
  transition: background-color 140ms ease, opacity 140ms ease;
  box-shadow: none;
}

button:hover:not(:disabled) {
  background: var(--color-accent-hover);
}

button:active:not(:disabled) {
  transform: none;
}

button:focus-visible,
select:focus-visible,
input:focus-visible,
a:focus-visible {
  outline: 2px solid var(--color-focus);
  outline-offset: 2px;
}

button.btn-secondary {
  background: transparent;
  border-color: var(--color-border);
  color: var(--color-ink);
}

button.btn-secondary:hover:not(:disabled) {
  background: rgba(0, 0, 0, 0.04);
}


button:disabled {
  cursor: not-allowed;
  opacity: 0.6;
}

/* ─── Segmented Tabs ────────────────────────────────────────────────────────── */
.segmented-tabs {
  display: inline-flex;
  align-items: center;
  background: transparent;
  border: 0.5px solid var(--color-border);
  border-radius: var(--radius-sm);
  padding: 2px;
  gap: 2px;
  max-width: 100%;
  overflow-x: auto;
  -webkit-overflow-scrolling: touch;
}

.segmented-tab {
  background: transparent;
  border: 0;
  border-radius: var(--radius-sm);
  color: var(--color-muted);
  font-family: inherit;
  font-size: 0.75rem;
  font-weight: 700;
  letter-spacing: 0.12em;
  text-transform: uppercase;
  min-height: 32px;
  padding: 0.35rem 0.75rem;
  cursor: pointer;
  white-space: nowrap;
  transition: background-color 120ms ease, color 120ms ease;
  box-shadow: none;
  flex: 0 0 auto;
  width: auto;
}

.segmented-tab:hover:not(.active):not(:disabled) {
  color: var(--color-ink);
  background: #f0f0f0;
}

.segmented-tab.active {
  background: var(--color-accent);
  color: var(--color-surface);
  font-weight: 700;
}

.visually-hidden-accessible {
  position: absolute !important;
  width: 1px !important;
  height: 1px !important;
  padding: 0 !important;
  margin: -1px !important;
  overflow: hidden !important;
  clip: rect(0, 0, 0, 0) !important;
  white-space: nowrap !important;
  border: 0 !important;
}

/* ─── Notices & Summaries ───────────────────────────────────────────────────── */
.notice {
  background: #f0f0f0;
  border: 0.5px solid var(--color-border);
  border-radius: var(--radius-sm);
  color: var(--color-ink);
  margin: 0;
  padding: 0.85rem 1rem;
  font-size: 0.85rem;
}

.notice-error {
  background: var(--color-danger-soft);
  border-color: rgba(211, 47, 47, 0.3);
  color: var(--color-danger);
}

.import-summary {
  background: var(--color-surface);
  border: 0.5px solid var(--color-border);
  border-radius: var(--radius-md);
  box-shadow: none;
  font: 0.85rem inherit, sans-serif;
  margin-top: 1rem;
  padding: 16px;
}

.import-summary-error {
  background: var(--color-danger-soft);
  border-color: rgba(211, 47, 47, 0.3);
}

.import-summary-heading {
  margin: 0 0 0.75rem;
  font-weight: 600;
}

.import-summary-counts {
  display: flex;
  gap: 1.5rem;
  margin: 0 0 0.75rem;
}

.import-summary-counts div {
  display: flex;
  flex-direction: column;
  gap: 0.2rem;
}

.import-summary-counts dt {
  color: var(--color-muted);
  font-size: 0.72rem;
  text-transform: uppercase;
}

.import-summary-counts dd {
  font-size: 1.1rem;
  font-weight: 700;
  margin: 0;
}

.import-summary-dismiss {
  background: transparent;
  border: 0;
  border-radius: var(--radius-sm);
  color: var(--color-accent);
  min-height: auto;
  padding: 0.35rem 0.5rem;
  margin-left: -0.5rem;
  text-decoration: underline;
  cursor: pointer;
}

.import-summary-dismiss:hover:not(:disabled),
.import-summary-dismiss:focus-visible {
  background: rgba(0, 0, 0, 0.04);
  color: var(--color-ink);
}

.import-summary-dismiss:focus-visible {
  outline: 2px solid var(--color-focus);
  outline-offset: 2px;
}

/* ─── Scrobbles & Lists ─────────────────────────────────────────────────────── */
.scrobble-list {
  background: var(--color-surface);
  border: 0.5px solid var(--color-border);
  border-radius: var(--radius-md);
  box-shadow: none;
  font: 0.85rem inherit, sans-serif;
  margin-top: 1.5rem;
  padding: 16px;
}

.scrobble-list h3 {
  color: var(--color-muted);
  font-size: 0.75rem;
  font-weight: 600;
  margin: 0 0 0.75rem;
  text-transform: uppercase;
  letter-spacing: 0.06em;
}

.scrobble-list ul {
  list-style: none;
  margin: 0;
  padding: 0;
}

.scrobble-row {
  align-items: center;
  border-top: 0.5px solid var(--color-border);
  display: flex;
  gap: 0.9rem;
  padding: 0.55rem 0;
}

.source-badge {
  display: inline-flex;
  align-items: center;
  justify-content: center;
  border-radius: 50%;
  background: var(--color-surface);
  border: 0.5px solid var(--color-border);
  overflow: hidden;
  flex-shrink: 0;
  line-height: 0;
  user-select: none;
}

.source-badge svg {
  width: 100%;
  height: 100%;
  display: block;
}

.source-badge-grid {
  position: absolute;
  bottom: 6px;
  right: 6px;
  width: 20px;
  height: 20px;
  border: 2px solid #FFFFFF;
  z-index: 5;
}

.source-badge-list,
.source-badge-sm {
  width: 16px;
  height: 16px;
  border: 1.5px solid #FFFFFF;
  vertical-align: middle;
}

.library-row-subtitle {
  display: inline-flex;
  align-items: center;
  gap: 6px;
  min-width: 0;
}

.scrobble-track {
  font-weight: 600;
  color: var(--color-ink);
}

.scrobble-artist {
  color: var(--color-muted);
}

.scrobble-copy {
  display: grid;
  flex: 1 1 auto;
  gap: 0.15rem;
  min-width: 0;
}

.scrobble-copy strong,
.scrobble-copy small {
  overflow: hidden;
  text-overflow: ellipsis;
  white-space: nowrap;
}

.profile-connect {
  background: var(--color-surface);
  border: 0.5px solid var(--color-border);
  border-radius: var(--radius-md);
  box-shadow: none;
  display: grid;
  gap: 0.85rem;
  padding: 16px;
}

/* ─── Settings Page ─────────────────────────────────────────────────────────── */
.settings-form {
  background: var(--color-surface);
  border: 0.5px solid var(--color-border);
  border-radius: var(--radius-md);
  box-shadow: none;
  display: grid;
  gap: 1rem;
  max-width: 38rem;
  padding: 16px;
}

.settings-form label {
  color: var(--color-ink);
  display: flex;
  flex-direction: column;
  font-size: 12px;
  font-weight: 500;
  letter-spacing: normal;
  line-height: 1.4;
  text-transform: none;
  gap: 4px;
}

.settings-form select,
.settings-form input:not([type=\"checkbox\"]):not([type=\"radio\"]) {
  background: var(--color-surface);
  border: 0.5px solid var(--color-border);
  border-radius: 8px;
  box-shadow: none;
  box-sizing: border-box;
  color: var(--color-ink);
  font: 14px/20px inherit, system-ui, sans-serif;
  height: 36px;
  min-height: 36px;
  padding: 8px 12px;
  transition: border-color 140ms ease, box-shadow 140ms ease;
}

.settings-form select:focus-visible,
.settings-form input:not([type=\"checkbox\"]):not([type=\"radio\"]):focus-visible {
  border-color: var(--color-accent);
  outline: 2px solid var(--color-focus);
  outline-offset: 1px;
}

.settings-checkbox {
  align-items: center;
  display: flex !important;
  flex-direction: row !important;
  gap: 0.6rem;
  cursor: pointer;
}

.settings-checkbox input {
  height: 16px;
  min-height: 16px;
  width: 16px;
  min-width: 16px;
  padding: 0;
  margin: 0;
  accent-color: var(--color-accent);
  cursor: pointer;
}

.settings-form label:has(input[type=\"radio\"]) {
  flex-direction: row;
  align-items: center;
  gap: 0.4rem;
  cursor: pointer;
}

.settings-form input[type=\"radio\"] {
  height: 16px;
  min-height: 16px;
  width: 16px;
  min-width: 16px;
  padding: 0;
  margin: 0;
  accent-color: var(--color-accent);
  cursor: pointer;
}

.settings-link {
  color: var(--color-accent);
  font: 600 0.8rem inherit, sans-serif;
  text-transform: uppercase;
  letter-spacing: 0.04em;
  text-decoration: none;
}

.settings-tabs {
  margin-bottom: 1.5rem;
}

.settings-tab {
  white-space: nowrap;
}

.settings-tab.destructive {
  color: #dc2626;
  border-color: rgba(220, 38, 38, 0.4);
}

.settings-tab.destructive.active {
  background: #dc2626;
  border-color: #dc2626;
  color: #FFFFFF;
}

.settings-tab.destructive:hover:not(.active):not(:disabled) {
  background: rgba(220, 38, 38, 0.06);
  border-color: #dc2626;
}

.settings-blocks {
  margin-top: 1.5rem;
}

.settings-blocks h2 {
  font-size: 1.2rem;
  margin: 0;
}

.settings-danger-zone {
  border: 0.5px solid rgba(211, 47, 47, 0.4);
  border-radius: var(--radius-md);
  box-shadow: none;
  margin-top: 0;
  padding: 16px;
  background: var(--color-surface);
}

.settings-danger-zone h2 {
  color: var(--color-danger);
  font-size: 1.2rem;
  margin: 0 0 0.5rem;
}

.notice-warning {
  background: var(--color-warning-soft);
  border-left: 3px solid var(--color-warning);
}

.danger-button {
  background: var(--color-danger);
  color: var(--color-surface);
  width: fit-content;
}

.danger-button:hover:not(:disabled) {
  background: #b71c1c;
}

button.btn-secondary {
  background: transparent;
  border-color: var(--color-border);
  color: var(--color-ink);
}

button.btn-secondary:hover:not(:disabled) {
  background: rgba(0, 0, 0, 0.04);
}


.danger-button:disabled {
  cursor: wait;
  opacity: 0.65;
}

.blocked-list {
  display: grid;
  gap: 0.25rem;
  list-style: none;
  margin: 0;
  padding: 0;
}

.blocked-list li {
  align-items: center;
  border-top: 0.5px solid var(--color-border);
  display: flex;
  gap: 1rem;
  justify-content: space-between;
  padding: 0.55rem 0;
}

.blocked-copy {
  display: grid;
  gap: 0.1rem;
  min-width: 0;
}

.blocked-copy small {
  color: var(--color-muted);
  font: 0.72rem inherit, sans-serif;
  text-transform: uppercase;
}

.blocked-unblock {
  background: transparent;
  border: 0.5px solid var(--color-border);
  color: var(--color-ink);
  min-height: 36px;
  padding: 0.35rem 0.85rem;
  width: auto;
  cursor: pointer;
  border-radius: var(--radius-sm);
  font-size: 0.75rem;
}

.blocked-unblock:hover {
  border-color: var(--color-accent);
  color: var(--color-accent);
}

/* ─── Entry Menu (Dropdown) ─────────────────────────────────────────────────── */
.entry-menu {
  position: relative;
}

.entry-menu-toggle {
  background: transparent;
  border: 0;
  color: var(--color-muted);
  font-size: 1.25rem;
  min-height: 44px;
  min-width: 44px;
  display: inline-flex;
  align-items: center;
  justify-content: center;
  padding: 0.25rem;
  cursor: pointer;
  border-radius: var(--radius-sm);
  transition: color 140ms ease;
}

.entry-menu-toggle:hover {
  color: var(--color-ink);
}

.entry-menu-panel {
  background: var(--color-surface);
  border: 0.5px solid var(--color-border);
  border-radius: var(--radius-sm);
  box-shadow: none;
  display: grid;
  gap: 0.2rem;
  min-width: 11rem;
  padding: 0.4rem;
  position: absolute;
  right: 0;
  top: 100%;
  z-index: 30;
}

.entry-menu-panel > button {
  background: transparent;
  border: 0;
  border-radius: calc(var(--radius-sm) - 2px);
  color: var(--color-ink);
  font: 500 0.8rem inherit, sans-serif;
  min-height: auto;
  padding: 0.5rem 0.65rem;
  text-align: left;
  text-transform: none;
  letter-spacing: normal;
  width: 100%;
}

.entry-menu-panel > button:hover {
  background: rgba(0, 102, 255, 0.08);
  color: var(--color-accent);
}

.entry-menu-confirm {
  display: grid;
  gap: 0.5rem;
  padding: 0.4rem;
}

.entry-menu-confirm p {
  font: 0.78rem/1.4 inherit, sans-serif;
  margin: 0;
}

.entry-menu-confirm-actions {
  display: flex;
  gap: 0.4rem;
}

.entry-menu-confirm-actions button {
  min-height: 2.1rem;
  padding: 0.35rem 0.7rem;
  width: auto;
}

.entry-menu-cancel {
  background: transparent !important;
  border: 0.5px solid var(--color-border) !important;
  color: var(--color-ink) !important;
}

.entry-menu-notice {
  color: var(--color-danger);
  font: 0.75rem inherit, sans-serif;
  margin: 0;
  padding: 0 0.4rem 0.3rem;
}

/* ─── Profile Page ──────────────────────────────────────────────────────────── */
.profile-card {
  background: var(--color-surface);
  border: 0.5px solid var(--color-border);
  border-radius: var(--radius-md);
  box-shadow: none;
  display: grid;
  gap: 1rem;
  padding: 16px;
}

.profile-username {
  color: var(--color-ink);
  font-size: 1.25rem;
  font-weight: 600;
  margin: 0;
}

.profile-display-name {
  color: var(--color-muted);
  margin: 0;
}

.profile-stats {
  display: flex;
  gap: 2rem;
  margin: 0;
}

.profile-stats div {
  display: flex;
  flex-direction: column;
  gap: 0.2rem;
}

.profile-stats dt {
  color: var(--color-muted);
  font-size: 0.72rem;
  text-transform: uppercase;
}

.profile-stats dd {
  font-size: 1.1rem;
  font-weight: 700;
  margin: 0;
}

.follow-button {
  justify-self: start;
}

.profile-button-row {
  display: flex;
  align-items: center;
  gap: 0.75rem;
  flex-wrap: wrap;
}

.profile-connect-button {
  background: var(--color-accent);
  color: var(--color-surface);
  border: 0.5px solid transparent;
  border-radius: var(--radius-sm);
  padding: 0.5rem 1rem;
  font-size: 0.75rem;
  font-weight: 600;
  text-transform: uppercase;
  letter-spacing: 0.04em;
  display: inline-flex;
  align-items: center;
  justify-content: center;
  min-height: 2.25rem;
  cursor: pointer;
  transition: background-color 140ms ease;
}

.profile-connect-button:hover:not(:disabled) {
  background: var(--color-accent-hover);
}

.profile-settings-button {
  background: transparent;
  color: var(--color-ink);
  border: 0.5px solid var(--color-border);
  border-radius: var(--radius-sm);
  padding: 0.5rem 1rem;
  font-size: 0.75rem;
  font-weight: 600;
  text-transform: uppercase;
  letter-spacing: 0.04em;
  display: inline-flex;
  align-items: center;
  justify-content: center;
  text-decoration: none;
  min-height: 2.25rem;
  cursor: pointer;
  transition: background-color 140ms ease, border-color 140ms ease;
}

.profile-settings-button:hover {
  background: var(--color-canvas);
  border-color: var(--color-ink);
  color: var(--color-ink);
}

.profile-track-card {
  background: var(--color-surface);
  border: 0.5px solid var(--color-border);
  border-radius: var(--radius-md);
  padding: 1rem;
  display: flex;
  flex-direction: column;
  gap: 0.75rem;
  box-shadow: none;
}

.profile-track-card.now-playing {
  border-color: rgba(29, 185, 84, 0.4);
  background: var(--color-spotify-bg);
}

.profile-track-card-header {
  display: flex;
  align-items: center;
  justify-content: space-between;
  gap: 0.5rem;
}

.profile-live-indicator {
  display: inline-flex;
  align-items: center;
  gap: 0.45rem;
  font-size: 0.72rem;
  font-weight: 700;
  text-transform: uppercase;
  letter-spacing: 0.06em;
  color: var(--color-spotify);
}

.profile-live-dot {
  width: 8px;
  height: 8px;
  border-radius: 50%;
  background-color: var(--color-spotify);
  animation: live-pulse-animation 1.4s ease-in-out infinite alternate;
}

@keyframes live-pulse-animation {
  0% {
    opacity: 0.35;
    transform: scale(0.85);
  }
  100% {
    opacity: 1;
    transform: scale(1.15);
  }
}

.profile-card-kicker {
  font-size: 0.72rem;
  font-weight: 700;
  text-transform: uppercase;
  letter-spacing: 0.05em;
  color: var(--color-muted);
}

.profile-card-time {
  font-size: 0.75rem;
  color: var(--color-muted);
}

.profile-track-card-content {
  display: flex;
  align-items: center;
  gap: 1rem;
}

.profile-track-artwork-wrap {
  width: 72px;
  height: 72px;
  min-width: 72px;
  border-radius: var(--radius-sm);
  overflow: hidden;
  background: var(--color-canvas);
  border: 0.5px solid var(--color-border);
}

.profile-track-artwork {
  width: 100%;
  height: 100%;
  object-fit: cover;
  display: block;
}

.profile-track-details {
  display: flex;
  flex-direction: column;
  gap: 0.2rem;
  min-width: 0;
  flex: 1;
}

.profile-track-title {
  margin: 0;
  font-size: 1.05rem;
  font-weight: 600;
  color: var(--color-ink);
  white-space: nowrap;
  overflow: hidden;
  text-overflow: ellipsis;
}

.profile-track-artist {
  margin: 0;
  font-size: 0.88rem;
  color: var(--color-muted);
  white-space: nowrap;
  overflow: hidden;
  text-overflow: ellipsis;
}

.profile-track-album {
  margin: 0;
  font-size: 0.78rem;
  color: var(--color-muted);
  opacity: 0.85;
  white-space: nowrap;
  overflow: hidden;
  text-overflow: ellipsis;
}

.profile-actions {
  display: flex;
  flex-wrap: wrap;
  gap: 0.5rem;
  border-top: 0.5px solid var(--color-border);
  padding-top: 1rem;
  margin-top: 0.5rem;
}

.profile-actions a {
  display: inline-flex;
  align-items: center;
  padding: 0.45rem 0.85rem;
  border-radius: var(--radius-sm);
  border: 0.5px solid var(--color-border);
  background: var(--color-surface);
  color: var(--color-ink);
  text-decoration: none;
  font-size: 0.8rem;
  font-weight: 500;
  transition: all 120ms ease;
}

.profile-actions a:hover {
  background: var(--color-canvas);
  border-color: var(--color-primary);
  color: var(--color-primary);
}

/* ─── Charts Panel ──────────────────────────────────────────────────────────── */
.charts-panel {
  margin-top: 2rem;
  background: var(--color-surface);
  border: 0.5px solid var(--color-border);
  border-radius: var(--radius-md);
  box-shadow: none;
  padding: 16px;
}

.charts-controls {
  display: flex;
  flex-wrap: wrap;
  gap: 1.25rem;
  margin-bottom: 1.25rem;
}

.charts-control-group {
  display: flex;
  flex-direction: column;
  gap: 0.4rem;
}

.charts-control-label {
  color: var(--color-muted);
  font-size: 0.75rem;
  font-weight: 600;
  letter-spacing: 0.04em;
  text-transform: uppercase;
}

.charts-list {
  list-style: none;
  margin: 0;
  padding: 0;
}

.charts-row {
  align-items: center;
  border-top: 0.5px solid var(--color-border);
  display: flex;
  font: 0.85rem inherit, sans-serif;
  gap: 0.9rem;
  padding: 0.55rem 0;
}

.charts-rank {
  color: var(--color-muted);
  font-weight: 700;
  width: 1.5rem;
  font-size: 0.8rem;
}

.charts-label {
  flex: 1;
  font-weight: 600;
  color: var(--color-ink);
}

.charts-secondary {
  color: var(--color-muted);
}

.charts-count {
  color: var(--color-muted);
}

/* ─── Analytics / Overview / Reports ─────────────────────────────────────────── */
.analytics-page {
  display: grid;
  gap: 1.5rem;
  grid-template-columns: minmax(0, 1fr);
}

.analytics-page > .section-kicker {
  margin-bottom: -0.75rem;
}

.stats-bar {
  display: grid;
  gap: 1rem;
  grid-template-columns: repeat(3, 1fr);
}

.stat-block {
  background: var(--color-surface);
  border: 0.5px solid var(--color-border);
  border-radius: var(--radius-md);
  box-shadow: none;
  display: grid;
  gap: 0.35rem;
  padding: 16px;
}

.stat-block strong {
  font-size: 2.4rem;
  font-weight: 600;
  line-height: 1;
  color: var(--color-ink);
}

.stat-block span,
.panel-meta {
  color: var(--color-muted);
  font: 600 0.75rem inherit, sans-serif;
  text-transform: uppercase;
  letter-spacing: 0.04em;
}

.overview-grid,
.report-grid {
  align-items: stretch;
  display: grid;
  gap: 1rem;
  grid-template-columns: repeat(3, minmax(0, 1fr));
}

.ranked-panel,
.timeline-panel,
.report-card,
.report-community {
  background: var(--color-surface);
  border: 0.5px solid var(--color-border);
  border-radius: var(--radius-md);
  box-shadow: none;
  padding: 16px;
  transition: border-color 140ms ease;
}

.ranked-panel {
  display: flex;
  flex-direction: column;
}

.report-card:hover {
  border-color: var(--color-ink);
  box-shadow: none;
  transform: none;
}

.ranked-panel .section-heading,
.timeline-panel .section-heading {
  margin-bottom: 1rem;
}

.ranked-panel h2,
.timeline-panel h2,
.report-card h2,
.report-community h2 {
  font-size: 1.25rem;
}

.ranked-list {
  flex: 1;
  list-style: none;
  margin: 0;
  padding: 0;
}

.ranked-list li {
  align-items: center;
  border-top: 0.5px solid var(--color-border);
  display: flex;
  gap: 0.75rem;
  min-height: 3.2rem;
  padding: 0.4rem 0;
}

.rank-number {
  color: var(--color-muted);
  font: 700 0.8rem inherit, sans-serif;
  width: 1.2rem;
}

.rank-artwork,
.scrobble-artwork {
  background: #eeeeee;
  height: 2.5rem;
  object-fit: cover;
  width: 2.5rem;
  border-radius: 4px;
}

.rank-copy {
  display: grid;
  flex: 1;
  gap: 0.15rem;
  min-width: 0;
}

.rank-copy strong {
  overflow: hidden;
  text-overflow: ellipsis;
  white-space: nowrap;
  color: var(--color-ink);
}

.rank-copy small {
  color: var(--color-muted);
  font: 0.75rem inherit, sans-serif;
}

.rank-count {
  color: var(--color-muted);
  font: 600 0.8rem inherit, sans-serif;
}

.page-link a,
.report-banner a {
  color: var(--color-accent);
  font: 600 0.8rem inherit, sans-serif;
  text-transform: uppercase;
  text-decoration: none;
}

/* ─── Library Page ──────────────────────────────────────────────────────────── */
.library-segmented-group {
  display: flex;
  flex-direction: column;
  gap: 0.35rem;
  margin-bottom: 0.75rem;
  min-width: 0;
}

.library-segmented-label {
  font-size: 0.72rem;
  font-weight: 700;
  text-transform: uppercase;
  letter-spacing: 0.06em;
  color: var(--color-muted);
  margin: 0;
  line-height: 1;
}

.library-tabs {
  display: inline-flex;
  align-items: center;
  background: transparent;
  border: 0.5px solid var(--color-border);
  border-radius: var(--radius-sm);
  padding: 2px;
  gap: 2px;
  max-width: 100%;
  overflow-x: auto;
  -webkit-overflow-scrolling: touch;
}

.library-tabs button {
  background: transparent;
  border: 0;
  border-radius: var(--radius-sm);
  color: var(--color-muted);
  font-family: inherit;
  font-size: 0.75rem;
  font-weight: 700;
  letter-spacing: 0.12em;
  text-transform: uppercase;
  min-height: 32px;
  padding: 0.35rem 0.75rem;
  cursor: pointer;
  white-space: nowrap;
  transition: background-color 120ms ease, color 120ms ease;
  box-shadow: none;
  flex: 0 0 auto;
  width: auto;
}

.library-tabs button:hover:not(.active):not(:disabled) {
  color: var(--color-ink);
  background: #f0f0f0;
}

.library-tabs button.active {
  background: var(--color-accent);
  color: var(--color-surface);
  font-weight: 700;
}

.library-controls-bar {
  display: flex;
  flex-wrap: wrap;
  align-items: flex-end;
  justify-content: space-between;
  gap: 1rem;
  margin: 1.25rem 0 1.5rem;
}

.library-controls-bar .date-range-selector {
  margin-bottom: 0;
}

.library-layout {
  display: grid;
  gap: 1rem;
  grid-template-columns: minmax(0, 1.35fr) minmax(250px, 0.65fr);
}

.library-layout .scrobble-list {
  background: var(--color-surface);
  border: 0.5px solid var(--color-border);
  border-radius: var(--radius-md);
  margin: 0;
  padding: 16px;
  box-shadow: none;
}

.library-toolbar {
  display: flex;
  justify-content: space-between;
  align-items: center;
  gap: 0.75rem;
  flex-wrap: wrap;
}

.library-search-form {
  flex: 1;
  min-width: 200px;
  max-width: 320px;
  display: flex;
}

.library-search-form input {
  flex: 1;
  width: 100%;
  border: 0.5px solid var(--color-border);
  border-radius: var(--radius-sm);
  padding: 0.5rem 0.75rem;
  font: 0.95rem inherit, system-ui, sans-serif;
  background: var(--color-surface);
  min-height: 40px;
}

.library-search-form input:focus {
  border-color: var(--color-accent);
  outline: 2px solid var(--color-focus);
  outline-offset: 1px;
}

.library-view-toggle {
  display: inline-flex;
  gap: 0.25rem;
}

.library-view-toggle button {
  background: transparent;
  border: 0.5px solid var(--color-border);
  color: var(--color-muted);
  min-height: 40px;
  min-width: 40px;
  padding: 0.4rem 0.85rem;
  border-radius: var(--radius-sm);
  cursor: pointer;
  box-shadow: none;
}

.library-view-toggle .library-select-toggle {
  margin-left: 0.25rem;
}

.library-view-toggle button.active {
  background: var(--color-ink);
  border-color: var(--color-ink);
  color: var(--color-surface);
}

.library-view-toggle button:hover:not(:disabled) {
  background: rgba(0, 0, 0, 0.04);
  color: var(--color-ink);
}

.library-view-toggle button.active:hover:not(:disabled) {
  background: var(--color-ink);
  border-color: var(--color-ink);
  color: var(--color-surface);
}

.bulk-action-bar {
  align-items: center;
  background: var(--color-ink);
  color: var(--color-surface);
  display: flex;
  flex-wrap: wrap;
  gap: 0.6rem;
  padding: 0.75rem 1rem;
  border-radius: var(--radius-sm);
  margin-bottom: 1rem;
  box-shadow: none;
}

.bulk-action-bar strong {
  margin-right: auto;
}

.bulk-action-bar button {
  background: var(--color-surface);
  color: var(--color-ink);
  min-height: 40px;
  padding: 0.45rem 0.85rem;
  border-radius: var(--radius-sm);
}

.bulk-action-bar .bulk-action-secondary {
  background: transparent;
  border: 0.5px solid rgba(255, 255, 255, 0.4);
  color: var(--color-surface);
}

.bulk-action-bar span {
  color: rgba(255, 255, 255, 0.7);
  font: 0.8rem inherit, sans-serif;
}

.bulk-select-control {
  align-items: center;
  display: flex;
  flex: 0 0 auto;
  min-width: 44px;
  min-height: 44px;
  justify-content: center;
  cursor: pointer;
}

.bulk-select-control input {
  accent-color: var(--color-accent);
  height: 1.2rem;
  width: 1.2rem;
  cursor: pointer;
}

.bulk-select-control span {
  border: 0;
  clip: rect(0 0 0 0);
  height: 1px;
  margin: -1px;
  overflow: hidden;
  padding: 0;
  position: absolute;
  width: 1px;
}

.library-rank-panel,
.library-scrobble-panel {
  background: var(--color-surface);
  border: 0.5px solid var(--color-border);
  border-radius: var(--radius-md);
  box-shadow: none;
  padding: 16px;
}

.library-rank-heading {
  align-items: end;
  display: flex;
  justify-content: space-between;
  margin-bottom: 1rem;
}

.library-rank-heading strong {
  display: block;
  font-size: 1.35rem;
  font-weight: 600;
}

.library-rank-list,
.library-scrobble-list {
  list-style: none;
  margin: 0;
  padding: 0;
}

.library-rank-row,
.library-scrobble-row {
  align-items: center;
  border-top: 0.5px solid var(--color-border);
  display: flex;
  gap: 12px;
  height: 64px;
  min-height: 64px;
  box-sizing: border-box;
  padding: 8px 12px;
}

.library-rank-media {
  align-items: center;
  display: flex;
  flex: 0 0 auto;
  gap: 8px;
}

.library-rank-number {
  color: var(--color-muted);
  font: 500 12px inherit, sans-serif;
  text-align: center;
  width: 1.5rem;
}

.library-row-artwork {
  background: #f0f0f0;
  flex: 0 0 48px;
  height: 48px;
  object-fit: cover;
  width: 48px;
  border-radius: 4px;
}

.library-row-artwork-empty {
  display: block;
}

.artwork {
  aspect-ratio: 1;
  display: block;
  object-fit: cover;
}

.artwork-fallback {
  align-items: center;
  background: #f0f0f0;
  color: var(--color-muted);
  display: flex;
  font: 600 0.85rem inherit, sans-serif;
  justify-content: center;
  letter-spacing: 0.05em;
  border-radius: 4px;
}

.library-row-copy {
  display: flex;
  flex-direction: column;
  justify-content: center;
  flex: 1;
  gap: 2px;
  min-width: 0;
}

.library-row-copy strong,
.library-row-copy small {
  overflow: hidden;
  text-overflow: ellipsis;
  white-space: nowrap;
}

.library-row-copy strong {
  color: var(--color-ink);
  font-size: 15px;
  font-weight: 600;
  line-height: 1.3;
}

.library-row-copy small {
  color: var(--color-muted);
  font-size: 12px;
  font-weight: 400;
  line-height: 1.25;
}

.library-count-bar {
  background: #f0f0f0;
  color: var(--color-muted);
  display: flex;
  align-items: center;
  justify-content: flex-end;
  flex: 0 1 12rem;
  font-size: 12px;
  font-weight: 500;
  min-width: 4.5rem;
  padding: 4px 8px;
  border-radius: 4px;
  text-decoration: none;
  text-align: right;
}

.library-rank-actions {
  align-items: center;
  display: flex;
  flex: 0 1 auto;
  gap: 8px;
  justify-content: flex-end;
  min-width: 0;
  margin-left: auto;
}

.library-rank-actions .library-count-bar {
  flex: 0 1 auto;
}

.library-scrobble-row .library-row-copy {
  order: 1;
}

.library-scrobble-row .scrobble-grid-heart {
  order: 2;
  margin-left: auto;
}

.library-scrobble-row .source-badge {
  order: 3;
  flex: 0 0 auto;
}

.library-scrobble-row time {
  order: 4;
  color: var(--color-muted);
  font-size: 12px;
  font-weight: 500;
  min-width: 5rem;
  text-align: right;
  white-space: nowrap;
}

.library-scrobble-panel h2 {
  font-size: 1.25rem;
  margin: 0 0 1rem;
}

.library-filter-label {
  color: var(--color-muted);
  margin: -0.5rem 0 1rem;
}

.scrobble-day h3 {
  color: var(--color-muted);
  font: 600 0.75rem inherit, sans-serif;
  margin: 1.25rem 0 0.3rem;
  text-transform: uppercase;
  letter-spacing: 0.06em;
}

.library-scrobble-row .source-badge {
  flex: 0 0 auto;
}

.library-rank-panel-grid .library-rank-list {
  display: grid;
  grid-template-columns: repeat(4, minmax(0, 1fr));
  gap: 12px;
  list-style: none;
  margin: 0;
  padding: 0;
}

@media (max-width: 1024px) {
  .library-rank-panel-grid .library-rank-list {
    grid-template-columns: repeat(3, minmax(0, 1fr));
    gap: 12px;
  }
}

@media (max-width: 600px) {
  .library-rank-panel-grid .library-rank-list {
    grid-template-columns: repeat(2, minmax(0, 1fr));
    gap: 12px;
  }
}

.library-rank-panel-grid .library-rank-row {
  align-items: stretch;
  background: var(--color-surface);
  border: 0.5px solid var(--color-border);
  border-radius: 12px;
  box-shadow: none;
  display: flex;
  flex-direction: column;
  gap: 0;
  height: auto;
  min-height: auto;
  overflow: hidden;
  padding: 0;
  position: relative;
  transition: border-color 140ms ease;
}

.library-rank-panel-grid .library-rank-row:hover {
  border-color: var(--color-border);
  box-shadow: none;
  transform: none;
}

.grid-card-artwork-wrap {
  position: relative;
  width: 100%;
  aspect-ratio: 1;
  background: var(--color-bg);
  overflow: hidden;
}

.grid-card-artwork-link {
  display: block;
  width: 100%;
  height: 100%;
  text-decoration: none;
}

.grid-card-artwork {
  width: 100%;
  height: 100%;
  aspect-ratio: 1;
  object-fit: cover;
  display: block;
  border-radius: 0;
}

.artwork-fallback.grid-card-artwork {
  width: 100%;
  height: 100%;
  display: flex;
  align-items: center;
  justify-content: center;
  font-size: 1.5rem;
  font-weight: 600;
  color: var(--color-muted);
  background: var(--color-bg);
  border-radius: 0;
}

.grid-select-scrim {
  position: absolute;
  top: 8px;
  left: 8px;
  z-index: 10;
  display: inline-flex;
  align-items: center;
  justify-content: center;
  width: 28px;
  height: 28px;
  background: rgba(0, 0, 0, 0.45);
  border-radius: 6px;
  backdrop-filter: blur(4px);
  cursor: pointer;
  margin: 0;
  padding: 0;
}

.grid-select-scrim input[type=\"checkbox\"] {
  cursor: pointer;
  margin: 0;
  width: 16px;
  height: 16px;
  accent-color: var(--color-accent);
}

.grid-select-scrim span {
  position: absolute;
  width: 1px;
  height: 1px;
  padding: 0;
  margin: -1px;
  overflow: hidden;
  clip: rect(0, 0, 0, 0);
  white-space: nowrap;
  border: 0;
}

.grid-card-like {
  position: absolute;
  top: 8px;
  right: 8px;
  z-index: 5;
  background: rgba(0, 0, 0, 0.45);
  border-radius: 6px;
  backdrop-filter: blur(4px);
  display: flex;
  align-items: center;
  justify-content: center;
  width: 28px;
  height: 28px;
}

.liked-heart {
  color: var(--color-muted);
  display: inline-flex;
  align-items: center;
  flex: 0 0 auto;
}

.liked-heart-active {
  color: var(--color-danger);
}

.grid-card-like .liked-heart {
  color: var(--color-surface);
}

.grid-card-like .liked-heart-active {
  color: var(--color-danger);
}

.grid-card-body {
  padding: 10px 12px 12px;
  display: flex;
  flex-direction: column;
  flex: 1 1 auto;
  min-width: 0;
}

.grid-card-heading {
  display: flex;
  align-items: baseline;
  gap: 4px;
  font-size: 14px;
  font-weight: 500;
  line-height: 1.3;
  color: var(--color-ink);
  min-width: 0;
}

.grid-card-rank {
  color: var(--color-muted);
  font-size: 14px;
  font-weight: 500;
  flex-shrink: 0;
}

.grid-card-title {
  color: var(--color-ink);
  font-size: 14px;
  font-weight: 500;
  text-decoration: none;
  overflow: hidden;
  text-overflow: ellipsis;
  white-space: nowrap;
  display: block;
  flex: 1;
  min-width: 0;
}

.grid-card-title:hover {
  text-decoration: underline;
}

.grid-card-artist {
  font-size: 12px;
  color: var(--color-muted);
  line-height: 1.3;
  margin-top: 2px;
  overflow: hidden;
  text-overflow: ellipsis;
  white-space: nowrap;
  display: block;
}

.grid-card-footer {
  margin-top: 8px;
}

.grid-card-count {
  display: inline-flex;
  align-items: center;
  gap: 5px;
  font-size: 12px;
  color: var(--color-muted);
  line-height: 1;
}

.grid-card-count-icon {
  flex-shrink: 0;
  color: var(--color-muted);
}

.grid-card-bar-track {
  width: 100%;
  height: 3px;
  background: #F0F0F0;
  border-radius: 2px;
  margin-top: 6px;
  overflow: hidden;
}

.grid-card-bar-fill {
  height: 100%;
  background: var(--color-accent);
  border-radius: 2px;
  transition: width 200ms ease;
}

.library-scrobble-panel-grid .library-scrobble-row {
  display: grid;
  grid-template-areas: \"select art copy time\" \"select art source heart\";
  grid-template-columns: 2.5rem 2.7rem minmax(0, 1fr) auto;
  grid-template-rows: minmax(2rem, auto) auto;
  row-gap: 6px;
  min-height: 5.6rem;
  border-radius: var(--radius-sm);
  padding-inline: 0.5rem;
  box-shadow: none;
  transition: background-color 140ms ease;
}

.library-scrobble-panel-grid .scrobble-grid-select {
  grid-area: select;
  align-self: center;
}

.library-scrobble-panel-grid .scrobble-grid-artwork {
  grid-area: art;
  height: 2.7rem;
}

.library-scrobble-panel-grid .library-row-copy {
  grid-area: copy;
  align-self: end;
}

.library-scrobble-panel-grid .scrobble-grid-source {
  grid-area: source;
  justify-self: start;
}

.library-scrobble-panel-grid .scrobble-grid-heart {
  grid-area: heart;
  justify-self: end;
  align-self: center;
}

.library-scrobble-panel-grid .scrobble-grid-time {
  grid-area: time;
  align-self: end;
  min-width: 0;
  text-align: right;
}

.library-scrobble-panel-grid .library-scrobble-row:hover {
  background: rgba(0, 0, 0, 0.02);
}

.library-pagination-bar {
  align-items: center;
  display: flex;
  flex-wrap: wrap;
  gap: 1rem;
  justify-content: space-between;
  margin-top: 1.5rem;
}

.page-size-select {
  align-items: center;
  display: flex;
  gap: 0.5rem;
}

.page-size-label {
  color: var(--color-muted);
  font: 600 0.75rem inherit, sans-serif;
  text-transform: uppercase;
  letter-spacing: 0.04em;
}

.page-size-select select {
  font: 0.95rem inherit, system-ui, sans-serif;
  min-height: 40px;
  padding: 0.4rem 0.75rem;
  border: 0.5px solid var(--color-border);
  border-radius: var(--radius-sm);
}

.pagination {
  align-items: center;
  display: flex;
  gap: 0.5rem;
}

.pagination-list {
  display: flex;
  gap: 0.25rem;
  list-style: none;
  margin: 0;
  padding: 0;
}

.pagination-ellipsis {
  color: var(--color-muted);
  padding: 0 0.25rem;
  display: inline-flex;
  align-items: center;
}

.pagination-page {
  background: transparent;
  border: 0;
  color: var(--color-muted);
  font: 600 0.85rem inherit, sans-serif;
  min-height: 40px;
  min-width: 40px;
  display: inline-flex;
  align-items: center;
  justify-content: center;
  padding: 0.35rem 0.6rem;
  text-transform: none;
  border-radius: var(--radius-sm);
  cursor: pointer;
  box-shadow: none;
}

.pagination-page:hover:not(.pagination-page-active) {
  color: var(--color-ink);
  background: rgba(0, 0, 0, 0.04);
}

.pagination-page-active {
  background: var(--color-accent);
  color: var(--color-surface);
}

.pagination-next {
  background: transparent;
  border: 0.5px solid var(--color-border);
  color: var(--color-ink);
  font: 600 0.75rem inherit, sans-serif;
  min-height: 40px;
  padding: 0.4rem 1rem;
  display: inline-flex;
  align-items: center;
  justify-content: center;
  border-radius: var(--radius-sm);
  cursor: pointer;
  box-shadow: none;
}

.pagination-next:disabled {
  cursor: not-allowed;
  opacity: 0.4;
}

/* ─── Timeline & Reports ────────────────────────────────────────────────────── */
.timeline-chart {
  align-items: end;
  display: flex;
  gap: 0.65rem;
  height: 220px;
  overflow-x: auto;
  padding: 1rem 0 0;
}

.timeline-column {
  align-items: center;
  display: flex;
  flex: 1 0 2rem;
  flex-direction: column;
  gap: 0.6rem;
  height: 100%;
  justify-content: end;
}

.timeline-bar {
  background: var(--color-accent);
  min-height: 0.3rem;
  width: 100%;
  border-radius: 2px;
}

.timeline-column span {
  color: var(--color-muted);
  font: 0.7rem inherit, sans-serif;
}

.report-banner {
  align-items: flex-end;
  background: var(--color-surface);
  border: 0.5px solid var(--color-border);
  border-radius: var(--radius-md);
  box-shadow: none;
  display: flex;
  justify-content: space-between;
  gap: 1rem;
  padding: 16px;
}

.report-banner h2 {
  font-size: 2rem;
}

.report-banner .section-kicker {
  margin-bottom: 0.4rem;
}

.report-time-grid {
  display: grid;
  gap: 1rem;
  grid-template-columns: minmax(0, 1.4fr) minmax(0, 1fr);
  margin-top: 16px;
}

.report-data-grid {
  display: grid;
  gap: 1rem;
  grid-template-columns: minmax(0, 1fr);
}

.chart-panel {
  background: var(--color-surface);
  border: 0.5px solid var(--color-border);
  border-radius: var(--radius-md);
  box-shadow: none;
  padding: 16px;
}

.chart-panel h2 {
  font-size: 1.25rem;
  margin: 0 0 1rem;
}

.bar-trend-chart {
  display: block;
  height: 220px;
  width: 100%;
}

.bar-trend-bar {
  fill: rgba(0, 102, 255, 0.35);
  transition: fill 140ms ease;
}

.bar-trend-bar:hover {
  fill: var(--color-accent);
}

.bar-trend-bar-peak {
  fill: var(--color-accent);
}

.bar-trend-labels {
  color: var(--color-muted);
  display: flex;
  font: 0.7rem inherit, sans-serif;
  justify-content: space-between;
  margin-top: 0.4rem;
}

.listening-clock-chart {
  display: block;
  height: 240px;
  margin: 0 auto;
  width: 240px;
}

.clock-ring {
  fill: none;
  stroke: var(--color-border);
  stroke-width: 0.7;
}

.clock-bar {
  stroke: rgba(0, 102, 255, 0.35);
  stroke-linecap: round;
  stroke-width: 2.1;
  transition: stroke 140ms ease;
}

.clock-bar:hover {
  stroke: var(--color-accent);
}

.clock-bar-peak {
  stroke: var(--color-accent);
}

.clock-label {
  fill: var(--color-muted);
  font: 4.5px inherit, sans-serif;
}

.chart-caption {
  color: var(--color-muted);
  font: 0.8rem inherit, sans-serif;
  margin: 0.6rem 0 0;
  text-align: center;
}

.report-card {
  min-height: 150px;
}

.report-card p,
.report-community p {
  color: var(--color-muted);
  font: 0.9rem/1.5 inherit, sans-serif;
}

.report-community {
  border-top: 3px solid var(--color-accent);
}

.report-facts {
  display: grid;
  gap: 1rem;
  grid-template-columns: repeat(3, 1fr);
}

.report-facts div {
  background: var(--color-surface);
  border: 0.5px solid var(--color-border);
  border-radius: var(--radius-md);
  box-shadow: none;
  display: grid;
  gap: 0.3rem;
  padding: 16px;
}

.report-facts strong {
  font-size: 1.7rem;
  font-weight: 600;
  color: var(--color-ink);
}

.report-facts span {
  color: var(--color-muted);
  font: 600 0.72rem inherit, sans-serif;
  text-transform: uppercase;
  letter-spacing: 0.04em;
}

.report-category-grid {
  display: grid;
  gap: 1rem;
  grid-template-columns: repeat(3, minmax(0, 1fr));
}

.report-category-grid .library-rank-panel {
  padding: 1rem;
}

.report-category-grid .library-rank-heading {
  margin-bottom: 0.5rem;
}

.report-category-grid .library-rank-heading strong {
  font-size: 1rem;
}

.report-category-grid .library-rank-row {
  display: grid;
  grid-template-areas: \"media copy\" \"media actions\";
  grid-template-columns: auto minmax(0, 1fr);
  column-gap: 8px;
  row-gap: 4px;
  align-items: start;
  height: auto;
  min-height: 100px;
}

.report-category-grid .library-rank-media {
  grid-area: media;
  align-self: start;
}

.report-category-grid .library-row-copy {
  grid-area: copy;
  min-width: 0;
}

.report-category-grid .library-rank-actions {
  grid-area: actions;
  justify-content: flex-end;
  margin-left: 0;
}

.report-category-grid .library-row-artwork {
  height: 2.4rem;
  width: 2.4rem;
}

.report-category-grid .library-row-copy strong {
  font-size: 13px;
  white-space: normal;
  overflow-wrap: break-word;
  overflow: visible;
  text-overflow: clip;
}

.report-category-grid .library-row-copy small {
  font-size: 10.5px;
  white-space: normal;
  overflow-wrap: break-word;
  overflow: visible;
  text-overflow: clip;
}

.report-category-grid .library-count-bar {
  min-width: 2rem;
  padding: 3px 6px;
  font-size: 11px;
}

.summary-grid {
  display: grid;
  gap: 1rem;
  grid-template-columns: repeat(auto-fit, minmax(210px, 1fr));
}

.month-card {
  background: var(--color-surface);
  border: 0.5px solid var(--color-border);
  border-radius: var(--radius-md);
  box-shadow: none;
  padding: 16px;
}

.month-label {
  color: var(--color-muted);
  font-size: 0.8rem;
  font-weight: 600;
  margin: 0 0 1.5rem;
  text-transform: uppercase;
  letter-spacing: 0.05em;
}

.month-card strong {
  display: block;
  font-size: 2.8rem;
  font-weight: 600;
  line-height: 1;
  color: var(--color-ink);
}

.month-card > span {
  color: var(--color-muted);
  font: 0.8rem inherit, sans-serif;
}

dl {
  border-top: 0.5px solid var(--color-border);
  display: grid;
  gap: 0.55rem;
  margin: 1.5rem 0 0;
  padding-top: 0.85rem;
}

dl div {
  display: flex;
  justify-content: space-between;
}

dt,
dd {
  font-size: 0.78rem;
  margin: 0;
}

dt {
  color: var(--color-muted);
}

dd {
  font-weight: 600;
  color: var(--color-ink);
}

/* ─── Modal Dialogs ────────────────────────────────────────────────────────── */
.modal-backdrop {
  position: fixed;
  inset: 0;
  background: rgba(0, 0, 0, 0.4);
  backdrop-filter: blur(2px);
  -webkit-backdrop-filter: blur(2px);
  display: flex;
  align-items: center;
  justify-content: center;
  z-index: 1000;
  padding: 1rem;
}

.modal-dialog {
  background: var(--color-surface);
  border: 0.5px solid var(--color-border);
  border-radius: var(--radius-md);
  box-shadow: none;
  max-width: 480px;
  width: 100%;
  padding: 1.75rem;
  animation: modal-appear 150ms ease-out;
}

@keyframes modal-appear {
  from {
    opacity: 0;
    transform: scale(0.98) translateY(2px);
  }
  to {
    opacity: 1;
    transform: scale(1) translateY(0);
  }
}

.modal-title {
  color: var(--color-danger);
  font-size: 1.3rem;
  font-weight: 600;
  letter-spacing: -0.02em;
  margin: 0 0 0.75rem;
}

.modal-description {
  color: var(--color-ink);
  font: 0.9rem/1.5 inherit, sans-serif;
  margin: 0 0 1rem;
}

.modal-input-label {
  display: grid;
  gap: 0.5rem;
  font-size: 0.82rem;
  margin-bottom: 1.25rem;
  color: var(--color-ink);
  text-transform: none;
}

.modal-input-label strong {
  color: var(--color-danger);
  letter-spacing: 0.05em;
}

.modal-input {
  width: 100%;
  border: 0.5px solid var(--color-border);
  border-radius: var(--radius-sm);
  padding: 0.65rem 0.85rem;
  font: 600 1rem monospace;
  background: var(--color-surface);
  color: var(--color-ink);
  box-sizing: border-box;
}

.modal-input:focus {
  border-color: var(--color-danger);
  outline: 2px solid var(--color-danger);
  outline-offset: 1px;
}

.modal-actions {
  display: flex;
  gap: 0.75rem;
  justify-content: flex-end;
  margin-top: 1rem;
}

.modal-cancel-button {
  background: transparent;
  border: 0.5px solid var(--color-border);
  color: var(--color-ink);
  font: 600 0.8rem inherit, sans-serif;
  padding: 0.65rem 1.25rem;
  border-radius: var(--radius-sm);
  min-height: auto;
  cursor: pointer;
  text-transform: none;
  box-shadow: none;
}

.modal-cancel-button:hover:not(:disabled) {
  background: rgba(0, 0, 0, 0.04);
}

.modal-confirm-button {
  border-radius: var(--radius-sm);
  font: 600 0.8rem inherit, sans-serif;
  padding: 0.65rem 1.25rem;
  min-height: auto;
  text-transform: none;
  box-shadow: none;
}

/* ─── Share Dialog ──────────────────────────────────────────────────────── */

.share-trigger-button {
  background: transparent;
  border: 0.5px solid var(--color-border);
  color: var(--color-muted);
  min-height: 40px;
  padding: 0.4rem 0.85rem;
  border-radius: var(--radius-sm);
  cursor: pointer;
  box-shadow: none;
}

.share-trigger-button:hover {
  border-color: var(--color-accent);
  color: var(--color-accent);
}

.share-dialog {
  max-width: 560px;
  max-height: calc(100vh - 2rem);
  display: flex;
  flex-direction: column;
  overflow: hidden;
  padding: 0;
}

.share-dialog-scroll {
  overflow-y: auto;
  padding: 1.75rem;
  min-height: 0;
}

.share-dialog .modal-actions {
  position: sticky;
  bottom: 0;
  flex: 0 0 auto;
  background: var(--color-surface);
  padding: 1rem 1.75rem;
  margin: 0;
  border-top: 0.5px solid var(--color-border);
}

.share-dialog-controls {
  display: flex;
  justify-content: space-between;
  align-items: center;
  gap: 1rem;
  flex-wrap: wrap;
  margin-bottom: 1rem;
}

.share-dialog-layout-toggle {
  display: inline-flex;
  gap: 0.25rem;
}

.share-dialog-layout-toggle button {
  background: transparent;
  border: 0.5px solid var(--color-border);
  color: var(--color-muted);
  min-height: 40px;
  padding: 0.4rem 0.85rem;
  border-radius: var(--radius-sm);
  cursor: pointer;
  box-shadow: none;
}

.share-dialog-layout-toggle button.active {
  background: var(--color-ink);
  border-color: var(--color-ink);
  color: var(--color-surface);
}

.share-dialog-size-control {
  display: flex;
  align-items: center;
  gap: 0.6rem;
  font-size: 0.85rem;
  color: var(--color-ink);
}

.share-dialog-preview {
  border: 0.5px solid var(--color-border);
  border-radius: var(--radius-md);
  background: var(--color-canvas);
  padding: 0.5rem;
  margin-bottom: 1rem;
  min-height: 80px;
  display: flex;
  align-items: center;
  justify-content: center;
}

.share-dialog-preview-image {
  max-width: 100%;
  border-radius: var(--radius-sm);
}

.share-card-offscreen {
  position: fixed;
  top: 0;
  left: -9999px;
  pointer-events: none;
}

.share-card {
  width: 600px;
  padding: 1.5rem;
  background: var(--color-surface);
  font-family: 'Inter', -apple-system, BlinkMacSystemFont, 'Segoe UI', Roboto, sans-serif;
}

.share-card-header {
  display: flex;
  flex-direction: column;
  gap: 0.15rem;
  margin-bottom: 1rem;
}

.share-card-title {
  font-size: 1.4rem;
  font-weight: 700;
  color: var(--color-ink);
  letter-spacing: -0.02em;
}

.share-card-subtitle {
  font-size: 0.9rem;
  color: var(--color-muted);
}

.share-card-footer {
  margin-top: 1.25rem;
  font-size: 0.75rem;
  color: var(--color-muted);
  text-align: right;
}

.report-character-grid {
  display: grid;
  grid-template-columns: repeat(2, 1fr);
  gap: 16px;
}

/* ─── Responsive Media Queries ─────────────────────────────────────────────── */
@media (max-width: 760px) {
  .app-shell {
    padding: 1.75rem 1rem 3rem;
  }
  .section-heading {
    align-items: flex-start;
    flex-direction: column;
  }
  .topbar {
    margin-bottom: 2.5rem;
  }
  .dashboard {
    padding: 16px;
  }
  .filters {
    grid-template-columns: minmax(0, 1fr);
  }
  .date-range-selector {
    flex-direction: column;
    flex-wrap: nowrap;
    align-items: stretch;
    min-width: 0;
  }
  .date-range-segmented-group {
    min-width: 0;
  }
  .date-range-popover {
    position: static;
    width: 100%;
    max-width: 100%;
  }
  .date-range-pill {
    width: 100%;
    justify-content: center;
  }
  .filters button {
    width: 100%;
  }
  .stats-bar,
  .overview-grid,
  .report-grid,
  .library-layout {
    grid-template-columns: minmax(0, 1fr);
  }
  .report-category-grid,
  .report-facts,
  .report-time-grid,
  .report-data-grid,
  .report-character-grid {
    grid-template-columns: minmax(0, 1fr);
  }
  .heatmap-grid { grid-template-columns: repeat(24, 12px); grid-template-rows: repeat(7, 12px); }
  .heatmap-cell { width: 12px; height: 12px; }
  .heatmap-x-axis { grid-template-columns: repeat(24, 12px); }
  .library-rank-panel-grid .library-rank-list {
    grid-template-columns: repeat(2, minmax(0, 1fr));
    gap: 12px;
  }
  .library-rank-panel:not(.library-rank-panel-grid) .library-rank-row {
    display: grid;
    grid-template-areas: \"media copy\" \"media actions\";
    grid-template-columns: auto minmax(0, 1fr);
    column-gap: 10px;
    row-gap: 4px;
    align-items: start;
    height: auto;
    min-height: auto;
  }
  .library-rank-panel:not(.library-rank-panel-grid) .library-rank-media {
    grid-area: media;
    align-self: start;
  }
  .library-rank-panel:not(.library-rank-panel-grid) .library-row-copy {
    grid-area: copy;
    min-width: 0;
  }
  .library-rank-panel:not(.library-rank-panel-grid) .library-rank-actions {
    grid-area: actions;
    justify-content: flex-end;
    margin-left: 0;
  }
  .library-scrobble-row {
    display: grid;
    grid-template-areas: \"art copy time\" \"art source heart\";
    grid-template-columns: 2.7rem minmax(0, 1fr) auto;
    column-gap: 10px;
    row-gap: 4px;
    align-items: start;
    height: auto;
    min-height: auto;
  }
  .library-scrobble-row .scrobble-grid-artwork {
    grid-area: art;
    align-self: start;
  }
  .library-scrobble-row .library-row-copy {
    grid-area: copy;
  }
  .library-scrobble-row .scrobble-grid-time {
    grid-area: time;
    justify-self: end;
    min-width: auto;
    font-size: 11px;
    white-space: nowrap;
  }
  .library-scrobble-row .scrobble-grid-source {
    grid-area: source;
    justify-self: start;
    align-self: start;
    margin-top: 2px;
  }
  .library-scrobble-row .scrobble-grid-heart {
    grid-area: heart;
    justify-self: end;
    align-self: start;
    margin-left: 0;
  }
  .library-row-copy strong {
    font-size: 13px;
    white-space: normal;
    overflow-wrap: break-word;
    overflow: visible;
    text-overflow: clip;
  }
  .library-row-copy small {
    font-size: 10.5px;
    white-space: normal;
    overflow-wrap: break-word;
    overflow: visible;
    text-overflow: clip;
  }
  .library-select-toggle {
    display: none;
  }
  .library-rank-panel:not(.library-rank-panel-grid) .bulk-select-control,
  .library-scrobble-row .bulk-select-control {
    display: none;
  }
  .library-count-suffix {
    display: none;
  }
  .library-count-bar {
    min-width: 2rem;
    padding: 3px 6px;
    font-size: 11px;
  }
  .entry-menu-toggle {
    min-width: 36px;
    min-height: 36px;
    padding: 0.25rem;
  }
  .library-row-artwork {
    flex-basis: 40px;
    height: 40px;
    width: 40px;
  }
  .report-banner {
    align-items: flex-start;
    flex-direction: column;
  }
  .library-tabs,
  .settings-tabs,
  .segmented-tabs {
    flex-wrap: nowrap;
    min-width: 0;
    overflow-x: auto;
    -webkit-overflow-scrolling: touch;
    padding-bottom: 2px;
  }
  .library-tabs button,
  .settings-tabs button,
  .segmented-tab,
  .segmented-tabs button {
    flex: 0 0 auto;
    width: auto;
    white-space: nowrap;
  }
  .scrobble-row {
    align-items: flex-start;
    flex-wrap: wrap;
  }
  .scrobble-row .scrobble-copy {
    flex: 1 1 calc(100% - 7rem);
  }
  .scrobble-row .source-badge {
    order: 3;
  }
}

@media (max-width: 480px) {
  .library-scrobble-row {
    gap: 0.45rem;
  }
  .library-scrobble-panel-grid .library-scrobble-row {
    grid-template-areas: \"select art copy\" \"select art time\" \"select source heart\";
    grid-template-columns: 1rem 2.7rem minmax(0, 1fr);
    grid-template-rows: minmax(2rem, auto) auto auto;
  }
  .library-scrobble-panel-grid .scrobble-grid-time {
    justify-self: start;
    text-align: left;
  }
  .library-scrobble-panel-grid .scrobble-grid-source {
    max-width: 100%;
  }
  .library-scrobble-panel-grid .scrobble-grid-heart {
    justify-self: end;
  }
}

@media (prefers-reduced-motion: reduce) {
  *,
  *::before,
  *::after {
    animation-duration: 0.01ms !important;
    animation-iteration-count: 1 !important;
    transition-duration: 0.01ms !important;
    scroll-behavior: auto !important;
  }
  .modal-dialog {
    animation: none !important;
  }
  .report-card:hover,
  .library-rank-panel-grid .library-rank-row:hover {
    transform: none !important;
  }
}

.heatmap-container {
  display: flex;
  flex-direction: column;
}
.heatmap-body {
  display: flex;
}
.heatmap-y-axis {
  display: flex;
  flex-direction: column;
  justify-content: space-between;
  padding-right: 12px;
  color: var(--color-muted);
  font-size: 12px;
  padding-top: 8px;
  padding-bottom: 8px;
}
.heatmap-y-axis div {
  height: 16px;
  line-height: 16px;
}
.heatmap-grid {
  display: grid;
  grid-template-columns: repeat(24, 16px);
  grid-template-rows: repeat(7, 16px);
  gap: 2px;
  flex-grow: 1;
}
.heatmap-cell {
  width: 16px;
  height: 16px;
  border-radius: 2px;
  background-color: var(--color-surface-hover);
  transition: fill 140ms;
}
.heatmap-cell[data-level=\"1\"] { background-color: rgba(0, 102, 255, 0.2); }
.heatmap-cell[data-level=\"2\"] { background-color: rgba(0, 102, 255, 0.4); }
.heatmap-cell[data-level=\"3\"] { background-color: rgba(0, 102, 255, 0.6); }
.heatmap-cell[data-level=\"4\"] { background-color: rgba(0, 102, 255, 0.85); }
.heatmap-cell.peak { border: 1px solid var(--color-ink); box-sizing: border-box; }

.heatmap-x-axis {
  display: grid;
  grid-template-columns: repeat(24, 16px);
  gap: 2px;
  margin-left: 35px;
  margin-top: 8px;
  color: var(--color-muted);
  font-size: 12px;
}
.heatmap-x-label { grid-column: span 6; text-align: left; }
.chart-caption {
  margin-top: 16px;
  font-size: 13px;
  color: var(--color-muted);
}

.genre-list {
  list-style: none;
  padding: 0;
  margin: 0;
  display: flex;
  flex-direction: column;
  gap: 12px;
}
.genre-row {
  display: flex;
  align-items: center;
  gap: 12px;
  font-size: 14px;
  position: relative;
}
.genre-label { flex: 0 0 120px; text-transform: capitalize; }
.genre-bar-container { flex: 1; height: 24px; background: transparent; position: relative; }
.genre-bar {
  position: absolute;
  top: 0; left: 0; bottom: 0;
  background-color: rgba(0, 102, 255, 0.35);
  border-radius: 4px;
  transition: background-color 140ms;
}
.genre-row:hover .genre-bar {
  background-color: var(--color-accent);
}
.genre-count { flex: 0 0 40px; text-align: right; color: var(--color-muted); }
.import-panel {
  background: var(--color-surface);
  border: 0.5px solid var(--color-border);
  border-radius: var(--radius-md);
  margin: 1.5rem 0;
  padding: 1.25rem;
}
.import-picker {
  display: flex;
  flex-direction: column;
  gap: 0.5rem;
}

.import-progress-card {
  margin-top: 1rem;
  padding: 1rem;
  background: var(--color-canvas);
  border: 0.5px solid var(--color-border);
  border-radius: var(--radius-sm);
}
.import-progress-header {
  display: flex;
  justify-content: space-between;
  margin-bottom: 0.5rem;
  font-size: 0.85rem;
  font-weight: 600;
}
.import-progress-track {
  height: 8px;
  background: var(--color-surface);
  border: 0.5px solid var(--color-border);
  border-radius: 4px;
  overflow: hidden;
  margin-bottom: 0.5rem;
}
.import-progress-fill {
  height: 100%;
  background: var(--color-accent);
  transition: width 200ms ease;
}
.import-progress-footer {
  display: flex;
  justify-content: space-between;
  font-size: 0.75rem;
  color: var(--color-muted);
}

.import-picker input[type=\"file\"] {
  border: 0.5px solid var(--color-border);
  border-radius: var(--radius-sm);
  padding: 0.5rem;
  background: var(--color-surface);
  font-family: inherit;
  font-size: 0.85rem;
  color: var(--color-ink);
  cursor: pointer;
  width: 100%;
}
.import-picker input[type=\"file\"]::file-selector-button {
  background: var(--color-canvas);
  border: 0.5px solid var(--color-border);
  border-radius: 4px;
  padding: 0.25rem 0.75rem;
  margin-right: 1rem;
  color: var(--color-ink);
  font-weight: 500;
  cursor: pointer;
  transition: background 150ms ease;
}
.import-picker input[type=\"file\"]::file-selector-button:hover {
  background: #ebebeb;
}

/* ─── Touch Target Adaptation (Coarse Pointers) ──────────────────────────────── */
@media (pointer: coarse) {
  .date-range-pill,
  .date-field,
  .settings-form select,
  .settings-form input,
  .settings-form textarea,
  .blocked-unblock,
  .entry-menu-toggle {
    min-height: 44px !important;
  }
  .entry-menu-toggle {
    min-width: 44px !important;
  }
  .pagination-btn {
    min-width: 44px;
    min-height: 44px;
  }
}

/* Empty State */
.empty-state {
  display: flex;
  flex-direction: column;
  align-items: center;
  justify-content: center;
  text-align: center;
  padding: 3rem 1rem;
  background: var(--color-surface);
  border: 0.5px solid var(--color-border);
  border-radius: var(--radius-md);
  margin: 1rem 0;
}

.empty-state-icon {
  color: var(--color-muted);
  margin-bottom: 1rem;
}

.empty-state-icon svg {
  width: 48px;
  height: 48px;
  stroke-width: 1.5;
}

.empty-state-title {
  margin: 0 0 0.5rem 0;
  font-size: 1.1rem;
  font-weight: 600;
  color: var(--color-ink);
}

.empty-state-description {
  margin: 0;
  color: var(--color-muted);
  max-width: 400px;
  font-size: 14px;
  line-height: 1.5;
}

.empty-state-action {
  margin-top: 1.5rem;
}

.empty-state-error {
  background: var(--color-danger-soft);
  border-color: rgba(211, 47, 47, 0.3);
}

.empty-state-error .empty-state-icon {
  color: var(--color-danger);
}

.empty-state-error .empty-state-title {
  color: var(--color-danger);
}

.empty-state-error .empty-state-description {
  color: var(--color-danger);
}

@keyframes heart-burst {
  0% { transform: scale(1); }
  50% { transform: scale(1.3); }
  100% { transform: scale(1); }
}

.liked-heart-active svg {
  animation: heart-burst 300ms cubic-bezier(0.175, 0.885, 0.32, 1.275);
}

@media (prefers-reduced-motion: reduce) {
  .liked-heart-active svg {
    animation: none;
  }
}
"

 ❯ src/libraryRows.test.js:43:27
     41|       /\.library-row-copy strong\s*\{[^}]*font-weight:\s*600/
     42|     )
     43|     expect(stylesContent).toMatch(
       |                           ^
     44|       /\.library-row-copy strong\s*\{[^}]*color:\s*#111111/
     45|     )

⎯⎯⎯⎯⎯⎯⎯⎯⎯⎯⎯⎯⎯⎯⎯⎯⎯⎯⎯⎯⎯⎯⎯⎯[4/8]⎯

 FAIL  src/libraryRows.test.js > Library List Row Density per DESIGN.md > styles count and time right-aligned with 12px, 500, #888888
AssertionError: expected ':root {\n  --color-primary: #0066ff;\…' to match /\.library-count-bar\s*\{[^}]*color:\s…/

- Expected: 
/\.library-count-bar\s*\{[^}]*color:\s*#888888/

+ Received: 
":root {
  --color-primary: #0066ff;
  --color-accent: #0066ff;
  --color-accent-soft: rgba(0, 102, 255, 0.08);
  --color-accent-hover: #0052cc;
  --color-ink: #111111;
  --color-muted: #888888;
  --color-canvas: #f7f7f7;
  --color-surface: #ffffff;
  --color-surface-raised: #ffffff;
  --color-border: #e5e5e5;
  --color-border-subtle: #f0f0f0;
  --color-focus: #0066ff;
  --color-danger: #d32f2f;
  --color-danger-soft: #fde8e8;
  --color-warning: #d97706;
  --color-warning-soft: #fef3c7;
  --color-spotify: #1db954;
  --color-spotify-bg: rgba(29, 185, 84, 0.1);
  --color-youtube: #ff0000;
  --color-youtube-bg: rgba(255, 0, 0, 0.1);
  --radius-sm: 8px;
  --radius-md: 12px;
  font-family: 'Inter', -apple-system, BlinkMacSystemFont, 'Segoe UI', Roboto, sans-serif;
  color: #111111;
  background: var(--color-canvas);
  line-height: 1.5;
  font-weight: 400;
  font-size: 14px;
}

@media (prefers-color-scheme: dark) {
  :root {
    --color-ink: #f7f7f7;
    --color-muted: #a0a0a0;
    --color-canvas: #111111;
    --color-surface: #1e1e1e;
    --color-surface-raised: #2a2a2a;
    --color-border: #333333;
    --color-border-subtle: #222222;
    --color-danger-soft: rgba(211, 47, 47, 0.15);
    --color-warning-soft: rgba(217, 119, 6, 0.15);
    --color-accent-soft: rgba(0, 102, 255, 0.15);
  }
}

* {
  box-sizing: border-box;
}

body {
  margin: 0;
  min-height: 100vh;
  background: var(--color-canvas);
  color: var(--color-ink);
  font-family: inherit;
  font-size: 14px;
}

p {
  color: var(--color-ink);
}

#root {
  min-height: 100vh;
}

.app-shell {
  min-height: 100vh;
  max-width: 1180px;
  margin: 0 auto;
  padding: clamp(2rem, 5vw, 3.5rem) clamp(1rem, 4vw, 2rem) 5rem;
}

/* ─── Topbar Navigation ────────────────────────────────────────────────────────── */
.topbar {
  display: flex;
  align-items: flex-end;
  justify-content: space-between;
  gap: 2rem;
  margin-bottom: 3.5rem;
}

.topbar-brand {
  display: flex;
  align-items: center;
}

.topbar-logo {
  height: 52px;
  width: auto;
  display: block;
}

.topbar-nav {
  align-items: center;
  display: flex;
  gap: 0.5rem;
}

.topbar-nav a {
  color: var(--color-muted);
  font: 600 0.8rem inherit, sans-serif;
  text-decoration: none;
  text-transform: uppercase;
  letter-spacing: 0.04em;
}

.nav-link {
  border-radius: var(--radius-sm);
  padding: 0.5rem 0.85rem;
  transition: background-color 140ms ease, color 140ms ease;
}

.nav-link:hover {
  background: rgba(0, 0, 0, 0.04);
  color: var(--color-ink);
}

.nav-link-active {
  background: var(--color-accent);
  color: #ffffff !important;
}

.nav-link-active:hover {
  background: var(--color-accent);
  color: #ffffff !important;
}

.nav-link:focus-visible {
  outline: 2px solid var(--color-focus);
  outline-offset: 2px;
}

.nav-menu-toggle {
  display: none;
}

@media (max-width: 720px) {
  /* Logo stays left, the toggle button stays right, on one row; the opened
     menu (flex-basis: 100%) wraps onto its own full-width line below rather
     than fighting the logo and toggle for space as a third row item. */
  .topbar {
    flex-direction: row;
    justify-content: space-between;
    align-items: center;
    flex-wrap: wrap;
  }

  .nav-menu-toggle {
    background: transparent;
    border: 0.5px solid var(--color-border);
    border-radius: var(--radius-sm);
    color: var(--color-ink);
    display: inline-flex;
    align-items: center;
    justify-content: center;
    min-height: 44px;
    min-width: 44px;
    font: 600 0.75rem inherit, sans-serif;
    padding: 0.4rem 0.8rem;
    text-transform: uppercase;
    cursor: pointer;
  }

  .topbar-nav {
    display: none;
    flex-direction: column;
    align-items: flex-start;
    gap: 0.5rem;
    margin-top: 1rem;
    width: 100%;
    flex-basis: 100%;
  }

  .topbar-nav-open {
    display: flex;
  }
}

/* ─── Typography & Headings ─────────────────────────────────────────────────── */
.eyebrow,
.section-kicker {
  text-transform: uppercase;
  letter-spacing: 0.08em;
  color: var(--color-muted);
  font-size: 0.75rem;
  font-weight: 600;
  margin: 0 0 0.5rem;
}

h1, h2, h3, h4, h5, h6 {
  color: var(--color-ink);
}

h1 {
  max-width: 650px;
  font-size: clamp(2rem, 5vw, 3.5rem);
  line-height: 1.1;
  font-weight: 600;
  letter-spacing: -0.02em;
  margin: 0;
  color: var(--color-ink);
}

h2 {
  font-size: 1.35rem;
  font-weight: 600;
  letter-spacing: -0.02em;
  margin: 0;
  color: var(--color-ink);
}

h3 {
  font-size: 1.1rem;
  font-weight: 600;
  margin: 0;
  color: var(--color-ink);
}

.status-mark {
  border: 0.5px solid var(--color-border);
  border-radius: var(--radius-sm);
  color: var(--color-muted);
  font: 600 0.75rem/1 inherit, sans-serif;
  padding: 0.5rem 0.8rem;
  white-space: nowrap;
}

/* ─── Panels & Cards ────────────────────────────────────────────────────────── */
.card {
  background: var(--color-surface);
  border: 0.5px solid var(--color-border);
  border-radius: var(--radius-md);
  box-shadow: none;
  padding: 16px;
}

.dashboard {
  background: var(--color-surface);
  border: 0.5px solid var(--color-border);
  border-radius: var(--radius-md);
  box-shadow: none;
  padding: 16px;
}

.section-heading {
  display: flex;
  align-items: baseline;
  justify-content: space-between;
  gap: 1rem;
  margin-bottom: 1.5rem;
}

.month-count {
  color: var(--color-muted);
  font-size: 0.85rem;
}

/* ─── Forms, Controls & Segmented Tabs ────────────────────────────────────────── */
.filters {
  align-items: end;
  display: grid;
  gap: 1rem;
  grid-template-columns: minmax(220px, 1.6fr) repeat(2, minmax(130px, 0.7fr)) auto;
  margin-bottom: 2rem;
}

.date-range-selector {
  align-items: center;
  display: flex;
  flex-wrap: wrap;
  gap: 0.75rem 1rem;
  margin-bottom: 1.5rem;
}

.date-range-segmented-group {
  display: flex;
  flex-direction: column;
  gap: 0.45rem;
}

.date-range-custom-wrapper {
  position: relative;
  display: flex;
  align-items: center;
}

.date-range-pill {
  display: inline-flex;
  align-items: center;
  gap: 0.5rem;
  padding: 6px 14px;
  min-height: 36px;
  border: 0.5px solid var(--color-border);
  border-radius: 9999px;
  background: var(--color-surface);
  font: 500 0.85rem 'Inter', -apple-system, BlinkMacSystemFont, sans-serif;
  color: var(--color-ink);
  cursor: pointer;
  transition: all 0.15s ease;
  white-space: nowrap;
}

.date-range-pill:hover {
  border-color: var(--color-accent);
  background: #fdfdfd;
}

.date-range-pill.active {
  border-color: var(--color-accent);
  box-shadow: none;
}

.date-range-pill .calendar-icon {
  color: var(--color-muted);
  flex-shrink: 0;
}

.date-range-pill-text {
  font-weight: 500;
}

.date-range-pill .pill-chevron {
  color: var(--color-muted);
  margin-left: 2px;
}

.date-range-popover {
  position: absolute;
  top: calc(100% + 8px);
  left: 0;
  z-index: 100;
  background: var(--color-surface);
  border: 0.5px solid var(--color-border);
  border-radius: var(--radius-md);
  box-shadow: none;
  padding: 16px;
  width: 320px;
  max-width: 90vw;
}

.date-range-custom-inputs {
  display: flex;
  align-items: center;
  gap: 0.5rem;
  margin-bottom: 0.5rem;
}

.date-range-custom-inputs label {
  flex: 1;
  margin: 0;
}

.date-range-arrow {
  color: var(--color-muted);
  font-weight: 600;
  padding-top: 1rem;
}

/* ─── Date Field Component ─────────────────────────────────────────────────── */
.date-field {
  padding: 8px 12px;
  height: 36px;
  border: 0.5px solid var(--color-border);
  border-radius: 8px;
  font-family: 'Inter', -apple-system, BlinkMacSystemFont, sans-serif;
  font-size: 14px;
  color: var(--color-ink);
  background: var(--color-surface);
  box-sizing: border-box;
  width: 100%;
}

.date-field:focus {
  border-color: var(--color-accent);
  outline: 2px solid var(--color-focus);
  outline-offset: 1px;
}

.date-field::placeholder {
  color: var(--color-muted);
  font-weight: 400;
}

.date-field-wrapper {
  display: flex;
  flex-direction: column;
  gap: 0.35rem;
}

.date-field-label {
  color: var(--color-muted);
  font-size: 0.75rem;
  font-weight: 600;
  letter-spacing: 0.04em;
  text-transform: uppercase;
}

.date-field-box {
  position: relative;
  display: flex;
  align-items: center;
}

.date-field-box .date-field {
  padding-left: 32px;
}

.date-field-calendar-icon {
  position: absolute;
  left: 10px;
  color: var(--color-muted);
  pointer-events: none;
}

/* ─── Calendar Picker ──────────────────────────────────────────────────────── */
.calendar-picker {
  border-top: 0.5px solid var(--color-border);
  padding-top: 0.75rem;
  margin-top: 0.5rem;
}

.calendar-header {
  display: flex;
  align-items: center;
  justify-content: space-between;
  margin-bottom: 0.5rem;
}

.calendar-month-title {
  font-size: 0.875rem;
  font-weight: 600;
  color: var(--color-ink);
}

.calendar-nav-btn {
  display: flex;
  align-items: center;
  justify-content: center;
  width: 28px;
  height: 28px;
  padding: 0;
  background: transparent;
  border: 0.5px solid var(--color-border);
  border-radius: var(--radius-sm);
  color: var(--color-muted);
  cursor: pointer;
}

.calendar-nav-btn:hover {
  background: #f5f5f5;
  color: var(--color-ink);
}

.calendar-weekdays {
  display: grid;
  grid-template-columns: repeat(7, 1fr);
  text-align: center;
  font-size: 0.7rem;
  font-weight: 600;
  color: var(--color-muted);
  margin-bottom: 0.25rem;
}

.calendar-grid {
  display: grid;
  grid-template-columns: repeat(7, 1fr);
  gap: 2px;
}

.calendar-cell-empty {
  height: 28px;
}

.calendar-day-btn {
  height: 28px;
  padding: 0;
  display: flex;
  align-items: center;
  justify-content: center;
  background: transparent;
  border: 0;
  border-radius: 4px;
  font-size: 0.8rem;
  font-family: inherit;
  color: var(--color-ink);
  cursor: pointer;
  transition: background 0.1s ease;
}

.calendar-day-btn:hover:not(.calendar-day-start):not(.calendar-day-end) {
  background: rgba(0, 0, 0, 0.05);
}

.calendar-day-start,
.calendar-day-end {
  background: var(--color-accent) !important;
  color: #ffffff !important;
  font-weight: 600;
}

.calendar-day-range {
  background: rgba(0, 102, 255, 0.1);
  border-radius: 0;
}

.calendar-day-today {
  font-weight: 700;
  text-decoration: underline;
}

.calendar-presets-row {
  display: flex;
  flex-wrap: wrap;
  align-items: center;
  gap: 0.35rem;
  margin-top: 0.75rem;
  padding-top: 0.5rem;
  border-top: 0.5px solid var(--color-border);
}

.calendar-preset-chip {
  padding: 3px 8px;
  font-size: 0.7rem;
  font-weight: 500;
  background: #f2f2f2;
  border: 0.5px solid var(--color-border);
  border-radius: 4px;
  color: var(--color-ink);
  cursor: pointer;
}

.calendar-preset-chip:hover {
  background: #e8e8e8;
}

.calendar-done-btn {
  margin-left: auto;
  padding: 3px 10px;
  font-size: 0.75rem;
  font-weight: 600;
  background: var(--color-accent);
  color: var(--color-surface);
  border: 0;
  border-radius: 4px;
  cursor: pointer;
}

.date-range-compare {
  align-items: center;
  display: flex !important;
  flex-direction: row !important;
  gap: 0.5rem;
  min-height: 2.5rem;
  font-size: 0.85rem;
  color: var(--color-ink);
  cursor: pointer;
}

.date-range-compare input {
  height: 16px;
  min-height: 16px;
  width: 16px;
  min-width: 16px;
  padding: 0;
  margin: 0;
  accent-color: var(--color-accent);
  cursor: pointer;
}

label {
  color: var(--color-ink);
  display: flex;
  flex-direction: column;
  font-size: 12px;
  font-weight: 500;
  gap: 4px;
  letter-spacing: normal;
}

input,
select,
textarea {
  background: var(--color-surface);
  border: 0.5px solid var(--color-border);
  border-radius: var(--radius-sm);
  color: var(--color-ink);
  font: 14px inherit, system-ui, sans-serif;
  min-height: 2.5rem;
  padding: 0.5rem 0.75rem;
}

input:focus {
  border-color: var(--color-accent);
  outline: 2px solid var(--color-focus);
  outline-offset: 1px;
}

button {
  background: var(--color-accent);
  border: 0.5px solid transparent;
  border-radius: var(--radius-sm);
  color: var(--color-surface);
  cursor: pointer;
  font-size: 0.75rem;
  font-weight: 600;
  min-height: 2.5rem;
  padding: 0.6rem 1rem;
  text-transform: uppercase;
  letter-spacing: 0.04em;
  transition: background-color 140ms ease, opacity 140ms ease;
  box-shadow: none;
}

button:hover:not(:disabled) {
  background: var(--color-accent-hover);
}

button:active:not(:disabled) {
  transform: none;
}

button:focus-visible,
select:focus-visible,
input:focus-visible,
a:focus-visible {
  outline: 2px solid var(--color-focus);
  outline-offset: 2px;
}

button.btn-secondary {
  background: transparent;
  border-color: var(--color-border);
  color: var(--color-ink);
}

button.btn-secondary:hover:not(:disabled) {
  background: rgba(0, 0, 0, 0.04);
}


button:disabled {
  cursor: not-allowed;
  opacity: 0.6;
}

/* ─── Segmented Tabs ────────────────────────────────────────────────────────── */
.segmented-tabs {
  display: inline-flex;
  align-items: center;
  background: transparent;
  border: 0.5px solid var(--color-border);
  border-radius: var(--radius-sm);
  padding: 2px;
  gap: 2px;
  max-width: 100%;
  overflow-x: auto;
  -webkit-overflow-scrolling: touch;
}

.segmented-tab {
  background: transparent;
  border: 0;
  border-radius: var(--radius-sm);
  color: var(--color-muted);
  font-family: inherit;
  font-size: 0.75rem;
  font-weight: 700;
  letter-spacing: 0.12em;
  text-transform: uppercase;
  min-height: 32px;
  padding: 0.35rem 0.75rem;
  cursor: pointer;
  white-space: nowrap;
  transition: background-color 120ms ease, color 120ms ease;
  box-shadow: none;
  flex: 0 0 auto;
  width: auto;
}

.segmented-tab:hover:not(.active):not(:disabled) {
  color: var(--color-ink);
  background: #f0f0f0;
}

.segmented-tab.active {
  background: var(--color-accent);
  color: var(--color-surface);
  font-weight: 700;
}

.visually-hidden-accessible {
  position: absolute !important;
  width: 1px !important;
  height: 1px !important;
  padding: 0 !important;
  margin: -1px !important;
  overflow: hidden !important;
  clip: rect(0, 0, 0, 0) !important;
  white-space: nowrap !important;
  border: 0 !important;
}

/* ─── Notices & Summaries ───────────────────────────────────────────────────── */
.notice {
  background: #f0f0f0;
  border: 0.5px solid var(--color-border);
  border-radius: var(--radius-sm);
  color: var(--color-ink);
  margin: 0;
  padding: 0.85rem 1rem;
  font-size: 0.85rem;
}

.notice-error {
  background: var(--color-danger-soft);
  border-color: rgba(211, 47, 47, 0.3);
  color: var(--color-danger);
}

.import-summary {
  background: var(--color-surface);
  border: 0.5px solid var(--color-border);
  border-radius: var(--radius-md);
  box-shadow: none;
  font: 0.85rem inherit, sans-serif;
  margin-top: 1rem;
  padding: 16px;
}

.import-summary-error {
  background: var(--color-danger-soft);
  border-color: rgba(211, 47, 47, 0.3);
}

.import-summary-heading {
  margin: 0 0 0.75rem;
  font-weight: 600;
}

.import-summary-counts {
  display: flex;
  gap: 1.5rem;
  margin: 0 0 0.75rem;
}

.import-summary-counts div {
  display: flex;
  flex-direction: column;
  gap: 0.2rem;
}

.import-summary-counts dt {
  color: var(--color-muted);
  font-size: 0.72rem;
  text-transform: uppercase;
}

.import-summary-counts dd {
  font-size: 1.1rem;
  font-weight: 700;
  margin: 0;
}

.import-summary-dismiss {
  background: transparent;
  border: 0;
  border-radius: var(--radius-sm);
  color: var(--color-accent);
  min-height: auto;
  padding: 0.35rem 0.5rem;
  margin-left: -0.5rem;
  text-decoration: underline;
  cursor: pointer;
}

.import-summary-dismiss:hover:not(:disabled),
.import-summary-dismiss:focus-visible {
  background: rgba(0, 0, 0, 0.04);
  color: var(--color-ink);
}

.import-summary-dismiss:focus-visible {
  outline: 2px solid var(--color-focus);
  outline-offset: 2px;
}

/* ─── Scrobbles & Lists ─────────────────────────────────────────────────────── */
.scrobble-list {
  background: var(--color-surface);
  border: 0.5px solid var(--color-border);
  border-radius: var(--radius-md);
  box-shadow: none;
  font: 0.85rem inherit, sans-serif;
  margin-top: 1.5rem;
  padding: 16px;
}

.scrobble-list h3 {
  color: var(--color-muted);
  font-size: 0.75rem;
  font-weight: 600;
  margin: 0 0 0.75rem;
  text-transform: uppercase;
  letter-spacing: 0.06em;
}

.scrobble-list ul {
  list-style: none;
  margin: 0;
  padding: 0;
}

.scrobble-row {
  align-items: center;
  border-top: 0.5px solid var(--color-border);
  display: flex;
  gap: 0.9rem;
  padding: 0.55rem 0;
}

.source-badge {
  display: inline-flex;
  align-items: center;
  justify-content: center;
  border-radius: 50%;
  background: var(--color-surface);
  border: 0.5px solid var(--color-border);
  overflow: hidden;
  flex-shrink: 0;
  line-height: 0;
  user-select: none;
}

.source-badge svg {
  width: 100%;
  height: 100%;
  display: block;
}

.source-badge-grid {
  position: absolute;
  bottom: 6px;
  right: 6px;
  width: 20px;
  height: 20px;
  border: 2px solid #FFFFFF;
  z-index: 5;
}

.source-badge-list,
.source-badge-sm {
  width: 16px;
  height: 16px;
  border: 1.5px solid #FFFFFF;
  vertical-align: middle;
}

.library-row-subtitle {
  display: inline-flex;
  align-items: center;
  gap: 6px;
  min-width: 0;
}

.scrobble-track {
  font-weight: 600;
  color: var(--color-ink);
}

.scrobble-artist {
  color: var(--color-muted);
}

.scrobble-copy {
  display: grid;
  flex: 1 1 auto;
  gap: 0.15rem;
  min-width: 0;
}

.scrobble-copy strong,
.scrobble-copy small {
  overflow: hidden;
  text-overflow: ellipsis;
  white-space: nowrap;
}

.profile-connect {
  background: var(--color-surface);
  border: 0.5px solid var(--color-border);
  border-radius: var(--radius-md);
  box-shadow: none;
  display: grid;
  gap: 0.85rem;
  padding: 16px;
}

/* ─── Settings Page ─────────────────────────────────────────────────────────── */
.settings-form {
  background: var(--color-surface);
  border: 0.5px solid var(--color-border);
  border-radius: var(--radius-md);
  box-shadow: none;
  display: grid;
  gap: 1rem;
  max-width: 38rem;
  padding: 16px;
}

.settings-form label {
  color: var(--color-ink);
  display: flex;
  flex-direction: column;
  font-size: 12px;
  font-weight: 500;
  letter-spacing: normal;
  line-height: 1.4;
  text-transform: none;
  gap: 4px;
}

.settings-form select,
.settings-form input:not([type=\"checkbox\"]):not([type=\"radio\"]) {
  background: var(--color-surface);
  border: 0.5px solid var(--color-border);
  border-radius: 8px;
  box-shadow: none;
  box-sizing: border-box;
  color: var(--color-ink);
  font: 14px/20px inherit, system-ui, sans-serif;
  height: 36px;
  min-height: 36px;
  padding: 8px 12px;
  transition: border-color 140ms ease, box-shadow 140ms ease;
}

.settings-form select:focus-visible,
.settings-form input:not([type=\"checkbox\"]):not([type=\"radio\"]):focus-visible {
  border-color: var(--color-accent);
  outline: 2px solid var(--color-focus);
  outline-offset: 1px;
}

.settings-checkbox {
  align-items: center;
  display: flex !important;
  flex-direction: row !important;
  gap: 0.6rem;
  cursor: pointer;
}

.settings-checkbox input {
  height: 16px;
  min-height: 16px;
  width: 16px;
  min-width: 16px;
  padding: 0;
  margin: 0;
  accent-color: var(--color-accent);
  cursor: pointer;
}

.settings-form label:has(input[type=\"radio\"]) {
  flex-direction: row;
  align-items: center;
  gap: 0.4rem;
  cursor: pointer;
}

.settings-form input[type=\"radio\"] {
  height: 16px;
  min-height: 16px;
  width: 16px;
  min-width: 16px;
  padding: 0;
  margin: 0;
  accent-color: var(--color-accent);
  cursor: pointer;
}

.settings-link {
  color: var(--color-accent);
  font: 600 0.8rem inherit, sans-serif;
  text-transform: uppercase;
  letter-spacing: 0.04em;
  text-decoration: none;
}

.settings-tabs {
  margin-bottom: 1.5rem;
}

.settings-tab {
  white-space: nowrap;
}

.settings-tab.destructive {
  color: #dc2626;
  border-color: rgba(220, 38, 38, 0.4);
}

.settings-tab.destructive.active {
  background: #dc2626;
  border-color: #dc2626;
  color: #FFFFFF;
}

.settings-tab.destructive:hover:not(.active):not(:disabled) {
  background: rgba(220, 38, 38, 0.06);
  border-color: #dc2626;
}

.settings-blocks {
  margin-top: 1.5rem;
}

.settings-blocks h2 {
  font-size: 1.2rem;
  margin: 0;
}

.settings-danger-zone {
  border: 0.5px solid rgba(211, 47, 47, 0.4);
  border-radius: var(--radius-md);
  box-shadow: none;
  margin-top: 0;
  padding: 16px;
  background: var(--color-surface);
}

.settings-danger-zone h2 {
  color: var(--color-danger);
  font-size: 1.2rem;
  margin: 0 0 0.5rem;
}

.notice-warning {
  background: var(--color-warning-soft);
  border-left: 3px solid var(--color-warning);
}

.danger-button {
  background: var(--color-danger);
  color: var(--color-surface);
  width: fit-content;
}

.danger-button:hover:not(:disabled) {
  background: #b71c1c;
}

button.btn-secondary {
  background: transparent;
  border-color: var(--color-border);
  color: var(--color-ink);
}

button.btn-secondary:hover:not(:disabled) {
  background: rgba(0, 0, 0, 0.04);
}


.danger-button:disabled {
  cursor: wait;
  opacity: 0.65;
}

.blocked-list {
  display: grid;
  gap: 0.25rem;
  list-style: none;
  margin: 0;
  padding: 0;
}

.blocked-list li {
  align-items: center;
  border-top: 0.5px solid var(--color-border);
  display: flex;
  gap: 1rem;
  justify-content: space-between;
  padding: 0.55rem 0;
}

.blocked-copy {
  display: grid;
  gap: 0.1rem;
  min-width: 0;
}

.blocked-copy small {
  color: var(--color-muted);
  font: 0.72rem inherit, sans-serif;
  text-transform: uppercase;
}

.blocked-unblock {
  background: transparent;
  border: 0.5px solid var(--color-border);
  color: var(--color-ink);
  min-height: 36px;
  padding: 0.35rem 0.85rem;
  width: auto;
  cursor: pointer;
  border-radius: var(--radius-sm);
  font-size: 0.75rem;
}

.blocked-unblock:hover {
  border-color: var(--color-accent);
  color: var(--color-accent);
}

/* ─── Entry Menu (Dropdown) ─────────────────────────────────────────────────── */
.entry-menu {
  position: relative;
}

.entry-menu-toggle {
  background: transparent;
  border: 0;
  color: var(--color-muted);
  font-size: 1.25rem;
  min-height: 44px;
  min-width: 44px;
  display: inline-flex;
  align-items: center;
  justify-content: center;
  padding: 0.25rem;
  cursor: pointer;
  border-radius: var(--radius-sm);
  transition: color 140ms ease;
}

.entry-menu-toggle:hover {
  color: var(--color-ink);
}

.entry-menu-panel {
  background: var(--color-surface);
  border: 0.5px solid var(--color-border);
  border-radius: var(--radius-sm);
  box-shadow: none;
  display: grid;
  gap: 0.2rem;
  min-width: 11rem;
  padding: 0.4rem;
  position: absolute;
  right: 0;
  top: 100%;
  z-index: 30;
}

.entry-menu-panel > button {
  background: transparent;
  border: 0;
  border-radius: calc(var(--radius-sm) - 2px);
  color: var(--color-ink);
  font: 500 0.8rem inherit, sans-serif;
  min-height: auto;
  padding: 0.5rem 0.65rem;
  text-align: left;
  text-transform: none;
  letter-spacing: normal;
  width: 100%;
}

.entry-menu-panel > button:hover {
  background: rgba(0, 102, 255, 0.08);
  color: var(--color-accent);
}

.entry-menu-confirm {
  display: grid;
  gap: 0.5rem;
  padding: 0.4rem;
}

.entry-menu-confirm p {
  font: 0.78rem/1.4 inherit, sans-serif;
  margin: 0;
}

.entry-menu-confirm-actions {
  display: flex;
  gap: 0.4rem;
}

.entry-menu-confirm-actions button {
  min-height: 2.1rem;
  padding: 0.35rem 0.7rem;
  width: auto;
}

.entry-menu-cancel {
  background: transparent !important;
  border: 0.5px solid var(--color-border) !important;
  color: var(--color-ink) !important;
}

.entry-menu-notice {
  color: var(--color-danger);
  font: 0.75rem inherit, sans-serif;
  margin: 0;
  padding: 0 0.4rem 0.3rem;
}

/* ─── Profile Page ──────────────────────────────────────────────────────────── */
.profile-card {
  background: var(--color-surface);
  border: 0.5px solid var(--color-border);
  border-radius: var(--radius-md);
  box-shadow: none;
  display: grid;
  gap: 1rem;
  padding: 16px;
}

.profile-username {
  color: var(--color-ink);
  font-size: 1.25rem;
  font-weight: 600;
  margin: 0;
}

.profile-display-name {
  color: var(--color-muted);
  margin: 0;
}

.profile-stats {
  display: flex;
  gap: 2rem;
  margin: 0;
}

.profile-stats div {
  display: flex;
  flex-direction: column;
  gap: 0.2rem;
}

.profile-stats dt {
  color: var(--color-muted);
  font-size: 0.72rem;
  text-transform: uppercase;
}

.profile-stats dd {
  font-size: 1.1rem;
  font-weight: 700;
  margin: 0;
}

.follow-button {
  justify-self: start;
}

.profile-button-row {
  display: flex;
  align-items: center;
  gap: 0.75rem;
  flex-wrap: wrap;
}

.profile-connect-button {
  background: var(--color-accent);
  color: var(--color-surface);
  border: 0.5px solid transparent;
  border-radius: var(--radius-sm);
  padding: 0.5rem 1rem;
  font-size: 0.75rem;
  font-weight: 600;
  text-transform: uppercase;
  letter-spacing: 0.04em;
  display: inline-flex;
  align-items: center;
  justify-content: center;
  min-height: 2.25rem;
  cursor: pointer;
  transition: background-color 140ms ease;
}

.profile-connect-button:hover:not(:disabled) {
  background: var(--color-accent-hover);
}

.profile-settings-button {
  background: transparent;
  color: var(--color-ink);
  border: 0.5px solid var(--color-border);
  border-radius: var(--radius-sm);
  padding: 0.5rem 1rem;
  font-size: 0.75rem;
  font-weight: 600;
  text-transform: uppercase;
  letter-spacing: 0.04em;
  display: inline-flex;
  align-items: center;
  justify-content: center;
  text-decoration: none;
  min-height: 2.25rem;
  cursor: pointer;
  transition: background-color 140ms ease, border-color 140ms ease;
}

.profile-settings-button:hover {
  background: var(--color-canvas);
  border-color: var(--color-ink);
  color: var(--color-ink);
}

.profile-track-card {
  background: var(--color-surface);
  border: 0.5px solid var(--color-border);
  border-radius: var(--radius-md);
  padding: 1rem;
  display: flex;
  flex-direction: column;
  gap: 0.75rem;
  box-shadow: none;
}

.profile-track-card.now-playing {
  border-color: rgba(29, 185, 84, 0.4);
  background: var(--color-spotify-bg);
}

.profile-track-card-header {
  display: flex;
  align-items: center;
  justify-content: space-between;
  gap: 0.5rem;
}

.profile-live-indicator {
  display: inline-flex;
  align-items: center;
  gap: 0.45rem;
  font-size: 0.72rem;
  font-weight: 700;
  text-transform: uppercase;
  letter-spacing: 0.06em;
  color: var(--color-spotify);
}

.profile-live-dot {
  width: 8px;
  height: 8px;
  border-radius: 50%;
  background-color: var(--color-spotify);
  animation: live-pulse-animation 1.4s ease-in-out infinite alternate;
}

@keyframes live-pulse-animation {
  0% {
    opacity: 0.35;
    transform: scale(0.85);
  }
  100% {
    opacity: 1;
    transform: scale(1.15);
  }
}

.profile-card-kicker {
  font-size: 0.72rem;
  font-weight: 700;
  text-transform: uppercase;
  letter-spacing: 0.05em;
  color: var(--color-muted);
}

.profile-card-time {
  font-size: 0.75rem;
  color: var(--color-muted);
}

.profile-track-card-content {
  display: flex;
  align-items: center;
  gap: 1rem;
}

.profile-track-artwork-wrap {
  width: 72px;
  height: 72px;
  min-width: 72px;
  border-radius: var(--radius-sm);
  overflow: hidden;
  background: var(--color-canvas);
  border: 0.5px solid var(--color-border);
}

.profile-track-artwork {
  width: 100%;
  height: 100%;
  object-fit: cover;
  display: block;
}

.profile-track-details {
  display: flex;
  flex-direction: column;
  gap: 0.2rem;
  min-width: 0;
  flex: 1;
}

.profile-track-title {
  margin: 0;
  font-size: 1.05rem;
  font-weight: 600;
  color: var(--color-ink);
  white-space: nowrap;
  overflow: hidden;
  text-overflow: ellipsis;
}

.profile-track-artist {
  margin: 0;
  font-size: 0.88rem;
  color: var(--color-muted);
  white-space: nowrap;
  overflow: hidden;
  text-overflow: ellipsis;
}

.profile-track-album {
  margin: 0;
  font-size: 0.78rem;
  color: var(--color-muted);
  opacity: 0.85;
  white-space: nowrap;
  overflow: hidden;
  text-overflow: ellipsis;
}

.profile-actions {
  display: flex;
  flex-wrap: wrap;
  gap: 0.5rem;
  border-top: 0.5px solid var(--color-border);
  padding-top: 1rem;
  margin-top: 0.5rem;
}

.profile-actions a {
  display: inline-flex;
  align-items: center;
  padding: 0.45rem 0.85rem;
  border-radius: var(--radius-sm);
  border: 0.5px solid var(--color-border);
  background: var(--color-surface);
  color: var(--color-ink);
  text-decoration: none;
  font-size: 0.8rem;
  font-weight: 500;
  transition: all 120ms ease;
}

.profile-actions a:hover {
  background: var(--color-canvas);
  border-color: var(--color-primary);
  color: var(--color-primary);
}

/* ─── Charts Panel ──────────────────────────────────────────────────────────── */
.charts-panel {
  margin-top: 2rem;
  background: var(--color-surface);
  border: 0.5px solid var(--color-border);
  border-radius: var(--radius-md);
  box-shadow: none;
  padding: 16px;
}

.charts-controls {
  display: flex;
  flex-wrap: wrap;
  gap: 1.25rem;
  margin-bottom: 1.25rem;
}

.charts-control-group {
  display: flex;
  flex-direction: column;
  gap: 0.4rem;
}

.charts-control-label {
  color: var(--color-muted);
  font-size: 0.75rem;
  font-weight: 600;
  letter-spacing: 0.04em;
  text-transform: uppercase;
}

.charts-list {
  list-style: none;
  margin: 0;
  padding: 0;
}

.charts-row {
  align-items: center;
  border-top: 0.5px solid var(--color-border);
  display: flex;
  font: 0.85rem inherit, sans-serif;
  gap: 0.9rem;
  padding: 0.55rem 0;
}

.charts-rank {
  color: var(--color-muted);
  font-weight: 700;
  width: 1.5rem;
  font-size: 0.8rem;
}

.charts-label {
  flex: 1;
  font-weight: 600;
  color: var(--color-ink);
}

.charts-secondary {
  color: var(--color-muted);
}

.charts-count {
  color: var(--color-muted);
}

/* ─── Analytics / Overview / Reports ─────────────────────────────────────────── */
.analytics-page {
  display: grid;
  gap: 1.5rem;
  grid-template-columns: minmax(0, 1fr);
}

.analytics-page > .section-kicker {
  margin-bottom: -0.75rem;
}

.stats-bar {
  display: grid;
  gap: 1rem;
  grid-template-columns: repeat(3, 1fr);
}

.stat-block {
  background: var(--color-surface);
  border: 0.5px solid var(--color-border);
  border-radius: var(--radius-md);
  box-shadow: none;
  display: grid;
  gap: 0.35rem;
  padding: 16px;
}

.stat-block strong {
  font-size: 2.4rem;
  font-weight: 600;
  line-height: 1;
  color: var(--color-ink);
}

.stat-block span,
.panel-meta {
  color: var(--color-muted);
  font: 600 0.75rem inherit, sans-serif;
  text-transform: uppercase;
  letter-spacing: 0.04em;
}

.overview-grid,
.report-grid {
  align-items: stretch;
  display: grid;
  gap: 1rem;
  grid-template-columns: repeat(3, minmax(0, 1fr));
}

.ranked-panel,
.timeline-panel,
.report-card,
.report-community {
  background: var(--color-surface);
  border: 0.5px solid var(--color-border);
  border-radius: var(--radius-md);
  box-shadow: none;
  padding: 16px;
  transition: border-color 140ms ease;
}

.ranked-panel {
  display: flex;
  flex-direction: column;
}

.report-card:hover {
  border-color: var(--color-ink);
  box-shadow: none;
  transform: none;
}

.ranked-panel .section-heading,
.timeline-panel .section-heading {
  margin-bottom: 1rem;
}

.ranked-panel h2,
.timeline-panel h2,
.report-card h2,
.report-community h2 {
  font-size: 1.25rem;
}

.ranked-list {
  flex: 1;
  list-style: none;
  margin: 0;
  padding: 0;
}

.ranked-list li {
  align-items: center;
  border-top: 0.5px solid var(--color-border);
  display: flex;
  gap: 0.75rem;
  min-height: 3.2rem;
  padding: 0.4rem 0;
}

.rank-number {
  color: var(--color-muted);
  font: 700 0.8rem inherit, sans-serif;
  width: 1.2rem;
}

.rank-artwork,
.scrobble-artwork {
  background: #eeeeee;
  height: 2.5rem;
  object-fit: cover;
  width: 2.5rem;
  border-radius: 4px;
}

.rank-copy {
  display: grid;
  flex: 1;
  gap: 0.15rem;
  min-width: 0;
}

.rank-copy strong {
  overflow: hidden;
  text-overflow: ellipsis;
  white-space: nowrap;
  color: var(--color-ink);
}

.rank-copy small {
  color: var(--color-muted);
  font: 0.75rem inherit, sans-serif;
}

.rank-count {
  color: var(--color-muted);
  font: 600 0.8rem inherit, sans-serif;
}

.page-link a,
.report-banner a {
  color: var(--color-accent);
  font: 600 0.8rem inherit, sans-serif;
  text-transform: uppercase;
  text-decoration: none;
}

/* ─── Library Page ──────────────────────────────────────────────────────────── */
.library-segmented-group {
  display: flex;
  flex-direction: column;
  gap: 0.35rem;
  margin-bottom: 0.75rem;
  min-width: 0;
}

.library-segmented-label {
  font-size: 0.72rem;
  font-weight: 700;
  text-transform: uppercase;
  letter-spacing: 0.06em;
  color: var(--color-muted);
  margin: 0;
  line-height: 1;
}

.library-tabs {
  display: inline-flex;
  align-items: center;
  background: transparent;
  border: 0.5px solid var(--color-border);
  border-radius: var(--radius-sm);
  padding: 2px;
  gap: 2px;
  max-width: 100%;
  overflow-x: auto;
  -webkit-overflow-scrolling: touch;
}

.library-tabs button {
  background: transparent;
  border: 0;
  border-radius: var(--radius-sm);
  color: var(--color-muted);
  font-family: inherit;
  font-size: 0.75rem;
  font-weight: 700;
  letter-spacing: 0.12em;
  text-transform: uppercase;
  min-height: 32px;
  padding: 0.35rem 0.75rem;
  cursor: pointer;
  white-space: nowrap;
  transition: background-color 120ms ease, color 120ms ease;
  box-shadow: none;
  flex: 0 0 auto;
  width: auto;
}

.library-tabs button:hover:not(.active):not(:disabled) {
  color: var(--color-ink);
  background: #f0f0f0;
}

.library-tabs button.active {
  background: var(--color-accent);
  color: var(--color-surface);
  font-weight: 700;
}

.library-controls-bar {
  display: flex;
  flex-wrap: wrap;
  align-items: flex-end;
  justify-content: space-between;
  gap: 1rem;
  margin: 1.25rem 0 1.5rem;
}

.library-controls-bar .date-range-selector {
  margin-bottom: 0;
}

.library-layout {
  display: grid;
  gap: 1rem;
  grid-template-columns: minmax(0, 1.35fr) minmax(250px, 0.65fr);
}

.library-layout .scrobble-list {
  background: var(--color-surface);
  border: 0.5px solid var(--color-border);
  border-radius: var(--radius-md);
  margin: 0;
  padding: 16px;
  box-shadow: none;
}

.library-toolbar {
  display: flex;
  justify-content: space-between;
  align-items: center;
  gap: 0.75rem;
  flex-wrap: wrap;
}

.library-search-form {
  flex: 1;
  min-width: 200px;
  max-width: 320px;
  display: flex;
}

.library-search-form input {
  flex: 1;
  width: 100%;
  border: 0.5px solid var(--color-border);
  border-radius: var(--radius-sm);
  padding: 0.5rem 0.75rem;
  font: 0.95rem inherit, system-ui, sans-serif;
  background: var(--color-surface);
  min-height: 40px;
}

.library-search-form input:focus {
  border-color: var(--color-accent);
  outline: 2px solid var(--color-focus);
  outline-offset: 1px;
}

.library-view-toggle {
  display: inline-flex;
  gap: 0.25rem;
}

.library-view-toggle button {
  background: transparent;
  border: 0.5px solid var(--color-border);
  color: var(--color-muted);
  min-height: 40px;
  min-width: 40px;
  padding: 0.4rem 0.85rem;
  border-radius: var(--radius-sm);
  cursor: pointer;
  box-shadow: none;
}

.library-view-toggle .library-select-toggle {
  margin-left: 0.25rem;
}

.library-view-toggle button.active {
  background: var(--color-ink);
  border-color: var(--color-ink);
  color: var(--color-surface);
}

.library-view-toggle button:hover:not(:disabled) {
  background: rgba(0, 0, 0, 0.04);
  color: var(--color-ink);
}

.library-view-toggle button.active:hover:not(:disabled) {
  background: var(--color-ink);
  border-color: var(--color-ink);
  color: var(--color-surface);
}

.bulk-action-bar {
  align-items: center;
  background: var(--color-ink);
  color: var(--color-surface);
  display: flex;
  flex-wrap: wrap;
  gap: 0.6rem;
  padding: 0.75rem 1rem;
  border-radius: var(--radius-sm);
  margin-bottom: 1rem;
  box-shadow: none;
}

.bulk-action-bar strong {
  margin-right: auto;
}

.bulk-action-bar button {
  background: var(--color-surface);
  color: var(--color-ink);
  min-height: 40px;
  padding: 0.45rem 0.85rem;
  border-radius: var(--radius-sm);
}

.bulk-action-bar .bulk-action-secondary {
  background: transparent;
  border: 0.5px solid rgba(255, 255, 255, 0.4);
  color: var(--color-surface);
}

.bulk-action-bar span {
  color: rgba(255, 255, 255, 0.7);
  font: 0.8rem inherit, sans-serif;
}

.bulk-select-control {
  align-items: center;
  display: flex;
  flex: 0 0 auto;
  min-width: 44px;
  min-height: 44px;
  justify-content: center;
  cursor: pointer;
}

.bulk-select-control input {
  accent-color: var(--color-accent);
  height: 1.2rem;
  width: 1.2rem;
  cursor: pointer;
}

.bulk-select-control span {
  border: 0;
  clip: rect(0 0 0 0);
  height: 1px;
  margin: -1px;
  overflow: hidden;
  padding: 0;
  position: absolute;
  width: 1px;
}

.library-rank-panel,
.library-scrobble-panel {
  background: var(--color-surface);
  border: 0.5px solid var(--color-border);
  border-radius: var(--radius-md);
  box-shadow: none;
  padding: 16px;
}

.library-rank-heading {
  align-items: end;
  display: flex;
  justify-content: space-between;
  margin-bottom: 1rem;
}

.library-rank-heading strong {
  display: block;
  font-size: 1.35rem;
  font-weight: 600;
}

.library-rank-list,
.library-scrobble-list {
  list-style: none;
  margin: 0;
  padding: 0;
}

.library-rank-row,
.library-scrobble-row {
  align-items: center;
  border-top: 0.5px solid var(--color-border);
  display: flex;
  gap: 12px;
  height: 64px;
  min-height: 64px;
  box-sizing: border-box;
  padding: 8px 12px;
}

.library-rank-media {
  align-items: center;
  display: flex;
  flex: 0 0 auto;
  gap: 8px;
}

.library-rank-number {
  color: var(--color-muted);
  font: 500 12px inherit, sans-serif;
  text-align: center;
  width: 1.5rem;
}

.library-row-artwork {
  background: #f0f0f0;
  flex: 0 0 48px;
  height: 48px;
  object-fit: cover;
  width: 48px;
  border-radius: 4px;
}

.library-row-artwork-empty {
  display: block;
}

.artwork {
  aspect-ratio: 1;
  display: block;
  object-fit: cover;
}

.artwork-fallback {
  align-items: center;
  background: #f0f0f0;
  color: var(--color-muted);
  display: flex;
  font: 600 0.85rem inherit, sans-serif;
  justify-content: center;
  letter-spacing: 0.05em;
  border-radius: 4px;
}

.library-row-copy {
  display: flex;
  flex-direction: column;
  justify-content: center;
  flex: 1;
  gap: 2px;
  min-width: 0;
}

.library-row-copy strong,
.library-row-copy small {
  overflow: hidden;
  text-overflow: ellipsis;
  white-space: nowrap;
}

.library-row-copy strong {
  color: var(--color-ink);
  font-size: 15px;
  font-weight: 600;
  line-height: 1.3;
}

.library-row-copy small {
  color: var(--color-muted);
  font-size: 12px;
  font-weight: 400;
  line-height: 1.25;
}

.library-count-bar {
  background: #f0f0f0;
  color: var(--color-muted);
  display: flex;
  align-items: center;
  justify-content: flex-end;
  flex: 0 1 12rem;
  font-size: 12px;
  font-weight: 500;
  min-width: 4.5rem;
  padding: 4px 8px;
  border-radius: 4px;
  text-decoration: none;
  text-align: right;
}

.library-rank-actions {
  align-items: center;
  display: flex;
  flex: 0 1 auto;
  gap: 8px;
  justify-content: flex-end;
  min-width: 0;
  margin-left: auto;
}

.library-rank-actions .library-count-bar {
  flex: 0 1 auto;
}

.library-scrobble-row .library-row-copy {
  order: 1;
}

.library-scrobble-row .scrobble-grid-heart {
  order: 2;
  margin-left: auto;
}

.library-scrobble-row .source-badge {
  order: 3;
  flex: 0 0 auto;
}

.library-scrobble-row time {
  order: 4;
  color: var(--color-muted);
  font-size: 12px;
  font-weight: 500;
  min-width: 5rem;
  text-align: right;
  white-space: nowrap;
}

.library-scrobble-panel h2 {
  font-size: 1.25rem;
  margin: 0 0 1rem;
}

.library-filter-label {
  color: var(--color-muted);
  margin: -0.5rem 0 1rem;
}

.scrobble-day h3 {
  color: var(--color-muted);
  font: 600 0.75rem inherit, sans-serif;
  margin: 1.25rem 0 0.3rem;
  text-transform: uppercase;
  letter-spacing: 0.06em;
}

.library-scrobble-row .source-badge {
  flex: 0 0 auto;
}

.library-rank-panel-grid .library-rank-list {
  display: grid;
  grid-template-columns: repeat(4, minmax(0, 1fr));
  gap: 12px;
  list-style: none;
  margin: 0;
  padding: 0;
}

@media (max-width: 1024px) {
  .library-rank-panel-grid .library-rank-list {
    grid-template-columns: repeat(3, minmax(0, 1fr));
    gap: 12px;
  }
}

@media (max-width: 600px) {
  .library-rank-panel-grid .library-rank-list {
    grid-template-columns: repeat(2, minmax(0, 1fr));
    gap: 12px;
  }
}

.library-rank-panel-grid .library-rank-row {
  align-items: stretch;
  background: var(--color-surface);
  border: 0.5px solid var(--color-border);
  border-radius: 12px;
  box-shadow: none;
  display: flex;
  flex-direction: column;
  gap: 0;
  height: auto;
  min-height: auto;
  overflow: hidden;
  padding: 0;
  position: relative;
  transition: border-color 140ms ease;
}

.library-rank-panel-grid .library-rank-row:hover {
  border-color: var(--color-border);
  box-shadow: none;
  transform: none;
}

.grid-card-artwork-wrap {
  position: relative;
  width: 100%;
  aspect-ratio: 1;
  background: var(--color-bg);
  overflow: hidden;
}

.grid-card-artwork-link {
  display: block;
  width: 100%;
  height: 100%;
  text-decoration: none;
}

.grid-card-artwork {
  width: 100%;
  height: 100%;
  aspect-ratio: 1;
  object-fit: cover;
  display: block;
  border-radius: 0;
}

.artwork-fallback.grid-card-artwork {
  width: 100%;
  height: 100%;
  display: flex;
  align-items: center;
  justify-content: center;
  font-size: 1.5rem;
  font-weight: 600;
  color: var(--color-muted);
  background: var(--color-bg);
  border-radius: 0;
}

.grid-select-scrim {
  position: absolute;
  top: 8px;
  left: 8px;
  z-index: 10;
  display: inline-flex;
  align-items: center;
  justify-content: center;
  width: 28px;
  height: 28px;
  background: rgba(0, 0, 0, 0.45);
  border-radius: 6px;
  backdrop-filter: blur(4px);
  cursor: pointer;
  margin: 0;
  padding: 0;
}

.grid-select-scrim input[type=\"checkbox\"] {
  cursor: pointer;
  margin: 0;
  width: 16px;
  height: 16px;
  accent-color: var(--color-accent);
}

.grid-select-scrim span {
  position: absolute;
  width: 1px;
  height: 1px;
  padding: 0;
  margin: -1px;
  overflow: hidden;
  clip: rect(0, 0, 0, 0);
  white-space: nowrap;
  border: 0;
}

.grid-card-like {
  position: absolute;
  top: 8px;
  right: 8px;
  z-index: 5;
  background: rgba(0, 0, 0, 0.45);
  border-radius: 6px;
  backdrop-filter: blur(4px);
  display: flex;
  align-items: center;
  justify-content: center;
  width: 28px;
  height: 28px;
}

.liked-heart {
  color: var(--color-muted);
  display: inline-flex;
  align-items: center;
  flex: 0 0 auto;
}

.liked-heart-active {
  color: var(--color-danger);
}

.grid-card-like .liked-heart {
  color: var(--color-surface);
}

.grid-card-like .liked-heart-active {
  color: var(--color-danger);
}

.grid-card-body {
  padding: 10px 12px 12px;
  display: flex;
  flex-direction: column;
  flex: 1 1 auto;
  min-width: 0;
}

.grid-card-heading {
  display: flex;
  align-items: baseline;
  gap: 4px;
  font-size: 14px;
  font-weight: 500;
  line-height: 1.3;
  color: var(--color-ink);
  min-width: 0;
}

.grid-card-rank {
  color: var(--color-muted);
  font-size: 14px;
  font-weight: 500;
  flex-shrink: 0;
}

.grid-card-title {
  color: var(--color-ink);
  font-size: 14px;
  font-weight: 500;
  text-decoration: none;
  overflow: hidden;
  text-overflow: ellipsis;
  white-space: nowrap;
  display: block;
  flex: 1;
  min-width: 0;
}

.grid-card-title:hover {
  text-decoration: underline;
}

.grid-card-artist {
  font-size: 12px;
  color: var(--color-muted);
  line-height: 1.3;
  margin-top: 2px;
  overflow: hidden;
  text-overflow: ellipsis;
  white-space: nowrap;
  display: block;
}

.grid-card-footer {
  margin-top: 8px;
}

.grid-card-count {
  display: inline-flex;
  align-items: center;
  gap: 5px;
  font-size: 12px;
  color: var(--color-muted);
  line-height: 1;
}

.grid-card-count-icon {
  flex-shrink: 0;
  color: var(--color-muted);
}

.grid-card-bar-track {
  width: 100%;
  height: 3px;
  background: #F0F0F0;
  border-radius: 2px;
  margin-top: 6px;
  overflow: hidden;
}

.grid-card-bar-fill {
  height: 100%;
  background: var(--color-accent);
  border-radius: 2px;
  transition: width 200ms ease;
}

.library-scrobble-panel-grid .library-scrobble-row {
  display: grid;
  grid-template-areas: \"select art copy time\" \"select art source heart\";
  grid-template-columns: 2.5rem 2.7rem minmax(0, 1fr) auto;
  grid-template-rows: minmax(2rem, auto) auto;
  row-gap: 6px;
  min-height: 5.6rem;
  border-radius: var(--radius-sm);
  padding-inline: 0.5rem;
  box-shadow: none;
  transition: background-color 140ms ease;
}

.library-scrobble-panel-grid .scrobble-grid-select {
  grid-area: select;
  align-self: center;
}

.library-scrobble-panel-grid .scrobble-grid-artwork {
  grid-area: art;
  height: 2.7rem;
}

.library-scrobble-panel-grid .library-row-copy {
  grid-area: copy;
  align-self: end;
}

.library-scrobble-panel-grid .scrobble-grid-source {
  grid-area: source;
  justify-self: start;
}

.library-scrobble-panel-grid .scrobble-grid-heart {
  grid-area: heart;
  justify-self: end;
  align-self: center;
}

.library-scrobble-panel-grid .scrobble-grid-time {
  grid-area: time;
  align-self: end;
  min-width: 0;
  text-align: right;
}

.library-scrobble-panel-grid .library-scrobble-row:hover {
  background: rgba(0, 0, 0, 0.02);
}

.library-pagination-bar {
  align-items: center;
  display: flex;
  flex-wrap: wrap;
  gap: 1rem;
  justify-content: space-between;
  margin-top: 1.5rem;
}

.page-size-select {
  align-items: center;
  display: flex;
  gap: 0.5rem;
}

.page-size-label {
  color: var(--color-muted);
  font: 600 0.75rem inherit, sans-serif;
  text-transform: uppercase;
  letter-spacing: 0.04em;
}

.page-size-select select {
  font: 0.95rem inherit, system-ui, sans-serif;
  min-height: 40px;
  padding: 0.4rem 0.75rem;
  border: 0.5px solid var(--color-border);
  border-radius: var(--radius-sm);
}

.pagination {
  align-items: center;
  display: flex;
  gap: 0.5rem;
}

.pagination-list {
  display: flex;
  gap: 0.25rem;
  list-style: none;
  margin: 0;
  padding: 0;
}

.pagination-ellipsis {
  color: var(--color-muted);
  padding: 0 0.25rem;
  display: inline-flex;
  align-items: center;
}

.pagination-page {
  background: transparent;
  border: 0;
  color: var(--color-muted);
  font: 600 0.85rem inherit, sans-serif;
  min-height: 40px;
  min-width: 40px;
  display: inline-flex;
  align-items: center;
  justify-content: center;
  padding: 0.35rem 0.6rem;
  text-transform: none;
  border-radius: var(--radius-sm);
  cursor: pointer;
  box-shadow: none;
}

.pagination-page:hover:not(.pagination-page-active) {
  color: var(--color-ink);
  background: rgba(0, 0, 0, 0.04);
}

.pagination-page-active {
  background: var(--color-accent);
  color: var(--color-surface);
}

.pagination-next {
  background: transparent;
  border: 0.5px solid var(--color-border);
  color: var(--color-ink);
  font: 600 0.75rem inherit, sans-serif;
  min-height: 40px;
  padding: 0.4rem 1rem;
  display: inline-flex;
  align-items: center;
  justify-content: center;
  border-radius: var(--radius-sm);
  cursor: pointer;
  box-shadow: none;
}

.pagination-next:disabled {
  cursor: not-allowed;
  opacity: 0.4;
}

/* ─── Timeline & Reports ────────────────────────────────────────────────────── */
.timeline-chart {
  align-items: end;
  display: flex;
  gap: 0.65rem;
  height: 220px;
  overflow-x: auto;
  padding: 1rem 0 0;
}

.timeline-column {
  align-items: center;
  display: flex;
  flex: 1 0 2rem;
  flex-direction: column;
  gap: 0.6rem;
  height: 100%;
  justify-content: end;
}

.timeline-bar {
  background: var(--color-accent);
  min-height: 0.3rem;
  width: 100%;
  border-radius: 2px;
}

.timeline-column span {
  color: var(--color-muted);
  font: 0.7rem inherit, sans-serif;
}

.report-banner {
  align-items: flex-end;
  background: var(--color-surface);
  border: 0.5px solid var(--color-border);
  border-radius: var(--radius-md);
  box-shadow: none;
  display: flex;
  justify-content: space-between;
  gap: 1rem;
  padding: 16px;
}

.report-banner h2 {
  font-size: 2rem;
}

.report-banner .section-kicker {
  margin-bottom: 0.4rem;
}

.report-time-grid {
  display: grid;
  gap: 1rem;
  grid-template-columns: minmax(0, 1.4fr) minmax(0, 1fr);
  margin-top: 16px;
}

.report-data-grid {
  display: grid;
  gap: 1rem;
  grid-template-columns: minmax(0, 1fr);
}

.chart-panel {
  background: var(--color-surface);
  border: 0.5px solid var(--color-border);
  border-radius: var(--radius-md);
  box-shadow: none;
  padding: 16px;
}

.chart-panel h2 {
  font-size: 1.25rem;
  margin: 0 0 1rem;
}

.bar-trend-chart {
  display: block;
  height: 220px;
  width: 100%;
}

.bar-trend-bar {
  fill: rgba(0, 102, 255, 0.35);
  transition: fill 140ms ease;
}

.bar-trend-bar:hover {
  fill: var(--color-accent);
}

.bar-trend-bar-peak {
  fill: var(--color-accent);
}

.bar-trend-labels {
  color: var(--color-muted);
  display: flex;
  font: 0.7rem inherit, sans-serif;
  justify-content: space-between;
  margin-top: 0.4rem;
}

.listening-clock-chart {
  display: block;
  height: 240px;
  margin: 0 auto;
  width: 240px;
}

.clock-ring {
  fill: none;
  stroke: var(--color-border);
  stroke-width: 0.7;
}

.clock-bar {
  stroke: rgba(0, 102, 255, 0.35);
  stroke-linecap: round;
  stroke-width: 2.1;
  transition: stroke 140ms ease;
}

.clock-bar:hover {
  stroke: var(--color-accent);
}

.clock-bar-peak {
  stroke: var(--color-accent);
}

.clock-label {
  fill: var(--color-muted);
  font: 4.5px inherit, sans-serif;
}

.chart-caption {
  color: var(--color-muted);
  font: 0.8rem inherit, sans-serif;
  margin: 0.6rem 0 0;
  text-align: center;
}

.report-card {
  min-height: 150px;
}

.report-card p,
.report-community p {
  color: var(--color-muted);
  font: 0.9rem/1.5 inherit, sans-serif;
}

.report-community {
  border-top: 3px solid var(--color-accent);
}

.report-facts {
  display: grid;
  gap: 1rem;
  grid-template-columns: repeat(3, 1fr);
}

.report-facts div {
  background: var(--color-surface);
  border: 0.5px solid var(--color-border);
  border-radius: var(--radius-md);
  box-shadow: none;
  display: grid;
  gap: 0.3rem;
  padding: 16px;
}

.report-facts strong {
  font-size: 1.7rem;
  font-weight: 600;
  color: var(--color-ink);
}

.report-facts span {
  color: var(--color-muted);
  font: 600 0.72rem inherit, sans-serif;
  text-transform: uppercase;
  letter-spacing: 0.04em;
}

.report-category-grid {
  display: grid;
  gap: 1rem;
  grid-template-columns: repeat(3, minmax(0, 1fr));
}

.report-category-grid .library-rank-panel {
  padding: 1rem;
}

.report-category-grid .library-rank-heading {
  margin-bottom: 0.5rem;
}

.report-category-grid .library-rank-heading strong {
  font-size: 1rem;
}

.report-category-grid .library-rank-row {
  display: grid;
  grid-template-areas: \"media copy\" \"media actions\";
  grid-template-columns: auto minmax(0, 1fr);
  column-gap: 8px;
  row-gap: 4px;
  align-items: start;
  height: auto;
  min-height: 100px;
}

.report-category-grid .library-rank-media {
  grid-area: media;
  align-self: start;
}

.report-category-grid .library-row-copy {
  grid-area: copy;
  min-width: 0;
}

.report-category-grid .library-rank-actions {
  grid-area: actions;
  justify-content: flex-end;
  margin-left: 0;
}

.report-category-grid .library-row-artwork {
  height: 2.4rem;
  width: 2.4rem;
}

.report-category-grid .library-row-copy strong {
  font-size: 13px;
  white-space: normal;
  overflow-wrap: break-word;
  overflow: visible;
  text-overflow: clip;
}

.report-category-grid .library-row-copy small {
  font-size: 10.5px;
  white-space: normal;
  overflow-wrap: break-word;
  overflow: visible;
  text-overflow: clip;
}

.report-category-grid .library-count-bar {
  min-width: 2rem;
  padding: 3px 6px;
  font-size: 11px;
}

.summary-grid {
  display: grid;
  gap: 1rem;
  grid-template-columns: repeat(auto-fit, minmax(210px, 1fr));
}

.month-card {
  background: var(--color-surface);
  border: 0.5px solid var(--color-border);
  border-radius: var(--radius-md);
  box-shadow: none;
  padding: 16px;
}

.month-label {
  color: var(--color-muted);
  font-size: 0.8rem;
  font-weight: 600;
  margin: 0 0 1.5rem;
  text-transform: uppercase;
  letter-spacing: 0.05em;
}

.month-card strong {
  display: block;
  font-size: 2.8rem;
  font-weight: 600;
  line-height: 1;
  color: var(--color-ink);
}

.month-card > span {
  color: var(--color-muted);
  font: 0.8rem inherit, sans-serif;
}

dl {
  border-top: 0.5px solid var(--color-border);
  display: grid;
  gap: 0.55rem;
  margin: 1.5rem 0 0;
  padding-top: 0.85rem;
}

dl div {
  display: flex;
  justify-content: space-between;
}

dt,
dd {
  font-size: 0.78rem;
  margin: 0;
}

dt {
  color: var(--color-muted);
}

dd {
  font-weight: 600;
  color: var(--color-ink);
}

/* ─── Modal Dialogs ────────────────────────────────────────────────────────── */
.modal-backdrop {
  position: fixed;
  inset: 0;
  background: rgba(0, 0, 0, 0.4);
  backdrop-filter: blur(2px);
  -webkit-backdrop-filter: blur(2px);
  display: flex;
  align-items: center;
  justify-content: center;
  z-index: 1000;
  padding: 1rem;
}

.modal-dialog {
  background: var(--color-surface);
  border: 0.5px solid var(--color-border);
  border-radius: var(--radius-md);
  box-shadow: none;
  max-width: 480px;
  width: 100%;
  padding: 1.75rem;
  animation: modal-appear 150ms ease-out;
}

@keyframes modal-appear {
  from {
    opacity: 0;
    transform: scale(0.98) translateY(2px);
  }
  to {
    opacity: 1;
    transform: scale(1) translateY(0);
  }
}

.modal-title {
  color: var(--color-danger);
  font-size: 1.3rem;
  font-weight: 600;
  letter-spacing: -0.02em;
  margin: 0 0 0.75rem;
}

.modal-description {
  color: var(--color-ink);
  font: 0.9rem/1.5 inherit, sans-serif;
  margin: 0 0 1rem;
}

.modal-input-label {
  display: grid;
  gap: 0.5rem;
  font-size: 0.82rem;
  margin-bottom: 1.25rem;
  color: var(--color-ink);
  text-transform: none;
}

.modal-input-label strong {
  color: var(--color-danger);
  letter-spacing: 0.05em;
}

.modal-input {
  width: 100%;
  border: 0.5px solid var(--color-border);
  border-radius: var(--radius-sm);
  padding: 0.65rem 0.85rem;
  font: 600 1rem monospace;
  background: var(--color-surface);
  color: var(--color-ink);
  box-sizing: border-box;
}

.modal-input:focus {
  border-color: var(--color-danger);
  outline: 2px solid var(--color-danger);
  outline-offset: 1px;
}

.modal-actions {
  display: flex;
  gap: 0.75rem;
  justify-content: flex-end;
  margin-top: 1rem;
}

.modal-cancel-button {
  background: transparent;
  border: 0.5px solid var(--color-border);
  color: var(--color-ink);
  font: 600 0.8rem inherit, sans-serif;
  padding: 0.65rem 1.25rem;
  border-radius: var(--radius-sm);
  min-height: auto;
  cursor: pointer;
  text-transform: none;
  box-shadow: none;
}

.modal-cancel-button:hover:not(:disabled) {
  background: rgba(0, 0, 0, 0.04);
}

.modal-confirm-button {
  border-radius: var(--radius-sm);
  font: 600 0.8rem inherit, sans-serif;
  padding: 0.65rem 1.25rem;
  min-height: auto;
  text-transform: none;
  box-shadow: none;
}

/* ─── Share Dialog ──────────────────────────────────────────────────────── */

.share-trigger-button {
  background: transparent;
  border: 0.5px solid var(--color-border);
  color: var(--color-muted);
  min-height: 40px;
  padding: 0.4rem 0.85rem;
  border-radius: var(--radius-sm);
  cursor: pointer;
  box-shadow: none;
}

.share-trigger-button:hover {
  border-color: var(--color-accent);
  color: var(--color-accent);
}

.share-dialog {
  max-width: 560px;
  max-height: calc(100vh - 2rem);
  display: flex;
  flex-direction: column;
  overflow: hidden;
  padding: 0;
}

.share-dialog-scroll {
  overflow-y: auto;
  padding: 1.75rem;
  min-height: 0;
}

.share-dialog .modal-actions {
  position: sticky;
  bottom: 0;
  flex: 0 0 auto;
  background: var(--color-surface);
  padding: 1rem 1.75rem;
  margin: 0;
  border-top: 0.5px solid var(--color-border);
}

.share-dialog-controls {
  display: flex;
  justify-content: space-between;
  align-items: center;
  gap: 1rem;
  flex-wrap: wrap;
  margin-bottom: 1rem;
}

.share-dialog-layout-toggle {
  display: inline-flex;
  gap: 0.25rem;
}

.share-dialog-layout-toggle button {
  background: transparent;
  border: 0.5px solid var(--color-border);
  color: var(--color-muted);
  min-height: 40px;
  padding: 0.4rem 0.85rem;
  border-radius: var(--radius-sm);
  cursor: pointer;
  box-shadow: none;
}

.share-dialog-layout-toggle button.active {
  background: var(--color-ink);
  border-color: var(--color-ink);
  color: var(--color-surface);
}

.share-dialog-size-control {
  display: flex;
  align-items: center;
  gap: 0.6rem;
  font-size: 0.85rem;
  color: var(--color-ink);
}

.share-dialog-preview {
  border: 0.5px solid var(--color-border);
  border-radius: var(--radius-md);
  background: var(--color-canvas);
  padding: 0.5rem;
  margin-bottom: 1rem;
  min-height: 80px;
  display: flex;
  align-items: center;
  justify-content: center;
}

.share-dialog-preview-image {
  max-width: 100%;
  border-radius: var(--radius-sm);
}

.share-card-offscreen {
  position: fixed;
  top: 0;
  left: -9999px;
  pointer-events: none;
}

.share-card {
  width: 600px;
  padding: 1.5rem;
  background: var(--color-surface);
  font-family: 'Inter', -apple-system, BlinkMacSystemFont, 'Segoe UI', Roboto, sans-serif;
}

.share-card-header {
  display: flex;
  flex-direction: column;
  gap: 0.15rem;
  margin-bottom: 1rem;
}

.share-card-title {
  font-size: 1.4rem;
  font-weight: 700;
  color: var(--color-ink);
  letter-spacing: -0.02em;
}

.share-card-subtitle {
  font-size: 0.9rem;
  color: var(--color-muted);
}

.share-card-footer {
  margin-top: 1.25rem;
  font-size: 0.75rem;
  color: var(--color-muted);
  text-align: right;
}

.report-character-grid {
  display: grid;
  grid-template-columns: repeat(2, 1fr);
  gap: 16px;
}

/* ─── Responsive Media Queries ─────────────────────────────────────────────── */
@media (max-width: 760px) {
  .app-shell {
    padding: 1.75rem 1rem 3rem;
  }
  .section-heading {
    align-items: flex-start;
    flex-direction: column;
  }
  .topbar {
    margin-bottom: 2.5rem;
  }
  .dashboard {
    padding: 16px;
  }
  .filters {
    grid-template-columns: minmax(0, 1fr);
  }
  .date-range-selector {
    flex-direction: column;
    flex-wrap: nowrap;
    align-items: stretch;
    min-width: 0;
  }
  .date-range-segmented-group {
    min-width: 0;
  }
  .date-range-popover {
    position: static;
    width: 100%;
    max-width: 100%;
  }
  .date-range-pill {
    width: 100%;
    justify-content: center;
  }
  .filters button {
    width: 100%;
  }
  .stats-bar,
  .overview-grid,
  .report-grid,
  .library-layout {
    grid-template-columns: minmax(0, 1fr);
  }
  .report-category-grid,
  .report-facts,
  .report-time-grid,
  .report-data-grid,
  .report-character-grid {
    grid-template-columns: minmax(0, 1fr);
  }
  .heatmap-grid { grid-template-columns: repeat(24, 12px); grid-template-rows: repeat(7, 12px); }
  .heatmap-cell { width: 12px; height: 12px; }
  .heatmap-x-axis { grid-template-columns: repeat(24, 12px); }
  .library-rank-panel-grid .library-rank-list {
    grid-template-columns: repeat(2, minmax(0, 1fr));
    gap: 12px;
  }
  .library-rank-panel:not(.library-rank-panel-grid) .library-rank-row {
    display: grid;
    grid-template-areas: \"media copy\" \"media actions\";
    grid-template-columns: auto minmax(0, 1fr);
    column-gap: 10px;
    row-gap: 4px;
    align-items: start;
    height: auto;
    min-height: auto;
  }
  .library-rank-panel:not(.library-rank-panel-grid) .library-rank-media {
    grid-area: media;
    align-self: start;
  }
  .library-rank-panel:not(.library-rank-panel-grid) .library-row-copy {
    grid-area: copy;
    min-width: 0;
  }
  .library-rank-panel:not(.library-rank-panel-grid) .library-rank-actions {
    grid-area: actions;
    justify-content: flex-end;
    margin-left: 0;
  }
  .library-scrobble-row {
    display: grid;
    grid-template-areas: \"art copy time\" \"art source heart\";
    grid-template-columns: 2.7rem minmax(0, 1fr) auto;
    column-gap: 10px;
    row-gap: 4px;
    align-items: start;
    height: auto;
    min-height: auto;
  }
  .library-scrobble-row .scrobble-grid-artwork {
    grid-area: art;
    align-self: start;
  }
  .library-scrobble-row .library-row-copy {
    grid-area: copy;
  }
  .library-scrobble-row .scrobble-grid-time {
    grid-area: time;
    justify-self: end;
    min-width: auto;
    font-size: 11px;
    white-space: nowrap;
  }
  .library-scrobble-row .scrobble-grid-source {
    grid-area: source;
    justify-self: start;
    align-self: start;
    margin-top: 2px;
  }
  .library-scrobble-row .scrobble-grid-heart {
    grid-area: heart;
    justify-self: end;
    align-self: start;
    margin-left: 0;
  }
  .library-row-copy strong {
    font-size: 13px;
    white-space: normal;
    overflow-wrap: break-word;
    overflow: visible;
    text-overflow: clip;
  }
  .library-row-copy small {
    font-size: 10.5px;
    white-space: normal;
    overflow-wrap: break-word;
    overflow: visible;
    text-overflow: clip;
  }
  .library-select-toggle {
    display: none;
  }
  .library-rank-panel:not(.library-rank-panel-grid) .bulk-select-control,
  .library-scrobble-row .bulk-select-control {
    display: none;
  }
  .library-count-suffix {
    display: none;
  }
  .library-count-bar {
    min-width: 2rem;
    padding: 3px 6px;
    font-size: 11px;
  }
  .entry-menu-toggle {
    min-width: 36px;
    min-height: 36px;
    padding: 0.25rem;
  }
  .library-row-artwork {
    flex-basis: 40px;
    height: 40px;
    width: 40px;
  }
  .report-banner {
    align-items: flex-start;
    flex-direction: column;
  }
  .library-tabs,
  .settings-tabs,
  .segmented-tabs {
    flex-wrap: nowrap;
    min-width: 0;
    overflow-x: auto;
    -webkit-overflow-scrolling: touch;
    padding-bottom: 2px;
  }
  .library-tabs button,
  .settings-tabs button,
  .segmented-tab,
  .segmented-tabs button {
    flex: 0 0 auto;
    width: auto;
    white-space: nowrap;
  }
  .scrobble-row {
    align-items: flex-start;
    flex-wrap: wrap;
  }
  .scrobble-row .scrobble-copy {
    flex: 1 1 calc(100% - 7rem);
  }
  .scrobble-row .source-badge {
    order: 3;
  }
}

@media (max-width: 480px) {
  .library-scrobble-row {
    gap: 0.45rem;
  }
  .library-scrobble-panel-grid .library-scrobble-row {
    grid-template-areas: \"select art copy\" \"select art time\" \"select source heart\";
    grid-template-columns: 1rem 2.7rem minmax(0, 1fr);
    grid-template-rows: minmax(2rem, auto) auto auto;
  }
  .library-scrobble-panel-grid .scrobble-grid-time {
    justify-self: start;
    text-align: left;
  }
  .library-scrobble-panel-grid .scrobble-grid-source {
    max-width: 100%;
  }
  .library-scrobble-panel-grid .scrobble-grid-heart {
    justify-self: end;
  }
}

@media (prefers-reduced-motion: reduce) {
  *,
  *::before,
  *::after {
    animation-duration: 0.01ms !important;
    animation-iteration-count: 1 !important;
    transition-duration: 0.01ms !important;
    scroll-behavior: auto !important;
  }
  .modal-dialog {
    animation: none !important;
  }
  .report-card:hover,
  .library-rank-panel-grid .library-rank-row:hover {
    transform: none !important;
  }
}

.heatmap-container {
  display: flex;
  flex-direction: column;
}
.heatmap-body {
  display: flex;
}
.heatmap-y-axis {
  display: flex;
  flex-direction: column;
  justify-content: space-between;
  padding-right: 12px;
  color: var(--color-muted);
  font-size: 12px;
  padding-top: 8px;
  padding-bottom: 8px;
}
.heatmap-y-axis div {
  height: 16px;
  line-height: 16px;
}
.heatmap-grid {
  display: grid;
  grid-template-columns: repeat(24, 16px);
  grid-template-rows: repeat(7, 16px);
  gap: 2px;
  flex-grow: 1;
}
.heatmap-cell {
  width: 16px;
  height: 16px;
  border-radius: 2px;
  background-color: var(--color-surface-hover);
  transition: fill 140ms;
}
.heatmap-cell[data-level=\"1\"] { background-color: rgba(0, 102, 255, 0.2); }
.heatmap-cell[data-level=\"2\"] { background-color: rgba(0, 102, 255, 0.4); }
.heatmap-cell[data-level=\"3\"] { background-color: rgba(0, 102, 255, 0.6); }
.heatmap-cell[data-level=\"4\"] { background-color: rgba(0, 102, 255, 0.85); }
.heatmap-cell.peak { border: 1px solid var(--color-ink); box-sizing: border-box; }

.heatmap-x-axis {
  display: grid;
  grid-template-columns: repeat(24, 16px);
  gap: 2px;
  margin-left: 35px;
  margin-top: 8px;
  color: var(--color-muted);
  font-size: 12px;
}
.heatmap-x-label { grid-column: span 6; text-align: left; }
.chart-caption {
  margin-top: 16px;
  font-size: 13px;
  color: var(--color-muted);
}

.genre-list {
  list-style: none;
  padding: 0;
  margin: 0;
  display: flex;
  flex-direction: column;
  gap: 12px;
}
.genre-row {
  display: flex;
  align-items: center;
  gap: 12px;
  font-size: 14px;
  position: relative;
}
.genre-label { flex: 0 0 120px; text-transform: capitalize; }
.genre-bar-container { flex: 1; height: 24px; background: transparent; position: relative; }
.genre-bar {
  position: absolute;
  top: 0; left: 0; bottom: 0;
  background-color: rgba(0, 102, 255, 0.35);
  border-radius: 4px;
  transition: background-color 140ms;
}
.genre-row:hover .genre-bar {
  background-color: var(--color-accent);
}
.genre-count { flex: 0 0 40px; text-align: right; color: var(--color-muted); }
.import-panel {
  background: var(--color-surface);
  border: 0.5px solid var(--color-border);
  border-radius: var(--radius-md);
  margin: 1.5rem 0;
  padding: 1.25rem;
}
.import-picker {
  display: flex;
  flex-direction: column;
  gap: 0.5rem;
}

.import-progress-card {
  margin-top: 1rem;
  padding: 1rem;
  background: var(--color-canvas);
  border: 0.5px solid var(--color-border);
  border-radius: var(--radius-sm);
}
.import-progress-header {
  display: flex;
  justify-content: space-between;
  margin-bottom: 0.5rem;
  font-size: 0.85rem;
  font-weight: 600;
}
.import-progress-track {
  height: 8px;
  background: var(--color-surface);
  border: 0.5px solid var(--color-border);
  border-radius: 4px;
  overflow: hidden;
  margin-bottom: 0.5rem;
}
.import-progress-fill {
  height: 100%;
  background: var(--color-accent);
  transition: width 200ms ease;
}
.import-progress-footer {
  display: flex;
  justify-content: space-between;
  font-size: 0.75rem;
  color: var(--color-muted);
}

.import-picker input[type=\"file\"] {
  border: 0.5px solid var(--color-border);
  border-radius: var(--radius-sm);
  padding: 0.5rem;
  background: var(--color-surface);
  font-family: inherit;
  font-size: 0.85rem;
  color: var(--color-ink);
  cursor: pointer;
  width: 100%;
}
.import-picker input[type=\"file\"]::file-selector-button {
  background: var(--color-canvas);
  border: 0.5px solid var(--color-border);
  border-radius: 4px;
  padding: 0.25rem 0.75rem;
  margin-right: 1rem;
  color: var(--color-ink);
  font-weight: 500;
  cursor: pointer;
  transition: background 150ms ease;
}
.import-picker input[type=\"file\"]::file-selector-button:hover {
  background: #ebebeb;
}

/* ─── Touch Target Adaptation (Coarse Pointers) ──────────────────────────────── */
@media (pointer: coarse) {
  .date-range-pill,
  .date-field,
  .settings-form select,
  .settings-form input,
  .settings-form textarea,
  .blocked-unblock,
  .entry-menu-toggle {
    min-height: 44px !important;
  }
  .entry-menu-toggle {
    min-width: 44px !important;
  }
  .pagination-btn {
    min-width: 44px;
    min-height: 44px;
  }
}

/* Empty State */
.empty-state {
  display: flex;
  flex-direction: column;
  align-items: center;
  justify-content: center;
  text-align: center;
  padding: 3rem 1rem;
  background: var(--color-surface);
  border: 0.5px solid var(--color-border);
  border-radius: var(--radius-md);
  margin: 1rem 0;
}

.empty-state-icon {
  color: var(--color-muted);
  margin-bottom: 1rem;
}

.empty-state-icon svg {
  width: 48px;
  height: 48px;
  stroke-width: 1.5;
}

.empty-state-title {
  margin: 0 0 0.5rem 0;
  font-size: 1.1rem;
  font-weight: 600;
  color: var(--color-ink);
}

.empty-state-description {
  margin: 0;
  color: var(--color-muted);
  max-width: 400px;
  font-size: 14px;
  line-height: 1.5;
}

.empty-state-action {
  margin-top: 1.5rem;
}

.empty-state-error {
  background: var(--color-danger-soft);
  border-color: rgba(211, 47, 47, 0.3);
}

.empty-state-error .empty-state-icon {
  color: var(--color-danger);
}

.empty-state-error .empty-state-title {
  color: var(--color-danger);
}

.empty-state-error .empty-state-description {
  color: var(--color-danger);
}

@keyframes heart-burst {
  0% { transform: scale(1); }
  50% { transform: scale(1.3); }
  100% { transform: scale(1); }
}

.liked-heart-active svg {
  animation: heart-burst 300ms cubic-bezier(0.175, 0.885, 0.32, 1.275);
}

@media (prefers-reduced-motion: reduce) {
  .liked-heart-active svg {
    animation: none;
  }
}
"

 ❯ src/libraryRows.test.js:61:27
     59|       /\.library-count-bar\s*\{[^}]*font-weight:\s*500/
     60|     )
     61|     expect(stylesContent).toMatch(
       |                           ^
     62|       /\.library-count-bar\s*\{[^}]*color:\s*#888888/
     63|     )

⎯⎯⎯⎯⎯⎯⎯⎯⎯⎯⎯⎯⎯⎯⎯⎯⎯⎯⎯⎯⎯⎯⎯⎯[5/8]⎯

 FAIL  src/settingsFormTypography.test.js > Settings Form Label Typography and Input Styling per DESIGN.md > styles settings form labels in regular sentence case, 500 weight, 12px, normal tracking, var(--color-ink), line-height 1.4, gap 4px
AssertionError: expected ':root {\n  --color-primary: #0066ff;\…' to match /\.settings-form label\s*\{[^}]*color:…/

- Expected: 
/\.settings-form label\s*\{[^}]*color:\s*var(--color-ink)/

+ Received: 
":root {
  --color-primary: #0066ff;
  --color-accent: #0066ff;
  --color-accent-soft: rgba(0, 102, 255, 0.08);
  --color-accent-hover: #0052cc;
  --color-ink: #111111;
  --color-muted: #888888;
  --color-canvas: #f7f7f7;
  --color-surface: #ffffff;
  --color-surface-raised: #ffffff;
  --color-border: #e5e5e5;
  --color-border-subtle: #f0f0f0;
  --color-focus: #0066ff;
  --color-danger: #d32f2f;
  --color-danger-soft: #fde8e8;
  --color-warning: #d97706;
  --color-warning-soft: #fef3c7;
  --color-spotify: #1db954;
  --color-spotify-bg: rgba(29, 185, 84, 0.1);
  --color-youtube: #ff0000;
  --color-youtube-bg: rgba(255, 0, 0, 0.1);
  --radius-sm: 8px;
  --radius-md: 12px;
  font-family: 'Inter', -apple-system, BlinkMacSystemFont, 'Segoe UI', Roboto, sans-serif;
  color: #111111;
  background: var(--color-canvas);
  line-height: 1.5;
  font-weight: 400;
  font-size: 14px;
}

@media (prefers-color-scheme: dark) {
  :root {
    --color-ink: #f7f7f7;
    --color-muted: #a0a0a0;
    --color-canvas: #111111;
    --color-surface: #1e1e1e;
    --color-surface-raised: #2a2a2a;
    --color-border: #333333;
    --color-border-subtle: #222222;
    --color-danger-soft: rgba(211, 47, 47, 0.15);
    --color-warning-soft: rgba(217, 119, 6, 0.15);
    --color-accent-soft: rgba(0, 102, 255, 0.15);
  }
}

* {
  box-sizing: border-box;
}

body {
  margin: 0;
  min-height: 100vh;
  background: var(--color-canvas);
  color: var(--color-ink);
  font-family: inherit;
  font-size: 14px;
}

p {
  color: var(--color-ink);
}

#root {
  min-height: 100vh;
}

.app-shell {
  min-height: 100vh;
  max-width: 1180px;
  margin: 0 auto;
  padding: clamp(2rem, 5vw, 3.5rem) clamp(1rem, 4vw, 2rem) 5rem;
}

/* ─── Topbar Navigation ────────────────────────────────────────────────────────── */
.topbar {
  display: flex;
  align-items: flex-end;
  justify-content: space-between;
  gap: 2rem;
  margin-bottom: 3.5rem;
}

.topbar-brand {
  display: flex;
  align-items: center;
}

.topbar-logo {
  height: 52px;
  width: auto;
  display: block;
}

.topbar-nav {
  align-items: center;
  display: flex;
  gap: 0.5rem;
}

.topbar-nav a {
  color: var(--color-muted);
  font: 600 0.8rem inherit, sans-serif;
  text-decoration: none;
  text-transform: uppercase;
  letter-spacing: 0.04em;
}

.nav-link {
  border-radius: var(--radius-sm);
  padding: 0.5rem 0.85rem;
  transition: background-color 140ms ease, color 140ms ease;
}

.nav-link:hover {
  background: rgba(0, 0, 0, 0.04);
  color: var(--color-ink);
}

.nav-link-active {
  background: var(--color-accent);
  color: #ffffff !important;
}

.nav-link-active:hover {
  background: var(--color-accent);
  color: #ffffff !important;
}

.nav-link:focus-visible {
  outline: 2px solid var(--color-focus);
  outline-offset: 2px;
}

.nav-menu-toggle {
  display: none;
}

@media (max-width: 720px) {
  /* Logo stays left, the toggle button stays right, on one row; the opened
     menu (flex-basis: 100%) wraps onto its own full-width line below rather
     than fighting the logo and toggle for space as a third row item. */
  .topbar {
    flex-direction: row;
    justify-content: space-between;
    align-items: center;
    flex-wrap: wrap;
  }

  .nav-menu-toggle {
    background: transparent;
    border: 0.5px solid var(--color-border);
    border-radius: var(--radius-sm);
    color: var(--color-ink);
    display: inline-flex;
    align-items: center;
    justify-content: center;
    min-height: 44px;
    min-width: 44px;
    font: 600 0.75rem inherit, sans-serif;
    padding: 0.4rem 0.8rem;
    text-transform: uppercase;
    cursor: pointer;
  }

  .topbar-nav {
    display: none;
    flex-direction: column;
    align-items: flex-start;
    gap: 0.5rem;
    margin-top: 1rem;
    width: 100%;
    flex-basis: 100%;
  }

  .topbar-nav-open {
    display: flex;
  }
}

/* ─── Typography & Headings ─────────────────────────────────────────────────── */
.eyebrow,
.section-kicker {
  text-transform: uppercase;
  letter-spacing: 0.08em;
  color: var(--color-muted);
  font-size: 0.75rem;
  font-weight: 600;
  margin: 0 0 0.5rem;
}

h1, h2, h3, h4, h5, h6 {
  color: var(--color-ink);
}

h1 {
  max-width: 650px;
  font-size: clamp(2rem, 5vw, 3.5rem);
  line-height: 1.1;
  font-weight: 600;
  letter-spacing: -0.02em;
  margin: 0;
  color: var(--color-ink);
}

h2 {
  font-size: 1.35rem;
  font-weight: 600;
  letter-spacing: -0.02em;
  margin: 0;
  color: var(--color-ink);
}

h3 {
  font-size: 1.1rem;
  font-weight: 600;
  margin: 0;
  color: var(--color-ink);
}

.status-mark {
  border: 0.5px solid var(--color-border);
  border-radius: var(--radius-sm);
  color: var(--color-muted);
  font: 600 0.75rem/1 inherit, sans-serif;
  padding: 0.5rem 0.8rem;
  white-space: nowrap;
}

/* ─── Panels & Cards ────────────────────────────────────────────────────────── */
.card {
  background: var(--color-surface);
  border: 0.5px solid var(--color-border);
  border-radius: var(--radius-md);
  box-shadow: none;
  padding: 16px;
}

.dashboard {
  background: var(--color-surface);
  border: 0.5px solid var(--color-border);
  border-radius: var(--radius-md);
  box-shadow: none;
  padding: 16px;
}

.section-heading {
  display: flex;
  align-items: baseline;
  justify-content: space-between;
  gap: 1rem;
  margin-bottom: 1.5rem;
}

.month-count {
  color: var(--color-muted);
  font-size: 0.85rem;
}

/* ─── Forms, Controls & Segmented Tabs ────────────────────────────────────────── */
.filters {
  align-items: end;
  display: grid;
  gap: 1rem;
  grid-template-columns: minmax(220px, 1.6fr) repeat(2, minmax(130px, 0.7fr)) auto;
  margin-bottom: 2rem;
}

.date-range-selector {
  align-items: center;
  display: flex;
  flex-wrap: wrap;
  gap: 0.75rem 1rem;
  margin-bottom: 1.5rem;
}

.date-range-segmented-group {
  display: flex;
  flex-direction: column;
  gap: 0.45rem;
}

.date-range-custom-wrapper {
  position: relative;
  display: flex;
  align-items: center;
}

.date-range-pill {
  display: inline-flex;
  align-items: center;
  gap: 0.5rem;
  padding: 6px 14px;
  min-height: 36px;
  border: 0.5px solid var(--color-border);
  border-radius: 9999px;
  background: var(--color-surface);
  font: 500 0.85rem 'Inter', -apple-system, BlinkMacSystemFont, sans-serif;
  color: var(--color-ink);
  cursor: pointer;
  transition: all 0.15s ease;
  white-space: nowrap;
}

.date-range-pill:hover {
  border-color: var(--color-accent);
  background: #fdfdfd;
}

.date-range-pill.active {
  border-color: var(--color-accent);
  box-shadow: none;
}

.date-range-pill .calendar-icon {
  color: var(--color-muted);
  flex-shrink: 0;
}

.date-range-pill-text {
  font-weight: 500;
}

.date-range-pill .pill-chevron {
  color: var(--color-muted);
  margin-left: 2px;
}

.date-range-popover {
  position: absolute;
  top: calc(100% + 8px);
  left: 0;
  z-index: 100;
  background: var(--color-surface);
  border: 0.5px solid var(--color-border);
  border-radius: var(--radius-md);
  box-shadow: none;
  padding: 16px;
  width: 320px;
  max-width: 90vw;
}

.date-range-custom-inputs {
  display: flex;
  align-items: center;
  gap: 0.5rem;
  margin-bottom: 0.5rem;
}

.date-range-custom-inputs label {
  flex: 1;
  margin: 0;
}

.date-range-arrow {
  color: var(--color-muted);
  font-weight: 600;
  padding-top: 1rem;
}

/* ─── Date Field Component ─────────────────────────────────────────────────── */
.date-field {
  padding: 8px 12px;
  height: 36px;
  border: 0.5px solid var(--color-border);
  border-radius: 8px;
  font-family: 'Inter', -apple-system, BlinkMacSystemFont, sans-serif;
  font-size: 14px;
  color: var(--color-ink);
  background: var(--color-surface);
  box-sizing: border-box;
  width: 100%;
}

.date-field:focus {
  border-color: var(--color-accent);
  outline: 2px solid var(--color-focus);
  outline-offset: 1px;
}

.date-field::placeholder {
  color: var(--color-muted);
  font-weight: 400;
}

.date-field-wrapper {
  display: flex;
  flex-direction: column;
  gap: 0.35rem;
}

.date-field-label {
  color: var(--color-muted);
  font-size: 0.75rem;
  font-weight: 600;
  letter-spacing: 0.04em;
  text-transform: uppercase;
}

.date-field-box {
  position: relative;
  display: flex;
  align-items: center;
}

.date-field-box .date-field {
  padding-left: 32px;
}

.date-field-calendar-icon {
  position: absolute;
  left: 10px;
  color: var(--color-muted);
  pointer-events: none;
}

/* ─── Calendar Picker ──────────────────────────────────────────────────────── */
.calendar-picker {
  border-top: 0.5px solid var(--color-border);
  padding-top: 0.75rem;
  margin-top: 0.5rem;
}

.calendar-header {
  display: flex;
  align-items: center;
  justify-content: space-between;
  margin-bottom: 0.5rem;
}

.calendar-month-title {
  font-size: 0.875rem;
  font-weight: 600;
  color: var(--color-ink);
}

.calendar-nav-btn {
  display: flex;
  align-items: center;
  justify-content: center;
  width: 28px;
  height: 28px;
  padding: 0;
  background: transparent;
  border: 0.5px solid var(--color-border);
  border-radius: var(--radius-sm);
  color: var(--color-muted);
  cursor: pointer;
}

.calendar-nav-btn:hover {
  background: #f5f5f5;
  color: var(--color-ink);
}

.calendar-weekdays {
  display: grid;
  grid-template-columns: repeat(7, 1fr);
  text-align: center;
  font-size: 0.7rem;
  font-weight: 600;
  color: var(--color-muted);
  margin-bottom: 0.25rem;
}

.calendar-grid {
  display: grid;
  grid-template-columns: repeat(7, 1fr);
  gap: 2px;
}

.calendar-cell-empty {
  height: 28px;
}

.calendar-day-btn {
  height: 28px;
  padding: 0;
  display: flex;
  align-items: center;
  justify-content: center;
  background: transparent;
  border: 0;
  border-radius: 4px;
  font-size: 0.8rem;
  font-family: inherit;
  color: var(--color-ink);
  cursor: pointer;
  transition: background 0.1s ease;
}

.calendar-day-btn:hover:not(.calendar-day-start):not(.calendar-day-end) {
  background: rgba(0, 0, 0, 0.05);
}

.calendar-day-start,
.calendar-day-end {
  background: var(--color-accent) !important;
  color: #ffffff !important;
  font-weight: 600;
}

.calendar-day-range {
  background: rgba(0, 102, 255, 0.1);
  border-radius: 0;
}

.calendar-day-today {
  font-weight: 700;
  text-decoration: underline;
}

.calendar-presets-row {
  display: flex;
  flex-wrap: wrap;
  align-items: center;
  gap: 0.35rem;
  margin-top: 0.75rem;
  padding-top: 0.5rem;
  border-top: 0.5px solid var(--color-border);
}

.calendar-preset-chip {
  padding: 3px 8px;
  font-size: 0.7rem;
  font-weight: 500;
  background: #f2f2f2;
  border: 0.5px solid var(--color-border);
  border-radius: 4px;
  color: var(--color-ink);
  cursor: pointer;
}

.calendar-preset-chip:hover {
  background: #e8e8e8;
}

.calendar-done-btn {
  margin-left: auto;
  padding: 3px 10px;
  font-size: 0.75rem;
  font-weight: 600;
  background: var(--color-accent);
  color: var(--color-surface);
  border: 0;
  border-radius: 4px;
  cursor: pointer;
}

.date-range-compare {
  align-items: center;
  display: flex !important;
  flex-direction: row !important;
  gap: 0.5rem;
  min-height: 2.5rem;
  font-size: 0.85rem;
  color: var(--color-ink);
  cursor: pointer;
}

.date-range-compare input {
  height: 16px;
  min-height: 16px;
  width: 16px;
  min-width: 16px;
  padding: 0;
  margin: 0;
  accent-color: var(--color-accent);
  cursor: pointer;
}

label {
  color: var(--color-ink);
  display: flex;
  flex-direction: column;
  font-size: 12px;
  font-weight: 500;
  gap: 4px;
  letter-spacing: normal;
}

input,
select,
textarea {
  background: var(--color-surface);
  border: 0.5px solid var(--color-border);
  border-radius: var(--radius-sm);
  color: var(--color-ink);
  font: 14px inherit, system-ui, sans-serif;
  min-height: 2.5rem;
  padding: 0.5rem 0.75rem;
}

input:focus {
  border-color: var(--color-accent);
  outline: 2px solid var(--color-focus);
  outline-offset: 1px;
}

button {
  background: var(--color-accent);
  border: 0.5px solid transparent;
  border-radius: var(--radius-sm);
  color: var(--color-surface);
  cursor: pointer;
  font-size: 0.75rem;
  font-weight: 600;
  min-height: 2.5rem;
  padding: 0.6rem 1rem;
  text-transform: uppercase;
  letter-spacing: 0.04em;
  transition: background-color 140ms ease, opacity 140ms ease;
  box-shadow: none;
}

button:hover:not(:disabled) {
  background: var(--color-accent-hover);
}

button:active:not(:disabled) {
  transform: none;
}

button:focus-visible,
select:focus-visible,
input:focus-visible,
a:focus-visible {
  outline: 2px solid var(--color-focus);
  outline-offset: 2px;
}

button.btn-secondary {
  background: transparent;
  border-color: var(--color-border);
  color: var(--color-ink);
}

button.btn-secondary:hover:not(:disabled) {
  background: rgba(0, 0, 0, 0.04);
}


button:disabled {
  cursor: not-allowed;
  opacity: 0.6;
}

/* ─── Segmented Tabs ────────────────────────────────────────────────────────── */
.segmented-tabs {
  display: inline-flex;
  align-items: center;
  background: transparent;
  border: 0.5px solid var(--color-border);
  border-radius: var(--radius-sm);
  padding: 2px;
  gap: 2px;
  max-width: 100%;
  overflow-x: auto;
  -webkit-overflow-scrolling: touch;
}

.segmented-tab {
  background: transparent;
  border: 0;
  border-radius: var(--radius-sm);
  color: var(--color-muted);
  font-family: inherit;
  font-size: 0.75rem;
  font-weight: 700;
  letter-spacing: 0.12em;
  text-transform: uppercase;
  min-height: 32px;
  padding: 0.35rem 0.75rem;
  cursor: pointer;
  white-space: nowrap;
  transition: background-color 120ms ease, color 120ms ease;
  box-shadow: none;
  flex: 0 0 auto;
  width: auto;
}

.segmented-tab:hover:not(.active):not(:disabled) {
  color: var(--color-ink);
  background: #f0f0f0;
}

.segmented-tab.active {
  background: var(--color-accent);
  color: var(--color-surface);
  font-weight: 700;
}

.visually-hidden-accessible {
  position: absolute !important;
  width: 1px !important;
  height: 1px !important;
  padding: 0 !important;
  margin: -1px !important;
  overflow: hidden !important;
  clip: rect(0, 0, 0, 0) !important;
  white-space: nowrap !important;
  border: 0 !important;
}

/* ─── Notices & Summaries ───────────────────────────────────────────────────── */
.notice {
  background: #f0f0f0;
  border: 0.5px solid var(--color-border);
  border-radius: var(--radius-sm);
  color: var(--color-ink);
  margin: 0;
  padding: 0.85rem 1rem;
  font-size: 0.85rem;
}

.notice-error {
  background: var(--color-danger-soft);
  border-color: rgba(211, 47, 47, 0.3);
  color: var(--color-danger);
}

.import-summary {
  background: var(--color-surface);
  border: 0.5px solid var(--color-border);
  border-radius: var(--radius-md);
  box-shadow: none;
  font: 0.85rem inherit, sans-serif;
  margin-top: 1rem;
  padding: 16px;
}

.import-summary-error {
  background: var(--color-danger-soft);
  border-color: rgba(211, 47, 47, 0.3);
}

.import-summary-heading {
  margin: 0 0 0.75rem;
  font-weight: 600;
}

.import-summary-counts {
  display: flex;
  gap: 1.5rem;
  margin: 0 0 0.75rem;
}

.import-summary-counts div {
  display: flex;
  flex-direction: column;
  gap: 0.2rem;
}

.import-summary-counts dt {
  color: var(--color-muted);
  font-size: 0.72rem;
  text-transform: uppercase;
}

.import-summary-counts dd {
  font-size: 1.1rem;
  font-weight: 700;
  margin: 0;
}

.import-summary-dismiss {
  background: transparent;
  border: 0;
  border-radius: var(--radius-sm);
  color: var(--color-accent);
  min-height: auto;
  padding: 0.35rem 0.5rem;
  margin-left: -0.5rem;
  text-decoration: underline;
  cursor: pointer;
}

.import-summary-dismiss:hover:not(:disabled),
.import-summary-dismiss:focus-visible {
  background: rgba(0, 0, 0, 0.04);
  color: var(--color-ink);
}

.import-summary-dismiss:focus-visible {
  outline: 2px solid var(--color-focus);
  outline-offset: 2px;
}

/* ─── Scrobbles & Lists ─────────────────────────────────────────────────────── */
.scrobble-list {
  background: var(--color-surface);
  border: 0.5px solid var(--color-border);
  border-radius: var(--radius-md);
  box-shadow: none;
  font: 0.85rem inherit, sans-serif;
  margin-top: 1.5rem;
  padding: 16px;
}

.scrobble-list h3 {
  color: var(--color-muted);
  font-size: 0.75rem;
  font-weight: 600;
  margin: 0 0 0.75rem;
  text-transform: uppercase;
  letter-spacing: 0.06em;
}

.scrobble-list ul {
  list-style: none;
  margin: 0;
  padding: 0;
}

.scrobble-row {
  align-items: center;
  border-top: 0.5px solid var(--color-border);
  display: flex;
  gap: 0.9rem;
  padding: 0.55rem 0;
}

.source-badge {
  display: inline-flex;
  align-items: center;
  justify-content: center;
  border-radius: 50%;
  background: var(--color-surface);
  border: 0.5px solid var(--color-border);
  overflow: hidden;
  flex-shrink: 0;
  line-height: 0;
  user-select: none;
}

.source-badge svg {
  width: 100%;
  height: 100%;
  display: block;
}

.source-badge-grid {
  position: absolute;
  bottom: 6px;
  right: 6px;
  width: 20px;
  height: 20px;
  border: 2px solid #FFFFFF;
  z-index: 5;
}

.source-badge-list,
.source-badge-sm {
  width: 16px;
  height: 16px;
  border: 1.5px solid #FFFFFF;
  vertical-align: middle;
}

.library-row-subtitle {
  display: inline-flex;
  align-items: center;
  gap: 6px;
  min-width: 0;
}

.scrobble-track {
  font-weight: 600;
  color: var(--color-ink);
}

.scrobble-artist {
  color: var(--color-muted);
}

.scrobble-copy {
  display: grid;
  flex: 1 1 auto;
  gap: 0.15rem;
  min-width: 0;
}

.scrobble-copy strong,
.scrobble-copy small {
  overflow: hidden;
  text-overflow: ellipsis;
  white-space: nowrap;
}

.profile-connect {
  background: var(--color-surface);
  border: 0.5px solid var(--color-border);
  border-radius: var(--radius-md);
  box-shadow: none;
  display: grid;
  gap: 0.85rem;
  padding: 16px;
}

/* ─── Settings Page ─────────────────────────────────────────────────────────── */
.settings-form {
  background: var(--color-surface);
  border: 0.5px solid var(--color-border);
  border-radius: var(--radius-md);
  box-shadow: none;
  display: grid;
  gap: 1rem;
  max-width: 38rem;
  padding: 16px;
}

.settings-form label {
  color: var(--color-ink);
  display: flex;
  flex-direction: column;
  font-size: 12px;
  font-weight: 500;
  letter-spacing: normal;
  line-height: 1.4;
  text-transform: none;
  gap: 4px;
}

.settings-form select,
.settings-form input:not([type=\"checkbox\"]):not([type=\"radio\"]) {
  background: var(--color-surface);
  border: 0.5px solid var(--color-border);
  border-radius: 8px;
  box-shadow: none;
  box-sizing: border-box;
  color: var(--color-ink);
  font: 14px/20px inherit, system-ui, sans-serif;
  height: 36px;
  min-height: 36px;
  padding: 8px 12px;
  transition: border-color 140ms ease, box-shadow 140ms ease;
}

.settings-form select:focus-visible,
.settings-form input:not([type=\"checkbox\"]):not([type=\"radio\"]):focus-visible {
  border-color: var(--color-accent);
  outline: 2px solid var(--color-focus);
  outline-offset: 1px;
}

.settings-checkbox {
  align-items: center;
  display: flex !important;
  flex-direction: row !important;
  gap: 0.6rem;
  cursor: pointer;
}

.settings-checkbox input {
  height: 16px;
  min-height: 16px;
  width: 16px;
  min-width: 16px;
  padding: 0;
  margin: 0;
  accent-color: var(--color-accent);
  cursor: pointer;
}

.settings-form label:has(input[type=\"radio\"]) {
  flex-direction: row;
  align-items: center;
  gap: 0.4rem;
  cursor: pointer;
}

.settings-form input[type=\"radio\"] {
  height: 16px;
  min-height: 16px;
  width: 16px;
  min-width: 16px;
  padding: 0;
  margin: 0;
  accent-color: var(--color-accent);
  cursor: pointer;
}

.settings-link {
  color: var(--color-accent);
  font: 600 0.8rem inherit, sans-serif;
  text-transform: uppercase;
  letter-spacing: 0.04em;
  text-decoration: none;
}

.settings-tabs {
  margin-bottom: 1.5rem;
}

.settings-tab {
  white-space: nowrap;
}

.settings-tab.destructive {
  color: #dc2626;
  border-color: rgba(220, 38, 38, 0.4);
}

.settings-tab.destructive.active {
  background: #dc2626;
  border-color: #dc2626;
  color: #FFFFFF;
}

.settings-tab.destructive:hover:not(.active):not(:disabled) {
  background: rgba(220, 38, 38, 0.06);
  border-color: #dc2626;
}

.settings-blocks {
  margin-top: 1.5rem;
}

.settings-blocks h2 {
  font-size: 1.2rem;
  margin: 0;
}

.settings-danger-zone {
  border: 0.5px solid rgba(211, 47, 47, 0.4);
  border-radius: var(--radius-md);
  box-shadow: none;
  margin-top: 0;
  padding: 16px;
  background: var(--color-surface);
}

.settings-danger-zone h2 {
  color: var(--color-danger);
  font-size: 1.2rem;
  margin: 0 0 0.5rem;
}

.notice-warning {
  background: var(--color-warning-soft);
  border-left: 3px solid var(--color-warning);
}

.danger-button {
  background: var(--color-danger);
  color: var(--color-surface);
  width: fit-content;
}

.danger-button:hover:not(:disabled) {
  background: #b71c1c;
}

button.btn-secondary {
  background: transparent;
  border-color: var(--color-border);
  color: var(--color-ink);
}

button.btn-secondary:hover:not(:disabled) {
  background: rgba(0, 0, 0, 0.04);
}


.danger-button:disabled {
  cursor: wait;
  opacity: 0.65;
}

.blocked-list {
  display: grid;
  gap: 0.25rem;
  list-style: none;
  margin: 0;
  padding: 0;
}

.blocked-list li {
  align-items: center;
  border-top: 0.5px solid var(--color-border);
  display: flex;
  gap: 1rem;
  justify-content: space-between;
  padding: 0.55rem 0;
}

.blocked-copy {
  display: grid;
  gap: 0.1rem;
  min-width: 0;
}

.blocked-copy small {
  color: var(--color-muted);
  font: 0.72rem inherit, sans-serif;
  text-transform: uppercase;
}

.blocked-unblock {
  background: transparent;
  border: 0.5px solid var(--color-border);
  color: var(--color-ink);
  min-height: 36px;
  padding: 0.35rem 0.85rem;
  width: auto;
  cursor: pointer;
  border-radius: var(--radius-sm);
  font-size: 0.75rem;
}

.blocked-unblock:hover {
  border-color: var(--color-accent);
  color: var(--color-accent);
}

/* ─── Entry Menu (Dropdown) ─────────────────────────────────────────────────── */
.entry-menu {
  position: relative;
}

.entry-menu-toggle {
  background: transparent;
  border: 0;
  color: var(--color-muted);
  font-size: 1.25rem;
  min-height: 44px;
  min-width: 44px;
  display: inline-flex;
  align-items: center;
  justify-content: center;
  padding: 0.25rem;
  cursor: pointer;
  border-radius: var(--radius-sm);
  transition: color 140ms ease;
}

.entry-menu-toggle:hover {
  color: var(--color-ink);
}

.entry-menu-panel {
  background: var(--color-surface);
  border: 0.5px solid var(--color-border);
  border-radius: var(--radius-sm);
  box-shadow: none;
  display: grid;
  gap: 0.2rem;
  min-width: 11rem;
  padding: 0.4rem;
  position: absolute;
  right: 0;
  top: 100%;
  z-index: 30;
}

.entry-menu-panel > button {
  background: transparent;
  border: 0;
  border-radius: calc(var(--radius-sm) - 2px);
  color: var(--color-ink);
  font: 500 0.8rem inherit, sans-serif;
  min-height: auto;
  padding: 0.5rem 0.65rem;
  text-align: left;
  text-transform: none;
  letter-spacing: normal;
  width: 100%;
}

.entry-menu-panel > button:hover {
  background: rgba(0, 102, 255, 0.08);
  color: var(--color-accent);
}

.entry-menu-confirm {
  display: grid;
  gap: 0.5rem;
  padding: 0.4rem;
}

.entry-menu-confirm p {
  font: 0.78rem/1.4 inherit, sans-serif;
  margin: 0;
}

.entry-menu-confirm-actions {
  display: flex;
  gap: 0.4rem;
}

.entry-menu-confirm-actions button {
  min-height: 2.1rem;
  padding: 0.35rem 0.7rem;
  width: auto;
}

.entry-menu-cancel {
  background: transparent !important;
  border: 0.5px solid var(--color-border) !important;
  color: var(--color-ink) !important;
}

.entry-menu-notice {
  color: var(--color-danger);
  font: 0.75rem inherit, sans-serif;
  margin: 0;
  padding: 0 0.4rem 0.3rem;
}

/* ─── Profile Page ──────────────────────────────────────────────────────────── */
.profile-card {
  background: var(--color-surface);
  border: 0.5px solid var(--color-border);
  border-radius: var(--radius-md);
  box-shadow: none;
  display: grid;
  gap: 1rem;
  padding: 16px;
}

.profile-username {
  color: var(--color-ink);
  font-size: 1.25rem;
  font-weight: 600;
  margin: 0;
}

.profile-display-name {
  color: var(--color-muted);
  margin: 0;
}

.profile-stats {
  display: flex;
  gap: 2rem;
  margin: 0;
}

.profile-stats div {
  display: flex;
  flex-direction: column;
  gap: 0.2rem;
}

.profile-stats dt {
  color: var(--color-muted);
  font-size: 0.72rem;
  text-transform: uppercase;
}

.profile-stats dd {
  font-size: 1.1rem;
  font-weight: 700;
  margin: 0;
}

.follow-button {
  justify-self: start;
}

.profile-button-row {
  display: flex;
  align-items: center;
  gap: 0.75rem;
  flex-wrap: wrap;
}

.profile-connect-button {
  background: var(--color-accent);
  color: var(--color-surface);
  border: 0.5px solid transparent;
  border-radius: var(--radius-sm);
  padding: 0.5rem 1rem;
  font-size: 0.75rem;
  font-weight: 600;
  text-transform: uppercase;
  letter-spacing: 0.04em;
  display: inline-flex;
  align-items: center;
  justify-content: center;
  min-height: 2.25rem;
  cursor: pointer;
  transition: background-color 140ms ease;
}

.profile-connect-button:hover:not(:disabled) {
  background: var(--color-accent-hover);
}

.profile-settings-button {
  background: transparent;
  color: var(--color-ink);
  border: 0.5px solid var(--color-border);
  border-radius: var(--radius-sm);
  padding: 0.5rem 1rem;
  font-size: 0.75rem;
  font-weight: 600;
  text-transform: uppercase;
  letter-spacing: 0.04em;
  display: inline-flex;
  align-items: center;
  justify-content: center;
  text-decoration: none;
  min-height: 2.25rem;
  cursor: pointer;
  transition: background-color 140ms ease, border-color 140ms ease;
}

.profile-settings-button:hover {
  background: var(--color-canvas);
  border-color: var(--color-ink);
  color: var(--color-ink);
}

.profile-track-card {
  background: var(--color-surface);
  border: 0.5px solid var(--color-border);
  border-radius: var(--radius-md);
  padding: 1rem;
  display: flex;
  flex-direction: column;
  gap: 0.75rem;
  box-shadow: none;
}

.profile-track-card.now-playing {
  border-color: rgba(29, 185, 84, 0.4);
  background: var(--color-spotify-bg);
}

.profile-track-card-header {
  display: flex;
  align-items: center;
  justify-content: space-between;
  gap: 0.5rem;
}

.profile-live-indicator {
  display: inline-flex;
  align-items: center;
  gap: 0.45rem;
  font-size: 0.72rem;
  font-weight: 700;
  text-transform: uppercase;
  letter-spacing: 0.06em;
  color: var(--color-spotify);
}

.profile-live-dot {
  width: 8px;
  height: 8px;
  border-radius: 50%;
  background-color: var(--color-spotify);
  animation: live-pulse-animation 1.4s ease-in-out infinite alternate;
}

@keyframes live-pulse-animation {
  0% {
    opacity: 0.35;
    transform: scale(0.85);
  }
  100% {
    opacity: 1;
    transform: scale(1.15);
  }
}

.profile-card-kicker {
  font-size: 0.72rem;
  font-weight: 700;
  text-transform: uppercase;
  letter-spacing: 0.05em;
  color: var(--color-muted);
}

.profile-card-time {
  font-size: 0.75rem;
  color: var(--color-muted);
}

.profile-track-card-content {
  display: flex;
  align-items: center;
  gap: 1rem;
}

.profile-track-artwork-wrap {
  width: 72px;
  height: 72px;
  min-width: 72px;
  border-radius: var(--radius-sm);
  overflow: hidden;
  background: var(--color-canvas);
  border: 0.5px solid var(--color-border);
}

.profile-track-artwork {
  width: 100%;
  height: 100%;
  object-fit: cover;
  display: block;
}

.profile-track-details {
  display: flex;
  flex-direction: column;
  gap: 0.2rem;
  min-width: 0;
  flex: 1;
}

.profile-track-title {
  margin: 0;
  font-size: 1.05rem;
  font-weight: 600;
  color: var(--color-ink);
  white-space: nowrap;
  overflow: hidden;
  text-overflow: ellipsis;
}

.profile-track-artist {
  margin: 0;
  font-size: 0.88rem;
  color: var(--color-muted);
  white-space: nowrap;
  overflow: hidden;
  text-overflow: ellipsis;
}

.profile-track-album {
  margin: 0;
  font-size: 0.78rem;
  color: var(--color-muted);
  opacity: 0.85;
  white-space: nowrap;
  overflow: hidden;
  text-overflow: ellipsis;
}

.profile-actions {
  display: flex;
  flex-wrap: wrap;
  gap: 0.5rem;
  border-top: 0.5px solid var(--color-border);
  padding-top: 1rem;
  margin-top: 0.5rem;
}

.profile-actions a {
  display: inline-flex;
  align-items: center;
  padding: 0.45rem 0.85rem;
  border-radius: var(--radius-sm);
  border: 0.5px solid var(--color-border);
  background: var(--color-surface);
  color: var(--color-ink);
  text-decoration: none;
  font-size: 0.8rem;
  font-weight: 500;
  transition: all 120ms ease;
}

.profile-actions a:hover {
  background: var(--color-canvas);
  border-color: var(--color-primary);
  color: var(--color-primary);
}

/* ─── Charts Panel ──────────────────────────────────────────────────────────── */
.charts-panel {
  margin-top: 2rem;
  background: var(--color-surface);
  border: 0.5px solid var(--color-border);
  border-radius: var(--radius-md);
  box-shadow: none;
  padding: 16px;
}

.charts-controls {
  display: flex;
  flex-wrap: wrap;
  gap: 1.25rem;
  margin-bottom: 1.25rem;
}

.charts-control-group {
  display: flex;
  flex-direction: column;
  gap: 0.4rem;
}

.charts-control-label {
  color: var(--color-muted);
  font-size: 0.75rem;
  font-weight: 600;
  letter-spacing: 0.04em;
  text-transform: uppercase;
}

.charts-list {
  list-style: none;
  margin: 0;
  padding: 0;
}

.charts-row {
  align-items: center;
  border-top: 0.5px solid var(--color-border);
  display: flex;
  font: 0.85rem inherit, sans-serif;
  gap: 0.9rem;
  padding: 0.55rem 0;
}

.charts-rank {
  color: var(--color-muted);
  font-weight: 700;
  width: 1.5rem;
  font-size: 0.8rem;
}

.charts-label {
  flex: 1;
  font-weight: 600;
  color: var(--color-ink);
}

.charts-secondary {
  color: var(--color-muted);
}

.charts-count {
  color: var(--color-muted);
}

/* ─── Analytics / Overview / Reports ─────────────────────────────────────────── */
.analytics-page {
  display: grid;
  gap: 1.5rem;
  grid-template-columns: minmax(0, 1fr);
}

.analytics-page > .section-kicker {
  margin-bottom: -0.75rem;
}

.stats-bar {
  display: grid;
  gap: 1rem;
  grid-template-columns: repeat(3, 1fr);
}

.stat-block {
  background: var(--color-surface);
  border: 0.5px solid var(--color-border);
  border-radius: var(--radius-md);
  box-shadow: none;
  display: grid;
  gap: 0.35rem;
  padding: 16px;
}

.stat-block strong {
  font-size: 2.4rem;
  font-weight: 600;
  line-height: 1;
  color: var(--color-ink);
}

.stat-block span,
.panel-meta {
  color: var(--color-muted);
  font: 600 0.75rem inherit, sans-serif;
  text-transform: uppercase;
  letter-spacing: 0.04em;
}

.overview-grid,
.report-grid {
  align-items: stretch;
  display: grid;
  gap: 1rem;
  grid-template-columns: repeat(3, minmax(0, 1fr));
}

.ranked-panel,
.timeline-panel,
.report-card,
.report-community {
  background: var(--color-surface);
  border: 0.5px solid var(--color-border);
  border-radius: var(--radius-md);
  box-shadow: none;
  padding: 16px;
  transition: border-color 140ms ease;
}

.ranked-panel {
  display: flex;
  flex-direction: column;
}

.report-card:hover {
  border-color: var(--color-ink);
  box-shadow: none;
  transform: none;
}

.ranked-panel .section-heading,
.timeline-panel .section-heading {
  margin-bottom: 1rem;
}

.ranked-panel h2,
.timeline-panel h2,
.report-card h2,
.report-community h2 {
  font-size: 1.25rem;
}

.ranked-list {
  flex: 1;
  list-style: none;
  margin: 0;
  padding: 0;
}

.ranked-list li {
  align-items: center;
  border-top: 0.5px solid var(--color-border);
  display: flex;
  gap: 0.75rem;
  min-height: 3.2rem;
  padding: 0.4rem 0;
}

.rank-number {
  color: var(--color-muted);
  font: 700 0.8rem inherit, sans-serif;
  width: 1.2rem;
}

.rank-artwork,
.scrobble-artwork {
  background: #eeeeee;
  height: 2.5rem;
  object-fit: cover;
  width: 2.5rem;
  border-radius: 4px;
}

.rank-copy {
  display: grid;
  flex: 1;
  gap: 0.15rem;
  min-width: 0;
}

.rank-copy strong {
  overflow: hidden;
  text-overflow: ellipsis;
  white-space: nowrap;
  color: var(--color-ink);
}

.rank-copy small {
  color: var(--color-muted);
  font: 0.75rem inherit, sans-serif;
}

.rank-count {
  color: var(--color-muted);
  font: 600 0.8rem inherit, sans-serif;
}

.page-link a,
.report-banner a {
  color: var(--color-accent);
  font: 600 0.8rem inherit, sans-serif;
  text-transform: uppercase;
  text-decoration: none;
}

/* ─── Library Page ──────────────────────────────────────────────────────────── */
.library-segmented-group {
  display: flex;
  flex-direction: column;
  gap: 0.35rem;
  margin-bottom: 0.75rem;
  min-width: 0;
}

.library-segmented-label {
  font-size: 0.72rem;
  font-weight: 700;
  text-transform: uppercase;
  letter-spacing: 0.06em;
  color: var(--color-muted);
  margin: 0;
  line-height: 1;
}

.library-tabs {
  display: inline-flex;
  align-items: center;
  background: transparent;
  border: 0.5px solid var(--color-border);
  border-radius: var(--radius-sm);
  padding: 2px;
  gap: 2px;
  max-width: 100%;
  overflow-x: auto;
  -webkit-overflow-scrolling: touch;
}

.library-tabs button {
  background: transparent;
  border: 0;
  border-radius: var(--radius-sm);
  color: var(--color-muted);
  font-family: inherit;
  font-size: 0.75rem;
  font-weight: 700;
  letter-spacing: 0.12em;
  text-transform: uppercase;
  min-height: 32px;
  padding: 0.35rem 0.75rem;
  cursor: pointer;
  white-space: nowrap;
  transition: background-color 120ms ease, color 120ms ease;
  box-shadow: none;
  flex: 0 0 auto;
  width: auto;
}

.library-tabs button:hover:not(.active):not(:disabled) {
  color: var(--color-ink);
  background: #f0f0f0;
}

.library-tabs button.active {
  background: var(--color-accent);
  color: var(--color-surface);
  font-weight: 700;
}

.library-controls-bar {
  display: flex;
  flex-wrap: wrap;
  align-items: flex-end;
  justify-content: space-between;
  gap: 1rem;
  margin: 1.25rem 0 1.5rem;
}

.library-controls-bar .date-range-selector {
  margin-bottom: 0;
}

.library-layout {
  display: grid;
  gap: 1rem;
  grid-template-columns: minmax(0, 1.35fr) minmax(250px, 0.65fr);
}

.library-layout .scrobble-list {
  background: var(--color-surface);
  border: 0.5px solid var(--color-border);
  border-radius: var(--radius-md);
  margin: 0;
  padding: 16px;
  box-shadow: none;
}

.library-toolbar {
  display: flex;
  justify-content: space-between;
  align-items: center;
  gap: 0.75rem;
  flex-wrap: wrap;
}

.library-search-form {
  flex: 1;
  min-width: 200px;
  max-width: 320px;
  display: flex;
}

.library-search-form input {
  flex: 1;
  width: 100%;
  border: 0.5px solid var(--color-border);
  border-radius: var(--radius-sm);
  padding: 0.5rem 0.75rem;
  font: 0.95rem inherit, system-ui, sans-serif;
  background: var(--color-surface);
  min-height: 40px;
}

.library-search-form input:focus {
  border-color: var(--color-accent);
  outline: 2px solid var(--color-focus);
  outline-offset: 1px;
}

.library-view-toggle {
  display: inline-flex;
  gap: 0.25rem;
}

.library-view-toggle button {
  background: transparent;
  border: 0.5px solid var(--color-border);
  color: var(--color-muted);
  min-height: 40px;
  min-width: 40px;
  padding: 0.4rem 0.85rem;
  border-radius: var(--radius-sm);
  cursor: pointer;
  box-shadow: none;
}

.library-view-toggle .library-select-toggle {
  margin-left: 0.25rem;
}

.library-view-toggle button.active {
  background: var(--color-ink);
  border-color: var(--color-ink);
  color: var(--color-surface);
}

.library-view-toggle button:hover:not(:disabled) {
  background: rgba(0, 0, 0, 0.04);
  color: var(--color-ink);
}

.library-view-toggle button.active:hover:not(:disabled) {
  background: var(--color-ink);
  border-color: var(--color-ink);
  color: var(--color-surface);
}

.bulk-action-bar {
  align-items: center;
  background: var(--color-ink);
  color: var(--color-surface);
  display: flex;
  flex-wrap: wrap;
  gap: 0.6rem;
  padding: 0.75rem 1rem;
  border-radius: var(--radius-sm);
  margin-bottom: 1rem;
  box-shadow: none;
}

.bulk-action-bar strong {
  margin-right: auto;
}

.bulk-action-bar button {
  background: var(--color-surface);
  color: var(--color-ink);
  min-height: 40px;
  padding: 0.45rem 0.85rem;
  border-radius: var(--radius-sm);
}

.bulk-action-bar .bulk-action-secondary {
  background: transparent;
  border: 0.5px solid rgba(255, 255, 255, 0.4);
  color: var(--color-surface);
}

.bulk-action-bar span {
  color: rgba(255, 255, 255, 0.7);
  font: 0.8rem inherit, sans-serif;
}

.bulk-select-control {
  align-items: center;
  display: flex;
  flex: 0 0 auto;
  min-width: 44px;
  min-height: 44px;
  justify-content: center;
  cursor: pointer;
}

.bulk-select-control input {
  accent-color: var(--color-accent);
  height: 1.2rem;
  width: 1.2rem;
  cursor: pointer;
}

.bulk-select-control span {
  border: 0;
  clip: rect(0 0 0 0);
  height: 1px;
  margin: -1px;
  overflow: hidden;
  padding: 0;
  position: absolute;
  width: 1px;
}

.library-rank-panel,
.library-scrobble-panel {
  background: var(--color-surface);
  border: 0.5px solid var(--color-border);
  border-radius: var(--radius-md);
  box-shadow: none;
  padding: 16px;
}

.library-rank-heading {
  align-items: end;
  display: flex;
  justify-content: space-between;
  margin-bottom: 1rem;
}

.library-rank-heading strong {
  display: block;
  font-size: 1.35rem;
  font-weight: 600;
}

.library-rank-list,
.library-scrobble-list {
  list-style: none;
  margin: 0;
  padding: 0;
}

.library-rank-row,
.library-scrobble-row {
  align-items: center;
  border-top: 0.5px solid var(--color-border);
  display: flex;
  gap: 12px;
  height: 64px;
  min-height: 64px;
  box-sizing: border-box;
  padding: 8px 12px;
}

.library-rank-media {
  align-items: center;
  display: flex;
  flex: 0 0 auto;
  gap: 8px;
}

.library-rank-number {
  color: var(--color-muted);
  font: 500 12px inherit, sans-serif;
  text-align: center;
  width: 1.5rem;
}

.library-row-artwork {
  background: #f0f0f0;
  flex: 0 0 48px;
  height: 48px;
  object-fit: cover;
  width: 48px;
  border-radius: 4px;
}

.library-row-artwork-empty {
  display: block;
}

.artwork {
  aspect-ratio: 1;
  display: block;
  object-fit: cover;
}

.artwork-fallback {
  align-items: center;
  background: #f0f0f0;
  color: var(--color-muted);
  display: flex;
  font: 600 0.85rem inherit, sans-serif;
  justify-content: center;
  letter-spacing: 0.05em;
  border-radius: 4px;
}

.library-row-copy {
  display: flex;
  flex-direction: column;
  justify-content: center;
  flex: 1;
  gap: 2px;
  min-width: 0;
}

.library-row-copy strong,
.library-row-copy small {
  overflow: hidden;
  text-overflow: ellipsis;
  white-space: nowrap;
}

.library-row-copy strong {
  color: var(--color-ink);
  font-size: 15px;
  font-weight: 600;
  line-height: 1.3;
}

.library-row-copy small {
  color: var(--color-muted);
  font-size: 12px;
  font-weight: 400;
  line-height: 1.25;
}

.library-count-bar {
  background: #f0f0f0;
  color: var(--color-muted);
  display: flex;
  align-items: center;
  justify-content: flex-end;
  flex: 0 1 12rem;
  font-size: 12px;
  font-weight: 500;
  min-width: 4.5rem;
  padding: 4px 8px;
  border-radius: 4px;
  text-decoration: none;
  text-align: right;
}

.library-rank-actions {
  align-items: center;
  display: flex;
  flex: 0 1 auto;
  gap: 8px;
  justify-content: flex-end;
  min-width: 0;
  margin-left: auto;
}

.library-rank-actions .library-count-bar {
  flex: 0 1 auto;
}

.library-scrobble-row .library-row-copy {
  order: 1;
}

.library-scrobble-row .scrobble-grid-heart {
  order: 2;
  margin-left: auto;
}

.library-scrobble-row .source-badge {
  order: 3;
  flex: 0 0 auto;
}

.library-scrobble-row time {
  order: 4;
  color: var(--color-muted);
  font-size: 12px;
  font-weight: 500;
  min-width: 5rem;
  text-align: right;
  white-space: nowrap;
}

.library-scrobble-panel h2 {
  font-size: 1.25rem;
  margin: 0 0 1rem;
}

.library-filter-label {
  color: var(--color-muted);
  margin: -0.5rem 0 1rem;
}

.scrobble-day h3 {
  color: var(--color-muted);
  font: 600 0.75rem inherit, sans-serif;
  margin: 1.25rem 0 0.3rem;
  text-transform: uppercase;
  letter-spacing: 0.06em;
}

.library-scrobble-row .source-badge {
  flex: 0 0 auto;
}

.library-rank-panel-grid .library-rank-list {
  display: grid;
  grid-template-columns: repeat(4, minmax(0, 1fr));
  gap: 12px;
  list-style: none;
  margin: 0;
  padding: 0;
}

@media (max-width: 1024px) {
  .library-rank-panel-grid .library-rank-list {
    grid-template-columns: repeat(3, minmax(0, 1fr));
    gap: 12px;
  }
}

@media (max-width: 600px) {
  .library-rank-panel-grid .library-rank-list {
    grid-template-columns: repeat(2, minmax(0, 1fr));
    gap: 12px;
  }
}

.library-rank-panel-grid .library-rank-row {
  align-items: stretch;
  background: var(--color-surface);
  border: 0.5px solid var(--color-border);
  border-radius: 12px;
  box-shadow: none;
  display: flex;
  flex-direction: column;
  gap: 0;
  height: auto;
  min-height: auto;
  overflow: hidden;
  padding: 0;
  position: relative;
  transition: border-color 140ms ease;
}

.library-rank-panel-grid .library-rank-row:hover {
  border-color: var(--color-border);
  box-shadow: none;
  transform: none;
}

.grid-card-artwork-wrap {
  position: relative;
  width: 100%;
  aspect-ratio: 1;
  background: var(--color-bg);
  overflow: hidden;
}

.grid-card-artwork-link {
  display: block;
  width: 100%;
  height: 100%;
  text-decoration: none;
}

.grid-card-artwork {
  width: 100%;
  height: 100%;
  aspect-ratio: 1;
  object-fit: cover;
  display: block;
  border-radius: 0;
}

.artwork-fallback.grid-card-artwork {
  width: 100%;
  height: 100%;
  display: flex;
  align-items: center;
  justify-content: center;
  font-size: 1.5rem;
  font-weight: 600;
  color: var(--color-muted);
  background: var(--color-bg);
  border-radius: 0;
}

.grid-select-scrim {
  position: absolute;
  top: 8px;
  left: 8px;
  z-index: 10;
  display: inline-flex;
  align-items: center;
  justify-content: center;
  width: 28px;
  height: 28px;
  background: rgba(0, 0, 0, 0.45);
  border-radius: 6px;
  backdrop-filter: blur(4px);
  cursor: pointer;
  margin: 0;
  padding: 0;
}

.grid-select-scrim input[type=\"checkbox\"] {
  cursor: pointer;
  margin: 0;
  width: 16px;
  height: 16px;
  accent-color: var(--color-accent);
}

.grid-select-scrim span {
  position: absolute;
  width: 1px;
  height: 1px;
  padding: 0;
  margin: -1px;
  overflow: hidden;
  clip: rect(0, 0, 0, 0);
  white-space: nowrap;
  border: 0;
}

.grid-card-like {
  position: absolute;
  top: 8px;
  right: 8px;
  z-index: 5;
  background: rgba(0, 0, 0, 0.45);
  border-radius: 6px;
  backdrop-filter: blur(4px);
  display: flex;
  align-items: center;
  justify-content: center;
  width: 28px;
  height: 28px;
}

.liked-heart {
  color: var(--color-muted);
  display: inline-flex;
  align-items: center;
  flex: 0 0 auto;
}

.liked-heart-active {
  color: var(--color-danger);
}

.grid-card-like .liked-heart {
  color: var(--color-surface);
}

.grid-card-like .liked-heart-active {
  color: var(--color-danger);
}

.grid-card-body {
  padding: 10px 12px 12px;
  display: flex;
  flex-direction: column;
  flex: 1 1 auto;
  min-width: 0;
}

.grid-card-heading {
  display: flex;
  align-items: baseline;
  gap: 4px;
  font-size: 14px;
  font-weight: 500;
  line-height: 1.3;
  color: var(--color-ink);
  min-width: 0;
}

.grid-card-rank {
  color: var(--color-muted);
  font-size: 14px;
  font-weight: 500;
  flex-shrink: 0;
}

.grid-card-title {
  color: var(--color-ink);
  font-size: 14px;
  font-weight: 500;
  text-decoration: none;
  overflow: hidden;
  text-overflow: ellipsis;
  white-space: nowrap;
  display: block;
  flex: 1;
  min-width: 0;
}

.grid-card-title:hover {
  text-decoration: underline;
}

.grid-card-artist {
  font-size: 12px;
  color: var(--color-muted);
  line-height: 1.3;
  margin-top: 2px;
  overflow: hidden;
  text-overflow: ellipsis;
  white-space: nowrap;
  display: block;
}

.grid-card-footer {
  margin-top: 8px;
}

.grid-card-count {
  display: inline-flex;
  align-items: center;
  gap: 5px;
  font-size: 12px;
  color: var(--color-muted);
  line-height: 1;
}

.grid-card-count-icon {
  flex-shrink: 0;
  color: var(--color-muted);
}

.grid-card-bar-track {
  width: 100%;
  height: 3px;
  background: #F0F0F0;
  border-radius: 2px;
  margin-top: 6px;
  overflow: hidden;
}

.grid-card-bar-fill {
  height: 100%;
  background: var(--color-accent);
  border-radius: 2px;
  transition: width 200ms ease;
}

.library-scrobble-panel-grid .library-scrobble-row {
  display: grid;
  grid-template-areas: \"select art copy time\" \"select art source heart\";
  grid-template-columns: 2.5rem 2.7rem minmax(0, 1fr) auto;
  grid-template-rows: minmax(2rem, auto) auto;
  row-gap: 6px;
  min-height: 5.6rem;
  border-radius: var(--radius-sm);
  padding-inline: 0.5rem;
  box-shadow: none;
  transition: background-color 140ms ease;
}

.library-scrobble-panel-grid .scrobble-grid-select {
  grid-area: select;
  align-self: center;
}

.library-scrobble-panel-grid .scrobble-grid-artwork {
  grid-area: art;
  height: 2.7rem;
}

.library-scrobble-panel-grid .library-row-copy {
  grid-area: copy;
  align-self: end;
}

.library-scrobble-panel-grid .scrobble-grid-source {
  grid-area: source;
  justify-self: start;
}

.library-scrobble-panel-grid .scrobble-grid-heart {
  grid-area: heart;
  justify-self: end;
  align-self: center;
}

.library-scrobble-panel-grid .scrobble-grid-time {
  grid-area: time;
  align-self: end;
  min-width: 0;
  text-align: right;
}

.library-scrobble-panel-grid .library-scrobble-row:hover {
  background: rgba(0, 0, 0, 0.02);
}

.library-pagination-bar {
  align-items: center;
  display: flex;
  flex-wrap: wrap;
  gap: 1rem;
  justify-content: space-between;
  margin-top: 1.5rem;
}

.page-size-select {
  align-items: center;
  display: flex;
  gap: 0.5rem;
}

.page-size-label {
  color: var(--color-muted);
  font: 600 0.75rem inherit, sans-serif;
  text-transform: uppercase;
  letter-spacing: 0.04em;
}

.page-size-select select {
  font: 0.95rem inherit, system-ui, sans-serif;
  min-height: 40px;
  padding: 0.4rem 0.75rem;
  border: 0.5px solid var(--color-border);
  border-radius: var(--radius-sm);
}

.pagination {
  align-items: center;
  display: flex;
  gap: 0.5rem;
}

.pagination-list {
  display: flex;
  gap: 0.25rem;
  list-style: none;
  margin: 0;
  padding: 0;
}

.pagination-ellipsis {
  color: var(--color-muted);
  padding: 0 0.25rem;
  display: inline-flex;
  align-items: center;
}

.pagination-page {
  background: transparent;
  border: 0;
  color: var(--color-muted);
  font: 600 0.85rem inherit, sans-serif;
  min-height: 40px;
  min-width: 40px;
  display: inline-flex;
  align-items: center;
  justify-content: center;
  padding: 0.35rem 0.6rem;
  text-transform: none;
  border-radius: var(--radius-sm);
  cursor: pointer;
  box-shadow: none;
}

.pagination-page:hover:not(.pagination-page-active) {
  color: var(--color-ink);
  background: rgba(0, 0, 0, 0.04);
}

.pagination-page-active {
  background: var(--color-accent);
  color: var(--color-surface);
}

.pagination-next {
  background: transparent;
  border: 0.5px solid var(--color-border);
  color: var(--color-ink);
  font: 600 0.75rem inherit, sans-serif;
  min-height: 40px;
  padding: 0.4rem 1rem;
  display: inline-flex;
  align-items: center;
  justify-content: center;
  border-radius: var(--radius-sm);
  cursor: pointer;
  box-shadow: none;
}

.pagination-next:disabled {
  cursor: not-allowed;
  opacity: 0.4;
}

/* ─── Timeline & Reports ────────────────────────────────────────────────────── */
.timeline-chart {
  align-items: end;
  display: flex;
  gap: 0.65rem;
  height: 220px;
  overflow-x: auto;
  padding: 1rem 0 0;
}

.timeline-column {
  align-items: center;
  display: flex;
  flex: 1 0 2rem;
  flex-direction: column;
  gap: 0.6rem;
  height: 100%;
  justify-content: end;
}

.timeline-bar {
  background: var(--color-accent);
  min-height: 0.3rem;
  width: 100%;
  border-radius: 2px;
}

.timeline-column span {
  color: var(--color-muted);
  font: 0.7rem inherit, sans-serif;
}

.report-banner {
  align-items: flex-end;
  background: var(--color-surface);
  border: 0.5px solid var(--color-border);
  border-radius: var(--radius-md);
  box-shadow: none;
  display: flex;
  justify-content: space-between;
  gap: 1rem;
  padding: 16px;
}

.report-banner h2 {
  font-size: 2rem;
}

.report-banner .section-kicker {
  margin-bottom: 0.4rem;
}

.report-time-grid {
  display: grid;
  gap: 1rem;
  grid-template-columns: minmax(0, 1.4fr) minmax(0, 1fr);
  margin-top: 16px;
}

.report-data-grid {
  display: grid;
  gap: 1rem;
  grid-template-columns: minmax(0, 1fr);
}

.chart-panel {
  background: var(--color-surface);
  border: 0.5px solid var(--color-border);
  border-radius: var(--radius-md);
  box-shadow: none;
  padding: 16px;
}

.chart-panel h2 {
  font-size: 1.25rem;
  margin: 0 0 1rem;
}

.bar-trend-chart {
  display: block;
  height: 220px;
  width: 100%;
}

.bar-trend-bar {
  fill: rgba(0, 102, 255, 0.35);
  transition: fill 140ms ease;
}

.bar-trend-bar:hover {
  fill: var(--color-accent);
}

.bar-trend-bar-peak {
  fill: var(--color-accent);
}

.bar-trend-labels {
  color: var(--color-muted);
  display: flex;
  font: 0.7rem inherit, sans-serif;
  justify-content: space-between;
  margin-top: 0.4rem;
}

.listening-clock-chart {
  display: block;
  height: 240px;
  margin: 0 auto;
  width: 240px;
}

.clock-ring {
  fill: none;
  stroke: var(--color-border);
  stroke-width: 0.7;
}

.clock-bar {
  stroke: rgba(0, 102, 255, 0.35);
  stroke-linecap: round;
  stroke-width: 2.1;
  transition: stroke 140ms ease;
}

.clock-bar:hover {
  stroke: var(--color-accent);
}

.clock-bar-peak {
  stroke: var(--color-accent);
}

.clock-label {
  fill: var(--color-muted);
  font: 4.5px inherit, sans-serif;
}

.chart-caption {
  color: var(--color-muted);
  font: 0.8rem inherit, sans-serif;
  margin: 0.6rem 0 0;
  text-align: center;
}

.report-card {
  min-height: 150px;
}

.report-card p,
.report-community p {
  color: var(--color-muted);
  font: 0.9rem/1.5 inherit, sans-serif;
}

.report-community {
  border-top: 3px solid var(--color-accent);
}

.report-facts {
  display: grid;
  gap: 1rem;
  grid-template-columns: repeat(3, 1fr);
}

.report-facts div {
  background: var(--color-surface);
  border: 0.5px solid var(--color-border);
  border-radius: var(--radius-md);
  box-shadow: none;
  display: grid;
  gap: 0.3rem;
  padding: 16px;
}

.report-facts strong {
  font-size: 1.7rem;
  font-weight: 600;
  color: var(--color-ink);
}

.report-facts span {
  color: var(--color-muted);
  font: 600 0.72rem inherit, sans-serif;
  text-transform: uppercase;
  letter-spacing: 0.04em;
}

.report-category-grid {
  display: grid;
  gap: 1rem;
  grid-template-columns: repeat(3, minmax(0, 1fr));
}

.report-category-grid .library-rank-panel {
  padding: 1rem;
}

.report-category-grid .library-rank-heading {
  margin-bottom: 0.5rem;
}

.report-category-grid .library-rank-heading strong {
  font-size: 1rem;
}

.report-category-grid .library-rank-row {
  display: grid;
  grid-template-areas: \"media copy\" \"media actions\";
  grid-template-columns: auto minmax(0, 1fr);
  column-gap: 8px;
  row-gap: 4px;
  align-items: start;
  height: auto;
  min-height: 100px;
}

.report-category-grid .library-rank-media {
  grid-area: media;
  align-self: start;
}

.report-category-grid .library-row-copy {
  grid-area: copy;
  min-width: 0;
}

.report-category-grid .library-rank-actions {
  grid-area: actions;
  justify-content: flex-end;
  margin-left: 0;
}

.report-category-grid .library-row-artwork {
  height: 2.4rem;
  width: 2.4rem;
}

.report-category-grid .library-row-copy strong {
  font-size: 13px;
  white-space: normal;
  overflow-wrap: break-word;
  overflow: visible;
  text-overflow: clip;
}

.report-category-grid .library-row-copy small {
  font-size: 10.5px;
  white-space: normal;
  overflow-wrap: break-word;
  overflow: visible;
  text-overflow: clip;
}

.report-category-grid .library-count-bar {
  min-width: 2rem;
  padding: 3px 6px;
  font-size: 11px;
}

.summary-grid {
  display: grid;
  gap: 1rem;
  grid-template-columns: repeat(auto-fit, minmax(210px, 1fr));
}

.month-card {
  background: var(--color-surface);
  border: 0.5px solid var(--color-border);
  border-radius: var(--radius-md);
  box-shadow: none;
  padding: 16px;
}

.month-label {
  color: var(--color-muted);
  font-size: 0.8rem;
  font-weight: 600;
  margin: 0 0 1.5rem;
  text-transform: uppercase;
  letter-spacing: 0.05em;
}

.month-card strong {
  display: block;
  font-size: 2.8rem;
  font-weight: 600;
  line-height: 1;
  color: var(--color-ink);
}

.month-card > span {
  color: var(--color-muted);
  font: 0.8rem inherit, sans-serif;
}

dl {
  border-top: 0.5px solid var(--color-border);
  display: grid;
  gap: 0.55rem;
  margin: 1.5rem 0 0;
  padding-top: 0.85rem;
}

dl div {
  display: flex;
  justify-content: space-between;
}

dt,
dd {
  font-size: 0.78rem;
  margin: 0;
}

dt {
  color: var(--color-muted);
}

dd {
  font-weight: 600;
  color: var(--color-ink);
}

/* ─── Modal Dialogs ────────────────────────────────────────────────────────── */
.modal-backdrop {
  position: fixed;
  inset: 0;
  background: rgba(0, 0, 0, 0.4);
  backdrop-filter: blur(2px);
  -webkit-backdrop-filter: blur(2px);
  display: flex;
  align-items: center;
  justify-content: center;
  z-index: 1000;
  padding: 1rem;
}

.modal-dialog {
  background: var(--color-surface);
  border: 0.5px solid var(--color-border);
  border-radius: var(--radius-md);
  box-shadow: none;
  max-width: 480px;
  width: 100%;
  padding: 1.75rem;
  animation: modal-appear 150ms ease-out;
}

@keyframes modal-appear {
  from {
    opacity: 0;
    transform: scale(0.98) translateY(2px);
  }
  to {
    opacity: 1;
    transform: scale(1) translateY(0);
  }
}

.modal-title {
  color: var(--color-danger);
  font-size: 1.3rem;
  font-weight: 600;
  letter-spacing: -0.02em;
  margin: 0 0 0.75rem;
}

.modal-description {
  color: var(--color-ink);
  font: 0.9rem/1.5 inherit, sans-serif;
  margin: 0 0 1rem;
}

.modal-input-label {
  display: grid;
  gap: 0.5rem;
  font-size: 0.82rem;
  margin-bottom: 1.25rem;
  color: var(--color-ink);
  text-transform: none;
}

.modal-input-label strong {
  color: var(--color-danger);
  letter-spacing: 0.05em;
}

.modal-input {
  width: 100%;
  border: 0.5px solid var(--color-border);
  border-radius: var(--radius-sm);
  padding: 0.65rem 0.85rem;
  font: 600 1rem monospace;
  background: var(--color-surface);
  color: var(--color-ink);
  box-sizing: border-box;
}

.modal-input:focus {
  border-color: var(--color-danger);
  outline: 2px solid var(--color-danger);
  outline-offset: 1px;
}

.modal-actions {
  display: flex;
  gap: 0.75rem;
  justify-content: flex-end;
  margin-top: 1rem;
}

.modal-cancel-button {
  background: transparent;
  border: 0.5px solid var(--color-border);
  color: var(--color-ink);
  font: 600 0.8rem inherit, sans-serif;
  padding: 0.65rem 1.25rem;
  border-radius: var(--radius-sm);
  min-height: auto;
  cursor: pointer;
  text-transform: none;
  box-shadow: none;
}

.modal-cancel-button:hover:not(:disabled) {
  background: rgba(0, 0, 0, 0.04);
}

.modal-confirm-button {
  border-radius: var(--radius-sm);
  font: 600 0.8rem inherit, sans-serif;
  padding: 0.65rem 1.25rem;
  min-height: auto;
  text-transform: none;
  box-shadow: none;
}

/* ─── Share Dialog ──────────────────────────────────────────────────────── */

.share-trigger-button {
  background: transparent;
  border: 0.5px solid var(--color-border);
  color: var(--color-muted);
  min-height: 40px;
  padding: 0.4rem 0.85rem;
  border-radius: var(--radius-sm);
  cursor: pointer;
  box-shadow: none;
}

.share-trigger-button:hover {
  border-color: var(--color-accent);
  color: var(--color-accent);
}

.share-dialog {
  max-width: 560px;
  max-height: calc(100vh - 2rem);
  display: flex;
  flex-direction: column;
  overflow: hidden;
  padding: 0;
}

.share-dialog-scroll {
  overflow-y: auto;
  padding: 1.75rem;
  min-height: 0;
}

.share-dialog .modal-actions {
  position: sticky;
  bottom: 0;
  flex: 0 0 auto;
  background: var(--color-surface);
  padding: 1rem 1.75rem;
  margin: 0;
  border-top: 0.5px solid var(--color-border);
}

.share-dialog-controls {
  display: flex;
  justify-content: space-between;
  align-items: center;
  gap: 1rem;
  flex-wrap: wrap;
  margin-bottom: 1rem;
}

.share-dialog-layout-toggle {
  display: inline-flex;
  gap: 0.25rem;
}

.share-dialog-layout-toggle button {
  background: transparent;
  border: 0.5px solid var(--color-border);
  color: var(--color-muted);
  min-height: 40px;
  padding: 0.4rem 0.85rem;
  border-radius: var(--radius-sm);
  cursor: pointer;
  box-shadow: none;
}

.share-dialog-layout-toggle button.active {
  background: var(--color-ink);
  border-color: var(--color-ink);
  color: var(--color-surface);
}

.share-dialog-size-control {
  display: flex;
  align-items: center;
  gap: 0.6rem;
  font-size: 0.85rem;
  color: var(--color-ink);
}

.share-dialog-preview {
  border: 0.5px solid var(--color-border);
  border-radius: var(--radius-md);
  background: var(--color-canvas);
  padding: 0.5rem;
  margin-bottom: 1rem;
  min-height: 80px;
  display: flex;
  align-items: center;
  justify-content: center;
}

.share-dialog-preview-image {
  max-width: 100%;
  border-radius: var(--radius-sm);
}

.share-card-offscreen {
  position: fixed;
  top: 0;
  left: -9999px;
  pointer-events: none;
}

.share-card {
  width: 600px;
  padding: 1.5rem;
  background: var(--color-surface);
  font-family: 'Inter', -apple-system, BlinkMacSystemFont, 'Segoe UI', Roboto, sans-serif;
}

.share-card-header {
  display: flex;
  flex-direction: column;
  gap: 0.15rem;
  margin-bottom: 1rem;
}

.share-card-title {
  font-size: 1.4rem;
  font-weight: 700;
  color: var(--color-ink);
  letter-spacing: -0.02em;
}

.share-card-subtitle {
  font-size: 0.9rem;
  color: var(--color-muted);
}

.share-card-footer {
  margin-top: 1.25rem;
  font-size: 0.75rem;
  color: var(--color-muted);
  text-align: right;
}

.report-character-grid {
  display: grid;
  grid-template-columns: repeat(2, 1fr);
  gap: 16px;
}

/* ─── Responsive Media Queries ─────────────────────────────────────────────── */
@media (max-width: 760px) {
  .app-shell {
    padding: 1.75rem 1rem 3rem;
  }
  .section-heading {
    align-items: flex-start;
    flex-direction: column;
  }
  .topbar {
    margin-bottom: 2.5rem;
  }
  .dashboard {
    padding: 16px;
  }
  .filters {
    grid-template-columns: minmax(0, 1fr);
  }
  .date-range-selector {
    flex-direction: column;
    flex-wrap: nowrap;
    align-items: stretch;
    min-width: 0;
  }
  .date-range-segmented-group {
    min-width: 0;
  }
  .date-range-popover {
    position: static;
    width: 100%;
    max-width: 100%;
  }
  .date-range-pill {
    width: 100%;
    justify-content: center;
  }
  .filters button {
    width: 100%;
  }
  .stats-bar,
  .overview-grid,
  .report-grid,
  .library-layout {
    grid-template-columns: minmax(0, 1fr);
  }
  .report-category-grid,
  .report-facts,
  .report-time-grid,
  .report-data-grid,
  .report-character-grid {
    grid-template-columns: minmax(0, 1fr);
  }
  .heatmap-grid { grid-template-columns: repeat(24, 12px); grid-template-rows: repeat(7, 12px); }
  .heatmap-cell { width: 12px; height: 12px; }
  .heatmap-x-axis { grid-template-columns: repeat(24, 12px); }
  .library-rank-panel-grid .library-rank-list {
    grid-template-columns: repeat(2, minmax(0, 1fr));
    gap: 12px;
  }
  .library-rank-panel:not(.library-rank-panel-grid) .library-rank-row {
    display: grid;
    grid-template-areas: \"media copy\" \"media actions\";
    grid-template-columns: auto minmax(0, 1fr);
    column-gap: 10px;
    row-gap: 4px;
    align-items: start;
    height: auto;
    min-height: auto;
  }
  .library-rank-panel:not(.library-rank-panel-grid) .library-rank-media {
    grid-area: media;
    align-self: start;
  }
  .library-rank-panel:not(.library-rank-panel-grid) .library-row-copy {
    grid-area: copy;
    min-width: 0;
  }
  .library-rank-panel:not(.library-rank-panel-grid) .library-rank-actions {
    grid-area: actions;
    justify-content: flex-end;
    margin-left: 0;
  }
  .library-scrobble-row {
    display: grid;
    grid-template-areas: \"art copy time\" \"art source heart\";
    grid-template-columns: 2.7rem minmax(0, 1fr) auto;
    column-gap: 10px;
    row-gap: 4px;
    align-items: start;
    height: auto;
    min-height: auto;
  }
  .library-scrobble-row .scrobble-grid-artwork {
    grid-area: art;
    align-self: start;
  }
  .library-scrobble-row .library-row-copy {
    grid-area: copy;
  }
  .library-scrobble-row .scrobble-grid-time {
    grid-area: time;
    justify-self: end;
    min-width: auto;
    font-size: 11px;
    white-space: nowrap;
  }
  .library-scrobble-row .scrobble-grid-source {
    grid-area: source;
    justify-self: start;
    align-self: start;
    margin-top: 2px;
  }
  .library-scrobble-row .scrobble-grid-heart {
    grid-area: heart;
    justify-self: end;
    align-self: start;
    margin-left: 0;
  }
  .library-row-copy strong {
    font-size: 13px;
    white-space: normal;
    overflow-wrap: break-word;
    overflow: visible;
    text-overflow: clip;
  }
  .library-row-copy small {
    font-size: 10.5px;
    white-space: normal;
    overflow-wrap: break-word;
    overflow: visible;
    text-overflow: clip;
  }
  .library-select-toggle {
    display: none;
  }
  .library-rank-panel:not(.library-rank-panel-grid) .bulk-select-control,
  .library-scrobble-row .bulk-select-control {
    display: none;
  }
  .library-count-suffix {
    display: none;
  }
  .library-count-bar {
    min-width: 2rem;
    padding: 3px 6px;
    font-size: 11px;
  }
  .entry-menu-toggle {
    min-width: 36px;
    min-height: 36px;
    padding: 0.25rem;
  }
  .library-row-artwork {
    flex-basis: 40px;
    height: 40px;
    width: 40px;
  }
  .report-banner {
    align-items: flex-start;
    flex-direction: column;
  }
  .library-tabs,
  .settings-tabs,
  .segmented-tabs {
    flex-wrap: nowrap;
    min-width: 0;
    overflow-x: auto;
    -webkit-overflow-scrolling: touch;
    padding-bottom: 2px;
  }
  .library-tabs button,
  .settings-tabs button,
  .segmented-tab,
  .segmented-tabs button {
    flex: 0 0 auto;
    width: auto;
    white-space: nowrap;
  }
  .scrobble-row {
    align-items: flex-start;
    flex-wrap: wrap;
  }
  .scrobble-row .scrobble-copy {
    flex: 1 1 calc(100% - 7rem);
  }
  .scrobble-row .source-badge {
    order: 3;
  }
}

@media (max-width: 480px) {
  .library-scrobble-row {
    gap: 0.45rem;
  }
  .library-scrobble-panel-grid .library-scrobble-row {
    grid-template-areas: \"select art copy\" \"select art time\" \"select source heart\";
    grid-template-columns: 1rem 2.7rem minmax(0, 1fr);
    grid-template-rows: minmax(2rem, auto) auto auto;
  }
  .library-scrobble-panel-grid .scrobble-grid-time {
    justify-self: start;
    text-align: left;
  }
  .library-scrobble-panel-grid .scrobble-grid-source {
    max-width: 100%;
  }
  .library-scrobble-panel-grid .scrobble-grid-heart {
    justify-self: end;
  }
}

@media (prefers-reduced-motion: reduce) {
  *,
  *::before,
  *::after {
    animation-duration: 0.01ms !important;
    animation-iteration-count: 1 !important;
    transition-duration: 0.01ms !important;
    scroll-behavior: auto !important;
  }
  .modal-dialog {
    animation: none !important;
  }
  .report-card:hover,
  .library-rank-panel-grid .library-rank-row:hover {
    transform: none !important;
  }
}

.heatmap-container {
  display: flex;
  flex-direction: column;
}
.heatmap-body {
  display: flex;
}
.heatmap-y-axis {
  display: flex;
  flex-direction: column;
  justify-content: space-between;
  padding-right: 12px;
  color: var(--color-muted);
  font-size: 12px;
  padding-top: 8px;
  padding-bottom: 8px;
}
.heatmap-y-axis div {
  height: 16px;
  line-height: 16px;
}
.heatmap-grid {
  display: grid;
  grid-template-columns: repeat(24, 16px);
  grid-template-rows: repeat(7, 16px);
  gap: 2px;
  flex-grow: 1;
}
.heatmap-cell {
  width: 16px;
  height: 16px;
  border-radius: 2px;
  background-color: var(--color-surface-hover);
  transition: fill 140ms;
}
.heatmap-cell[data-level=\"1\"] { background-color: rgba(0, 102, 255, 0.2); }
.heatmap-cell[data-level=\"2\"] { background-color: rgba(0, 102, 255, 0.4); }
.heatmap-cell[data-level=\"3\"] { background-color: rgba(0, 102, 255, 0.6); }
.heatmap-cell[data-level=\"4\"] { background-color: rgba(0, 102, 255, 0.85); }
.heatmap-cell.peak { border: 1px solid var(--color-ink); box-sizing: border-box; }

.heatmap-x-axis {
  display: grid;
  grid-template-columns: repeat(24, 16px);
  gap: 2px;
  margin-left: 35px;
  margin-top: 8px;
  color: var(--color-muted);
  font-size: 12px;
}
.heatmap-x-label { grid-column: span 6; text-align: left; }
.chart-caption {
  margin-top: 16px;
  font-size: 13px;
  color: var(--color-muted);
}

.genre-list {
  list-style: none;
  padding: 0;
  margin: 0;
  display: flex;
  flex-direction: column;
  gap: 12px;
}
.genre-row {
  display: flex;
  align-items: center;
  gap: 12px;
  font-size: 14px;
  position: relative;
}
.genre-label { flex: 0 0 120px; text-transform: capitalize; }
.genre-bar-container { flex: 1; height: 24px; background: transparent; position: relative; }
.genre-bar {
  position: absolute;
  top: 0; left: 0; bottom: 0;
  background-color: rgba(0, 102, 255, 0.35);
  border-radius: 4px;
  transition: background-color 140ms;
}
.genre-row:hover .genre-bar {
  background-color: var(--color-accent);
}
.genre-count { flex: 0 0 40px; text-align: right; color: var(--color-muted); }
.import-panel {
  background: var(--color-surface);
  border: 0.5px solid var(--color-border);
  border-radius: var(--radius-md);
  margin: 1.5rem 0;
  padding: 1.25rem;
}
.import-picker {
  display: flex;
  flex-direction: column;
  gap: 0.5rem;
}

.import-progress-card {
  margin-top: 1rem;
  padding: 1rem;
  background: var(--color-canvas);
  border: 0.5px solid var(--color-border);
  border-radius: var(--radius-sm);
}
.import-progress-header {
  display: flex;
  justify-content: space-between;
  margin-bottom: 0.5rem;
  font-size: 0.85rem;
  font-weight: 600;
}
.import-progress-track {
  height: 8px;
  background: var(--color-surface);
  border: 0.5px solid var(--color-border);
  border-radius: 4px;
  overflow: hidden;
  margin-bottom: 0.5rem;
}
.import-progress-fill {
  height: 100%;
  background: var(--color-accent);
  transition: width 200ms ease;
}
.import-progress-footer {
  display: flex;
  justify-content: space-between;
  font-size: 0.75rem;
  color: var(--color-muted);
}

.import-picker input[type=\"file\"] {
  border: 0.5px solid var(--color-border);
  border-radius: var(--radius-sm);
  padding: 0.5rem;
  background: var(--color-surface);
  font-family: inherit;
  font-size: 0.85rem;
  color: var(--color-ink);
  cursor: pointer;
  width: 100%;
}
.import-picker input[type=\"file\"]::file-selector-button {
  background: var(--color-canvas);
  border: 0.5px solid var(--color-border);
  border-radius: 4px;
  padding: 0.25rem 0.75rem;
  margin-right: 1rem;
  color: var(--color-ink);
  font-weight: 500;
  cursor: pointer;
  transition: background 150ms ease;
}
.import-picker input[type=\"file\"]::file-selector-button:hover {
  background: #ebebeb;
}

/* ─── Touch Target Adaptation (Coarse Pointers) ──────────────────────────────── */
@media (pointer: coarse) {
  .date-range-pill,
  .date-field,
  .settings-form select,
  .settings-form input,
  .settings-form textarea,
  .blocked-unblock,
  .entry-menu-toggle {
    min-height: 44px !important;
  }
  .entry-menu-toggle {
    min-width: 44px !important;
  }
  .pagination-btn {
    min-width: 44px;
    min-height: 44px;
  }
}

/* Empty State */
.empty-state {
  display: flex;
  flex-direction: column;
  align-items: center;
  justify-content: center;
  text-align: center;
  padding: 3rem 1rem;
  background: var(--color-surface);
  border: 0.5px solid var(--color-border);
  border-radius: var(--radius-md);
  margin: 1rem 0;
}

.empty-state-icon {
  color: var(--color-muted);
  margin-bottom: 1rem;
}

.empty-state-icon svg {
  width: 48px;
  height: 48px;
  stroke-width: 1.5;
}

.empty-state-title {
  margin: 0 0 0.5rem 0;
  font-size: 1.1rem;
  font-weight: 600;
  color: var(--color-ink);
}

.empty-state-description {
  margin: 0;
  color: var(--color-muted);
  max-width: 400px;
  font-size: 14px;
  line-height: 1.5;
}

.empty-state-action {
  margin-top: 1.5rem;
}

.empty-state-error {
  background: var(--color-danger-soft);
  border-color: rgba(211, 47, 47, 0.3);
}

.empty-state-error .empty-state-icon {
  color: var(--color-danger);
}

.empty-state-error .empty-state-title {
  color: var(--color-danger);
}

.empty-state-error .empty-state-description {
  color: var(--color-danger);
}

@keyframes heart-burst {
  0% { transform: scale(1); }
  50% { transform: scale(1.3); }
  100% { transform: scale(1); }
}

.liked-heart-active svg {
  animation: heart-burst 300ms cubic-bezier(0.175, 0.885, 0.32, 1.275);
}

@media (prefers-reduced-motion: reduce) {
  .liked-heart-active svg {
    animation: none;
  }
}
"

 ❯ src/settingsFormTypography.test.js:22:27
     20|       /\.settings-form label\s*\{[^}]*letter-spacing:\s*normal/
     21|     )
     22|     expect(stylesContent).toMatch(
       |                           ^
     23|       /\.settings-form label\s*\{[^}]*color:\s*var(--color-ink)/
     24|     )

⎯⎯⎯⎯⎯⎯⎯⎯⎯⎯⎯⎯⎯⎯⎯⎯⎯⎯⎯⎯⎯⎯⎯⎯[6/8]⎯

 FAIL  src/settingsFormTypography.test.js > Settings Form Label Typography and Input Styling per DESIGN.md > styles settings form inputs and selects with 36px height, 8px 12px padding, 0.5px border, 8px radius, no shadow
AssertionError: expected ':root {\n  --color-primary: #0066ff;\…' to match /\.settings-form select,\s*\.settings-…/

- Expected: 
/\.settings-form select,\s*\.settings-form input:not\(\[type="checkbox"\]\):not\(\[type="radio"\]\)\s*\{[^}]*border:\s*0\.5px solid var(--color-border)/

+ Received: 
":root {
  --color-primary: #0066ff;
  --color-accent: #0066ff;
  --color-accent-soft: rgba(0, 102, 255, 0.08);
  --color-accent-hover: #0052cc;
  --color-ink: #111111;
  --color-muted: #888888;
  --color-canvas: #f7f7f7;
  --color-surface: #ffffff;
  --color-surface-raised: #ffffff;
  --color-border: #e5e5e5;
  --color-border-subtle: #f0f0f0;
  --color-focus: #0066ff;
  --color-danger: #d32f2f;
  --color-danger-soft: #fde8e8;
  --color-warning: #d97706;
  --color-warning-soft: #fef3c7;
  --color-spotify: #1db954;
  --color-spotify-bg: rgba(29, 185, 84, 0.1);
  --color-youtube: #ff0000;
  --color-youtube-bg: rgba(255, 0, 0, 0.1);
  --radius-sm: 8px;
  --radius-md: 12px;
  font-family: 'Inter', -apple-system, BlinkMacSystemFont, 'Segoe UI', Roboto, sans-serif;
  color: #111111;
  background: var(--color-canvas);
  line-height: 1.5;
  font-weight: 400;
  font-size: 14px;
}

@media (prefers-color-scheme: dark) {
  :root {
    --color-ink: #f7f7f7;
    --color-muted: #a0a0a0;
    --color-canvas: #111111;
    --color-surface: #1e1e1e;
    --color-surface-raised: #2a2a2a;
    --color-border: #333333;
    --color-border-subtle: #222222;
    --color-danger-soft: rgba(211, 47, 47, 0.15);
    --color-warning-soft: rgba(217, 119, 6, 0.15);
    --color-accent-soft: rgba(0, 102, 255, 0.15);
  }
}

* {
  box-sizing: border-box;
}

body {
  margin: 0;
  min-height: 100vh;
  background: var(--color-canvas);
  color: var(--color-ink);
  font-family: inherit;
  font-size: 14px;
}

p {
  color: var(--color-ink);
}

#root {
  min-height: 100vh;
}

.app-shell {
  min-height: 100vh;
  max-width: 1180px;
  margin: 0 auto;
  padding: clamp(2rem, 5vw, 3.5rem) clamp(1rem, 4vw, 2rem) 5rem;
}

/* ─── Topbar Navigation ────────────────────────────────────────────────────────── */
.topbar {
  display: flex;
  align-items: flex-end;
  justify-content: space-between;
  gap: 2rem;
  margin-bottom: 3.5rem;
}

.topbar-brand {
  display: flex;
  align-items: center;
}

.topbar-logo {
  height: 52px;
  width: auto;
  display: block;
}

.topbar-nav {
  align-items: center;
  display: flex;
  gap: 0.5rem;
}

.topbar-nav a {
  color: var(--color-muted);
  font: 600 0.8rem inherit, sans-serif;
  text-decoration: none;
  text-transform: uppercase;
  letter-spacing: 0.04em;
}

.nav-link {
  border-radius: var(--radius-sm);
  padding: 0.5rem 0.85rem;
  transition: background-color 140ms ease, color 140ms ease;
}

.nav-link:hover {
  background: rgba(0, 0, 0, 0.04);
  color: var(--color-ink);
}

.nav-link-active {
  background: var(--color-accent);
  color: #ffffff !important;
}

.nav-link-active:hover {
  background: var(--color-accent);
  color: #ffffff !important;
}

.nav-link:focus-visible {
  outline: 2px solid var(--color-focus);
  outline-offset: 2px;
}

.nav-menu-toggle {
  display: none;
}

@media (max-width: 720px) {
  /* Logo stays left, the toggle button stays right, on one row; the opened
     menu (flex-basis: 100%) wraps onto its own full-width line below rather
     than fighting the logo and toggle for space as a third row item. */
  .topbar {
    flex-direction: row;
    justify-content: space-between;
    align-items: center;
    flex-wrap: wrap;
  }

  .nav-menu-toggle {
    background: transparent;
    border: 0.5px solid var(--color-border);
    border-radius: var(--radius-sm);
    color: var(--color-ink);
    display: inline-flex;
    align-items: center;
    justify-content: center;
    min-height: 44px;
    min-width: 44px;
    font: 600 0.75rem inherit, sans-serif;
    padding: 0.4rem 0.8rem;
    text-transform: uppercase;
    cursor: pointer;
  }

  .topbar-nav {
    display: none;
    flex-direction: column;
    align-items: flex-start;
    gap: 0.5rem;
    margin-top: 1rem;
    width: 100%;
    flex-basis: 100%;
  }

  .topbar-nav-open {
    display: flex;
  }
}

/* ─── Typography & Headings ─────────────────────────────────────────────────── */
.eyebrow,
.section-kicker {
  text-transform: uppercase;
  letter-spacing: 0.08em;
  color: var(--color-muted);
  font-size: 0.75rem;
  font-weight: 600;
  margin: 0 0 0.5rem;
}

h1, h2, h3, h4, h5, h6 {
  color: var(--color-ink);
}

h1 {
  max-width: 650px;
  font-size: clamp(2rem, 5vw, 3.5rem);
  line-height: 1.1;
  font-weight: 600;
  letter-spacing: -0.02em;
  margin: 0;
  color: var(--color-ink);
}

h2 {
  font-size: 1.35rem;
  font-weight: 600;
  letter-spacing: -0.02em;
  margin: 0;
  color: var(--color-ink);
}

h3 {
  font-size: 1.1rem;
  font-weight: 600;
  margin: 0;
  color: var(--color-ink);
}

.status-mark {
  border: 0.5px solid var(--color-border);
  border-radius: var(--radius-sm);
  color: var(--color-muted);
  font: 600 0.75rem/1 inherit, sans-serif;
  padding: 0.5rem 0.8rem;
  white-space: nowrap;
}

/* ─── Panels & Cards ────────────────────────────────────────────────────────── */
.card {
  background: var(--color-surface);
  border: 0.5px solid var(--color-border);
  border-radius: var(--radius-md);
  box-shadow: none;
  padding: 16px;
}

.dashboard {
  background: var(--color-surface);
  border: 0.5px solid var(--color-border);
  border-radius: var(--radius-md);
  box-shadow: none;
  padding: 16px;
}

.section-heading {
  display: flex;
  align-items: baseline;
  justify-content: space-between;
  gap: 1rem;
  margin-bottom: 1.5rem;
}

.month-count {
  color: var(--color-muted);
  font-size: 0.85rem;
}

/* ─── Forms, Controls & Segmented Tabs ────────────────────────────────────────── */
.filters {
  align-items: end;
  display: grid;
  gap: 1rem;
  grid-template-columns: minmax(220px, 1.6fr) repeat(2, minmax(130px, 0.7fr)) auto;
  margin-bottom: 2rem;
}

.date-range-selector {
  align-items: center;
  display: flex;
  flex-wrap: wrap;
  gap: 0.75rem 1rem;
  margin-bottom: 1.5rem;
}

.date-range-segmented-group {
  display: flex;
  flex-direction: column;
  gap: 0.45rem;
}

.date-range-custom-wrapper {
  position: relative;
  display: flex;
  align-items: center;
}

.date-range-pill {
  display: inline-flex;
  align-items: center;
  gap: 0.5rem;
  padding: 6px 14px;
  min-height: 36px;
  border: 0.5px solid var(--color-border);
  border-radius: 9999px;
  background: var(--color-surface);
  font: 500 0.85rem 'Inter', -apple-system, BlinkMacSystemFont, sans-serif;
  color: var(--color-ink);
  cursor: pointer;
  transition: all 0.15s ease;
  white-space: nowrap;
}

.date-range-pill:hover {
  border-color: var(--color-accent);
  background: #fdfdfd;
}

.date-range-pill.active {
  border-color: var(--color-accent);
  box-shadow: none;
}

.date-range-pill .calendar-icon {
  color: var(--color-muted);
  flex-shrink: 0;
}

.date-range-pill-text {
  font-weight: 500;
}

.date-range-pill .pill-chevron {
  color: var(--color-muted);
  margin-left: 2px;
}

.date-range-popover {
  position: absolute;
  top: calc(100% + 8px);
  left: 0;
  z-index: 100;
  background: var(--color-surface);
  border: 0.5px solid var(--color-border);
  border-radius: var(--radius-md);
  box-shadow: none;
  padding: 16px;
  width: 320px;
  max-width: 90vw;
}

.date-range-custom-inputs {
  display: flex;
  align-items: center;
  gap: 0.5rem;
  margin-bottom: 0.5rem;
}

.date-range-custom-inputs label {
  flex: 1;
  margin: 0;
}

.date-range-arrow {
  color: var(--color-muted);
  font-weight: 600;
  padding-top: 1rem;
}

/* ─── Date Field Component ─────────────────────────────────────────────────── */
.date-field {
  padding: 8px 12px;
  height: 36px;
  border: 0.5px solid var(--color-border);
  border-radius: 8px;
  font-family: 'Inter', -apple-system, BlinkMacSystemFont, sans-serif;
  font-size: 14px;
  color: var(--color-ink);
  background: var(--color-surface);
  box-sizing: border-box;
  width: 100%;
}

.date-field:focus {
  border-color: var(--color-accent);
  outline: 2px solid var(--color-focus);
  outline-offset: 1px;
}

.date-field::placeholder {
  color: var(--color-muted);
  font-weight: 400;
}

.date-field-wrapper {
  display: flex;
  flex-direction: column;
  gap: 0.35rem;
}

.date-field-label {
  color: var(--color-muted);
  font-size: 0.75rem;
  font-weight: 600;
  letter-spacing: 0.04em;
  text-transform: uppercase;
}

.date-field-box {
  position: relative;
  display: flex;
  align-items: center;
}

.date-field-box .date-field {
  padding-left: 32px;
}

.date-field-calendar-icon {
  position: absolute;
  left: 10px;
  color: var(--color-muted);
  pointer-events: none;
}

/* ─── Calendar Picker ──────────────────────────────────────────────────────── */
.calendar-picker {
  border-top: 0.5px solid var(--color-border);
  padding-top: 0.75rem;
  margin-top: 0.5rem;
}

.calendar-header {
  display: flex;
  align-items: center;
  justify-content: space-between;
  margin-bottom: 0.5rem;
}

.calendar-month-title {
  font-size: 0.875rem;
  font-weight: 600;
  color: var(--color-ink);
}

.calendar-nav-btn {
  display: flex;
  align-items: center;
  justify-content: center;
  width: 28px;
  height: 28px;
  padding: 0;
  background: transparent;
  border: 0.5px solid var(--color-border);
  border-radius: var(--radius-sm);
  color: var(--color-muted);
  cursor: pointer;
}

.calendar-nav-btn:hover {
  background: #f5f5f5;
  color: var(--color-ink);
}

.calendar-weekdays {
  display: grid;
  grid-template-columns: repeat(7, 1fr);
  text-align: center;
  font-size: 0.7rem;
  font-weight: 600;
  color: var(--color-muted);
  margin-bottom: 0.25rem;
}

.calendar-grid {
  display: grid;
  grid-template-columns: repeat(7, 1fr);
  gap: 2px;
}

.calendar-cell-empty {
  height: 28px;
}

.calendar-day-btn {
  height: 28px;
  padding: 0;
  display: flex;
  align-items: center;
  justify-content: center;
  background: transparent;
  border: 0;
  border-radius: 4px;
  font-size: 0.8rem;
  font-family: inherit;
  color: var(--color-ink);
  cursor: pointer;
  transition: background 0.1s ease;
}

.calendar-day-btn:hover:not(.calendar-day-start):not(.calendar-day-end) {
  background: rgba(0, 0, 0, 0.05);
}

.calendar-day-start,
.calendar-day-end {
  background: var(--color-accent) !important;
  color: #ffffff !important;
  font-weight: 600;
}

.calendar-day-range {
  background: rgba(0, 102, 255, 0.1);
  border-radius: 0;
}

.calendar-day-today {
  font-weight: 700;
  text-decoration: underline;
}

.calendar-presets-row {
  display: flex;
  flex-wrap: wrap;
  align-items: center;
  gap: 0.35rem;
  margin-top: 0.75rem;
  padding-top: 0.5rem;
  border-top: 0.5px solid var(--color-border);
}

.calendar-preset-chip {
  padding: 3px 8px;
  font-size: 0.7rem;
  font-weight: 500;
  background: #f2f2f2;
  border: 0.5px solid var(--color-border);
  border-radius: 4px;
  color: var(--color-ink);
  cursor: pointer;
}

.calendar-preset-chip:hover {
  background: #e8e8e8;
}

.calendar-done-btn {
  margin-left: auto;
  padding: 3px 10px;
  font-size: 0.75rem;
  font-weight: 600;
  background: var(--color-accent);
  color: var(--color-surface);
  border: 0;
  border-radius: 4px;
  cursor: pointer;
}

.date-range-compare {
  align-items: center;
  display: flex !important;
  flex-direction: row !important;
  gap: 0.5rem;
  min-height: 2.5rem;
  font-size: 0.85rem;
  color: var(--color-ink);
  cursor: pointer;
}

.date-range-compare input {
  height: 16px;
  min-height: 16px;
  width: 16px;
  min-width: 16px;
  padding: 0;
  margin: 0;
  accent-color: var(--color-accent);
  cursor: pointer;
}

label {
  color: var(--color-ink);
  display: flex;
  flex-direction: column;
  font-size: 12px;
  font-weight: 500;
  gap: 4px;
  letter-spacing: normal;
}

input,
select,
textarea {
  background: var(--color-surface);
  border: 0.5px solid var(--color-border);
  border-radius: var(--radius-sm);
  color: var(--color-ink);
  font: 14px inherit, system-ui, sans-serif;
  min-height: 2.5rem;
  padding: 0.5rem 0.75rem;
}

input:focus {
  border-color: var(--color-accent);
  outline: 2px solid var(--color-focus);
  outline-offset: 1px;
}

button {
  background: var(--color-accent);
  border: 0.5px solid transparent;
  border-radius: var(--radius-sm);
  color: var(--color-surface);
  cursor: pointer;
  font-size: 0.75rem;
  font-weight: 600;
  min-height: 2.5rem;
  padding: 0.6rem 1rem;
  text-transform: uppercase;
  letter-spacing: 0.04em;
  transition: background-color 140ms ease, opacity 140ms ease;
  box-shadow: none;
}

button:hover:not(:disabled) {
  background: var(--color-accent-hover);
}

button:active:not(:disabled) {
  transform: none;
}

button:focus-visible,
select:focus-visible,
input:focus-visible,
a:focus-visible {
  outline: 2px solid var(--color-focus);
  outline-offset: 2px;
}

button.btn-secondary {
  background: transparent;
  border-color: var(--color-border);
  color: var(--color-ink);
}

button.btn-secondary:hover:not(:disabled) {
  background: rgba(0, 0, 0, 0.04);
}


button:disabled {
  cursor: not-allowed;
  opacity: 0.6;
}

/* ─── Segmented Tabs ────────────────────────────────────────────────────────── */
.segmented-tabs {
  display: inline-flex;
  align-items: center;
  background: transparent;
  border: 0.5px solid var(--color-border);
  border-radius: var(--radius-sm);
  padding: 2px;
  gap: 2px;
  max-width: 100%;
  overflow-x: auto;
  -webkit-overflow-scrolling: touch;
}

.segmented-tab {
  background: transparent;
  border: 0;
  border-radius: var(--radius-sm);
  color: var(--color-muted);
  font-family: inherit;
  font-size: 0.75rem;
  font-weight: 700;
  letter-spacing: 0.12em;
  text-transform: uppercase;
  min-height: 32px;
  padding: 0.35rem 0.75rem;
  cursor: pointer;
  white-space: nowrap;
  transition: background-color 120ms ease, color 120ms ease;
  box-shadow: none;
  flex: 0 0 auto;
  width: auto;
}

.segmented-tab:hover:not(.active):not(:disabled) {
  color: var(--color-ink);
  background: #f0f0f0;
}

.segmented-tab.active {
  background: var(--color-accent);
  color: var(--color-surface);
  font-weight: 700;
}

.visually-hidden-accessible {
  position: absolute !important;
  width: 1px !important;
  height: 1px !important;
  padding: 0 !important;
  margin: -1px !important;
  overflow: hidden !important;
  clip: rect(0, 0, 0, 0) !important;
  white-space: nowrap !important;
  border: 0 !important;
}

/* ─── Notices & Summaries ───────────────────────────────────────────────────── */
.notice {
  background: #f0f0f0;
  border: 0.5px solid var(--color-border);
  border-radius: var(--radius-sm);
  color: var(--color-ink);
  margin: 0;
  padding: 0.85rem 1rem;
  font-size: 0.85rem;
}

.notice-error {
  background: var(--color-danger-soft);
  border-color: rgba(211, 47, 47, 0.3);
  color: var(--color-danger);
}

.import-summary {
  background: var(--color-surface);
  border: 0.5px solid var(--color-border);
  border-radius: var(--radius-md);
  box-shadow: none;
  font: 0.85rem inherit, sans-serif;
  margin-top: 1rem;
  padding: 16px;
}

.import-summary-error {
  background: var(--color-danger-soft);
  border-color: rgba(211, 47, 47, 0.3);
}

.import-summary-heading {
  margin: 0 0 0.75rem;
  font-weight: 600;
}

.import-summary-counts {
  display: flex;
  gap: 1.5rem;
  margin: 0 0 0.75rem;
}

.import-summary-counts div {
  display: flex;
  flex-direction: column;
  gap: 0.2rem;
}

.import-summary-counts dt {
  color: var(--color-muted);
  font-size: 0.72rem;
  text-transform: uppercase;
}

.import-summary-counts dd {
  font-size: 1.1rem;
  font-weight: 700;
  margin: 0;
}

.import-summary-dismiss {
  background: transparent;
  border: 0;
  border-radius: var(--radius-sm);
  color: var(--color-accent);
  min-height: auto;
  padding: 0.35rem 0.5rem;
  margin-left: -0.5rem;
  text-decoration: underline;
  cursor: pointer;
}

.import-summary-dismiss:hover:not(:disabled),
.import-summary-dismiss:focus-visible {
  background: rgba(0, 0, 0, 0.04);
  color: var(--color-ink);
}

.import-summary-dismiss:focus-visible {
  outline: 2px solid var(--color-focus);
  outline-offset: 2px;
}

/* ─── Scrobbles & Lists ─────────────────────────────────────────────────────── */
.scrobble-list {
  background: var(--color-surface);
  border: 0.5px solid var(--color-border);
  border-radius: var(--radius-md);
  box-shadow: none;
  font: 0.85rem inherit, sans-serif;
  margin-top: 1.5rem;
  padding: 16px;
}

.scrobble-list h3 {
  color: var(--color-muted);
  font-size: 0.75rem;
  font-weight: 600;
  margin: 0 0 0.75rem;
  text-transform: uppercase;
  letter-spacing: 0.06em;
}

.scrobble-list ul {
  list-style: none;
  margin: 0;
  padding: 0;
}

.scrobble-row {
  align-items: center;
  border-top: 0.5px solid var(--color-border);
  display: flex;
  gap: 0.9rem;
  padding: 0.55rem 0;
}

.source-badge {
  display: inline-flex;
  align-items: center;
  justify-content: center;
  border-radius: 50%;
  background: var(--color-surface);
  border: 0.5px solid var(--color-border);
  overflow: hidden;
  flex-shrink: 0;
  line-height: 0;
  user-select: none;
}

.source-badge svg {
  width: 100%;
  height: 100%;
  display: block;
}

.source-badge-grid {
  position: absolute;
  bottom: 6px;
  right: 6px;
  width: 20px;
  height: 20px;
  border: 2px solid #FFFFFF;
  z-index: 5;
}

.source-badge-list,
.source-badge-sm {
  width: 16px;
  height: 16px;
  border: 1.5px solid #FFFFFF;
  vertical-align: middle;
}

.library-row-subtitle {
  display: inline-flex;
  align-items: center;
  gap: 6px;
  min-width: 0;
}

.scrobble-track {
  font-weight: 600;
  color: var(--color-ink);
}

.scrobble-artist {
  color: var(--color-muted);
}

.scrobble-copy {
  display: grid;
  flex: 1 1 auto;
  gap: 0.15rem;
  min-width: 0;
}

.scrobble-copy strong,
.scrobble-copy small {
  overflow: hidden;
  text-overflow: ellipsis;
  white-space: nowrap;
}

.profile-connect {
  background: var(--color-surface);
  border: 0.5px solid var(--color-border);
  border-radius: var(--radius-md);
  box-shadow: none;
  display: grid;
  gap: 0.85rem;
  padding: 16px;
}

/* ─── Settings Page ─────────────────────────────────────────────────────────── */
.settings-form {
  background: var(--color-surface);
  border: 0.5px solid var(--color-border);
  border-radius: var(--radius-md);
  box-shadow: none;
  display: grid;
  gap: 1rem;
  max-width: 38rem;
  padding: 16px;
}

.settings-form label {
  color: var(--color-ink);
  display: flex;
  flex-direction: column;
  font-size: 12px;
  font-weight: 500;
  letter-spacing: normal;
  line-height: 1.4;
  text-transform: none;
  gap: 4px;
}

.settings-form select,
.settings-form input:not([type=\"checkbox\"]):not([type=\"radio\"]) {
  background: var(--color-surface);
  border: 0.5px solid var(--color-border);
  border-radius: 8px;
  box-shadow: none;
  box-sizing: border-box;
  color: var(--color-ink);
  font: 14px/20px inherit, system-ui, sans-serif;
  height: 36px;
  min-height: 36px;
  padding: 8px 12px;
  transition: border-color 140ms ease, box-shadow 140ms ease;
}

.settings-form select:focus-visible,
.settings-form input:not([type=\"checkbox\"]):not([type=\"radio\"]):focus-visible {
  border-color: var(--color-accent);
  outline: 2px solid var(--color-focus);
  outline-offset: 1px;
}

.settings-checkbox {
  align-items: center;
  display: flex !important;
  flex-direction: row !important;
  gap: 0.6rem;
  cursor: pointer;
}

.settings-checkbox input {
  height: 16px;
  min-height: 16px;
  width: 16px;
  min-width: 16px;
  padding: 0;
  margin: 0;
  accent-color: var(--color-accent);
  cursor: pointer;
}

.settings-form label:has(input[type=\"radio\"]) {
  flex-direction: row;
  align-items: center;
  gap: 0.4rem;
  cursor: pointer;
}

.settings-form input[type=\"radio\"] {
  height: 16px;
  min-height: 16px;
  width: 16px;
  min-width: 16px;
  padding: 0;
  margin: 0;
  accent-color: var(--color-accent);
  cursor: pointer;
}

.settings-link {
  color: var(--color-accent);
  font: 600 0.8rem inherit, sans-serif;
  text-transform: uppercase;
  letter-spacing: 0.04em;
  text-decoration: none;
}

.settings-tabs {
  margin-bottom: 1.5rem;
}

.settings-tab {
  white-space: nowrap;
}

.settings-tab.destructive {
  color: #dc2626;
  border-color: rgba(220, 38, 38, 0.4);
}

.settings-tab.destructive.active {
  background: #dc2626;
  border-color: #dc2626;
  color: #FFFFFF;
}

.settings-tab.destructive:hover:not(.active):not(:disabled) {
  background: rgba(220, 38, 38, 0.06);
  border-color: #dc2626;
}

.settings-blocks {
  margin-top: 1.5rem;
}

.settings-blocks h2 {
  font-size: 1.2rem;
  margin: 0;
}

.settings-danger-zone {
  border: 0.5px solid rgba(211, 47, 47, 0.4);
  border-radius: var(--radius-md);
  box-shadow: none;
  margin-top: 0;
  padding: 16px;
  background: var(--color-surface);
}

.settings-danger-zone h2 {
  color: var(--color-danger);
  font-size: 1.2rem;
  margin: 0 0 0.5rem;
}

.notice-warning {
  background: var(--color-warning-soft);
  border-left: 3px solid var(--color-warning);
}

.danger-button {
  background: var(--color-danger);
  color: var(--color-surface);
  width: fit-content;
}

.danger-button:hover:not(:disabled) {
  background: #b71c1c;
}

button.btn-secondary {
  background: transparent;
  border-color: var(--color-border);
  color: var(--color-ink);
}

button.btn-secondary:hover:not(:disabled) {
  background: rgba(0, 0, 0, 0.04);
}


.danger-button:disabled {
  cursor: wait;
  opacity: 0.65;
}

.blocked-list {
  display: grid;
  gap: 0.25rem;
  list-style: none;
  margin: 0;
  padding: 0;
}

.blocked-list li {
  align-items: center;
  border-top: 0.5px solid var(--color-border);
  display: flex;
  gap: 1rem;
  justify-content: space-between;
  padding: 0.55rem 0;
}

.blocked-copy {
  display: grid;
  gap: 0.1rem;
  min-width: 0;
}

.blocked-copy small {
  color: var(--color-muted);
  font: 0.72rem inherit, sans-serif;
  text-transform: uppercase;
}

.blocked-unblock {
  background: transparent;
  border: 0.5px solid var(--color-border);
  color: var(--color-ink);
  min-height: 36px;
  padding: 0.35rem 0.85rem;
  width: auto;
  cursor: pointer;
  border-radius: var(--radius-sm);
  font-size: 0.75rem;
}

.blocked-unblock:hover {
  border-color: var(--color-accent);
  color: var(--color-accent);
}

/* ─── Entry Menu (Dropdown) ─────────────────────────────────────────────────── */
.entry-menu {
  position: relative;
}

.entry-menu-toggle {
  background: transparent;
  border: 0;
  color: var(--color-muted);
  font-size: 1.25rem;
  min-height: 44px;
  min-width: 44px;
  display: inline-flex;
  align-items: center;
  justify-content: center;
  padding: 0.25rem;
  cursor: pointer;
  border-radius: var(--radius-sm);
  transition: color 140ms ease;
}

.entry-menu-toggle:hover {
  color: var(--color-ink);
}

.entry-menu-panel {
  background: var(--color-surface);
  border: 0.5px solid var(--color-border);
  border-radius: var(--radius-sm);
  box-shadow: none;
  display: grid;
  gap: 0.2rem;
  min-width: 11rem;
  padding: 0.4rem;
  position: absolute;
  right: 0;
  top: 100%;
  z-index: 30;
}

.entry-menu-panel > button {
  background: transparent;
  border: 0;
  border-radius: calc(var(--radius-sm) - 2px);
  color: var(--color-ink);
  font: 500 0.8rem inherit, sans-serif;
  min-height: auto;
  padding: 0.5rem 0.65rem;
  text-align: left;
  text-transform: none;
  letter-spacing: normal;
  width: 100%;
}

.entry-menu-panel > button:hover {
  background: rgba(0, 102, 255, 0.08);
  color: var(--color-accent);
}

.entry-menu-confirm {
  display: grid;
  gap: 0.5rem;
  padding: 0.4rem;
}

.entry-menu-confirm p {
  font: 0.78rem/1.4 inherit, sans-serif;
  margin: 0;
}

.entry-menu-confirm-actions {
  display: flex;
  gap: 0.4rem;
}

.entry-menu-confirm-actions button {
  min-height: 2.1rem;
  padding: 0.35rem 0.7rem;
  width: auto;
}

.entry-menu-cancel {
  background: transparent !important;
  border: 0.5px solid var(--color-border) !important;
  color: var(--color-ink) !important;
}

.entry-menu-notice {
  color: var(--color-danger);
  font: 0.75rem inherit, sans-serif;
  margin: 0;
  padding: 0 0.4rem 0.3rem;
}

/* ─── Profile Page ──────────────────────────────────────────────────────────── */
.profile-card {
  background: var(--color-surface);
  border: 0.5px solid var(--color-border);
  border-radius: var(--radius-md);
  box-shadow: none;
  display: grid;
  gap: 1rem;
  padding: 16px;
}

.profile-username {
  color: var(--color-ink);
  font-size: 1.25rem;
  font-weight: 600;
  margin: 0;
}

.profile-display-name {
  color: var(--color-muted);
  margin: 0;
}

.profile-stats {
  display: flex;
  gap: 2rem;
  margin: 0;
}

.profile-stats div {
  display: flex;
  flex-direction: column;
  gap: 0.2rem;
}

.profile-stats dt {
  color: var(--color-muted);
  font-size: 0.72rem;
  text-transform: uppercase;
}

.profile-stats dd {
  font-size: 1.1rem;
  font-weight: 700;
  margin: 0;
}

.follow-button {
  justify-self: start;
}

.profile-button-row {
  display: flex;
  align-items: center;
  gap: 0.75rem;
  flex-wrap: wrap;
}

.profile-connect-button {
  background: var(--color-accent);
  color: var(--color-surface);
  border: 0.5px solid transparent;
  border-radius: var(--radius-sm);
  padding: 0.5rem 1rem;
  font-size: 0.75rem;
  font-weight: 600;
  text-transform: uppercase;
  letter-spacing: 0.04em;
  display: inline-flex;
  align-items: center;
  justify-content: center;
  min-height: 2.25rem;
  cursor: pointer;
  transition: background-color 140ms ease;
}

.profile-connect-button:hover:not(:disabled) {
  background: var(--color-accent-hover);
}

.profile-settings-button {
  background: transparent;
  color: var(--color-ink);
  border: 0.5px solid var(--color-border);
  border-radius: var(--radius-sm);
  padding: 0.5rem 1rem;
  font-size: 0.75rem;
  font-weight: 600;
  text-transform: uppercase;
  letter-spacing: 0.04em;
  display: inline-flex;
  align-items: center;
  justify-content: center;
  text-decoration: none;
  min-height: 2.25rem;
  cursor: pointer;
  transition: background-color 140ms ease, border-color 140ms ease;
}

.profile-settings-button:hover {
  background: var(--color-canvas);
  border-color: var(--color-ink);
  color: var(--color-ink);
}

.profile-track-card {
  background: var(--color-surface);
  border: 0.5px solid var(--color-border);
  border-radius: var(--radius-md);
  padding: 1rem;
  display: flex;
  flex-direction: column;
  gap: 0.75rem;
  box-shadow: none;
}

.profile-track-card.now-playing {
  border-color: rgba(29, 185, 84, 0.4);
  background: var(--color-spotify-bg);
}

.profile-track-card-header {
  display: flex;
  align-items: center;
  justify-content: space-between;
  gap: 0.5rem;
}

.profile-live-indicator {
  display: inline-flex;
  align-items: center;
  gap: 0.45rem;
  font-size: 0.72rem;
  font-weight: 700;
  text-transform: uppercase;
  letter-spacing: 0.06em;
  color: var(--color-spotify);
}

.profile-live-dot {
  width: 8px;
  height: 8px;
  border-radius: 50%;
  background-color: var(--color-spotify);
  animation: live-pulse-animation 1.4s ease-in-out infinite alternate;
}

@keyframes live-pulse-animation {
  0% {
    opacity: 0.35;
    transform: scale(0.85);
  }
  100% {
    opacity: 1;
    transform: scale(1.15);
  }
}

.profile-card-kicker {
  font-size: 0.72rem;
  font-weight: 700;
  text-transform: uppercase;
  letter-spacing: 0.05em;
  color: var(--color-muted);
}

.profile-card-time {
  font-size: 0.75rem;
  color: var(--color-muted);
}

.profile-track-card-content {
  display: flex;
  align-items: center;
  gap: 1rem;
}

.profile-track-artwork-wrap {
  width: 72px;
  height: 72px;
  min-width: 72px;
  border-radius: var(--radius-sm);
  overflow: hidden;
  background: var(--color-canvas);
  border: 0.5px solid var(--color-border);
}

.profile-track-artwork {
  width: 100%;
  height: 100%;
  object-fit: cover;
  display: block;
}

.profile-track-details {
  display: flex;
  flex-direction: column;
  gap: 0.2rem;
  min-width: 0;
  flex: 1;
}

.profile-track-title {
  margin: 0;
  font-size: 1.05rem;
  font-weight: 600;
  color: var(--color-ink);
  white-space: nowrap;
  overflow: hidden;
  text-overflow: ellipsis;
}

.profile-track-artist {
  margin: 0;
  font-size: 0.88rem;
  color: var(--color-muted);
  white-space: nowrap;
  overflow: hidden;
  text-overflow: ellipsis;
}

.profile-track-album {
  margin: 0;
  font-size: 0.78rem;
  color: var(--color-muted);
  opacity: 0.85;
  white-space: nowrap;
  overflow: hidden;
  text-overflow: ellipsis;
}

.profile-actions {
  display: flex;
  flex-wrap: wrap;
  gap: 0.5rem;
  border-top: 0.5px solid var(--color-border);
  padding-top: 1rem;
  margin-top: 0.5rem;
}

.profile-actions a {
  display: inline-flex;
  align-items: center;
  padding: 0.45rem 0.85rem;
  border-radius: var(--radius-sm);
  border: 0.5px solid var(--color-border);
  background: var(--color-surface);
  color: var(--color-ink);
  text-decoration: none;
  font-size: 0.8rem;
  font-weight: 500;
  transition: all 120ms ease;
}

.profile-actions a:hover {
  background: var(--color-canvas);
  border-color: var(--color-primary);
  color: var(--color-primary);
}

/* ─── Charts Panel ──────────────────────────────────────────────────────────── */
.charts-panel {
  margin-top: 2rem;
  background: var(--color-surface);
  border: 0.5px solid var(--color-border);
  border-radius: var(--radius-md);
  box-shadow: none;
  padding: 16px;
}

.charts-controls {
  display: flex;
  flex-wrap: wrap;
  gap: 1.25rem;
  margin-bottom: 1.25rem;
}

.charts-control-group {
  display: flex;
  flex-direction: column;
  gap: 0.4rem;
}

.charts-control-label {
  color: var(--color-muted);
  font-size: 0.75rem;
  font-weight: 600;
  letter-spacing: 0.04em;
  text-transform: uppercase;
}

.charts-list {
  list-style: none;
  margin: 0;
  padding: 0;
}

.charts-row {
  align-items: center;
  border-top: 0.5px solid var(--color-border);
  display: flex;
  font: 0.85rem inherit, sans-serif;
  gap: 0.9rem;
  padding: 0.55rem 0;
}

.charts-rank {
  color: var(--color-muted);
  font-weight: 700;
  width: 1.5rem;
  font-size: 0.8rem;
}

.charts-label {
  flex: 1;
  font-weight: 600;
  color: var(--color-ink);
}

.charts-secondary {
  color: var(--color-muted);
}

.charts-count {
  color: var(--color-muted);
}

/* ─── Analytics / Overview / Reports ─────────────────────────────────────────── */
.analytics-page {
  display: grid;
  gap: 1.5rem;
  grid-template-columns: minmax(0, 1fr);
}

.analytics-page > .section-kicker {
  margin-bottom: -0.75rem;
}

.stats-bar {
  display: grid;
  gap: 1rem;
  grid-template-columns: repeat(3, 1fr);
}

.stat-block {
  background: var(--color-surface);
  border: 0.5px solid var(--color-border);
  border-radius: var(--radius-md);
  box-shadow: none;
  display: grid;
  gap: 0.35rem;
  padding: 16px;
}

.stat-block strong {
  font-size: 2.4rem;
  font-weight: 600;
  line-height: 1;
  color: var(--color-ink);
}

.stat-block span,
.panel-meta {
  color: var(--color-muted);
  font: 600 0.75rem inherit, sans-serif;
  text-transform: uppercase;
  letter-spacing: 0.04em;
}

.overview-grid,
.report-grid {
  align-items: stretch;
  display: grid;
  gap: 1rem;
  grid-template-columns: repeat(3, minmax(0, 1fr));
}

.ranked-panel,
.timeline-panel,
.report-card,
.report-community {
  background: var(--color-surface);
  border: 0.5px solid var(--color-border);
  border-radius: var(--radius-md);
  box-shadow: none;
  padding: 16px;
  transition: border-color 140ms ease;
}

.ranked-panel {
  display: flex;
  flex-direction: column;
}

.report-card:hover {
  border-color: var(--color-ink);
  box-shadow: none;
  transform: none;
}

.ranked-panel .section-heading,
.timeline-panel .section-heading {
  margin-bottom: 1rem;
}

.ranked-panel h2,
.timeline-panel h2,
.report-card h2,
.report-community h2 {
  font-size: 1.25rem;
}

.ranked-list {
  flex: 1;
  list-style: none;
  margin: 0;
  padding: 0;
}

.ranked-list li {
  align-items: center;
  border-top: 0.5px solid var(--color-border);
  display: flex;
  gap: 0.75rem;
  min-height: 3.2rem;
  padding: 0.4rem 0;
}

.rank-number {
  color: var(--color-muted);
  font: 700 0.8rem inherit, sans-serif;
  width: 1.2rem;
}

.rank-artwork,
.scrobble-artwork {
  background: #eeeeee;
  height: 2.5rem;
  object-fit: cover;
  width: 2.5rem;
  border-radius: 4px;
}

.rank-copy {
  display: grid;
  flex: 1;
  gap: 0.15rem;
  min-width: 0;
}

.rank-copy strong {
  overflow: hidden;
  text-overflow: ellipsis;
  white-space: nowrap;
  color: var(--color-ink);
}

.rank-copy small {
  color: var(--color-muted);
  font: 0.75rem inherit, sans-serif;
}

.rank-count {
  color: var(--color-muted);
  font: 600 0.8rem inherit, sans-serif;
}

.page-link a,
.report-banner a {
  color: var(--color-accent);
  font: 600 0.8rem inherit, sans-serif;
  text-transform: uppercase;
  text-decoration: none;
}

/* ─── Library Page ──────────────────────────────────────────────────────────── */
.library-segmented-group {
  display: flex;
  flex-direction: column;
  gap: 0.35rem;
  margin-bottom: 0.75rem;
  min-width: 0;
}

.library-segmented-label {
  font-size: 0.72rem;
  font-weight: 700;
  text-transform: uppercase;
  letter-spacing: 0.06em;
  color: var(--color-muted);
  margin: 0;
  line-height: 1;
}

.library-tabs {
  display: inline-flex;
  align-items: center;
  background: transparent;
  border: 0.5px solid var(--color-border);
  border-radius: var(--radius-sm);
  padding: 2px;
  gap: 2px;
  max-width: 100%;
  overflow-x: auto;
  -webkit-overflow-scrolling: touch;
}

.library-tabs button {
  background: transparent;
  border: 0;
  border-radius: var(--radius-sm);
  color: var(--color-muted);
  font-family: inherit;
  font-size: 0.75rem;
  font-weight: 700;
  letter-spacing: 0.12em;
  text-transform: uppercase;
  min-height: 32px;
  padding: 0.35rem 0.75rem;
  cursor: pointer;
  white-space: nowrap;
  transition: background-color 120ms ease, color 120ms ease;
  box-shadow: none;
  flex: 0 0 auto;
  width: auto;
}

.library-tabs button:hover:not(.active):not(:disabled) {
  color: var(--color-ink);
  background: #f0f0f0;
}

.library-tabs button.active {
  background: var(--color-accent);
  color: var(--color-surface);
  font-weight: 700;
}

.library-controls-bar {
  display: flex;
  flex-wrap: wrap;
  align-items: flex-end;
  justify-content: space-between;
  gap: 1rem;
  margin: 1.25rem 0 1.5rem;
}

.library-controls-bar .date-range-selector {
  margin-bottom: 0;
}

.library-layout {
  display: grid;
  gap: 1rem;
  grid-template-columns: minmax(0, 1.35fr) minmax(250px, 0.65fr);
}

.library-layout .scrobble-list {
  background: var(--color-surface);
  border: 0.5px solid var(--color-border);
  border-radius: var(--radius-md);
  margin: 0;
  padding: 16px;
  box-shadow: none;
}

.library-toolbar {
  display: flex;
  justify-content: space-between;
  align-items: center;
  gap: 0.75rem;
  flex-wrap: wrap;
}

.library-search-form {
  flex: 1;
  min-width: 200px;
  max-width: 320px;
  display: flex;
}

.library-search-form input {
  flex: 1;
  width: 100%;
  border: 0.5px solid var(--color-border);
  border-radius: var(--radius-sm);
  padding: 0.5rem 0.75rem;
  font: 0.95rem inherit, system-ui, sans-serif;
  background: var(--color-surface);
  min-height: 40px;
}

.library-search-form input:focus {
  border-color: var(--color-accent);
  outline: 2px solid var(--color-focus);
  outline-offset: 1px;
}

.library-view-toggle {
  display: inline-flex;
  gap: 0.25rem;
}

.library-view-toggle button {
  background: transparent;
  border: 0.5px solid var(--color-border);
  color: var(--color-muted);
  min-height: 40px;
  min-width: 40px;
  padding: 0.4rem 0.85rem;
  border-radius: var(--radius-sm);
  cursor: pointer;
  box-shadow: none;
}

.library-view-toggle .library-select-toggle {
  margin-left: 0.25rem;
}

.library-view-toggle button.active {
  background: var(--color-ink);
  border-color: var(--color-ink);
  color: var(--color-surface);
}

.library-view-toggle button:hover:not(:disabled) {
  background: rgba(0, 0, 0, 0.04);
  color: var(--color-ink);
}

.library-view-toggle button.active:hover:not(:disabled) {
  background: var(--color-ink);
  border-color: var(--color-ink);
  color: var(--color-surface);
}

.bulk-action-bar {
  align-items: center;
  background: var(--color-ink);
  color: var(--color-surface);
  display: flex;
  flex-wrap: wrap;
  gap: 0.6rem;
  padding: 0.75rem 1rem;
  border-radius: var(--radius-sm);
  margin-bottom: 1rem;
  box-shadow: none;
}

.bulk-action-bar strong {
  margin-right: auto;
}

.bulk-action-bar button {
  background: var(--color-surface);
  color: var(--color-ink);
  min-height: 40px;
  padding: 0.45rem 0.85rem;
  border-radius: var(--radius-sm);
}

.bulk-action-bar .bulk-action-secondary {
  background: transparent;
  border: 0.5px solid rgba(255, 255, 255, 0.4);
  color: var(--color-surface);
}

.bulk-action-bar span {
  color: rgba(255, 255, 255, 0.7);
  font: 0.8rem inherit, sans-serif;
}

.bulk-select-control {
  align-items: center;
  display: flex;
  flex: 0 0 auto;
  min-width: 44px;
  min-height: 44px;
  justify-content: center;
  cursor: pointer;
}

.bulk-select-control input {
  accent-color: var(--color-accent);
  height: 1.2rem;
  width: 1.2rem;
  cursor: pointer;
}

.bulk-select-control span {
  border: 0;
  clip: rect(0 0 0 0);
  height: 1px;
  margin: -1px;
  overflow: hidden;
  padding: 0;
  position: absolute;
  width: 1px;
}

.library-rank-panel,
.library-scrobble-panel {
  background: var(--color-surface);
  border: 0.5px solid var(--color-border);
  border-radius: var(--radius-md);
  box-shadow: none;
  padding: 16px;
}

.library-rank-heading {
  align-items: end;
  display: flex;
  justify-content: space-between;
  margin-bottom: 1rem;
}

.library-rank-heading strong {
  display: block;
  font-size: 1.35rem;
  font-weight: 600;
}

.library-rank-list,
.library-scrobble-list {
  list-style: none;
  margin: 0;
  padding: 0;
}

.library-rank-row,
.library-scrobble-row {
  align-items: center;
  border-top: 0.5px solid var(--color-border);
  display: flex;
  gap: 12px;
  height: 64px;
  min-height: 64px;
  box-sizing: border-box;
  padding: 8px 12px;
}

.library-rank-media {
  align-items: center;
  display: flex;
  flex: 0 0 auto;
  gap: 8px;
}

.library-rank-number {
  color: var(--color-muted);
  font: 500 12px inherit, sans-serif;
  text-align: center;
  width: 1.5rem;
}

.library-row-artwork {
  background: #f0f0f0;
  flex: 0 0 48px;
  height: 48px;
  object-fit: cover;
  width: 48px;
  border-radius: 4px;
}

.library-row-artwork-empty {
  display: block;
}

.artwork {
  aspect-ratio: 1;
  display: block;
  object-fit: cover;
}

.artwork-fallback {
  align-items: center;
  background: #f0f0f0;
  color: var(--color-muted);
  display: flex;
  font: 600 0.85rem inherit, sans-serif;
  justify-content: center;
  letter-spacing: 0.05em;
  border-radius: 4px;
}

.library-row-copy {
  display: flex;
  flex-direction: column;
  justify-content: center;
  flex: 1;
  gap: 2px;
  min-width: 0;
}

.library-row-copy strong,
.library-row-copy small {
  overflow: hidden;
  text-overflow: ellipsis;
  white-space: nowrap;
}

.library-row-copy strong {
  color: var(--color-ink);
  font-size: 15px;
  font-weight: 600;
  line-height: 1.3;
}

.library-row-copy small {
  color: var(--color-muted);
  font-size: 12px;
  font-weight: 400;
  line-height: 1.25;
}

.library-count-bar {
  background: #f0f0f0;
  color: var(--color-muted);
  display: flex;
  align-items: center;
  justify-content: flex-end;
  flex: 0 1 12rem;
  font-size: 12px;
  font-weight: 500;
  min-width: 4.5rem;
  padding: 4px 8px;
  border-radius: 4px;
  text-decoration: none;
  text-align: right;
}

.library-rank-actions {
  align-items: center;
  display: flex;
  flex: 0 1 auto;
  gap: 8px;
  justify-content: flex-end;
  min-width: 0;
  margin-left: auto;
}

.library-rank-actions .library-count-bar {
  flex: 0 1 auto;
}

.library-scrobble-row .library-row-copy {
  order: 1;
}

.library-scrobble-row .scrobble-grid-heart {
  order: 2;
  margin-left: auto;
}

.library-scrobble-row .source-badge {
  order: 3;
  flex: 0 0 auto;
}

.library-scrobble-row time {
  order: 4;
  color: var(--color-muted);
  font-size: 12px;
  font-weight: 500;
  min-width: 5rem;
  text-align: right;
  white-space: nowrap;
}

.library-scrobble-panel h2 {
  font-size: 1.25rem;
  margin: 0 0 1rem;
}

.library-filter-label {
  color: var(--color-muted);
  margin: -0.5rem 0 1rem;
}

.scrobble-day h3 {
  color: var(--color-muted);
  font: 600 0.75rem inherit, sans-serif;
  margin: 1.25rem 0 0.3rem;
  text-transform: uppercase;
  letter-spacing: 0.06em;
}

.library-scrobble-row .source-badge {
  flex: 0 0 auto;
}

.library-rank-panel-grid .library-rank-list {
  display: grid;
  grid-template-columns: repeat(4, minmax(0, 1fr));
  gap: 12px;
  list-style: none;
  margin: 0;
  padding: 0;
}

@media (max-width: 1024px) {
  .library-rank-panel-grid .library-rank-list {
    grid-template-columns: repeat(3, minmax(0, 1fr));
    gap: 12px;
  }
}

@media (max-width: 600px) {
  .library-rank-panel-grid .library-rank-list {
    grid-template-columns: repeat(2, minmax(0, 1fr));
    gap: 12px;
  }
}

.library-rank-panel-grid .library-rank-row {
  align-items: stretch;
  background: var(--color-surface);
  border: 0.5px solid var(--color-border);
  border-radius: 12px;
  box-shadow: none;
  display: flex;
  flex-direction: column;
  gap: 0;
  height: auto;
  min-height: auto;
  overflow: hidden;
  padding: 0;
  position: relative;
  transition: border-color 140ms ease;
}

.library-rank-panel-grid .library-rank-row:hover {
  border-color: var(--color-border);
  box-shadow: none;
  transform: none;
}

.grid-card-artwork-wrap {
  position: relative;
  width: 100%;
  aspect-ratio: 1;
  background: var(--color-bg);
  overflow: hidden;
}

.grid-card-artwork-link {
  display: block;
  width: 100%;
  height: 100%;
  text-decoration: none;
}

.grid-card-artwork {
  width: 100%;
  height: 100%;
  aspect-ratio: 1;
  object-fit: cover;
  display: block;
  border-radius: 0;
}

.artwork-fallback.grid-card-artwork {
  width: 100%;
  height: 100%;
  display: flex;
  align-items: center;
  justify-content: center;
  font-size: 1.5rem;
  font-weight: 600;
  color: var(--color-muted);
  background: var(--color-bg);
  border-radius: 0;
}

.grid-select-scrim {
  position: absolute;
  top: 8px;
  left: 8px;
  z-index: 10;
  display: inline-flex;
  align-items: center;
  justify-content: center;
  width: 28px;
  height: 28px;
  background: rgba(0, 0, 0, 0.45);
  border-radius: 6px;
  backdrop-filter: blur(4px);
  cursor: pointer;
  margin: 0;
  padding: 0;
}

.grid-select-scrim input[type=\"checkbox\"] {
  cursor: pointer;
  margin: 0;
  width: 16px;
  height: 16px;
  accent-color: var(--color-accent);
}

.grid-select-scrim span {
  position: absolute;
  width: 1px;
  height: 1px;
  padding: 0;
  margin: -1px;
  overflow: hidden;
  clip: rect(0, 0, 0, 0);
  white-space: nowrap;
  border: 0;
}

.grid-card-like {
  position: absolute;
  top: 8px;
  right: 8px;
  z-index: 5;
  background: rgba(0, 0, 0, 0.45);
  border-radius: 6px;
  backdrop-filter: blur(4px);
  display: flex;
  align-items: center;
  justify-content: center;
  width: 28px;
  height: 28px;
}

.liked-heart {
  color: var(--color-muted);
  display: inline-flex;
  align-items: center;
  flex: 0 0 auto;
}

.liked-heart-active {
  color: var(--color-danger);
}

.grid-card-like .liked-heart {
  color: var(--color-surface);
}

.grid-card-like .liked-heart-active {
  color: var(--color-danger);
}

.grid-card-body {
  padding: 10px 12px 12px;
  display: flex;
  flex-direction: column;
  flex: 1 1 auto;
  min-width: 0;
}

.grid-card-heading {
  display: flex;
  align-items: baseline;
  gap: 4px;
  font-size: 14px;
  font-weight: 500;
  line-height: 1.3;
  color: var(--color-ink);
  min-width: 0;
}

.grid-card-rank {
  color: var(--color-muted);
  font-size: 14px;
  font-weight: 500;
  flex-shrink: 0;
}

.grid-card-title {
  color: var(--color-ink);
  font-size: 14px;
  font-weight: 500;
  text-decoration: none;
  overflow: hidden;
  text-overflow: ellipsis;
  white-space: nowrap;
  display: block;
  flex: 1;
  min-width: 0;
}

.grid-card-title:hover {
  text-decoration: underline;
}

.grid-card-artist {
  font-size: 12px;
  color: var(--color-muted);
  line-height: 1.3;
  margin-top: 2px;
  overflow: hidden;
  text-overflow: ellipsis;
  white-space: nowrap;
  display: block;
}

.grid-card-footer {
  margin-top: 8px;
}

.grid-card-count {
  display: inline-flex;
  align-items: center;
  gap: 5px;
  font-size: 12px;
  color: var(--color-muted);
  line-height: 1;
}

.grid-card-count-icon {
  flex-shrink: 0;
  color: var(--color-muted);
}

.grid-card-bar-track {
  width: 100%;
  height: 3px;
  background: #F0F0F0;
  border-radius: 2px;
  margin-top: 6px;
  overflow: hidden;
}

.grid-card-bar-fill {
  height: 100%;
  background: var(--color-accent);
  border-radius: 2px;
  transition: width 200ms ease;
}

.library-scrobble-panel-grid .library-scrobble-row {
  display: grid;
  grid-template-areas: \"select art copy time\" \"select art source heart\";
  grid-template-columns: 2.5rem 2.7rem minmax(0, 1fr) auto;
  grid-template-rows: minmax(2rem, auto) auto;
  row-gap: 6px;
  min-height: 5.6rem;
  border-radius: var(--radius-sm);
  padding-inline: 0.5rem;
  box-shadow: none;
  transition: background-color 140ms ease;
}

.library-scrobble-panel-grid .scrobble-grid-select {
  grid-area: select;
  align-self: center;
}

.library-scrobble-panel-grid .scrobble-grid-artwork {
  grid-area: art;
  height: 2.7rem;
}

.library-scrobble-panel-grid .library-row-copy {
  grid-area: copy;
  align-self: end;
}

.library-scrobble-panel-grid .scrobble-grid-source {
  grid-area: source;
  justify-self: start;
}

.library-scrobble-panel-grid .scrobble-grid-heart {
  grid-area: heart;
  justify-self: end;
  align-self: center;
}

.library-scrobble-panel-grid .scrobble-grid-time {
  grid-area: time;
  align-self: end;
  min-width: 0;
  text-align: right;
}

.library-scrobble-panel-grid .library-scrobble-row:hover {
  background: rgba(0, 0, 0, 0.02);
}

.library-pagination-bar {
  align-items: center;
  display: flex;
  flex-wrap: wrap;
  gap: 1rem;
  justify-content: space-between;
  margin-top: 1.5rem;
}

.page-size-select {
  align-items: center;
  display: flex;
  gap: 0.5rem;
}

.page-size-label {
  color: var(--color-muted);
  font: 600 0.75rem inherit, sans-serif;
  text-transform: uppercase;
  letter-spacing: 0.04em;
}

.page-size-select select {
  font: 0.95rem inherit, system-ui, sans-serif;
  min-height: 40px;
  padding: 0.4rem 0.75rem;
  border: 0.5px solid var(--color-border);
  border-radius: var(--radius-sm);
}

.pagination {
  align-items: center;
  display: flex;
  gap: 0.5rem;
}

.pagination-list {
  display: flex;
  gap: 0.25rem;
  list-style: none;
  margin: 0;
  padding: 0;
}

.pagination-ellipsis {
  color: var(--color-muted);
  padding: 0 0.25rem;
  display: inline-flex;
  align-items: center;
}

.pagination-page {
  background: transparent;
  border: 0;
  color: var(--color-muted);
  font: 600 0.85rem inherit, sans-serif;
  min-height: 40px;
  min-width: 40px;
  display: inline-flex;
  align-items: center;
  justify-content: center;
  padding: 0.35rem 0.6rem;
  text-transform: none;
  border-radius: var(--radius-sm);
  cursor: pointer;
  box-shadow: none;
}

.pagination-page:hover:not(.pagination-page-active) {
  color: var(--color-ink);
  background: rgba(0, 0, 0, 0.04);
}

.pagination-page-active {
  background: var(--color-accent);
  color: var(--color-surface);
}

.pagination-next {
  background: transparent;
  border: 0.5px solid var(--color-border);
  color: var(--color-ink);
  font: 600 0.75rem inherit, sans-serif;
  min-height: 40px;
  padding: 0.4rem 1rem;
  display: inline-flex;
  align-items: center;
  justify-content: center;
  border-radius: var(--radius-sm);
  cursor: pointer;
  box-shadow: none;
}

.pagination-next:disabled {
  cursor: not-allowed;
  opacity: 0.4;
}

/* ─── Timeline & Reports ────────────────────────────────────────────────────── */
.timeline-chart {
  align-items: end;
  display: flex;
  gap: 0.65rem;
  height: 220px;
  overflow-x: auto;
  padding: 1rem 0 0;
}

.timeline-column {
  align-items: center;
  display: flex;
  flex: 1 0 2rem;
  flex-direction: column;
  gap: 0.6rem;
  height: 100%;
  justify-content: end;
}

.timeline-bar {
  background: var(--color-accent);
  min-height: 0.3rem;
  width: 100%;
  border-radius: 2px;
}

.timeline-column span {
  color: var(--color-muted);
  font: 0.7rem inherit, sans-serif;
}

.report-banner {
  align-items: flex-end;
  background: var(--color-surface);
  border: 0.5px solid var(--color-border);
  border-radius: var(--radius-md);
  box-shadow: none;
  display: flex;
  justify-content: space-between;
  gap: 1rem;
  padding: 16px;
}

.report-banner h2 {
  font-size: 2rem;
}

.report-banner .section-kicker {
  margin-bottom: 0.4rem;
}

.report-time-grid {
  display: grid;
  gap: 1rem;
  grid-template-columns: minmax(0, 1.4fr) minmax(0, 1fr);
  margin-top: 16px;
}

.report-data-grid {
  display: grid;
  gap: 1rem;
  grid-template-columns: minmax(0, 1fr);
}

.chart-panel {
  background: var(--color-surface);
  border: 0.5px solid var(--color-border);
  border-radius: var(--radius-md);
  box-shadow: none;
  padding: 16px;
}

.chart-panel h2 {
  font-size: 1.25rem;
  margin: 0 0 1rem;
}

.bar-trend-chart {
  display: block;
  height: 220px;
  width: 100%;
}

.bar-trend-bar {
  fill: rgba(0, 102, 255, 0.35);
  transition: fill 140ms ease;
}

.bar-trend-bar:hover {
  fill: var(--color-accent);
}

.bar-trend-bar-peak {
  fill: var(--color-accent);
}

.bar-trend-labels {
  color: var(--color-muted);
  display: flex;
  font: 0.7rem inherit, sans-serif;
  justify-content: space-between;
  margin-top: 0.4rem;
}

.listening-clock-chart {
  display: block;
  height: 240px;
  margin: 0 auto;
  width: 240px;
}

.clock-ring {
  fill: none;
  stroke: var(--color-border);
  stroke-width: 0.7;
}

.clock-bar {
  stroke: rgba(0, 102, 255, 0.35);
  stroke-linecap: round;
  stroke-width: 2.1;
  transition: stroke 140ms ease;
}

.clock-bar:hover {
  stroke: var(--color-accent);
}

.clock-bar-peak {
  stroke: var(--color-accent);
}

.clock-label {
  fill: var(--color-muted);
  font: 4.5px inherit, sans-serif;
}

.chart-caption {
  color: var(--color-muted);
  font: 0.8rem inherit, sans-serif;
  margin: 0.6rem 0 0;
  text-align: center;
}

.report-card {
  min-height: 150px;
}

.report-card p,
.report-community p {
  color: var(--color-muted);
  font: 0.9rem/1.5 inherit, sans-serif;
}

.report-community {
  border-top: 3px solid var(--color-accent);
}

.report-facts {
  display: grid;
  gap: 1rem;
  grid-template-columns: repeat(3, 1fr);
}

.report-facts div {
  background: var(--color-surface);
  border: 0.5px solid var(--color-border);
  border-radius: var(--radius-md);
  box-shadow: none;
  display: grid;
  gap: 0.3rem;
  padding: 16px;
}

.report-facts strong {
  font-size: 1.7rem;
  font-weight: 600;
  color: var(--color-ink);
}

.report-facts span {
  color: var(--color-muted);
  font: 600 0.72rem inherit, sans-serif;
  text-transform: uppercase;
  letter-spacing: 0.04em;
}

.report-category-grid {
  display: grid;
  gap: 1rem;
  grid-template-columns: repeat(3, minmax(0, 1fr));
}

.report-category-grid .library-rank-panel {
  padding: 1rem;
}

.report-category-grid .library-rank-heading {
  margin-bottom: 0.5rem;
}

.report-category-grid .library-rank-heading strong {
  font-size: 1rem;
}

.report-category-grid .library-rank-row {
  display: grid;
  grid-template-areas: \"media copy\" \"media actions\";
  grid-template-columns: auto minmax(0, 1fr);
  column-gap: 8px;
  row-gap: 4px;
  align-items: start;
  height: auto;
  min-height: 100px;
}

.report-category-grid .library-rank-media {
  grid-area: media;
  align-self: start;
}

.report-category-grid .library-row-copy {
  grid-area: copy;
  min-width: 0;
}

.report-category-grid .library-rank-actions {
  grid-area: actions;
  justify-content: flex-end;
  margin-left: 0;
}

.report-category-grid .library-row-artwork {
  height: 2.4rem;
  width: 2.4rem;
}

.report-category-grid .library-row-copy strong {
  font-size: 13px;
  white-space: normal;
  overflow-wrap: break-word;
  overflow: visible;
  text-overflow: clip;
}

.report-category-grid .library-row-copy small {
  font-size: 10.5px;
  white-space: normal;
  overflow-wrap: break-word;
  overflow: visible;
  text-overflow: clip;
}

.report-category-grid .library-count-bar {
  min-width: 2rem;
  padding: 3px 6px;
  font-size: 11px;
}

.summary-grid {
  display: grid;
  gap: 1rem;
  grid-template-columns: repeat(auto-fit, minmax(210px, 1fr));
}

.month-card {
  background: var(--color-surface);
  border: 0.5px solid var(--color-border);
  border-radius: var(--radius-md);
  box-shadow: none;
  padding: 16px;
}

.month-label {
  color: var(--color-muted);
  font-size: 0.8rem;
  font-weight: 600;
  margin: 0 0 1.5rem;
  text-transform: uppercase;
  letter-spacing: 0.05em;
}

.month-card strong {
  display: block;
  font-size: 2.8rem;
  font-weight: 600;
  line-height: 1;
  color: var(--color-ink);
}

.month-card > span {
  color: var(--color-muted);
  font: 0.8rem inherit, sans-serif;
}

dl {
  border-top: 0.5px solid var(--color-border);
  display: grid;
  gap: 0.55rem;
  margin: 1.5rem 0 0;
  padding-top: 0.85rem;
}

dl div {
  display: flex;
  justify-content: space-between;
}

dt,
dd {
  font-size: 0.78rem;
  margin: 0;
}

dt {
  color: var(--color-muted);
}

dd {
  font-weight: 600;
  color: var(--color-ink);
}

/* ─── Modal Dialogs ────────────────────────────────────────────────────────── */
.modal-backdrop {
  position: fixed;
  inset: 0;
  background: rgba(0, 0, 0, 0.4);
  backdrop-filter: blur(2px);
  -webkit-backdrop-filter: blur(2px);
  display: flex;
  align-items: center;
  justify-content: center;
  z-index: 1000;
  padding: 1rem;
}

.modal-dialog {
  background: var(--color-surface);
  border: 0.5px solid var(--color-border);
  border-radius: var(--radius-md);
  box-shadow: none;
  max-width: 480px;
  width: 100%;
  padding: 1.75rem;
  animation: modal-appear 150ms ease-out;
}

@keyframes modal-appear {
  from {
    opacity: 0;
    transform: scale(0.98) translateY(2px);
  }
  to {
    opacity: 1;
    transform: scale(1) translateY(0);
  }
}

.modal-title {
  color: var(--color-danger);
  font-size: 1.3rem;
  font-weight: 600;
  letter-spacing: -0.02em;
  margin: 0 0 0.75rem;
}

.modal-description {
  color: var(--color-ink);
  font: 0.9rem/1.5 inherit, sans-serif;
  margin: 0 0 1rem;
}

.modal-input-label {
  display: grid;
  gap: 0.5rem;
  font-size: 0.82rem;
  margin-bottom: 1.25rem;
  color: var(--color-ink);
  text-transform: none;
}

.modal-input-label strong {
  color: var(--color-danger);
  letter-spacing: 0.05em;
}

.modal-input {
  width: 100%;
  border: 0.5px solid var(--color-border);
  border-radius: var(--radius-sm);
  padding: 0.65rem 0.85rem;
  font: 600 1rem monospace;
  background: var(--color-surface);
  color: var(--color-ink);
  box-sizing: border-box;
}

.modal-input:focus {
  border-color: var(--color-danger);
  outline: 2px solid var(--color-danger);
  outline-offset: 1px;
}

.modal-actions {
  display: flex;
  gap: 0.75rem;
  justify-content: flex-end;
  margin-top: 1rem;
}

.modal-cancel-button {
  background: transparent;
  border: 0.5px solid var(--color-border);
  color: var(--color-ink);
  font: 600 0.8rem inherit, sans-serif;
  padding: 0.65rem 1.25rem;
  border-radius: var(--radius-sm);
  min-height: auto;
  cursor: pointer;
  text-transform: none;
  box-shadow: none;
}

.modal-cancel-button:hover:not(:disabled) {
  background: rgba(0, 0, 0, 0.04);
}

.modal-confirm-button {
  border-radius: var(--radius-sm);
  font: 600 0.8rem inherit, sans-serif;
  padding: 0.65rem 1.25rem;
  min-height: auto;
  text-transform: none;
  box-shadow: none;
}

/* ─── Share Dialog ──────────────────────────────────────────────────────── */

.share-trigger-button {
  background: transparent;
  border: 0.5px solid var(--color-border);
  color: var(--color-muted);
  min-height: 40px;
  padding: 0.4rem 0.85rem;
  border-radius: var(--radius-sm);
  cursor: pointer;
  box-shadow: none;
}

.share-trigger-button:hover {
  border-color: var(--color-accent);
  color: var(--color-accent);
}

.share-dialog {
  max-width: 560px;
  max-height: calc(100vh - 2rem);
  display: flex;
  flex-direction: column;
  overflow: hidden;
  padding: 0;
}

.share-dialog-scroll {
  overflow-y: auto;
  padding: 1.75rem;
  min-height: 0;
}

.share-dialog .modal-actions {
  position: sticky;
  bottom: 0;
  flex: 0 0 auto;
  background: var(--color-surface);
  padding: 1rem 1.75rem;
  margin: 0;
  border-top: 0.5px solid var(--color-border);
}

.share-dialog-controls {
  display: flex;
  justify-content: space-between;
  align-items: center;
  gap: 1rem;
  flex-wrap: wrap;
  margin-bottom: 1rem;
}

.share-dialog-layout-toggle {
  display: inline-flex;
  gap: 0.25rem;
}

.share-dialog-layout-toggle button {
  background: transparent;
  border: 0.5px solid var(--color-border);
  color: var(--color-muted);
  min-height: 40px;
  padding: 0.4rem 0.85rem;
  border-radius: var(--radius-sm);
  cursor: pointer;
  box-shadow: none;
}

.share-dialog-layout-toggle button.active {
  background: var(--color-ink);
  border-color: var(--color-ink);
  color: var(--color-surface);
}

.share-dialog-size-control {
  display: flex;
  align-items: center;
  gap: 0.6rem;
  font-size: 0.85rem;
  color: var(--color-ink);
}

.share-dialog-preview {
  border: 0.5px solid var(--color-border);
  border-radius: var(--radius-md);
  background: var(--color-canvas);
  padding: 0.5rem;
  margin-bottom: 1rem;
  min-height: 80px;
  display: flex;
  align-items: center;
  justify-content: center;
}

.share-dialog-preview-image {
  max-width: 100%;
  border-radius: var(--radius-sm);
}

.share-card-offscreen {
  position: fixed;
  top: 0;
  left: -9999px;
  pointer-events: none;
}

.share-card {
  width: 600px;
  padding: 1.5rem;
  background: var(--color-surface);
  font-family: 'Inter', -apple-system, BlinkMacSystemFont, 'Segoe UI', Roboto, sans-serif;
}

.share-card-header {
  display: flex;
  flex-direction: column;
  gap: 0.15rem;
  margin-bottom: 1rem;
}

.share-card-title {
  font-size: 1.4rem;
  font-weight: 700;
  color: var(--color-ink);
  letter-spacing: -0.02em;
}

.share-card-subtitle {
  font-size: 0.9rem;
  color: var(--color-muted);
}

.share-card-footer {
  margin-top: 1.25rem;
  font-size: 0.75rem;
  color: var(--color-muted);
  text-align: right;
}

.report-character-grid {
  display: grid;
  grid-template-columns: repeat(2, 1fr);
  gap: 16px;
}

/* ─── Responsive Media Queries ─────────────────────────────────────────────── */
@media (max-width: 760px) {
  .app-shell {
    padding: 1.75rem 1rem 3rem;
  }
  .section-heading {
    align-items: flex-start;
    flex-direction: column;
  }
  .topbar {
    margin-bottom: 2.5rem;
  }
  .dashboard {
    padding: 16px;
  }
  .filters {
    grid-template-columns: minmax(0, 1fr);
  }
  .date-range-selector {
    flex-direction: column;
    flex-wrap: nowrap;
    align-items: stretch;
    min-width: 0;
  }
  .date-range-segmented-group {
    min-width: 0;
  }
  .date-range-popover {
    position: static;
    width: 100%;
    max-width: 100%;
  }
  .date-range-pill {
    width: 100%;
    justify-content: center;
  }
  .filters button {
    width: 100%;
  }
  .stats-bar,
  .overview-grid,
  .report-grid,
  .library-layout {
    grid-template-columns: minmax(0, 1fr);
  }
  .report-category-grid,
  .report-facts,
  .report-time-grid,
  .report-data-grid,
  .report-character-grid {
    grid-template-columns: minmax(0, 1fr);
  }
  .heatmap-grid { grid-template-columns: repeat(24, 12px); grid-template-rows: repeat(7, 12px); }
  .heatmap-cell { width: 12px; height: 12px; }
  .heatmap-x-axis { grid-template-columns: repeat(24, 12px); }
  .library-rank-panel-grid .library-rank-list {
    grid-template-columns: repeat(2, minmax(0, 1fr));
    gap: 12px;
  }
  .library-rank-panel:not(.library-rank-panel-grid) .library-rank-row {
    display: grid;
    grid-template-areas: \"media copy\" \"media actions\";
    grid-template-columns: auto minmax(0, 1fr);
    column-gap: 10px;
    row-gap: 4px;
    align-items: start;
    height: auto;
    min-height: auto;
  }
  .library-rank-panel:not(.library-rank-panel-grid) .library-rank-media {
    grid-area: media;
    align-self: start;
  }
  .library-rank-panel:not(.library-rank-panel-grid) .library-row-copy {
    grid-area: copy;
    min-width: 0;
  }
  .library-rank-panel:not(.library-rank-panel-grid) .library-rank-actions {
    grid-area: actions;
    justify-content: flex-end;
    margin-left: 0;
  }
  .library-scrobble-row {
    display: grid;
    grid-template-areas: \"art copy time\" \"art source heart\";
    grid-template-columns: 2.7rem minmax(0, 1fr) auto;
    column-gap: 10px;
    row-gap: 4px;
    align-items: start;
    height: auto;
    min-height: auto;
  }
  .library-scrobble-row .scrobble-grid-artwork {
    grid-area: art;
    align-self: start;
  }
  .library-scrobble-row .library-row-copy {
    grid-area: copy;
  }
  .library-scrobble-row .scrobble-grid-time {
    grid-area: time;
    justify-self: end;
    min-width: auto;
    font-size: 11px;
    white-space: nowrap;
  }
  .library-scrobble-row .scrobble-grid-source {
    grid-area: source;
    justify-self: start;
    align-self: start;
    margin-top: 2px;
  }
  .library-scrobble-row .scrobble-grid-heart {
    grid-area: heart;
    justify-self: end;
    align-self: start;
    margin-left: 0;
  }
  .library-row-copy strong {
    font-size: 13px;
    white-space: normal;
    overflow-wrap: break-word;
    overflow: visible;
    text-overflow: clip;
  }
  .library-row-copy small {
    font-size: 10.5px;
    white-space: normal;
    overflow-wrap: break-word;
    overflow: visible;
    text-overflow: clip;
  }
  .library-select-toggle {
    display: none;
  }
  .library-rank-panel:not(.library-rank-panel-grid) .bulk-select-control,
  .library-scrobble-row .bulk-select-control {
    display: none;
  }
  .library-count-suffix {
    display: none;
  }
  .library-count-bar {
    min-width: 2rem;
    padding: 3px 6px;
    font-size: 11px;
  }
  .entry-menu-toggle {
    min-width: 36px;
    min-height: 36px;
    padding: 0.25rem;
  }
  .library-row-artwork {
    flex-basis: 40px;
    height: 40px;
    width: 40px;
  }
  .report-banner {
    align-items: flex-start;
    flex-direction: column;
  }
  .library-tabs,
  .settings-tabs,
  .segmented-tabs {
    flex-wrap: nowrap;
    min-width: 0;
    overflow-x: auto;
    -webkit-overflow-scrolling: touch;
    padding-bottom: 2px;
  }
  .library-tabs button,
  .settings-tabs button,
  .segmented-tab,
  .segmented-tabs button {
    flex: 0 0 auto;
    width: auto;
    white-space: nowrap;
  }
  .scrobble-row {
    align-items: flex-start;
    flex-wrap: wrap;
  }
  .scrobble-row .scrobble-copy {
    flex: 1 1 calc(100% - 7rem);
  }
  .scrobble-row .source-badge {
    order: 3;
  }
}

@media (max-width: 480px) {
  .library-scrobble-row {
    gap: 0.45rem;
  }
  .library-scrobble-panel-grid .library-scrobble-row {
    grid-template-areas: \"select art copy\" \"select art time\" \"select source heart\";
    grid-template-columns: 1rem 2.7rem minmax(0, 1fr);
    grid-template-rows: minmax(2rem, auto) auto auto;
  }
  .library-scrobble-panel-grid .scrobble-grid-time {
    justify-self: start;
    text-align: left;
  }
  .library-scrobble-panel-grid .scrobble-grid-source {
    max-width: 100%;
  }
  .library-scrobble-panel-grid .scrobble-grid-heart {
    justify-self: end;
  }
}

@media (prefers-reduced-motion: reduce) {
  *,
  *::before,
  *::after {
    animation-duration: 0.01ms !important;
    animation-iteration-count: 1 !important;
    transition-duration: 0.01ms !important;
    scroll-behavior: auto !important;
  }
  .modal-dialog {
    animation: none !important;
  }
  .report-card:hover,
  .library-rank-panel-grid .library-rank-row:hover {
    transform: none !important;
  }
}

.heatmap-container {
  display: flex;
  flex-direction: column;
}
.heatmap-body {
  display: flex;
}
.heatmap-y-axis {
  display: flex;
  flex-direction: column;
  justify-content: space-between;
  padding-right: 12px;
  color: var(--color-muted);
  font-size: 12px;
  padding-top: 8px;
  padding-bottom: 8px;
}
.heatmap-y-axis div {
  height: 16px;
  line-height: 16px;
}
.heatmap-grid {
  display: grid;
  grid-template-columns: repeat(24, 16px);
  grid-template-rows: repeat(7, 16px);
  gap: 2px;
  flex-grow: 1;
}
.heatmap-cell {
  width: 16px;
  height: 16px;
  border-radius: 2px;
  background-color: var(--color-surface-hover);
  transition: fill 140ms;
}
.heatmap-cell[data-level=\"1\"] { background-color: rgba(0, 102, 255, 0.2); }
.heatmap-cell[data-level=\"2\"] { background-color: rgba(0, 102, 255, 0.4); }
.heatmap-cell[data-level=\"3\"] { background-color: rgba(0, 102, 255, 0.6); }
.heatmap-cell[data-level=\"4\"] { background-color: rgba(0, 102, 255, 0.85); }
.heatmap-cell.peak { border: 1px solid var(--color-ink); box-sizing: border-box; }

.heatmap-x-axis {
  display: grid;
  grid-template-columns: repeat(24, 16px);
  gap: 2px;
  margin-left: 35px;
  margin-top: 8px;
  color: var(--color-muted);
  font-size: 12px;
}
.heatmap-x-label { grid-column: span 6; text-align: left; }
.chart-caption {
  margin-top: 16px;
  font-size: 13px;
  color: var(--color-muted);
}

.genre-list {
  list-style: none;
  padding: 0;
  margin: 0;
  display: flex;
  flex-direction: column;
  gap: 12px;
}
.genre-row {
  display: flex;
  align-items: center;
  gap: 12px;
  font-size: 14px;
  position: relative;
}
.genre-label { flex: 0 0 120px; text-transform: capitalize; }
.genre-bar-container { flex: 1; height: 24px; background: transparent; position: relative; }
.genre-bar {
  position: absolute;
  top: 0; left: 0; bottom: 0;
  background-color: rgba(0, 102, 255, 0.35);
  border-radius: 4px;
  transition: background-color 140ms;
}
.genre-row:hover .genre-bar {
  background-color: var(--color-accent);
}
.genre-count { flex: 0 0 40px; text-align: right; color: var(--color-muted); }
.import-panel {
  background: var(--color-surface);
  border: 0.5px solid var(--color-border);
  border-radius: var(--radius-md);
  margin: 1.5rem 0;
  padding: 1.25rem;
}
.import-picker {
  display: flex;
  flex-direction: column;
  gap: 0.5rem;
}

.import-progress-card {
  margin-top: 1rem;
  padding: 1rem;
  background: var(--color-canvas);
  border: 0.5px solid var(--color-border);
  border-radius: var(--radius-sm);
}
.import-progress-header {
  display: flex;
  justify-content: space-between;
  margin-bottom: 0.5rem;
  font-size: 0.85rem;
  font-weight: 600;
}
.import-progress-track {
  height: 8px;
  background: var(--color-surface);
  border: 0.5px solid var(--color-border);
  border-radius: 4px;
  overflow: hidden;
  margin-bottom: 0.5rem;
}
.import-progress-fill {
  height: 100%;
  background: var(--color-accent);
  transition: width 200ms ease;
}
.import-progress-footer {
  display: flex;
  justify-content: space-between;
  font-size: 0.75rem;
  color: var(--color-muted);
}

.import-picker input[type=\"file\"] {
  border: 0.5px solid var(--color-border);
  border-radius: var(--radius-sm);
  padding: 0.5rem;
  background: var(--color-surface);
  font-family: inherit;
  font-size: 0.85rem;
  color: var(--color-ink);
  cursor: pointer;
  width: 100%;
}
.import-picker input[type=\"file\"]::file-selector-button {
  background: var(--color-canvas);
  border: 0.5px solid var(--color-border);
  border-radius: 4px;
  padding: 0.25rem 0.75rem;
  margin-right: 1rem;
  color: var(--color-ink);
  font-weight: 500;
  cursor: pointer;
  transition: background 150ms ease;
}
.import-picker input[type=\"file\"]::file-selector-button:hover {
  background: #ebebeb;
}

/* ─── Touch Target Adaptation (Coarse Pointers) ──────────────────────────────── */
@media (pointer: coarse) {
  .date-range-pill,
  .date-field,
  .settings-form select,
  .settings-form input,
  .settings-form textarea,
  .blocked-unblock,
  .entry-menu-toggle {
    min-height: 44px !important;
  }
  .entry-menu-toggle {
    min-width: 44px !important;
  }
  .pagination-btn {
    min-width: 44px;
    min-height: 44px;
  }
}

/* Empty State */
.empty-state {
  display: flex;
  flex-direction: column;
  align-items: center;
  justify-content: center;
  text-align: center;
  padding: 3rem 1rem;
  background: var(--color-surface);
  border: 0.5px solid var(--color-border);
  border-radius: var(--radius-md);
  margin: 1rem 0;
}

.empty-state-icon {
  color: var(--color-muted);
  margin-bottom: 1rem;
}

.empty-state-icon svg {
  width: 48px;
  height: 48px;
  stroke-width: 1.5;
}

.empty-state-title {
  margin: 0 0 0.5rem 0;
  font-size: 1.1rem;
  font-weight: 600;
  color: var(--color-ink);
}

.empty-state-description {
  margin: 0;
  color: var(--color-muted);
  max-width: 400px;
  font-size: 14px;
  line-height: 1.5;
}

.empty-state-action {
  margin-top: 1.5rem;
}

.empty-state-error {
  background: var(--color-danger-soft);
  border-color: rgba(211, 47, 47, 0.3);
}

.empty-state-error .empty-state-icon {
  color: var(--color-danger);
}

.empty-state-error .empty-state-title {
  color: var(--color-danger);
}

.empty-state-error .empty-state-description {
  color: var(--color-danger);
}

@keyframes heart-burst {
  0% { transform: scale(1); }
  50% { transform: scale(1.3); }
  100% { transform: scale(1); }
}

.liked-heart-active svg {
  animation: heart-burst 300ms cubic-bezier(0.175, 0.885, 0.32, 1.275);
}

@media (prefers-reduced-motion: reduce) {
  .liked-heart-active svg {
    animation: none;
  }
}
"

 ❯ src/settingsFormTypography.test.js:40:27
     38|       /\.settings-form select,\s*\.settings-form input:not\(\[type="ch…
     39|     )
     40|     expect(stylesContent).toMatch(
       |                           ^
     41|       /\.settings-form select,\s*\.settings-form input:not\(\[type="ch…
     42|     )

⎯⎯⎯⎯⎯⎯⎯⎯⎯⎯⎯⎯⎯⎯⎯⎯⎯⎯⎯⎯⎯⎯⎯⎯[7/8]⎯

 FAIL  src/settingsFormTypography.test.js > Settings Form Label Typography and Input Styling per DESIGN.md > provides blue focus state for settings inputs and selects
AssertionError: expected ':root {\n  --color-primary: #0066ff;\…' to match /\.settings-form select:focus-visible,…/

- Expected: 
/\.settings-form select:focus-visible,\s*\.settings-form input:not\(\[type="checkbox"\]\):not\(\[type="radio"\]\):focus-visible\s*\{[^}]*border-color:\s*var(--color-accent)/

+ Received: 
":root {
  --color-primary: #0066ff;
  --color-accent: #0066ff;
  --color-accent-soft: rgba(0, 102, 255, 0.08);
  --color-accent-hover: #0052cc;
  --color-ink: #111111;
  --color-muted: #888888;
  --color-canvas: #f7f7f7;
  --color-surface: #ffffff;
  --color-surface-raised: #ffffff;
  --color-border: #e5e5e5;
  --color-border-subtle: #f0f0f0;
  --color-focus: #0066ff;
  --color-danger: #d32f2f;
  --color-danger-soft: #fde8e8;
  --color-warning: #d97706;
  --color-warning-soft: #fef3c7;
  --color-spotify: #1db954;
  --color-spotify-bg: rgba(29, 185, 84, 0.1);
  --color-youtube: #ff0000;
  --color-youtube-bg: rgba(255, 0, 0, 0.1);
  --radius-sm: 8px;
  --radius-md: 12px;
  font-family: 'Inter', -apple-system, BlinkMacSystemFont, 'Segoe UI', Roboto, sans-serif;
  color: #111111;
  background: var(--color-canvas);
  line-height: 1.5;
  font-weight: 400;
  font-size: 14px;
}

@media (prefers-color-scheme: dark) {
  :root {
    --color-ink: #f7f7f7;
    --color-muted: #a0a0a0;
    --color-canvas: #111111;
    --color-surface: #1e1e1e;
    --color-surface-raised: #2a2a2a;
    --color-border: #333333;
    --color-border-subtle: #222222;
    --color-danger-soft: rgba(211, 47, 47, 0.15);
    --color-warning-soft: rgba(217, 119, 6, 0.15);
    --color-accent-soft: rgba(0, 102, 255, 0.15);
  }
}

* {
  box-sizing: border-box;
}

body {
  margin: 0;
  min-height: 100vh;
  background: var(--color-canvas);
  color: var(--color-ink);
  font-family: inherit;
  font-size: 14px;
}

p {
  color: var(--color-ink);
}

#root {
  min-height: 100vh;
}

.app-shell {
  min-height: 100vh;
  max-width: 1180px;
  margin: 0 auto;
  padding: clamp(2rem, 5vw, 3.5rem) clamp(1rem, 4vw, 2rem) 5rem;
}

/* ─── Topbar Navigation ────────────────────────────────────────────────────────── */
.topbar {
  display: flex;
  align-items: flex-end;
  justify-content: space-between;
  gap: 2rem;
  margin-bottom: 3.5rem;
}

.topbar-brand {
  display: flex;
  align-items: center;
}

.topbar-logo {
  height: 52px;
  width: auto;
  display: block;
}

.topbar-nav {
  align-items: center;
  display: flex;
  gap: 0.5rem;
}

.topbar-nav a {
  color: var(--color-muted);
  font: 600 0.8rem inherit, sans-serif;
  text-decoration: none;
  text-transform: uppercase;
  letter-spacing: 0.04em;
}

.nav-link {
  border-radius: var(--radius-sm);
  padding: 0.5rem 0.85rem;
  transition: background-color 140ms ease, color 140ms ease;
}

.nav-link:hover {
  background: rgba(0, 0, 0, 0.04);
  color: var(--color-ink);
}

.nav-link-active {
  background: var(--color-accent);
  color: #ffffff !important;
}

.nav-link-active:hover {
  background: var(--color-accent);
  color: #ffffff !important;
}

.nav-link:focus-visible {
  outline: 2px solid var(--color-focus);
  outline-offset: 2px;
}

.nav-menu-toggle {
  display: none;
}

@media (max-width: 720px) {
  /* Logo stays left, the toggle button stays right, on one row; the opened
     menu (flex-basis: 100%) wraps onto its own full-width line below rather
     than fighting the logo and toggle for space as a third row item. */
  .topbar {
    flex-direction: row;
    justify-content: space-between;
    align-items: center;
    flex-wrap: wrap;
  }

  .nav-menu-toggle {
    background: transparent;
    border: 0.5px solid var(--color-border);
    border-radius: var(--radius-sm);
    color: var(--color-ink);
    display: inline-flex;
    align-items: center;
    justify-content: center;
    min-height: 44px;
    min-width: 44px;
    font: 600 0.75rem inherit, sans-serif;
    padding: 0.4rem 0.8rem;
    text-transform: uppercase;
    cursor: pointer;
  }

  .topbar-nav {
    display: none;
    flex-direction: column;
    align-items: flex-start;
    gap: 0.5rem;
    margin-top: 1rem;
    width: 100%;
    flex-basis: 100%;
  }

  .topbar-nav-open {
    display: flex;
  }
}

/* ─── Typography & Headings ─────────────────────────────────────────────────── */
.eyebrow,
.section-kicker {
  text-transform: uppercase;
  letter-spacing: 0.08em;
  color: var(--color-muted);
  font-size: 0.75rem;
  font-weight: 600;
  margin: 0 0 0.5rem;
}

h1, h2, h3, h4, h5, h6 {
  color: var(--color-ink);
}

h1 {
  max-width: 650px;
  font-size: clamp(2rem, 5vw, 3.5rem);
  line-height: 1.1;
  font-weight: 600;
  letter-spacing: -0.02em;
  margin: 0;
  color: var(--color-ink);
}

h2 {
  font-size: 1.35rem;
  font-weight: 600;
  letter-spacing: -0.02em;
  margin: 0;
  color: var(--color-ink);
}

h3 {
  font-size: 1.1rem;
  font-weight: 600;
  margin: 0;
  color: var(--color-ink);
}

.status-mark {
  border: 0.5px solid var(--color-border);
  border-radius: var(--radius-sm);
  color: var(--color-muted);
  font: 600 0.75rem/1 inherit, sans-serif;
  padding: 0.5rem 0.8rem;
  white-space: nowrap;
}

/* ─── Panels & Cards ────────────────────────────────────────────────────────── */
.card {
  background: var(--color-surface);
  border: 0.5px solid var(--color-border);
  border-radius: var(--radius-md);
  box-shadow: none;
  padding: 16px;
}

.dashboard {
  background: var(--color-surface);
  border: 0.5px solid var(--color-border);
  border-radius: var(--radius-md);
  box-shadow: none;
  padding: 16px;
}

.section-heading {
  display: flex;
  align-items: baseline;
  justify-content: space-between;
  gap: 1rem;
  margin-bottom: 1.5rem;
}

.month-count {
  color: var(--color-muted);
  font-size: 0.85rem;
}

/* ─── Forms, Controls & Segmented Tabs ────────────────────────────────────────── */
.filters {
  align-items: end;
  display: grid;
  gap: 1rem;
  grid-template-columns: minmax(220px, 1.6fr) repeat(2, minmax(130px, 0.7fr)) auto;
  margin-bottom: 2rem;
}

.date-range-selector {
  align-items: center;
  display: flex;
  flex-wrap: wrap;
  gap: 0.75rem 1rem;
  margin-bottom: 1.5rem;
}

.date-range-segmented-group {
  display: flex;
  flex-direction: column;
  gap: 0.45rem;
}

.date-range-custom-wrapper {
  position: relative;
  display: flex;
  align-items: center;
}

.date-range-pill {
  display: inline-flex;
  align-items: center;
  gap: 0.5rem;
  padding: 6px 14px;
  min-height: 36px;
  border: 0.5px solid var(--color-border);
  border-radius: 9999px;
  background: var(--color-surface);
  font: 500 0.85rem 'Inter', -apple-system, BlinkMacSystemFont, sans-serif;
  color: var(--color-ink);
  cursor: pointer;
  transition: all 0.15s ease;
  white-space: nowrap;
}

.date-range-pill:hover {
  border-color: var(--color-accent);
  background: #fdfdfd;
}

.date-range-pill.active {
  border-color: var(--color-accent);
  box-shadow: none;
}

.date-range-pill .calendar-icon {
  color: var(--color-muted);
  flex-shrink: 0;
}

.date-range-pill-text {
  font-weight: 500;
}

.date-range-pill .pill-chevron {
  color: var(--color-muted);
  margin-left: 2px;
}

.date-range-popover {
  position: absolute;
  top: calc(100% + 8px);
  left: 0;
  z-index: 100;
  background: var(--color-surface);
  border: 0.5px solid var(--color-border);
  border-radius: var(--radius-md);
  box-shadow: none;
  padding: 16px;
  width: 320px;
  max-width: 90vw;
}

.date-range-custom-inputs {
  display: flex;
  align-items: center;
  gap: 0.5rem;
  margin-bottom: 0.5rem;
}

.date-range-custom-inputs label {
  flex: 1;
  margin: 0;
}

.date-range-arrow {
  color: var(--color-muted);
  font-weight: 600;
  padding-top: 1rem;
}

/* ─── Date Field Component ─────────────────────────────────────────────────── */
.date-field {
  padding: 8px 12px;
  height: 36px;
  border: 0.5px solid var(--color-border);
  border-radius: 8px;
  font-family: 'Inter', -apple-system, BlinkMacSystemFont, sans-serif;
  font-size: 14px;
  color: var(--color-ink);
  background: var(--color-surface);
  box-sizing: border-box;
  width: 100%;
}

.date-field:focus {
  border-color: var(--color-accent);
  outline: 2px solid var(--color-focus);
  outline-offset: 1px;
}

.date-field::placeholder {
  color: var(--color-muted);
  font-weight: 400;
}

.date-field-wrapper {
  display: flex;
  flex-direction: column;
  gap: 0.35rem;
}

.date-field-label {
  color: var(--color-muted);
  font-size: 0.75rem;
  font-weight: 600;
  letter-spacing: 0.04em;
  text-transform: uppercase;
}

.date-field-box {
  position: relative;
  display: flex;
  align-items: center;
}

.date-field-box .date-field {
  padding-left: 32px;
}

.date-field-calendar-icon {
  position: absolute;
  left: 10px;
  color: var(--color-muted);
  pointer-events: none;
}

/* ─── Calendar Picker ──────────────────────────────────────────────────────── */
.calendar-picker {
  border-top: 0.5px solid var(--color-border);
  padding-top: 0.75rem;
  margin-top: 0.5rem;
}

.calendar-header {
  display: flex;
  align-items: center;
  justify-content: space-between;
  margin-bottom: 0.5rem;
}

.calendar-month-title {
  font-size: 0.875rem;
  font-weight: 600;
  color: var(--color-ink);
}

.calendar-nav-btn {
  display: flex;
  align-items: center;
  justify-content: center;
  width: 28px;
  height: 28px;
  padding: 0;
  background: transparent;
  border: 0.5px solid var(--color-border);
  border-radius: var(--radius-sm);
  color: var(--color-muted);
  cursor: pointer;
}

.calendar-nav-btn:hover {
  background: #f5f5f5;
  color: var(--color-ink);
}

.calendar-weekdays {
  display: grid;
  grid-template-columns: repeat(7, 1fr);
  text-align: center;
  font-size: 0.7rem;
  font-weight: 600;
  color: var(--color-muted);
  margin-bottom: 0.25rem;
}

.calendar-grid {
  display: grid;
  grid-template-columns: repeat(7, 1fr);
  gap: 2px;
}

.calendar-cell-empty {
  height: 28px;
}

.calendar-day-btn {
  height: 28px;
  padding: 0;
  display: flex;
  align-items: center;
  justify-content: center;
  background: transparent;
  border: 0;
  border-radius: 4px;
  font-size: 0.8rem;
  font-family: inherit;
  color: var(--color-ink);
  cursor: pointer;
  transition: background 0.1s ease;
}

.calendar-day-btn:hover:not(.calendar-day-start):not(.calendar-day-end) {
  background: rgba(0, 0, 0, 0.05);
}

.calendar-day-start,
.calendar-day-end {
  background: var(--color-accent) !important;
  color: #ffffff !important;
  font-weight: 600;
}

.calendar-day-range {
  background: rgba(0, 102, 255, 0.1);
  border-radius: 0;
}

.calendar-day-today {
  font-weight: 700;
  text-decoration: underline;
}

.calendar-presets-row {
  display: flex;
  flex-wrap: wrap;
  align-items: center;
  gap: 0.35rem;
  margin-top: 0.75rem;
  padding-top: 0.5rem;
  border-top: 0.5px solid var(--color-border);
}

.calendar-preset-chip {
  padding: 3px 8px;
  font-size: 0.7rem;
  font-weight: 500;
  background: #f2f2f2;
  border: 0.5px solid var(--color-border);
  border-radius: 4px;
  color: var(--color-ink);
  cursor: pointer;
}

.calendar-preset-chip:hover {
  background: #e8e8e8;
}

.calendar-done-btn {
  margin-left: auto;
  padding: 3px 10px;
  font-size: 0.75rem;
  font-weight: 600;
  background: var(--color-accent);
  color: var(--color-surface);
  border: 0;
  border-radius: 4px;
  cursor: pointer;
}

.date-range-compare {
  align-items: center;
  display: flex !important;
  flex-direction: row !important;
  gap: 0.5rem;
  min-height: 2.5rem;
  font-size: 0.85rem;
  color: var(--color-ink);
  cursor: pointer;
}

.date-range-compare input {
  height: 16px;
  min-height: 16px;
  width: 16px;
  min-width: 16px;
  padding: 0;
  margin: 0;
  accent-color: var(--color-accent);
  cursor: pointer;
}

label {
  color: var(--color-ink);
  display: flex;
  flex-direction: column;
  font-size: 12px;
  font-weight: 500;
  gap: 4px;
  letter-spacing: normal;
}

input,
select,
textarea {
  background: var(--color-surface);
  border: 0.5px solid var(--color-border);
  border-radius: var(--radius-sm);
  color: var(--color-ink);
  font: 14px inherit, system-ui, sans-serif;
  min-height: 2.5rem;
  padding: 0.5rem 0.75rem;
}

input:focus {
  border-color: var(--color-accent);
  outline: 2px solid var(--color-focus);
  outline-offset: 1px;
}

button {
  background: var(--color-accent);
  border: 0.5px solid transparent;
  border-radius: var(--radius-sm);
  color: var(--color-surface);
  cursor: pointer;
  font-size: 0.75rem;
  font-weight: 600;
  min-height: 2.5rem;
  padding: 0.6rem 1rem;
  text-transform: uppercase;
  letter-spacing: 0.04em;
  transition: background-color 140ms ease, opacity 140ms ease;
  box-shadow: none;
}

button:hover:not(:disabled) {
  background: var(--color-accent-hover);
}

button:active:not(:disabled) {
  transform: none;
}

button:focus-visible,
select:focus-visible,
input:focus-visible,
a:focus-visible {
  outline: 2px solid var(--color-focus);
  outline-offset: 2px;
}

button.btn-secondary {
  background: transparent;
  border-color: var(--color-border);
  color: var(--color-ink);
}

button.btn-secondary:hover:not(:disabled) {
  background: rgba(0, 0, 0, 0.04);
}


button:disabled {
  cursor: not-allowed;
  opacity: 0.6;
}

/* ─── Segmented Tabs ────────────────────────────────────────────────────────── */
.segmented-tabs {
  display: inline-flex;
  align-items: center;
  background: transparent;
  border: 0.5px solid var(--color-border);
  border-radius: var(--radius-sm);
  padding: 2px;
  gap: 2px;
  max-width: 100%;
  overflow-x: auto;
  -webkit-overflow-scrolling: touch;
}

.segmented-tab {
  background: transparent;
  border: 0;
  border-radius: var(--radius-sm);
  color: var(--color-muted);
  font-family: inherit;
  font-size: 0.75rem;
  font-weight: 700;
  letter-spacing: 0.12em;
  text-transform: uppercase;
  min-height: 32px;
  padding: 0.35rem 0.75rem;
  cursor: pointer;
  white-space: nowrap;
  transition: background-color 120ms ease, color 120ms ease;
  box-shadow: none;
  flex: 0 0 auto;
  width: auto;
}

.segmented-tab:hover:not(.active):not(:disabled) {
  color: var(--color-ink);
  background: #f0f0f0;
}

.segmented-tab.active {
  background: var(--color-accent);
  color: var(--color-surface);
  font-weight: 700;
}

.visually-hidden-accessible {
  position: absolute !important;
  width: 1px !important;
  height: 1px !important;
  padding: 0 !important;
  margin: -1px !important;
  overflow: hidden !important;
  clip: rect(0, 0, 0, 0) !important;
  white-space: nowrap !important;
  border: 0 !important;
}

/* ─── Notices & Summaries ───────────────────────────────────────────────────── */
.notice {
  background: #f0f0f0;
  border: 0.5px solid var(--color-border);
  border-radius: var(--radius-sm);
  color: var(--color-ink);
  margin: 0;
  padding: 0.85rem 1rem;
  font-size: 0.85rem;
}

.notice-error {
  background: var(--color-danger-soft);
  border-color: rgba(211, 47, 47, 0.3);
  color: var(--color-danger);
}

.import-summary {
  background: var(--color-surface);
  border: 0.5px solid var(--color-border);
  border-radius: var(--radius-md);
  box-shadow: none;
  font: 0.85rem inherit, sans-serif;
  margin-top: 1rem;
  padding: 16px;
}

.import-summary-error {
  background: var(--color-danger-soft);
  border-color: rgba(211, 47, 47, 0.3);
}

.import-summary-heading {
  margin: 0 0 0.75rem;
  font-weight: 600;
}

.import-summary-counts {
  display: flex;
  gap: 1.5rem;
  margin: 0 0 0.75rem;
}

.import-summary-counts div {
  display: flex;
  flex-direction: column;
  gap: 0.2rem;
}

.import-summary-counts dt {
  color: var(--color-muted);
  font-size: 0.72rem;
  text-transform: uppercase;
}

.import-summary-counts dd {
  font-size: 1.1rem;
  font-weight: 700;
  margin: 0;
}

.import-summary-dismiss {
  background: transparent;
  border: 0;
  border-radius: var(--radius-sm);
  color: var(--color-accent);
  min-height: auto;
  padding: 0.35rem 0.5rem;
  margin-left: -0.5rem;
  text-decoration: underline;
  cursor: pointer;
}

.import-summary-dismiss:hover:not(:disabled),
.import-summary-dismiss:focus-visible {
  background: rgba(0, 0, 0, 0.04);
  color: var(--color-ink);
}

.import-summary-dismiss:focus-visible {
  outline: 2px solid var(--color-focus);
  outline-offset: 2px;
}

/* ─── Scrobbles & Lists ─────────────────────────────────────────────────────── */
.scrobble-list {
  background: var(--color-surface);
  border: 0.5px solid var(--color-border);
  border-radius: var(--radius-md);
  box-shadow: none;
  font: 0.85rem inherit, sans-serif;
  margin-top: 1.5rem;
  padding: 16px;
}

.scrobble-list h3 {
  color: var(--color-muted);
  font-size: 0.75rem;
  font-weight: 600;
  margin: 0 0 0.75rem;
  text-transform: uppercase;
  letter-spacing: 0.06em;
}

.scrobble-list ul {
  list-style: none;
  margin: 0;
  padding: 0;
}

.scrobble-row {
  align-items: center;
  border-top: 0.5px solid var(--color-border);
  display: flex;
  gap: 0.9rem;
  padding: 0.55rem 0;
}

.source-badge {
  display: inline-flex;
  align-items: center;
  justify-content: center;
  border-radius: 50%;
  background: var(--color-surface);
  border: 0.5px solid var(--color-border);
  overflow: hidden;
  flex-shrink: 0;
  line-height: 0;
  user-select: none;
}

.source-badge svg {
  width: 100%;
  height: 100%;
  display: block;
}

.source-badge-grid {
  position: absolute;
  bottom: 6px;
  right: 6px;
  width: 20px;
  height: 20px;
  border: 2px solid #FFFFFF;
  z-index: 5;
}

.source-badge-list,
.source-badge-sm {
  width: 16px;
  height: 16px;
  border: 1.5px solid #FFFFFF;
  vertical-align: middle;
}

.library-row-subtitle {
  display: inline-flex;
  align-items: center;
  gap: 6px;
  min-width: 0;
}

.scrobble-track {
  font-weight: 600;
  color: var(--color-ink);
}

.scrobble-artist {
  color: var(--color-muted);
}

.scrobble-copy {
  display: grid;
  flex: 1 1 auto;
  gap: 0.15rem;
  min-width: 0;
}

.scrobble-copy strong,
.scrobble-copy small {
  overflow: hidden;
  text-overflow: ellipsis;
  white-space: nowrap;
}

.profile-connect {
  background: var(--color-surface);
  border: 0.5px solid var(--color-border);
  border-radius: var(--radius-md);
  box-shadow: none;
  display: grid;
  gap: 0.85rem;
  padding: 16px;
}

/* ─── Settings Page ─────────────────────────────────────────────────────────── */
.settings-form {
  background: var(--color-surface);
  border: 0.5px solid var(--color-border);
  border-radius: var(--radius-md);
  box-shadow: none;
  display: grid;
  gap: 1rem;
  max-width: 38rem;
  padding: 16px;
}

.settings-form label {
  color: var(--color-ink);
  display: flex;
  flex-direction: column;
  font-size: 12px;
  font-weight: 500;
  letter-spacing: normal;
  line-height: 1.4;
  text-transform: none;
  gap: 4px;
}

.settings-form select,
.settings-form input:not([type=\"checkbox\"]):not([type=\"radio\"]) {
  background: var(--color-surface);
  border: 0.5px solid var(--color-border);
  border-radius: 8px;
  box-shadow: none;
  box-sizing: border-box;
  color: var(--color-ink);
  font: 14px/20px inherit, system-ui, sans-serif;
  height: 36px;
  min-height: 36px;
  padding: 8px 12px;
  transition: border-color 140ms ease, box-shadow 140ms ease;
}

.settings-form select:focus-visible,
.settings-form input:not([type=\"checkbox\"]):not([type=\"radio\"]):focus-visible {
  border-color: var(--color-accent);
  outline: 2px solid var(--color-focus);
  outline-offset: 1px;
}

.settings-checkbox {
  align-items: center;
  display: flex !important;
  flex-direction: row !important;
  gap: 0.6rem;
  cursor: pointer;
}

.settings-checkbox input {
  height: 16px;
  min-height: 16px;
  width: 16px;
  min-width: 16px;
  padding: 0;
  margin: 0;
  accent-color: var(--color-accent);
  cursor: pointer;
}

.settings-form label:has(input[type=\"radio\"]) {
  flex-direction: row;
  align-items: center;
  gap: 0.4rem;
  cursor: pointer;
}

.settings-form input[type=\"radio\"] {
  height: 16px;
  min-height: 16px;
  width: 16px;
  min-width: 16px;
  padding: 0;
  margin: 0;
  accent-color: var(--color-accent);
  cursor: pointer;
}

.settings-link {
  color: var(--color-accent);
  font: 600 0.8rem inherit, sans-serif;
  text-transform: uppercase;
  letter-spacing: 0.04em;
  text-decoration: none;
}

.settings-tabs {
  margin-bottom: 1.5rem;
}

.settings-tab {
  white-space: nowrap;
}

.settings-tab.destructive {
  color: #dc2626;
  border-color: rgba(220, 38, 38, 0.4);
}

.settings-tab.destructive.active {
  background: #dc2626;
  border-color: #dc2626;
  color: #FFFFFF;
}

.settings-tab.destructive:hover:not(.active):not(:disabled) {
  background: rgba(220, 38, 38, 0.06);
  border-color: #dc2626;
}

.settings-blocks {
  margin-top: 1.5rem;
}

.settings-blocks h2 {
  font-size: 1.2rem;
  margin: 0;
}

.settings-danger-zone {
  border: 0.5px solid rgba(211, 47, 47, 0.4);
  border-radius: var(--radius-md);
  box-shadow: none;
  margin-top: 0;
  padding: 16px;
  background: var(--color-surface);
}

.settings-danger-zone h2 {
  color: var(--color-danger);
  font-size: 1.2rem;
  margin: 0 0 0.5rem;
}

.notice-warning {
  background: var(--color-warning-soft);
  border-left: 3px solid var(--color-warning);
}

.danger-button {
  background: var(--color-danger);
  color: var(--color-surface);
  width: fit-content;
}

.danger-button:hover:not(:disabled) {
  background: #b71c1c;
}

button.btn-secondary {
  background: transparent;
  border-color: var(--color-border);
  color: var(--color-ink);
}

button.btn-secondary:hover:not(:disabled) {
  background: rgba(0, 0, 0, 0.04);
}


.danger-button:disabled {
  cursor: wait;
  opacity: 0.65;
}

.blocked-list {
  display: grid;
  gap: 0.25rem;
  list-style: none;
  margin: 0;
  padding: 0;
}

.blocked-list li {
  align-items: center;
  border-top: 0.5px solid var(--color-border);
  display: flex;
  gap: 1rem;
  justify-content: space-between;
  padding: 0.55rem 0;
}

.blocked-copy {
  display: grid;
  gap: 0.1rem;
  min-width: 0;
}

.blocked-copy small {
  color: var(--color-muted);
  font: 0.72rem inherit, sans-serif;
  text-transform: uppercase;
}

.blocked-unblock {
  background: transparent;
  border: 0.5px solid var(--color-border);
  color: var(--color-ink);
  min-height: 36px;
  padding: 0.35rem 0.85rem;
  width: auto;
  cursor: pointer;
  border-radius: var(--radius-sm);
  font-size: 0.75rem;
}

.blocked-unblock:hover {
  border-color: var(--color-accent);
  color: var(--color-accent);
}

/* ─── Entry Menu (Dropdown) ─────────────────────────────────────────────────── */
.entry-menu {
  position: relative;
}

.entry-menu-toggle {
  background: transparent;
  border: 0;
  color: var(--color-muted);
  font-size: 1.25rem;
  min-height: 44px;
  min-width: 44px;
  display: inline-flex;
  align-items: center;
  justify-content: center;
  padding: 0.25rem;
  cursor: pointer;
  border-radius: var(--radius-sm);
  transition: color 140ms ease;
}

.entry-menu-toggle:hover {
  color: var(--color-ink);
}

.entry-menu-panel {
  background: var(--color-surface);
  border: 0.5px solid var(--color-border);
  border-radius: var(--radius-sm);
  box-shadow: none;
  display: grid;
  gap: 0.2rem;
  min-width: 11rem;
  padding: 0.4rem;
  position: absolute;
  right: 0;
  top: 100%;
  z-index: 30;
}

.entry-menu-panel > button {
  background: transparent;
  border: 0;
  border-radius: calc(var(--radius-sm) - 2px);
  color: var(--color-ink);
  font: 500 0.8rem inherit, sans-serif;
  min-height: auto;
  padding: 0.5rem 0.65rem;
  text-align: left;
  text-transform: none;
  letter-spacing: normal;
  width: 100%;
}

.entry-menu-panel > button:hover {
  background: rgba(0, 102, 255, 0.08);
  color: var(--color-accent);
}

.entry-menu-confirm {
  display: grid;
  gap: 0.5rem;
  padding: 0.4rem;
}

.entry-menu-confirm p {
  font: 0.78rem/1.4 inherit, sans-serif;
  margin: 0;
}

.entry-menu-confirm-actions {
  display: flex;
  gap: 0.4rem;
}

.entry-menu-confirm-actions button {
  min-height: 2.1rem;
  padding: 0.35rem 0.7rem;
  width: auto;
}

.entry-menu-cancel {
  background: transparent !important;
  border: 0.5px solid var(--color-border) !important;
  color: var(--color-ink) !important;
}

.entry-menu-notice {
  color: var(--color-danger);
  font: 0.75rem inherit, sans-serif;
  margin: 0;
  padding: 0 0.4rem 0.3rem;
}

/* ─── Profile Page ──────────────────────────────────────────────────────────── */
.profile-card {
  background: var(--color-surface);
  border: 0.5px solid var(--color-border);
  border-radius: var(--radius-md);
  box-shadow: none;
  display: grid;
  gap: 1rem;
  padding: 16px;
}

.profile-username {
  color: var(--color-ink);
  font-size: 1.25rem;
  font-weight: 600;
  margin: 0;
}

.profile-display-name {
  color: var(--color-muted);
  margin: 0;
}

.profile-stats {
  display: flex;
  gap: 2rem;
  margin: 0;
}

.profile-stats div {
  display: flex;
  flex-direction: column;
  gap: 0.2rem;
}

.profile-stats dt {
  color: var(--color-muted);
  font-size: 0.72rem;
  text-transform: uppercase;
}

.profile-stats dd {
  font-size: 1.1rem;
  font-weight: 700;
  margin: 0;
}

.follow-button {
  justify-self: start;
}

.profile-button-row {
  display: flex;
  align-items: center;
  gap: 0.75rem;
  flex-wrap: wrap;
}

.profile-connect-button {
  background: var(--color-accent);
  color: var(--color-surface);
  border: 0.5px solid transparent;
  border-radius: var(--radius-sm);
  padding: 0.5rem 1rem;
  font-size: 0.75rem;
  font-weight: 600;
  text-transform: uppercase;
  letter-spacing: 0.04em;
  display: inline-flex;
  align-items: center;
  justify-content: center;
  min-height: 2.25rem;
  cursor: pointer;
  transition: background-color 140ms ease;
}

.profile-connect-button:hover:not(:disabled) {
  background: var(--color-accent-hover);
}

.profile-settings-button {
  background: transparent;
  color: var(--color-ink);
  border: 0.5px solid var(--color-border);
  border-radius: var(--radius-sm);
  padding: 0.5rem 1rem;
  font-size: 0.75rem;
  font-weight: 600;
  text-transform: uppercase;
  letter-spacing: 0.04em;
  display: inline-flex;
  align-items: center;
  justify-content: center;
  text-decoration: none;
  min-height: 2.25rem;
  cursor: pointer;
  transition: background-color 140ms ease, border-color 140ms ease;
}

.profile-settings-button:hover {
  background: var(--color-canvas);
  border-color: var(--color-ink);
  color: var(--color-ink);
}

.profile-track-card {
  background: var(--color-surface);
  border: 0.5px solid var(--color-border);
  border-radius: var(--radius-md);
  padding: 1rem;
  display: flex;
  flex-direction: column;
  gap: 0.75rem;
  box-shadow: none;
}

.profile-track-card.now-playing {
  border-color: rgba(29, 185, 84, 0.4);
  background: var(--color-spotify-bg);
}

.profile-track-card-header {
  display: flex;
  align-items: center;
  justify-content: space-between;
  gap: 0.5rem;
}

.profile-live-indicator {
  display: inline-flex;
  align-items: center;
  gap: 0.45rem;
  font-size: 0.72rem;
  font-weight: 700;
  text-transform: uppercase;
  letter-spacing: 0.06em;
  color: var(--color-spotify);
}

.profile-live-dot {
  width: 8px;
  height: 8px;
  border-radius: 50%;
  background-color: var(--color-spotify);
  animation: live-pulse-animation 1.4s ease-in-out infinite alternate;
}

@keyframes live-pulse-animation {
  0% {
    opacity: 0.35;
    transform: scale(0.85);
  }
  100% {
    opacity: 1;
    transform: scale(1.15);
  }
}

.profile-card-kicker {
  font-size: 0.72rem;
  font-weight: 700;
  text-transform: uppercase;
  letter-spacing: 0.05em;
  color: var(--color-muted);
}

.profile-card-time {
  font-size: 0.75rem;
  color: var(--color-muted);
}

.profile-track-card-content {
  display: flex;
  align-items: center;
  gap: 1rem;
}

.profile-track-artwork-wrap {
  width: 72px;
  height: 72px;
  min-width: 72px;
  border-radius: var(--radius-sm);
  overflow: hidden;
  background: var(--color-canvas);
  border: 0.5px solid var(--color-border);
}

.profile-track-artwork {
  width: 100%;
  height: 100%;
  object-fit: cover;
  display: block;
}

.profile-track-details {
  display: flex;
  flex-direction: column;
  gap: 0.2rem;
  min-width: 0;
  flex: 1;
}

.profile-track-title {
  margin: 0;
  font-size: 1.05rem;
  font-weight: 600;
  color: var(--color-ink);
  white-space: nowrap;
  overflow: hidden;
  text-overflow: ellipsis;
}

.profile-track-artist {
  margin: 0;
  font-size: 0.88rem;
  color: var(--color-muted);
  white-space: nowrap;
  overflow: hidden;
  text-overflow: ellipsis;
}

.profile-track-album {
  margin: 0;
  font-size: 0.78rem;
  color: var(--color-muted);
  opacity: 0.85;
  white-space: nowrap;
  overflow: hidden;
  text-overflow: ellipsis;
}

.profile-actions {
  display: flex;
  flex-wrap: wrap;
  gap: 0.5rem;
  border-top: 0.5px solid var(--color-border);
  padding-top: 1rem;
  margin-top: 0.5rem;
}

.profile-actions a {
  display: inline-flex;
  align-items: center;
  padding: 0.45rem 0.85rem;
  border-radius: var(--radius-sm);
  border: 0.5px solid var(--color-border);
  background: var(--color-surface);
  color: var(--color-ink);
  text-decoration: none;
  font-size: 0.8rem;
  font-weight: 500;
  transition: all 120ms ease;
}

.profile-actions a:hover {
  background: var(--color-canvas);
  border-color: var(--color-primary);
  color: var(--color-primary);
}

/* ─── Charts Panel ──────────────────────────────────────────────────────────── */
.charts-panel {
  margin-top: 2rem;
  background: var(--color-surface);
  border: 0.5px solid var(--color-border);
  border-radius: var(--radius-md);
  box-shadow: none;
  padding: 16px;
}

.charts-controls {
  display: flex;
  flex-wrap: wrap;
  gap: 1.25rem;
  margin-bottom: 1.25rem;
}

.charts-control-group {
  display: flex;
  flex-direction: column;
  gap: 0.4rem;
}

.charts-control-label {
  color: var(--color-muted);
  font-size: 0.75rem;
  font-weight: 600;
  letter-spacing: 0.04em;
  text-transform: uppercase;
}

.charts-list {
  list-style: none;
  margin: 0;
  padding: 0;
}

.charts-row {
  align-items: center;
  border-top: 0.5px solid var(--color-border);
  display: flex;
  font: 0.85rem inherit, sans-serif;
  gap: 0.9rem;
  padding: 0.55rem 0;
}

.charts-rank {
  color: var(--color-muted);
  font-weight: 700;
  width: 1.5rem;
  font-size: 0.8rem;
}

.charts-label {
  flex: 1;
  font-weight: 600;
  color: var(--color-ink);
}

.charts-secondary {
  color: var(--color-muted);
}

.charts-count {
  color: var(--color-muted);
}

/* ─── Analytics / Overview / Reports ─────────────────────────────────────────── */
.analytics-page {
  display: grid;
  gap: 1.5rem;
  grid-template-columns: minmax(0, 1fr);
}

.analytics-page > .section-kicker {
  margin-bottom: -0.75rem;
}

.stats-bar {
  display: grid;
  gap: 1rem;
  grid-template-columns: repeat(3, 1fr);
}

.stat-block {
  background: var(--color-surface);
  border: 0.5px solid var(--color-border);
  border-radius: var(--radius-md);
  box-shadow: none;
  display: grid;
  gap: 0.35rem;
  padding: 16px;
}

.stat-block strong {
  font-size: 2.4rem;
  font-weight: 600;
  line-height: 1;
  color: var(--color-ink);
}

.stat-block span,
.panel-meta {
  color: var(--color-muted);
  font: 600 0.75rem inherit, sans-serif;
  text-transform: uppercase;
  letter-spacing: 0.04em;
}

.overview-grid,
.report-grid {
  align-items: stretch;
  display: grid;
  gap: 1rem;
  grid-template-columns: repeat(3, minmax(0, 1fr));
}

.ranked-panel,
.timeline-panel,
.report-card,
.report-community {
  background: var(--color-surface);
  border: 0.5px solid var(--color-border);
  border-radius: var(--radius-md);
  box-shadow: none;
  padding: 16px;
  transition: border-color 140ms ease;
}

.ranked-panel {
  display: flex;
  flex-direction: column;
}

.report-card:hover {
  border-color: var(--color-ink);
  box-shadow: none;
  transform: none;
}

.ranked-panel .section-heading,
.timeline-panel .section-heading {
  margin-bottom: 1rem;
}

.ranked-panel h2,
.timeline-panel h2,
.report-card h2,
.report-community h2 {
  font-size: 1.25rem;
}

.ranked-list {
  flex: 1;
  list-style: none;
  margin: 0;
  padding: 0;
}

.ranked-list li {
  align-items: center;
  border-top: 0.5px solid var(--color-border);
  display: flex;
  gap: 0.75rem;
  min-height: 3.2rem;
  padding: 0.4rem 0;
}

.rank-number {
  color: var(--color-muted);
  font: 700 0.8rem inherit, sans-serif;
  width: 1.2rem;
}

.rank-artwork,
.scrobble-artwork {
  background: #eeeeee;
  height: 2.5rem;
  object-fit: cover;
  width: 2.5rem;
  border-radius: 4px;
}

.rank-copy {
  display: grid;
  flex: 1;
  gap: 0.15rem;
  min-width: 0;
}

.rank-copy strong {
  overflow: hidden;
  text-overflow: ellipsis;
  white-space: nowrap;
  color: var(--color-ink);
}

.rank-copy small {
  color: var(--color-muted);
  font: 0.75rem inherit, sans-serif;
}

.rank-count {
  color: var(--color-muted);
  font: 600 0.8rem inherit, sans-serif;
}

.page-link a,
.report-banner a {
  color: var(--color-accent);
  font: 600 0.8rem inherit, sans-serif;
  text-transform: uppercase;
  text-decoration: none;
}

/* ─── Library Page ──────────────────────────────────────────────────────────── */
.library-segmented-group {
  display: flex;
  flex-direction: column;
  gap: 0.35rem;
  margin-bottom: 0.75rem;
  min-width: 0;
}

.library-segmented-label {
  font-size: 0.72rem;
  font-weight: 700;
  text-transform: uppercase;
  letter-spacing: 0.06em;
  color: var(--color-muted);
  margin: 0;
  line-height: 1;
}

.library-tabs {
  display: inline-flex;
  align-items: center;
  background: transparent;
  border: 0.5px solid var(--color-border);
  border-radius: var(--radius-sm);
  padding: 2px;
  gap: 2px;
  max-width: 100%;
  overflow-x: auto;
  -webkit-overflow-scrolling: touch;
}

.library-tabs button {
  background: transparent;
  border: 0;
  border-radius: var(--radius-sm);
  color: var(--color-muted);
  font-family: inherit;
  font-size: 0.75rem;
  font-weight: 700;
  letter-spacing: 0.12em;
  text-transform: uppercase;
  min-height: 32px;
  padding: 0.35rem 0.75rem;
  cursor: pointer;
  white-space: nowrap;
  transition: background-color 120ms ease, color 120ms ease;
  box-shadow: none;
  flex: 0 0 auto;
  width: auto;
}

.library-tabs button:hover:not(.active):not(:disabled) {
  color: var(--color-ink);
  background: #f0f0f0;
}

.library-tabs button.active {
  background: var(--color-accent);
  color: var(--color-surface);
  font-weight: 700;
}

.library-controls-bar {
  display: flex;
  flex-wrap: wrap;
  align-items: flex-end;
  justify-content: space-between;
  gap: 1rem;
  margin: 1.25rem 0 1.5rem;
}

.library-controls-bar .date-range-selector {
  margin-bottom: 0;
}

.library-layout {
  display: grid;
  gap: 1rem;
  grid-template-columns: minmax(0, 1.35fr) minmax(250px, 0.65fr);
}

.library-layout .scrobble-list {
  background: var(--color-surface);
  border: 0.5px solid var(--color-border);
  border-radius: var(--radius-md);
  margin: 0;
  padding: 16px;
  box-shadow: none;
}

.library-toolbar {
  display: flex;
  justify-content: space-between;
  align-items: center;
  gap: 0.75rem;
  flex-wrap: wrap;
}

.library-search-form {
  flex: 1;
  min-width: 200px;
  max-width: 320px;
  display: flex;
}

.library-search-form input {
  flex: 1;
  width: 100%;
  border: 0.5px solid var(--color-border);
  border-radius: var(--radius-sm);
  padding: 0.5rem 0.75rem;
  font: 0.95rem inherit, system-ui, sans-serif;
  background: var(--color-surface);
  min-height: 40px;
}

.library-search-form input:focus {
  border-color: var(--color-accent);
  outline: 2px solid var(--color-focus);
  outline-offset: 1px;
}

.library-view-toggle {
  display: inline-flex;
  gap: 0.25rem;
}

.library-view-toggle button {
  background: transparent;
  border: 0.5px solid var(--color-border);
  color: var(--color-muted);
  min-height: 40px;
  min-width: 40px;
  padding: 0.4rem 0.85rem;
  border-radius: var(--radius-sm);
  cursor: pointer;
  box-shadow: none;
}

.library-view-toggle .library-select-toggle {
  margin-left: 0.25rem;
}

.library-view-toggle button.active {
  background: var(--color-ink);
  border-color: var(--color-ink);
  color: var(--color-surface);
}

.library-view-toggle button:hover:not(:disabled) {
  background: rgba(0, 0, 0, 0.04);
  color: var(--color-ink);
}

.library-view-toggle button.active:hover:not(:disabled) {
  background: var(--color-ink);
  border-color: var(--color-ink);
  color: var(--color-surface);
}

.bulk-action-bar {
  align-items: center;
  background: var(--color-ink);
  color: var(--color-surface);
  display: flex;
  flex-wrap: wrap;
  gap: 0.6rem;
  padding: 0.75rem 1rem;
  border-radius: var(--radius-sm);
  margin-bottom: 1rem;
  box-shadow: none;
}

.bulk-action-bar strong {
  margin-right: auto;
}

.bulk-action-bar button {
  background: var(--color-surface);
  color: var(--color-ink);
  min-height: 40px;
  padding: 0.45rem 0.85rem;
  border-radius: var(--radius-sm);
}

.bulk-action-bar .bulk-action-secondary {
  background: transparent;
  border: 0.5px solid rgba(255, 255, 255, 0.4);
  color: var(--color-surface);
}

.bulk-action-bar span {
  color: rgba(255, 255, 255, 0.7);
  font: 0.8rem inherit, sans-serif;
}

.bulk-select-control {
  align-items: center;
  display: flex;
  flex: 0 0 auto;
  min-width: 44px;
  min-height: 44px;
  justify-content: center;
  cursor: pointer;
}

.bulk-select-control input {
  accent-color: var(--color-accent);
  height: 1.2rem;
  width: 1.2rem;
  cursor: pointer;
}

.bulk-select-control span {
  border: 0;
  clip: rect(0 0 0 0);
  height: 1px;
  margin: -1px;
  overflow: hidden;
  padding: 0;
  position: absolute;
  width: 1px;
}

.library-rank-panel,
.library-scrobble-panel {
  background: var(--color-surface);
  border: 0.5px solid var(--color-border);
  border-radius: var(--radius-md);
  box-shadow: none;
  padding: 16px;
}

.library-rank-heading {
  align-items: end;
  display: flex;
  justify-content: space-between;
  margin-bottom: 1rem;
}

.library-rank-heading strong {
  display: block;
  font-size: 1.35rem;
  font-weight: 600;
}

.library-rank-list,
.library-scrobble-list {
  list-style: none;
  margin: 0;
  padding: 0;
}

.library-rank-row,
.library-scrobble-row {
  align-items: center;
  border-top: 0.5px solid var(--color-border);
  display: flex;
  gap: 12px;
  height: 64px;
  min-height: 64px;
  box-sizing: border-box;
  padding: 8px 12px;
}

.library-rank-media {
  align-items: center;
  display: flex;
  flex: 0 0 auto;
  gap: 8px;
}

.library-rank-number {
  color: var(--color-muted);
  font: 500 12px inherit, sans-serif;
  text-align: center;
  width: 1.5rem;
}

.library-row-artwork {
  background: #f0f0f0;
  flex: 0 0 48px;
  height: 48px;
  object-fit: cover;
  width: 48px;
  border-radius: 4px;
}

.library-row-artwork-empty {
  display: block;
}

.artwork {
  aspect-ratio: 1;
  display: block;
  object-fit: cover;
}

.artwork-fallback {
  align-items: center;
  background: #f0f0f0;
  color: var(--color-muted);
  display: flex;
  font: 600 0.85rem inherit, sans-serif;
  justify-content: center;
  letter-spacing: 0.05em;
  border-radius: 4px;
}

.library-row-copy {
  display: flex;
  flex-direction: column;
  justify-content: center;
  flex: 1;
  gap: 2px;
  min-width: 0;
}

.library-row-copy strong,
.library-row-copy small {
  overflow: hidden;
  text-overflow: ellipsis;
  white-space: nowrap;
}

.library-row-copy strong {
  color: var(--color-ink);
  font-size: 15px;
  font-weight: 600;
  line-height: 1.3;
}

.library-row-copy small {
  color: var(--color-muted);
  font-size: 12px;
  font-weight: 400;
  line-height: 1.25;
}

.library-count-bar {
  background: #f0f0f0;
  color: var(--color-muted);
  display: flex;
  align-items: center;
  justify-content: flex-end;
  flex: 0 1 12rem;
  font-size: 12px;
  font-weight: 500;
  min-width: 4.5rem;
  padding: 4px 8px;
  border-radius: 4px;
  text-decoration: none;
  text-align: right;
}

.library-rank-actions {
  align-items: center;
  display: flex;
  flex: 0 1 auto;
  gap: 8px;
  justify-content: flex-end;
  min-width: 0;
  margin-left: auto;
}

.library-rank-actions .library-count-bar {
  flex: 0 1 auto;
}

.library-scrobble-row .library-row-copy {
  order: 1;
}

.library-scrobble-row .scrobble-grid-heart {
  order: 2;
  margin-left: auto;
}

.library-scrobble-row .source-badge {
  order: 3;
  flex: 0 0 auto;
}

.library-scrobble-row time {
  order: 4;
  color: var(--color-muted);
  font-size: 12px;
  font-weight: 500;
  min-width: 5rem;
  text-align: right;
  white-space: nowrap;
}

.library-scrobble-panel h2 {
  font-size: 1.25rem;
  margin: 0 0 1rem;
}

.library-filter-label {
  color: var(--color-muted);
  margin: -0.5rem 0 1rem;
}

.scrobble-day h3 {
  color: var(--color-muted);
  font: 600 0.75rem inherit, sans-serif;
  margin: 1.25rem 0 0.3rem;
  text-transform: uppercase;
  letter-spacing: 0.06em;
}

.library-scrobble-row .source-badge {
  flex: 0 0 auto;
}

.library-rank-panel-grid .library-rank-list {
  display: grid;
  grid-template-columns: repeat(4, minmax(0, 1fr));
  gap: 12px;
  list-style: none;
  margin: 0;
  padding: 0;
}

@media (max-width: 1024px) {
  .library-rank-panel-grid .library-rank-list {
    grid-template-columns: repeat(3, minmax(0, 1fr));
    gap: 12px;
  }
}

@media (max-width: 600px) {
  .library-rank-panel-grid .library-rank-list {
    grid-template-columns: repeat(2, minmax(0, 1fr));
    gap: 12px;
  }
}

.library-rank-panel-grid .library-rank-row {
  align-items: stretch;
  background: var(--color-surface);
  border: 0.5px solid var(--color-border);
  border-radius: 12px;
  box-shadow: none;
  display: flex;
  flex-direction: column;
  gap: 0;
  height: auto;
  min-height: auto;
  overflow: hidden;
  padding: 0;
  position: relative;
  transition: border-color 140ms ease;
}

.library-rank-panel-grid .library-rank-row:hover {
  border-color: var(--color-border);
  box-shadow: none;
  transform: none;
}

.grid-card-artwork-wrap {
  position: relative;
  width: 100%;
  aspect-ratio: 1;
  background: var(--color-bg);
  overflow: hidden;
}

.grid-card-artwork-link {
  display: block;
  width: 100%;
  height: 100%;
  text-decoration: none;
}

.grid-card-artwork {
  width: 100%;
  height: 100%;
  aspect-ratio: 1;
  object-fit: cover;
  display: block;
  border-radius: 0;
}

.artwork-fallback.grid-card-artwork {
  width: 100%;
  height: 100%;
  display: flex;
  align-items: center;
  justify-content: center;
  font-size: 1.5rem;
  font-weight: 600;
  color: var(--color-muted);
  background: var(--color-bg);
  border-radius: 0;
}

.grid-select-scrim {
  position: absolute;
  top: 8px;
  left: 8px;
  z-index: 10;
  display: inline-flex;
  align-items: center;
  justify-content: center;
  width: 28px;
  height: 28px;
  background: rgba(0, 0, 0, 0.45);
  border-radius: 6px;
  backdrop-filter: blur(4px);
  cursor: pointer;
  margin: 0;
  padding: 0;
}

.grid-select-scrim input[type=\"checkbox\"] {
  cursor: pointer;
  margin: 0;
  width: 16px;
  height: 16px;
  accent-color: var(--color-accent);
}

.grid-select-scrim span {
  position: absolute;
  width: 1px;
  height: 1px;
  padding: 0;
  margin: -1px;
  overflow: hidden;
  clip: rect(0, 0, 0, 0);
  white-space: nowrap;
  border: 0;
}

.grid-card-like {
  position: absolute;
  top: 8px;
  right: 8px;
  z-index: 5;
  background: rgba(0, 0, 0, 0.45);
  border-radius: 6px;
  backdrop-filter: blur(4px);
  display: flex;
  align-items: center;
  justify-content: center;
  width: 28px;
  height: 28px;
}

.liked-heart {
  color: var(--color-muted);
  display: inline-flex;
  align-items: center;
  flex: 0 0 auto;
}

.liked-heart-active {
  color: var(--color-danger);
}

.grid-card-like .liked-heart {
  color: var(--color-surface);
}

.grid-card-like .liked-heart-active {
  color: var(--color-danger);
}

.grid-card-body {
  padding: 10px 12px 12px;
  display: flex;
  flex-direction: column;
  flex: 1 1 auto;
  min-width: 0;
}

.grid-card-heading {
  display: flex;
  align-items: baseline;
  gap: 4px;
  font-size: 14px;
  font-weight: 500;
  line-height: 1.3;
  color: var(--color-ink);
  min-width: 0;
}

.grid-card-rank {
  color: var(--color-muted);
  font-size: 14px;
  font-weight: 500;
  flex-shrink: 0;
}

.grid-card-title {
  color: var(--color-ink);
  font-size: 14px;
  font-weight: 500;
  text-decoration: none;
  overflow: hidden;
  text-overflow: ellipsis;
  white-space: nowrap;
  display: block;
  flex: 1;
  min-width: 0;
}

.grid-card-title:hover {
  text-decoration: underline;
}

.grid-card-artist {
  font-size: 12px;
  color: var(--color-muted);
  line-height: 1.3;
  margin-top: 2px;
  overflow: hidden;
  text-overflow: ellipsis;
  white-space: nowrap;
  display: block;
}

.grid-card-footer {
  margin-top: 8px;
}

.grid-card-count {
  display: inline-flex;
  align-items: center;
  gap: 5px;
  font-size: 12px;
  color: var(--color-muted);
  line-height: 1;
}

.grid-card-count-icon {
  flex-shrink: 0;
  color: var(--color-muted);
}

.grid-card-bar-track {
  width: 100%;
  height: 3px;
  background: #F0F0F0;
  border-radius: 2px;
  margin-top: 6px;
  overflow: hidden;
}

.grid-card-bar-fill {
  height: 100%;
  background: var(--color-accent);
  border-radius: 2px;
  transition: width 200ms ease;
}

.library-scrobble-panel-grid .library-scrobble-row {
  display: grid;
  grid-template-areas: \"select art copy time\" \"select art source heart\";
  grid-template-columns: 2.5rem 2.7rem minmax(0, 1fr) auto;
  grid-template-rows: minmax(2rem, auto) auto;
  row-gap: 6px;
  min-height: 5.6rem;
  border-radius: var(--radius-sm);
  padding-inline: 0.5rem;
  box-shadow: none;
  transition: background-color 140ms ease;
}

.library-scrobble-panel-grid .scrobble-grid-select {
  grid-area: select;
  align-self: center;
}

.library-scrobble-panel-grid .scrobble-grid-artwork {
  grid-area: art;
  height: 2.7rem;
}

.library-scrobble-panel-grid .library-row-copy {
  grid-area: copy;
  align-self: end;
}

.library-scrobble-panel-grid .scrobble-grid-source {
  grid-area: source;
  justify-self: start;
}

.library-scrobble-panel-grid .scrobble-grid-heart {
  grid-area: heart;
  justify-self: end;
  align-self: center;
}

.library-scrobble-panel-grid .scrobble-grid-time {
  grid-area: time;
  align-self: end;
  min-width: 0;
  text-align: right;
}

.library-scrobble-panel-grid .library-scrobble-row:hover {
  background: rgba(0, 0, 0, 0.02);
}

.library-pagination-bar {
  align-items: center;
  display: flex;
  flex-wrap: wrap;
  gap: 1rem;
  justify-content: space-between;
  margin-top: 1.5rem;
}

.page-size-select {
  align-items: center;
  display: flex;
  gap: 0.5rem;
}

.page-size-label {
  color: var(--color-muted);
  font: 600 0.75rem inherit, sans-serif;
  text-transform: uppercase;
  letter-spacing: 0.04em;
}

.page-size-select select {
  font: 0.95rem inherit, system-ui, sans-serif;
  min-height: 40px;
  padding: 0.4rem 0.75rem;
  border: 0.5px solid var(--color-border);
  border-radius: var(--radius-sm);
}

.pagination {
  align-items: center;
  display: flex;
  gap: 0.5rem;
}

.pagination-list {
  display: flex;
  gap: 0.25rem;
  list-style: none;
  margin: 0;
  padding: 0;
}

.pagination-ellipsis {
  color: var(--color-muted);
  padding: 0 0.25rem;
  display: inline-flex;
  align-items: center;
}

.pagination-page {
  background: transparent;
  border: 0;
  color: var(--color-muted);
  font: 600 0.85rem inherit, sans-serif;
  min-height: 40px;
  min-width: 40px;
  display: inline-flex;
  align-items: center;
  justify-content: center;
  padding: 0.35rem 0.6rem;
  text-transform: none;
  border-radius: var(--radius-sm);
  cursor: pointer;
  box-shadow: none;
}

.pagination-page:hover:not(.pagination-page-active) {
  color: var(--color-ink);
  background: rgba(0, 0, 0, 0.04);
}

.pagination-page-active {
  background: var(--color-accent);
  color: var(--color-surface);
}

.pagination-next {
  background: transparent;
  border: 0.5px solid var(--color-border);
  color: var(--color-ink);
  font: 600 0.75rem inherit, sans-serif;
  min-height: 40px;
  padding: 0.4rem 1rem;
  display: inline-flex;
  align-items: center;
  justify-content: center;
  border-radius: var(--radius-sm);
  cursor: pointer;
  box-shadow: none;
}

.pagination-next:disabled {
  cursor: not-allowed;
  opacity: 0.4;
}

/* ─── Timeline & Reports ────────────────────────────────────────────────────── */
.timeline-chart {
  align-items: end;
  display: flex;
  gap: 0.65rem;
  height: 220px;
  overflow-x: auto;
  padding: 1rem 0 0;
}

.timeline-column {
  align-items: center;
  display: flex;
  flex: 1 0 2rem;
  flex-direction: column;
  gap: 0.6rem;
  height: 100%;
  justify-content: end;
}

.timeline-bar {
  background: var(--color-accent);
  min-height: 0.3rem;
  width: 100%;
  border-radius: 2px;
}

.timeline-column span {
  color: var(--color-muted);
  font: 0.7rem inherit, sans-serif;
}

.report-banner {
  align-items: flex-end;
  background: var(--color-surface);
  border: 0.5px solid var(--color-border);
  border-radius: var(--radius-md);
  box-shadow: none;
  display: flex;
  justify-content: space-between;
  gap: 1rem;
  padding: 16px;
}

.report-banner h2 {
  font-size: 2rem;
}

.report-banner .section-kicker {
  margin-bottom: 0.4rem;
}

.report-time-grid {
  display: grid;
  gap: 1rem;
  grid-template-columns: minmax(0, 1.4fr) minmax(0, 1fr);
  margin-top: 16px;
}

.report-data-grid {
  display: grid;
  gap: 1rem;
  grid-template-columns: minmax(0, 1fr);
}

.chart-panel {
  background: var(--color-surface);
  border: 0.5px solid var(--color-border);
  border-radius: var(--radius-md);
  box-shadow: none;
  padding: 16px;
}

.chart-panel h2 {
  font-size: 1.25rem;
  margin: 0 0 1rem;
}

.bar-trend-chart {
  display: block;
  height: 220px;
  width: 100%;
}

.bar-trend-bar {
  fill: rgba(0, 102, 255, 0.35);
  transition: fill 140ms ease;
}

.bar-trend-bar:hover {
  fill: var(--color-accent);
}

.bar-trend-bar-peak {
  fill: var(--color-accent);
}

.bar-trend-labels {
  color: var(--color-muted);
  display: flex;
  font: 0.7rem inherit, sans-serif;
  justify-content: space-between;
  margin-top: 0.4rem;
}

.listening-clock-chart {
  display: block;
  height: 240px;
  margin: 0 auto;
  width: 240px;
}

.clock-ring {
  fill: none;
  stroke: var(--color-border);
  stroke-width: 0.7;
}

.clock-bar {
  stroke: rgba(0, 102, 255, 0.35);
  stroke-linecap: round;
  stroke-width: 2.1;
  transition: stroke 140ms ease;
}

.clock-bar:hover {
  stroke: var(--color-accent);
}

.clock-bar-peak {
  stroke: var(--color-accent);
}

.clock-label {
  fill: var(--color-muted);
  font: 4.5px inherit, sans-serif;
}

.chart-caption {
  color: var(--color-muted);
  font: 0.8rem inherit, sans-serif;
  margin: 0.6rem 0 0;
  text-align: center;
}

.report-card {
  min-height: 150px;
}

.report-card p,
.report-community p {
  color: var(--color-muted);
  font: 0.9rem/1.5 inherit, sans-serif;
}

.report-community {
  border-top: 3px solid var(--color-accent);
}

.report-facts {
  display: grid;
  gap: 1rem;
  grid-template-columns: repeat(3, 1fr);
}

.report-facts div {
  background: var(--color-surface);
  border: 0.5px solid var(--color-border);
  border-radius: var(--radius-md);
  box-shadow: none;
  display: grid;
  gap: 0.3rem;
  padding: 16px;
}

.report-facts strong {
  font-size: 1.7rem;
  font-weight: 600;
  color: var(--color-ink);
}

.report-facts span {
  color: var(--color-muted);
  font: 600 0.72rem inherit, sans-serif;
  text-transform: uppercase;
  letter-spacing: 0.04em;
}

.report-category-grid {
  display: grid;
  gap: 1rem;
  grid-template-columns: repeat(3, minmax(0, 1fr));
}

.report-category-grid .library-rank-panel {
  padding: 1rem;
}

.report-category-grid .library-rank-heading {
  margin-bottom: 0.5rem;
}

.report-category-grid .library-rank-heading strong {
  font-size: 1rem;
}

.report-category-grid .library-rank-row {
  display: grid;
  grid-template-areas: \"media copy\" \"media actions\";
  grid-template-columns: auto minmax(0, 1fr);
  column-gap: 8px;
  row-gap: 4px;
  align-items: start;
  height: auto;
  min-height: 100px;
}

.report-category-grid .library-rank-media {
  grid-area: media;
  align-self: start;
}

.report-category-grid .library-row-copy {
  grid-area: copy;
  min-width: 0;
}

.report-category-grid .library-rank-actions {
  grid-area: actions;
  justify-content: flex-end;
  margin-left: 0;
}

.report-category-grid .library-row-artwork {
  height: 2.4rem;
  width: 2.4rem;
}

.report-category-grid .library-row-copy strong {
  font-size: 13px;
  white-space: normal;
  overflow-wrap: break-word;
  overflow: visible;
  text-overflow: clip;
}

.report-category-grid .library-row-copy small {
  font-size: 10.5px;
  white-space: normal;
  overflow-wrap: break-word;
  overflow: visible;
  text-overflow: clip;
}

.report-category-grid .library-count-bar {
  min-width: 2rem;
  padding: 3px 6px;
  font-size: 11px;
}

.summary-grid {
  display: grid;
  gap: 1rem;
  grid-template-columns: repeat(auto-fit, minmax(210px, 1fr));
}

.month-card {
  background: var(--color-surface);
  border: 0.5px solid var(--color-border);
  border-radius: var(--radius-md);
  box-shadow: none;
  padding: 16px;
}

.month-label {
  color: var(--color-muted);
  font-size: 0.8rem;
  font-weight: 600;
  margin: 0 0 1.5rem;
  text-transform: uppercase;
  letter-spacing: 0.05em;
}

.month-card strong {
  display: block;
  font-size: 2.8rem;
  font-weight: 600;
  line-height: 1;
  color: var(--color-ink);
}

.month-card > span {
  color: var(--color-muted);
  font: 0.8rem inherit, sans-serif;
}

dl {
  border-top: 0.5px solid var(--color-border);
  display: grid;
  gap: 0.55rem;
  margin: 1.5rem 0 0;
  padding-top: 0.85rem;
}

dl div {
  display: flex;
  justify-content: space-between;
}

dt,
dd {
  font-size: 0.78rem;
  margin: 0;
}

dt {
  color: var(--color-muted);
}

dd {
  font-weight: 600;
  color: var(--color-ink);
}

/* ─── Modal Dialogs ────────────────────────────────────────────────────────── */
.modal-backdrop {
  position: fixed;
  inset: 0;
  background: rgba(0, 0, 0, 0.4);
  backdrop-filter: blur(2px);
  -webkit-backdrop-filter: blur(2px);
  display: flex;
  align-items: center;
  justify-content: center;
  z-index: 1000;
  padding: 1rem;
}

.modal-dialog {
  background: var(--color-surface);
  border: 0.5px solid var(--color-border);
  border-radius: var(--radius-md);
  box-shadow: none;
  max-width: 480px;
  width: 100%;
  padding: 1.75rem;
  animation: modal-appear 150ms ease-out;
}

@keyframes modal-appear {
  from {
    opacity: 0;
    transform: scale(0.98) translateY(2px);
  }
  to {
    opacity: 1;
    transform: scale(1) translateY(0);
  }
}

.modal-title {
  color: var(--color-danger);
  font-size: 1.3rem;
  font-weight: 600;
  letter-spacing: -0.02em;
  margin: 0 0 0.75rem;
}

.modal-description {
  color: var(--color-ink);
  font: 0.9rem/1.5 inherit, sans-serif;
  margin: 0 0 1rem;
}

.modal-input-label {
  display: grid;
  gap: 0.5rem;
  font-size: 0.82rem;
  margin-bottom: 1.25rem;
  color: var(--color-ink);
  text-transform: none;
}

.modal-input-label strong {
  color: var(--color-danger);
  letter-spacing: 0.05em;
}

.modal-input {
  width: 100%;
  border: 0.5px solid var(--color-border);
  border-radius: var(--radius-sm);
  padding: 0.65rem 0.85rem;
  font: 600 1rem monospace;
  background: var(--color-surface);
  color: var(--color-ink);
  box-sizing: border-box;
}

.modal-input:focus {
  border-color: var(--color-danger);
  outline: 2px solid var(--color-danger);
  outline-offset: 1px;
}

.modal-actions {
  display: flex;
  gap: 0.75rem;
  justify-content: flex-end;
  margin-top: 1rem;
}

.modal-cancel-button {
  background: transparent;
  border: 0.5px solid var(--color-border);
  color: var(--color-ink);
  font: 600 0.8rem inherit, sans-serif;
  padding: 0.65rem 1.25rem;
  border-radius: var(--radius-sm);
  min-height: auto;
  cursor: pointer;
  text-transform: none;
  box-shadow: none;
}

.modal-cancel-button:hover:not(:disabled) {
  background: rgba(0, 0, 0, 0.04);
}

.modal-confirm-button {
  border-radius: var(--radius-sm);
  font: 600 0.8rem inherit, sans-serif;
  padding: 0.65rem 1.25rem;
  min-height: auto;
  text-transform: none;
  box-shadow: none;
}

/* ─── Share Dialog ──────────────────────────────────────────────────────── */

.share-trigger-button {
  background: transparent;
  border: 0.5px solid var(--color-border);
  color: var(--color-muted);
  min-height: 40px;
  padding: 0.4rem 0.85rem;
  border-radius: var(--radius-sm);
  cursor: pointer;
  box-shadow: none;
}

.share-trigger-button:hover {
  border-color: var(--color-accent);
  color: var(--color-accent);
}

.share-dialog {
  max-width: 560px;
  max-height: calc(100vh - 2rem);
  display: flex;
  flex-direction: column;
  overflow: hidden;
  padding: 0;
}

.share-dialog-scroll {
  overflow-y: auto;
  padding: 1.75rem;
  min-height: 0;
}

.share-dialog .modal-actions {
  position: sticky;
  bottom: 0;
  flex: 0 0 auto;
  background: var(--color-surface);
  padding: 1rem 1.75rem;
  margin: 0;
  border-top: 0.5px solid var(--color-border);
}

.share-dialog-controls {
  display: flex;
  justify-content: space-between;
  align-items: center;
  gap: 1rem;
  flex-wrap: wrap;
  margin-bottom: 1rem;
}

.share-dialog-layout-toggle {
  display: inline-flex;
  gap: 0.25rem;
}

.share-dialog-layout-toggle button {
  background: transparent;
  border: 0.5px solid var(--color-border);
  color: var(--color-muted);
  min-height: 40px;
  padding: 0.4rem 0.85rem;
  border-radius: var(--radius-sm);
  cursor: pointer;
  box-shadow: none;
}

.share-dialog-layout-toggle button.active {
  background: var(--color-ink);
  border-color: var(--color-ink);
  color: var(--color-surface);
}

.share-dialog-size-control {
  display: flex;
  align-items: center;
  gap: 0.6rem;
  font-size: 0.85rem;
  color: var(--color-ink);
}

.share-dialog-preview {
  border: 0.5px solid var(--color-border);
  border-radius: var(--radius-md);
  background: var(--color-canvas);
  padding: 0.5rem;
  margin-bottom: 1rem;
  min-height: 80px;
  display: flex;
  align-items: center;
  justify-content: center;
}

.share-dialog-preview-image {
  max-width: 100%;
  border-radius: var(--radius-sm);
}

.share-card-offscreen {
  position: fixed;
  top: 0;
  left: -9999px;
  pointer-events: none;
}

.share-card {
  width: 600px;
  padding: 1.5rem;
  background: var(--color-surface);
  font-family: 'Inter', -apple-system, BlinkMacSystemFont, 'Segoe UI', Roboto, sans-serif;
}

.share-card-header {
  display: flex;
  flex-direction: column;
  gap: 0.15rem;
  margin-bottom: 1rem;
}

.share-card-title {
  font-size: 1.4rem;
  font-weight: 700;
  color: var(--color-ink);
  letter-spacing: -0.02em;
}

.share-card-subtitle {
  font-size: 0.9rem;
  color: var(--color-muted);
}

.share-card-footer {
  margin-top: 1.25rem;
  font-size: 0.75rem;
  color: var(--color-muted);
  text-align: right;
}

.report-character-grid {
  display: grid;
  grid-template-columns: repeat(2, 1fr);
  gap: 16px;
}

/* ─── Responsive Media Queries ─────────────────────────────────────────────── */
@media (max-width: 760px) {
  .app-shell {
    padding: 1.75rem 1rem 3rem;
  }
  .section-heading {
    align-items: flex-start;
    flex-direction: column;
  }
  .topbar {
    margin-bottom: 2.5rem;
  }
  .dashboard {
    padding: 16px;
  }
  .filters {
    grid-template-columns: minmax(0, 1fr);
  }
  .date-range-selector {
    flex-direction: column;
    flex-wrap: nowrap;
    align-items: stretch;
    min-width: 0;
  }
  .date-range-segmented-group {
    min-width: 0;
  }
  .date-range-popover {
    position: static;
    width: 100%;
    max-width: 100%;
  }
  .date-range-pill {
    width: 100%;
    justify-content: center;
  }
  .filters button {
    width: 100%;
  }
  .stats-bar,
  .overview-grid,
  .report-grid,
  .library-layout {
    grid-template-columns: minmax(0, 1fr);
  }
  .report-category-grid,
  .report-facts,
  .report-time-grid,
  .report-data-grid,
  .report-character-grid {
    grid-template-columns: minmax(0, 1fr);
  }
  .heatmap-grid { grid-template-columns: repeat(24, 12px); grid-template-rows: repeat(7, 12px); }
  .heatmap-cell { width: 12px; height: 12px; }
  .heatmap-x-axis { grid-template-columns: repeat(24, 12px); }
  .library-rank-panel-grid .library-rank-list {
    grid-template-columns: repeat(2, minmax(0, 1fr));
    gap: 12px;
  }
  .library-rank-panel:not(.library-rank-panel-grid) .library-rank-row {
    display: grid;
    grid-template-areas: \"media copy\" \"media actions\";
    grid-template-columns: auto minmax(0, 1fr);
    column-gap: 10px;
    row-gap: 4px;
    align-items: start;
    height: auto;
    min-height: auto;
  }
  .library-rank-panel:not(.library-rank-panel-grid) .library-rank-media {
    grid-area: media;
    align-self: start;
  }
  .library-rank-panel:not(.library-rank-panel-grid) .library-row-copy {
    grid-area: copy;
    min-width: 0;
  }
  .library-rank-panel:not(.library-rank-panel-grid) .library-rank-actions {
    grid-area: actions;
    justify-content: flex-end;
    margin-left: 0;
  }
  .library-scrobble-row {
    display: grid;
    grid-template-areas: \"art copy time\" \"art source heart\";
    grid-template-columns: 2.7rem minmax(0, 1fr) auto;
    column-gap: 10px;
    row-gap: 4px;
    align-items: start;
    height: auto;
    min-height: auto;
  }
  .library-scrobble-row .scrobble-grid-artwork {
    grid-area: art;
    align-self: start;
  }
  .library-scrobble-row .library-row-copy {
    grid-area: copy;
  }
  .library-scrobble-row .scrobble-grid-time {
    grid-area: time;
    justify-self: end;
    min-width: auto;
    font-size: 11px;
    white-space: nowrap;
  }
  .library-scrobble-row .scrobble-grid-source {
    grid-area: source;
    justify-self: start;
    align-self: start;
    margin-top: 2px;
  }
  .library-scrobble-row .scrobble-grid-heart {
    grid-area: heart;
    justify-self: end;
    align-self: start;
    margin-left: 0;
  }
  .library-row-copy strong {
    font-size: 13px;
    white-space: normal;
    overflow-wrap: break-word;
    overflow: visible;
    text-overflow: clip;
  }
  .library-row-copy small {
    font-size: 10.5px;
    white-space: normal;
    overflow-wrap: break-word;
    overflow: visible;
    text-overflow: clip;
  }
  .library-select-toggle {
    display: none;
  }
  .library-rank-panel:not(.library-rank-panel-grid) .bulk-select-control,
  .library-scrobble-row .bulk-select-control {
    display: none;
  }
  .library-count-suffix {
    display: none;
  }
  .library-count-bar {
    min-width: 2rem;
    padding: 3px 6px;
    font-size: 11px;
  }
  .entry-menu-toggle {
    min-width: 36px;
    min-height: 36px;
    padding: 0.25rem;
  }
  .library-row-artwork {
    flex-basis: 40px;
    height: 40px;
    width: 40px;
  }
  .report-banner {
    align-items: flex-start;
    flex-direction: column;
  }
  .library-tabs,
  .settings-tabs,
  .segmented-tabs {
    flex-wrap: nowrap;
    min-width: 0;
    overflow-x: auto;
    -webkit-overflow-scrolling: touch;
    padding-bottom: 2px;
  }
  .library-tabs button,
  .settings-tabs button,
  .segmented-tab,
  .segmented-tabs button {
    flex: 0 0 auto;
    width: auto;
    white-space: nowrap;
  }
  .scrobble-row {
    align-items: flex-start;
    flex-wrap: wrap;
  }
  .scrobble-row .scrobble-copy {
    flex: 1 1 calc(100% - 7rem);
  }
  .scrobble-row .source-badge {
    order: 3;
  }
}

@media (max-width: 480px) {
  .library-scrobble-row {
    gap: 0.45rem;
  }
  .library-scrobble-panel-grid .library-scrobble-row {
    grid-template-areas: \"select art copy\" \"select art time\" \"select source heart\";
    grid-template-columns: 1rem 2.7rem minmax(0, 1fr);
    grid-template-rows: minmax(2rem, auto) auto auto;
  }
  .library-scrobble-panel-grid .scrobble-grid-time {
    justify-self: start;
    text-align: left;
  }
  .library-scrobble-panel-grid .scrobble-grid-source {
    max-width: 100%;
  }
  .library-scrobble-panel-grid .scrobble-grid-heart {
    justify-self: end;
  }
}

@media (prefers-reduced-motion: reduce) {
  *,
  *::before,
  *::after {
    animation-duration: 0.01ms !important;
    animation-iteration-count: 1 !important;
    transition-duration: 0.01ms !important;
    scroll-behavior: auto !important;
  }
  .modal-dialog {
    animation: none !important;
  }
  .report-card:hover,
  .library-rank-panel-grid .library-rank-row:hover {
    transform: none !important;
  }
}

.heatmap-container {
  display: flex;
  flex-direction: column;
}
.heatmap-body {
  display: flex;
}
.heatmap-y-axis {
  display: flex;
  flex-direction: column;
  justify-content: space-between;
  padding-right: 12px;
  color: var(--color-muted);
  font-size: 12px;
  padding-top: 8px;
  padding-bottom: 8px;
}
.heatmap-y-axis div {
  height: 16px;
  line-height: 16px;
}
.heatmap-grid {
  display: grid;
  grid-template-columns: repeat(24, 16px);
  grid-template-rows: repeat(7, 16px);
  gap: 2px;
  flex-grow: 1;
}
.heatmap-cell {
  width: 16px;
  height: 16px;
  border-radius: 2px;
  background-color: var(--color-surface-hover);
  transition: fill 140ms;
}
.heatmap-cell[data-level=\"1\"] { background-color: rgba(0, 102, 255, 0.2); }
.heatmap-cell[data-level=\"2\"] { background-color: rgba(0, 102, 255, 0.4); }
.heatmap-cell[data-level=\"3\"] { background-color: rgba(0, 102, 255, 0.6); }
.heatmap-cell[data-level=\"4\"] { background-color: rgba(0, 102, 255, 0.85); }
.heatmap-cell.peak { border: 1px solid var(--color-ink); box-sizing: border-box; }

.heatmap-x-axis {
  display: grid;
  grid-template-columns: repeat(24, 16px);
  gap: 2px;
  margin-left: 35px;
  margin-top: 8px;
  color: var(--color-muted);
  font-size: 12px;
}
.heatmap-x-label { grid-column: span 6; text-align: left; }
.chart-caption {
  margin-top: 16px;
  font-size: 13px;
  color: var(--color-muted);
}

.genre-list {
  list-style: none;
  padding: 0;
  margin: 0;
  display: flex;
  flex-direction: column;
  gap: 12px;
}
.genre-row {
  display: flex;
  align-items: center;
  gap: 12px;
  font-size: 14px;
  position: relative;
}
.genre-label { flex: 0 0 120px; text-transform: capitalize; }
.genre-bar-container { flex: 1; height: 24px; background: transparent; position: relative; }
.genre-bar {
  position: absolute;
  top: 0; left: 0; bottom: 0;
  background-color: rgba(0, 102, 255, 0.35);
  border-radius: 4px;
  transition: background-color 140ms;
}
.genre-row:hover .genre-bar {
  background-color: var(--color-accent);
}
.genre-count { flex: 0 0 40px; text-align: right; color: var(--color-muted); }
.import-panel {
  background: var(--color-surface);
  border: 0.5px solid var(--color-border);
  border-radius: var(--radius-md);
  margin: 1.5rem 0;
  padding: 1.25rem;
}
.import-picker {
  display: flex;
  flex-direction: column;
  gap: 0.5rem;
}

.import-progress-card {
  margin-top: 1rem;
  padding: 1rem;
  background: var(--color-canvas);
  border: 0.5px solid var(--color-border);
  border-radius: var(--radius-sm);
}
.import-progress-header {
  display: flex;
  justify-content: space-between;
  margin-bottom: 0.5rem;
  font-size: 0.85rem;
  font-weight: 600;
}
.import-progress-track {
  height: 8px;
  background: var(--color-surface);
  border: 0.5px solid var(--color-border);
  border-radius: 4px;
  overflow: hidden;
  margin-bottom: 0.5rem;
}
.import-progress-fill {
  height: 100%;
  background: var(--color-accent);
  transition: width 200ms ease;
}
.import-progress-footer {
  display: flex;
  justify-content: space-between;
  font-size: 0.75rem;
  color: var(--color-muted);
}

.import-picker input[type=\"file\"] {
  border: 0.5px solid var(--color-border);
  border-radius: var(--radius-sm);
  padding: 0.5rem;
  background: var(--color-surface);
  font-family: inherit;
  font-size: 0.85rem;
  color: var(--color-ink);
  cursor: pointer;
  width: 100%;
}
.import-picker input[type=\"file\"]::file-selector-button {
  background: var(--color-canvas);
  border: 0.5px solid var(--color-border);
  border-radius: 4px;
  padding: 0.25rem 0.75rem;
  margin-right: 1rem;
  color: var(--color-ink);
  font-weight: 500;
  cursor: pointer;
  transition: background 150ms ease;
}
.import-picker input[type=\"file\"]::file-selector-button:hover {
  background: #ebebeb;
}

/* ─── Touch Target Adaptation (Coarse Pointers) ──────────────────────────────── */
@media (pointer: coarse) {
  .date-range-pill,
  .date-field,
  .settings-form select,
  .settings-form input,
  .settings-form textarea,
  .blocked-unblock,
  .entry-menu-toggle {
    min-height: 44px !important;
  }
  .entry-menu-toggle {
    min-width: 44px !important;
  }
  .pagination-btn {
    min-width: 44px;
    min-height: 44px;
  }
}

/* Empty State */
.empty-state {
  display: flex;
  flex-direction: column;
  align-items: center;
  justify-content: center;
  text-align: center;
  padding: 3rem 1rem;
  background: var(--color-surface);
  border: 0.5px solid var(--color-border);
  border-radius: var(--radius-md);
  margin: 1rem 0;
}

.empty-state-icon {
  color: var(--color-muted);
  margin-bottom: 1rem;
}

.empty-state-icon svg {
  width: 48px;
  height: 48px;
  stroke-width: 1.5;
}

.empty-state-title {
  margin: 0 0 0.5rem 0;
  font-size: 1.1rem;
  font-weight: 600;
  color: var(--color-ink);
}

.empty-state-description {
  margin: 0;
  color: var(--color-muted);
  max-width: 400px;
  font-size: 14px;
  line-height: 1.5;
}

.empty-state-action {
  margin-top: 1.5rem;
}

.empty-state-error {
  background: var(--color-danger-soft);
  border-color: rgba(211, 47, 47, 0.3);
}

.empty-state-error .empty-state-icon {
  color: var(--color-danger);
}

.empty-state-error .empty-state-title {
  color: var(--color-danger);
}

.empty-state-error .empty-state-description {
  color: var(--color-danger);
}

@keyframes heart-burst {
  0% { transform: scale(1); }
  50% { transform: scale(1.3); }
  100% { transform: scale(1); }
}

.liked-heart-active svg {
  animation: heart-burst 300ms cubic-bezier(0.175, 0.885, 0.32, 1.275);
}

@media (prefers-reduced-motion: reduce) {
  .liked-heart-active svg {
    animation: none;
  }
}
"

 ❯ src/settingsFormTypography.test.js:52:27
     50| 
     51|   it('provides blue focus state for settings inputs and selects', () =…
     52|     expect(stylesContent).toMatch(
       |                           ^
     53|       /\.settings-form select:focus-visible,\s*\.settings-form input:n…
     54|     )

⎯⎯⎯⎯⎯⎯⎯⎯⎯⎯⎯⎯⎯⎯⎯⎯⎯⎯⎯⎯⎯⎯⎯⎯[8/8]⎯

 Test Files  3 failed | 26 passed (29)
      Tests  8 failed | 150 passed (158)
   Start at  12:10:03
   Duration  9.97s (transform 2.75s, setup 10.98s, collect 13.14s, tests 18.26s, environment 49.48s, prepare 11.64s)

